### microsoft.person

v20200101

- Address ([sample](https://github.com/azure-service-operator/v2/config/samples/microsoft.person/v20200101_address.yaml))
- Person ([sample](https://github.com/azure-service-operator/v2/config/samples/microsoft.person/v20200101_person.yaml))

v20211231

- Address ([sample](https://github.com/azure-service-operator/v2/config/samples/microsoft.person/v20211231_address.yaml))
- Person ([sample](https://github.com/azure-service-operator/v2/config/samples/microsoft.person/v20211231_person.yaml))

