---
version: 1
interactions:
- request:
    body: '{"name":"k8s_872c0e5e-ab95-5d6d-ae7d-214a32f3ae42","location":"westus","Properties":{"Error":null,"debugSetting":{"detailLevel":"requestContent,responseContent"},"mode":"Incremental","template":{"$schema":"https://schema.management.azure.com/schemas/2018-05-01/subscriptionDeploymentTemplate.json#","contentVersion":"1.0.0.0","resources":[{"apiVersion":"2020-06-01","name":"asotest-rg-sbiboa","location":"westus","tags":{"CreatedAt":"2001-02-03T04:05:06Z"},"type":"Microsoft.Resources/resourceGroups"}],"outputs":{"resourceId":{"type":"string","value":"[resourceId(''Microsoft.Resources/resourceGroups'',
      ''asotest-rg-sbiboa'')]"}}}}}'
    form: {}
    headers:
      Content-Type:
      - application/json
      Test-Request-Attempt:
      - "0"
    url: https://management.azure.com/subscriptions/00000000-0000-0000-0000-000000000000/providers/Microsoft.Resources/deployments/k8s_872c0e5e-ab95-5d6d-ae7d-214a32f3ae42?api-version=2019-10-01
    method: PUT
  response:
    body: '{"id":"/subscriptions/00000000-0000-0000-0000-000000000000/providers/Microsoft.Resources/deployments/k8s_872c0e5e-ab95-5d6d-ae7d-214a32f3ae42","name":"k8s_872c0e5e-ab95-5d6d-ae7d-214a32f3ae42","type":"Microsoft.Resources/deployments","location":"westus","properties":{"templateHash":"5807317163456519345","mode":"Incremental","debugSetting":{"detailLevel":"RequestContent,
      ResponseContent"},"provisioningState":"Accepted","timestamp":"2001-02-03T04:05:06Z","duration":"PT1.1771594S","correlationId":"7a2c8a51-a297-4cc8-9321-eb397fdd05aa","providers":[{"namespace":"Microsoft.Resources","resourceTypes":[{"resourceType":"resourceGroups","locations":["westus"]}]}],"dependencies":[]}}'
    headers:
      Azure-Asyncoperation:
      - https://management.azure.com/subscriptions/00000000-0000-0000-0000-000000000000/providers/Microsoft.Resources/deployments/k8s_872c0e5e-ab95-5d6d-ae7d-214a32f3ae42/operationStatuses/08585783269735943093?api-version=2019-10-01
      Cache-Control:
      - no-cache
      Content-Length:
      - "690"
      Content-Type:
      - application/json; charset=utf-8
      Expires:
      - "-1"
      Pragma:
      - no-cache
      Strict-Transport-Security:
      - max-age=31536000; includeSubDomains
      X-Content-Type-Options:
      - nosniff
    status: 201 Created
    code: 201
    duration: ""
- request:
    body: ""
    form: {}
    headers:
      Content-Type:
      - application/json
      Test-Request-Attempt:
      - "0"
    url: https://management.azure.com/subscriptions/00000000-0000-0000-0000-000000000000/providers/Microsoft.Resources/deployments/k8s_872c0e5e-ab95-5d6d-ae7d-214a32f3ae42?api-version=2019-10-01
    method: GET
  response:
    body: '{"id":"/subscriptions/00000000-0000-0000-0000-000000000000/providers/Microsoft.Resources/deployments/k8s_872c0e5e-ab95-5d6d-ae7d-214a32f3ae42","name":"k8s_872c0e5e-ab95-5d6d-ae7d-214a32f3ae42","type":"Microsoft.Resources/deployments","location":"westus","properties":{"templateHash":"5807317163456519345","mode":"Incremental","debugSetting":{"detailLevel":"RequestContent,
      ResponseContent"},"provisioningState":"Accepted","timestamp":"2001-02-03T04:05:06Z","duration":"PT1.1771594S","correlationId":"7a2c8a51-a297-4cc8-9321-eb397fdd05aa","providers":[{"namespace":"Microsoft.Resources","resourceTypes":[{"resourceType":"resourceGroups","locations":["westus"]}]}],"dependencies":[]}}'
    headers:
      Cache-Control:
      - no-cache
      Content-Type:
      - application/json; charset=utf-8
      Expires:
      - "-1"
      Pragma:
      - no-cache
      Retry-After:
      - "5"
      Strict-Transport-Security:
      - max-age=31536000; includeSubDomains
      Vary:
      - Accept-Encoding
      X-Content-Type-Options:
      - nosniff
    status: 200 OK
    code: 200
    duration: ""
- request:
    body: ""
    form: {}
    headers:
      Content-Type:
      - application/json
      Test-Request-Attempt:
      - "1"
    url: https://management.azure.com/subscriptions/00000000-0000-0000-0000-000000000000/providers/Microsoft.Resources/deployments/k8s_872c0e5e-ab95-5d6d-ae7d-214a32f3ae42?api-version=2019-10-01
    method: GET
  response:
    body: '{"id":"/subscriptions/00000000-0000-0000-0000-000000000000/providers/Microsoft.Resources/deployments/k8s_872c0e5e-ab95-5d6d-ae7d-214a32f3ae42","name":"k8s_872c0e5e-ab95-5d6d-ae7d-214a32f3ae42","type":"Microsoft.Resources/deployments","location":"westus","properties":{"templateHash":"5807317163456519345","mode":"Incremental","debugSetting":{"detailLevel":"RequestContent,
      ResponseContent"},"provisioningState":"Succeeded","timestamp":"2001-02-03T04:05:06Z","duration":"PT5.0192484S","correlationId":"7a2c8a51-a297-4cc8-9321-eb397fdd05aa","providers":[{"namespace":"Microsoft.Resources","resourceTypes":[{"resourceType":"resourceGroups","locations":["westus"]}]}],"dependencies":[],"outputs":{"resourceId":{"type":"String","value":"/subscriptions/00000000-0000-0000-0000-000000000000/providers/Microsoft.Resources/resourceGroups/asotest-rg-sbiboa"}},"outputResources":[{"id":"/subscriptions/00000000-0000-0000-0000-000000000000/resourceGroups/asotest-rg-sbiboa"}]}}'
    headers:
      Cache-Control:
      - no-cache
      Content-Type:
      - application/json; charset=utf-8
      Expires:
      - "-1"
      Pragma:
      - no-cache
      Strict-Transport-Security:
      - max-age=31536000; includeSubDomains
      Vary:
      - Accept-Encoding
      X-Content-Type-Options:
      - nosniff
    status: 200 OK
    code: 200
    duration: ""
- request:
    body: ""
    form: {}
    headers:
      Content-Type:
      - application/json
      Test-Request-Attempt:
      - "0"
    url: https://management.azure.com/subscriptions/00000000-0000-0000-0000-000000000000/resourceGroups/asotest-rg-sbiboa?api-version=2020-06-01
    method: GET
  response:
    body: '{"id":"/subscriptions/00000000-0000-0000-0000-000000000000/resourceGroups/asotest-rg-sbiboa","name":"asotest-rg-sbiboa","type":"Microsoft.Resources/resourceGroups","location":"westus","tags":{"CreatedAt":"2001-02-03T04:05:06Z"},"properties":{"provisioningState":"Succeeded"}}'
    headers:
      Cache-Control:
      - no-cache
      Content-Type:
      - application/json; charset=utf-8
      Expires:
      - "-1"
      Pragma:
      - no-cache
      Strict-Transport-Security:
      - max-age=31536000; includeSubDomains
      Vary:
      - Accept-Encoding
      X-Content-Type-Options:
      - nosniff
    status: 200 OK
    code: 200
    duration: ""
- request:
    body: ""
    form: {}
    headers:
      Content-Type:
      - application/json
      Test-Request-Attempt:
      - "0"
    url: https://management.azure.com/subscriptions/00000000-0000-0000-0000-000000000000/providers/Microsoft.Resources/deployments/k8s_872c0e5e-ab95-5d6d-ae7d-214a32f3ae42?api-version=2019-10-01
    method: DELETE
  response:
    body: ""
    headers:
      Cache-Control:
      - no-cache
      Content-Length:
      - "0"
      Expires:
      - "-1"
      Location:
      - https://management.azure.com/subscriptions/00000000-0000-0000-0000-000000000000/operationresults/eyJqb2JJZCI6IkRlcGxveW1lbnREZWxldGlvbkpvYi1HTlMtLUs4Uzo1Rjg3MkMwRTVFOjJEQUI5NToyRDVENkQ6MkRBRTdEOjJEMjE0QTMyRjNBRTQyLSIsImpvYkxvY2F0aW9uIjoid2VzdHVzIn0?api-version=2019-10-01
      Pragma:
      - no-cache
      Retry-After:
      - "15"
      Strict-Transport-Security:
      - max-age=31536000; includeSubDomains
      X-Content-Type-Options:
      - nosniff
      X-Ms-Ratelimit-Remaining-Subscription-Deletes:
      - "14995"
    status: 202 Accepted
    code: 202
    duration: ""
- request:
    body: '{"name":"k8s_4bc0b700-92b9-539a-a027-3bb76588f646","Properties":{"Error":null,"debugSetting":{"detailLevel":"requestContent,responseContent"},"mode":"Incremental","template":{"$schema":"https://schema.management.azure.com/schemas/2019-04-01/deploymentTemplate.json#","contentVersion":"1.0.0.0","resources":[{"apiVersion":"2020-11-01","location":"westus","name":"asotest-vn-fhyuzx","properties":{"addressSpace":{"addressPrefixes":["10.0.0.0/8"]}},"type":"Microsoft.Network/virtualNetworks"}],"outputs":{"resourceId":{"type":"string","value":"[resourceId(''Microsoft.Network/virtualNetworks'',
      ''asotest-vn-fhyuzx'')]"}}}}}'
    form: {}
    headers:
      Content-Type:
      - application/json
      Test-Request-Attempt:
      - "0"
    url: https://management.azure.com/subscriptions/00000000-0000-0000-0000-000000000000/resourcegroups/asotest-rg-sbiboa/providers/Microsoft.Resources/deployments/k8s_4bc0b700-92b9-539a-a027-3bb76588f646?api-version=2019-10-01
    method: PUT
  response:
    body: '{"id":"/subscriptions/00000000-0000-0000-0000-000000000000/resourceGroups/asotest-rg-sbiboa/providers/Microsoft.Resources/deployments/k8s_4bc0b700-92b9-539a-a027-3bb76588f646","name":"k8s_4bc0b700-92b9-539a-a027-3bb76588f646","type":"Microsoft.Resources/deployments","properties":{"templateHash":"8393001219741823602","mode":"Incremental","debugSetting":{"detailLevel":"RequestContent,
      ResponseContent"},"provisioningState":"Accepted","timestamp":"2001-02-03T04:05:06Z","duration":"PT0.2741737S","correlationId":"3f6b329f-1926-4225-9d08-0bf2c293dc49","providers":[{"namespace":"Microsoft.Network","resourceTypes":[{"resourceType":"virtualNetworks","locations":["westus"]}]}],"dependencies":[]}}'
    headers:
      Azure-Asyncoperation:
      - https://management.azure.com/subscriptions/00000000-0000-0000-0000-000000000000/resourcegroups/asotest-rg-sbiboa/providers/Microsoft.Resources/deployments/k8s_4bc0b700-92b9-539a-a027-3bb76588f646/operationStatuses/08585783269636463077?api-version=2019-10-01
      Cache-Control:
      - no-cache
      Content-Length:
      - "701"
      Content-Type:
      - application/json; charset=utf-8
      Expires:
      - "-1"
      Pragma:
      - no-cache
      Strict-Transport-Security:
      - max-age=31536000; includeSubDomains
      X-Content-Type-Options:
      - nosniff
    status: 201 Created
    code: 201
    duration: ""
- request:
    body: ""
    form: {}
    headers:
      Content-Type:
      - application/json
      Test-Request-Attempt:
      - "0"
    url: https://management.azure.com/subscriptions/00000000-0000-0000-0000-000000000000/resourceGroups/asotest-rg-sbiboa/providers/Microsoft.Resources/deployments/k8s_4bc0b700-92b9-539a-a027-3bb76588f646?api-version=2019-10-01
    method: GET
  response:
    body: '{"id":"/subscriptions/00000000-0000-0000-0000-000000000000/resourceGroups/asotest-rg-sbiboa/providers/Microsoft.Resources/deployments/k8s_4bc0b700-92b9-539a-a027-3bb76588f646","name":"k8s_4bc0b700-92b9-539a-a027-3bb76588f646","type":"Microsoft.Resources/deployments","properties":{"templateHash":"8393001219741823602","mode":"Incremental","debugSetting":{"detailLevel":"RequestContent,
      ResponseContent"},"provisioningState":"Running","timestamp":"2001-02-03T04:05:06Z","duration":"PT0.4191356S","correlationId":"3f6b329f-1926-4225-9d08-0bf2c293dc49","providers":[{"namespace":"Microsoft.Network","resourceTypes":[{"resourceType":"virtualNetworks","locations":["westus"]}]}],"dependencies":[]}}'
    headers:
      Cache-Control:
      - no-cache
      Content-Type:
      - application/json; charset=utf-8
      Expires:
      - "-1"
      Pragma:
      - no-cache
      Retry-After:
      - "5"
      Strict-Transport-Security:
      - max-age=31536000; includeSubDomains
      Vary:
      - Accept-Encoding
      X-Content-Type-Options:
      - nosniff
    status: 200 OK
    code: 200
    duration: ""
- request:
    body: ""
    form: {}
    headers:
      Content-Type:
      - application/json
      Test-Request-Attempt:
      - "1"
    url: https://management.azure.com/subscriptions/00000000-0000-0000-0000-000000000000/resourceGroups/asotest-rg-sbiboa/providers/Microsoft.Resources/deployments/k8s_4bc0b700-92b9-539a-a027-3bb76588f646?api-version=2019-10-01
    method: GET
  response:
    body: '{"id":"/subscriptions/00000000-0000-0000-0000-000000000000/resourceGroups/asotest-rg-sbiboa/providers/Microsoft.Resources/deployments/k8s_4bc0b700-92b9-539a-a027-3bb76588f646","name":"k8s_4bc0b700-92b9-539a-a027-3bb76588f646","type":"Microsoft.Resources/deployments","properties":{"templateHash":"8393001219741823602","mode":"Incremental","debugSetting":{"detailLevel":"RequestContent,
      ResponseContent"},"provisioningState":"Running","timestamp":"2001-02-03T04:05:06Z","duration":"PT0.4191356S","correlationId":"3f6b329f-1926-4225-9d08-0bf2c293dc49","providers":[{"namespace":"Microsoft.Network","resourceTypes":[{"resourceType":"virtualNetworks","locations":["westus"]}]}],"dependencies":[]}}'
    headers:
      Cache-Control:
      - no-cache
      Content-Type:
      - application/json; charset=utf-8
      Expires:
      - "-1"
      Pragma:
      - no-cache
      Retry-After:
      - "5"
      Strict-Transport-Security:
      - max-age=31536000; includeSubDomains
      Vary:
      - Accept-Encoding
      X-Content-Type-Options:
      - nosniff
    status: 200 OK
    code: 200
    duration: ""
- request:
    body: ""
    form: {}
    headers:
      Content-Type:
      - application/json
      Test-Request-Attempt:
      - "2"
    url: https://management.azure.com/subscriptions/00000000-0000-0000-0000-000000000000/resourceGroups/asotest-rg-sbiboa/providers/Microsoft.Resources/deployments/k8s_4bc0b700-92b9-539a-a027-3bb76588f646?api-version=2019-10-01
    method: GET
  response:
    body: '{"id":"/subscriptions/00000000-0000-0000-0000-000000000000/resourceGroups/asotest-rg-sbiboa/providers/Microsoft.Resources/deployments/k8s_4bc0b700-92b9-539a-a027-3bb76588f646","name":"k8s_4bc0b700-92b9-539a-a027-3bb76588f646","type":"Microsoft.Resources/deployments","properties":{"templateHash":"8393001219741823602","mode":"Incremental","debugSetting":{"detailLevel":"RequestContent,
      ResponseContent"},"provisioningState":"Succeeded","timestamp":"2001-02-03T04:05:06Z","duration":"PT4.5186698S","correlationId":"3f6b329f-1926-4225-9d08-0bf2c293dc49","providers":[{"namespace":"Microsoft.Network","resourceTypes":[{"resourceType":"virtualNetworks","locations":["westus"]}]}],"dependencies":[],"outputs":{"resourceId":{"type":"String","value":"/subscriptions/00000000-0000-0000-0000-000000000000/resourceGroups/asotest-rg-sbiboa/providers/Microsoft.Network/virtualNetworks/asotest-vn-fhyuzx"}},"outputResources":[{"id":"/subscriptions/00000000-0000-0000-0000-000000000000/resourceGroups/asotest-rg-sbiboa/providers/Microsoft.Network/virtualNetworks/asotest-vn-fhyuzx"}]}}'
    headers:
      Cache-Control:
      - no-cache
      Content-Type:
      - application/json; charset=utf-8
      Expires:
      - "-1"
      Pragma:
      - no-cache
      Strict-Transport-Security:
      - max-age=31536000; includeSubDomains
      Vary:
      - Accept-Encoding
      X-Content-Type-Options:
      - nosniff
    status: 200 OK
    code: 200
    duration: ""
- request:
    body: ""
    form: {}
    headers:
      Content-Type:
      - application/json
      Test-Request-Attempt:
      - "0"
    url: https://management.azure.com/subscriptions/00000000-0000-0000-0000-000000000000/resourceGroups/asotest-rg-sbiboa/providers/Microsoft.Network/virtualNetworks/asotest-vn-fhyuzx?api-version=2020-11-01
    method: GET
  response:
    body: "{\r\n  \"name\": \"asotest-vn-fhyuzx\",\r\n  \"id\": \"/subscriptions/00000000-0000-0000-0000-000000000000/resourceGroups/asotest-rg-sbiboa/providers/Microsoft.Network/virtualNetworks/asotest-vn-fhyuzx\",\r\n
      \ \"etag\": \"W/\\\"52ed4c5e-9e32-4333-aa2d-570235f22d5e\\\"\",\r\n  \"type\":
      \"Microsoft.Network/virtualNetworks\",\r\n  \"location\": \"westus\",\r\n  \"properties\":
      {\r\n    \"provisioningState\": \"Succeeded\",\r\n    \"resourceGuid\": \"b20d144f-5532-45a5-a049-aa51c0939210\",\r\n
      \   \"addressSpace\": {\r\n      \"addressPrefixes\": [\r\n        \"10.0.0.0/8\"\r\n
      \     ]\r\n    },\r\n    \"subnets\": [],\r\n    \"virtualNetworkPeerings\":
      [],\r\n    \"enableDdosProtection\": false\r\n  }\r\n}"
    headers:
      Cache-Control:
      - no-cache
      Content-Type:
      - application/json; charset=utf-8
      Etag:
      - W/"52ed4c5e-9e32-4333-aa2d-570235f22d5e"
      Expires:
      - "-1"
      Pragma:
      - no-cache
      Server:
      - Microsoft-HTTPAPI/2.0
      - Microsoft-HTTPAPI/2.0
      Strict-Transport-Security:
      - max-age=31536000; includeSubDomains
      Vary:
      - Accept-Encoding
      X-Content-Type-Options:
      - nosniff
      X-Ms-Arm-Service-Request-Id:
      - c160a7b1-5770-4738-8166-c428217b0f01
    status: 200 OK
    code: 200
    duration: ""
- request:
    body: ""
    form: {}
    headers:
      Content-Type:
      - application/json
      Test-Request-Attempt:
      - "0"
    url: https://management.azure.com/subscriptions/00000000-0000-0000-0000-000000000000/resourceGroups/asotest-rg-sbiboa/providers/Microsoft.Resources/deployments/k8s_4bc0b700-92b9-539a-a027-3bb76588f646?api-version=2019-10-01
    method: DELETE
  response:
    body: ""
    headers:
      Cache-Control:
      - no-cache
      Content-Length:
      - "0"
      Expires:
      - "-1"
      Location:
      - https://management.azure.com/subscriptions/00000000-0000-0000-0000-000000000000/operationresults/eyJqb2JJZCI6IkRlcGxveW1lbnREZWxldGlvbkpvYi1HTlMtQVNPVEVTVDoyRFJHOjJEU0JJQk9BLUs4Uzo1RjRCQzBCNzAwOjJEOTJCOToyRDUzOUE6MkRBMDI3OjJEM0JCNzY1ODhGNjQ2LSIsImpvYkxvY2F0aW9uIjoid2VzdHVzIn0?api-version=2019-10-01
      Pragma:
      - no-cache
      Retry-After:
      - "15"
      Strict-Transport-Security:
      - max-age=31536000; includeSubDomains
      X-Content-Type-Options:
      - nosniff
      X-Ms-Ratelimit-Remaining-Subscription-Deletes:
      - "14994"
    status: 202 Accepted
    code: 202
    duration: ""
- request:
    body: ""
    form: {}
    headers:
      Content-Type:
      - application/json
      Test-Request-Attempt:
      - "0"
    url: https://management.azure.com/subscriptions/00000000-0000-0000-0000-000000000000/resourceGroups/asotest-rg-sbiboa/providers/Microsoft.Network/virtualNetworks/asotest-vn-fhyuzx?api-version=2020-11-01
    method: DELETE
  response:
    body: ""
    headers:
      Azure-Asyncnotification:
      - Enabled
      Azure-Asyncoperation:
      - https://management.azure.com/subscriptions/00000000-0000-0000-0000-000000000000/providers/Microsoft.Network/locations/westus/operations/67e47eba-b151-4b5f-b2ab-1724ead33f02?api-version=2020-11-01
      Cache-Control:
      - no-cache
      Content-Length:
      - "0"
      Expires:
      - "-1"
      Location:
      - https://management.azure.com/subscriptions/00000000-0000-0000-0000-000000000000/providers/Microsoft.Network/locations/westus/operationResults/67e47eba-b151-4b5f-b2ab-1724ead33f02?api-version=2020-11-01
      Pragma:
      - no-cache
      Retry-After:
      - "10"
      Server:
      - Microsoft-HTTPAPI/2.0
      - Microsoft-HTTPAPI/2.0
      Strict-Transport-Security:
      - max-age=31536000; includeSubDomains
      X-Content-Type-Options:
      - nosniff
      X-Ms-Arm-Service-Request-Id:
      - 367a6bb5-7489-4d48-8611-d558e030e74c
      X-Ms-Ratelimit-Remaining-Subscription-Deletes:
      - "14991"
    status: 202 Accepted
    code: 202
    duration: ""
- request:
    body: ""
    form: {}
    headers:
      Content-Type:
      - application/json
      Test-Request-Attempt:
      - "1"
    url: https://management.azure.com/subscriptions/00000000-0000-0000-0000-000000000000/resourceGroups/asotest-rg-sbiboa/providers/Microsoft.Network/virtualNetworks/asotest-vn-fhyuzx?api-version=2020-11-01
    method: GET
  response:
    body: "{\r\n  \"error\": {\r\n    \"code\": \"NotFound\",\r\n    \"message\":
      \"Resource /subscriptions/00000000-0000-0000-0000-000000000000/resourceGroups/asotest-rg-sbiboa/providers/Microsoft.Network/virtualNetworks/asotest-vn-fhyuzx
      not found.\",\r\n    \"details\": []\r\n  }\r\n}"
    headers:
      Cache-Control:
      - no-cache
      Content-Length:
      - "253"
      Content-Type:
      - application/json; charset=utf-8
      Expires:
      - "-1"
      Pragma:
      - no-cache
      Server:
      - Microsoft-HTTPAPI/2.0
      - Microsoft-HTTPAPI/2.0
      Strict-Transport-Security:
      - max-age=31536000; includeSubDomains
      X-Content-Type-Options:
      - nosniff
      X-Ms-Arm-Service-Request-Id:
      - acbda793-714e-4788-8f17-4dca127f6ef5
    status: 404 Not Found
    code: 404
    duration: ""
- request:
    body: ""
    form: {}
    headers:
      Content-Type:
      - application/json
      Test-Request-Attempt:
      - "2"
    url: https://management.azure.com/subscriptions/00000000-0000-0000-0000-000000000000/resourceGroups/asotest-rg-sbiboa/providers/Microsoft.Network/virtualNetworks/asotest-vn-fhyuzx?api-version=2020-11-01
    method: GET
  response:
    body: '{"error":{"code":"ResourceNotFound","message":"The Resource ''Microsoft.Network/virtualNetworks/asotest-vn-fhyuzx''
      under resource group ''asotest-rg-sbiboa'' was not found. For more details please
      go to https://aka.ms/ARMResourceNotFoundFix"}}'
    headers:
      Cache-Control:
      - no-cache
      Content-Length:
      - "240"
      Content-Type:
      - application/json; charset=utf-8
      Expires:
      - "-1"
      Pragma:
      - no-cache
      Strict-Transport-Security:
      - max-age=31536000; includeSubDomains
      X-Content-Type-Options:
      - nosniff
      X-Ms-Failure-Cause:
      - gateway
    status: 404 Not Found
    code: 404
    duration: ""
