---
version: 1
interactions:
- request:
    body: '{"location":"westus2","name":"asotest-rg-ozhnzo","tags":{"CreatedAt":"2001-02-03T04:05:06Z"}}'
    form: {}
    headers:
      Accept:
      - application/json
      Content-Length:
      - "93"
      Content-Type:
      - application/json
      Test-Request-Attempt:
      - "0"
    url: https://management.azure.com/subscriptions/00000000-0000-0000-0000-000000000000/resourceGroups/asotest-rg-ozhnzo?api-version=2020-06-01
    method: PUT
  response:
    body: '{"id":"/subscriptions/00000000-0000-0000-0000-000000000000/resourceGroups/asotest-rg-ozhnzo","name":"asotest-rg-ozhnzo","type":"Microsoft.Resources/resourceGroups","location":"westus2","tags":{"CreatedAt":"2001-02-03T04:05:06Z"},"properties":{"provisioningState":"Succeeded"}}'
    headers:
      Cache-Control:
      - no-cache
      Content-Length:
      - "276"
      Content-Type:
      - application/json; charset=utf-8
      Expires:
      - "-1"
      Pragma:
      - no-cache
      Strict-Transport-Security:
      - max-age=31536000; includeSubDomains
      X-Content-Type-Options:
      - nosniff
    status: 201 Created
    code: 201
    duration: ""
- request:
    body: ""
    form: {}
    headers:
      Accept:
      - application/json
      Test-Request-Attempt:
      - "0"
    url: https://management.azure.com/subscriptions/00000000-0000-0000-0000-000000000000/resourceGroups/asotest-rg-ozhnzo?api-version=2020-06-01
    method: GET
  response:
    body: '{"id":"/subscriptions/00000000-0000-0000-0000-000000000000/resourceGroups/asotest-rg-ozhnzo","name":"asotest-rg-ozhnzo","type":"Microsoft.Resources/resourceGroups","location":"westus2","tags":{"CreatedAt":"2001-02-03T04:05:06Z"},"properties":{"provisioningState":"Succeeded"}}'
    headers:
      Cache-Control:
      - no-cache
      Content-Type:
      - application/json; charset=utf-8
      Expires:
      - "-1"
      Pragma:
      - no-cache
      Strict-Transport-Security:
      - max-age=31536000; includeSubDomains
      Vary:
      - Accept-Encoding
      X-Content-Type-Options:
      - nosniff
    status: 200 OK
    code: 200
    duration: ""
- request:
    body: '{"location":"westus2","name":"asotest-namespace-vlsonb","properties":{"zoneRedundant":false},"sku":{"name":"Standard"}}'
    form: {}
    headers:
      Accept:
      - application/json
      Content-Length:
      - "119"
      Content-Type:
      - application/json
      Test-Request-Attempt:
      - "0"
    url: https://management.azure.com/subscriptions/00000000-0000-0000-0000-000000000000/resourceGroups/asotest-rg-ozhnzo/providers/Microsoft.ServiceBus/namespaces/asotest-namespace-vlsonb?api-version=2021-01-01-preview
    method: PUT
  response:
    body: '{"sku":{"name":"Standard","tier":"Standard"},"id":"/subscriptions/00000000-0000-0000-0000-000000000000/resourceGroups/asotest-rg-ozhnzo/providers/Microsoft.ServiceBus/namespaces/asotest-namespace-vlsonb","name":"asotest-namespace-vlsonb","type":"Microsoft.ServiceBus/Namespaces","location":"West
      US 2","tags":{},"properties":{"zoneRedundant":false,"provisioningState":"Created","metricId":"00000000-0000-0000-0000-000000000000:asotest-namespace-vlsonb","createdAt":"2001-02-03T04:05:06Z","updatedAt":"2001-02-03T04:05:06Z","serviceBusEndpoint":"https://asotest-namespace-vlsonb.servicebus.windows.net:443/","status":"Activating"}}'
    headers:
      Cache-Control:
      - no-cache
      Content-Type:
      - application/json; charset=utf-8
      Expires:
      - "-1"
      Pragma:
      - no-cache
      Server:
      - Service-Bus-Resource-Provider/SN1
      - Microsoft-HTTPAPI/2.0
      Server-Sb:
      - Service-Bus-Resource-Provider/SN1
      Strict-Transport-Security:
      - max-age=31536000; includeSubDomains
      Vary:
      - Accept-Encoding
      X-Content-Type-Options:
      - nosniff
    status: 200 OK
    code: 200
    duration: ""
- request:
    body: ""
    form: {}
    headers:
      Test-Request-Attempt:
      - "0"
    url: https://management.azure.com/subscriptions/00000000-0000-0000-0000-000000000000/resourceGroups/asotest-rg-ozhnzo/providers/Microsoft.ServiceBus/namespaces/asotest-namespace-vlsonb?api-version=2021-01-01-preview
    method: GET
  response:
    body: '{"sku":{"name":"Standard","tier":"Standard"},"id":"/subscriptions/00000000-0000-0000-0000-000000000000/resourceGroups/asotest-rg-ozhnzo/providers/Microsoft.ServiceBus/namespaces/asotest-namespace-vlsonb","name":"asotest-namespace-vlsonb","type":"Microsoft.ServiceBus/Namespaces","location":"West
      US 2","tags":{},"properties":{"zoneRedundant":false,"provisioningState":"Created","metricId":"00000000-0000-0000-0000-000000000000:asotest-namespace-vlsonb","createdAt":"2001-02-03T04:05:06Z","updatedAt":"2001-02-03T04:05:06Z","serviceBusEndpoint":"https://asotest-namespace-vlsonb.servicebus.windows.net:443/","status":"Activating"}}'
    headers:
      Cache-Control:
      - no-cache
      Content-Type:
      - application/json; charset=utf-8
      Expires:
      - "-1"
      Pragma:
      - no-cache
      Server:
      - Service-Bus-Resource-Provider/SN1
      - Microsoft-HTTPAPI/2.0
      Server-Sb:
      - Service-Bus-Resource-Provider/SN1
      Strict-Transport-Security:
      - max-age=31536000; includeSubDomains
      Vary:
      - Accept-Encoding
      X-Content-Type-Options:
      - nosniff
    status: 200 OK
    code: 200
    duration: ""
- request:
    body: ""
    form: {}
    headers:
      Test-Request-Attempt:
      - "1"
    url: https://management.azure.com/subscriptions/00000000-0000-0000-0000-000000000000/resourceGroups/asotest-rg-ozhnzo/providers/Microsoft.ServiceBus/namespaces/asotest-namespace-vlsonb?api-version=2021-01-01-preview
    method: GET
  response:
    body: '{"sku":{"name":"Standard","tier":"Standard"},"id":"/subscriptions/00000000-0000-0000-0000-000000000000/resourceGroups/asotest-rg-ozhnzo/providers/Microsoft.ServiceBus/namespaces/asotest-namespace-vlsonb","name":"asotest-namespace-vlsonb","type":"Microsoft.ServiceBus/Namespaces","location":"West
      US 2","tags":{},"properties":{"zoneRedundant":false,"provisioningState":"Created","metricId":"00000000-0000-0000-0000-000000000000:asotest-namespace-vlsonb","createdAt":"2001-02-03T04:05:06Z","updatedAt":"2001-02-03T04:05:06Z","serviceBusEndpoint":"https://asotest-namespace-vlsonb.servicebus.windows.net:443/","status":"Activating"}}'
    headers:
      Cache-Control:
      - no-cache
      Content-Type:
      - application/json; charset=utf-8
      Expires:
      - "-1"
      Pragma:
      - no-cache
      Server:
      - Service-Bus-Resource-Provider/SN1
      - Microsoft-HTTPAPI/2.0
      Server-Sb:
      - Service-Bus-Resource-Provider/SN1
      Strict-Transport-Security:
      - max-age=31536000; includeSubDomains
      Vary:
      - Accept-Encoding
      X-Content-Type-Options:
      - nosniff
    status: 200 OK
    code: 200
    duration: ""
- request:
    body: ""
    form: {}
    headers:
      Test-Request-Attempt:
      - "2"
    url: https://management.azure.com/subscriptions/00000000-0000-0000-0000-000000000000/resourceGroups/asotest-rg-ozhnzo/providers/Microsoft.ServiceBus/namespaces/asotest-namespace-vlsonb?api-version=2021-01-01-preview
    method: GET
  response:
    body: '{"sku":{"name":"Standard","tier":"Standard"},"id":"/subscriptions/00000000-0000-0000-0000-000000000000/resourceGroups/asotest-rg-ozhnzo/providers/Microsoft.ServiceBus/namespaces/asotest-namespace-vlsonb","name":"asotest-namespace-vlsonb","type":"Microsoft.ServiceBus/Namespaces","location":"West
      US 2","tags":{},"properties":{"zoneRedundant":false,"provisioningState":"Created","metricId":"00000000-0000-0000-0000-000000000000:asotest-namespace-vlsonb","createdAt":"2001-02-03T04:05:06Z","updatedAt":"2001-02-03T04:05:06Z","serviceBusEndpoint":"https://asotest-namespace-vlsonb.servicebus.windows.net:443/","status":"Activating"}}'
    headers:
      Cache-Control:
      - no-cache
      Content-Type:
      - application/json; charset=utf-8
      Expires:
      - "-1"
      Pragma:
      - no-cache
      Server:
      - Service-Bus-Resource-Provider/SN1
      - Microsoft-HTTPAPI/2.0
      Server-Sb:
      - Service-Bus-Resource-Provider/SN1
      Strict-Transport-Security:
      - max-age=31536000; includeSubDomains
      Vary:
      - Accept-Encoding
      X-Content-Type-Options:
      - nosniff
    status: 200 OK
    code: 200
    duration: ""
- request:
    body: ""
    form: {}
    headers:
      Test-Request-Attempt:
      - "3"
    url: https://management.azure.com/subscriptions/00000000-0000-0000-0000-000000000000/resourceGroups/asotest-rg-ozhnzo/providers/Microsoft.ServiceBus/namespaces/asotest-namespace-vlsonb?api-version=2021-01-01-preview
    method: GET
  response:
    body: '{"sku":{"name":"Standard","tier":"Standard"},"id":"/subscriptions/00000000-0000-0000-0000-000000000000/resourceGroups/asotest-rg-ozhnzo/providers/Microsoft.ServiceBus/namespaces/asotest-namespace-vlsonb","name":"asotest-namespace-vlsonb","type":"Microsoft.ServiceBus/Namespaces","location":"West
      US 2","tags":{},"properties":{"zoneRedundant":false,"provisioningState":"Created","metricId":"00000000-0000-0000-0000-000000000000:asotest-namespace-vlsonb","createdAt":"2001-02-03T04:05:06Z","updatedAt":"2001-02-03T04:05:06Z","serviceBusEndpoint":"https://asotest-namespace-vlsonb.servicebus.windows.net:443/","status":"Activating"}}'
    headers:
      Cache-Control:
      - no-cache
      Content-Type:
      - application/json; charset=utf-8
      Expires:
      - "-1"
      Pragma:
      - no-cache
      Server:
      - Service-Bus-Resource-Provider/SN1
      - Microsoft-HTTPAPI/2.0
      Server-Sb:
      - Service-Bus-Resource-Provider/SN1
      Strict-Transport-Security:
      - max-age=31536000; includeSubDomains
      Vary:
      - Accept-Encoding
      X-Content-Type-Options:
      - nosniff
    status: 200 OK
    code: 200
    duration: ""
- request:
    body: ""
    form: {}
    headers:
      Test-Request-Attempt:
      - "4"
    url: https://management.azure.com/subscriptions/00000000-0000-0000-0000-000000000000/resourceGroups/asotest-rg-ozhnzo/providers/Microsoft.ServiceBus/namespaces/asotest-namespace-vlsonb?api-version=2021-01-01-preview
    method: GET
  response:
    body: '{"sku":{"name":"Standard","tier":"Standard"},"id":"/subscriptions/00000000-0000-0000-0000-000000000000/resourceGroups/asotest-rg-ozhnzo/providers/Microsoft.ServiceBus/namespaces/asotest-namespace-vlsonb","name":"asotest-namespace-vlsonb","type":"Microsoft.ServiceBus/Namespaces","location":"West
      US 2","tags":{},"properties":{"zoneRedundant":false,"provisioningState":"Created","metricId":"00000000-0000-0000-0000-000000000000:asotest-namespace-vlsonb","createdAt":"2001-02-03T04:05:06Z","updatedAt":"2001-02-03T04:05:06Z","serviceBusEndpoint":"https://asotest-namespace-vlsonb.servicebus.windows.net:443/","status":"Activating"}}'
    headers:
      Cache-Control:
      - no-cache
      Content-Type:
      - application/json; charset=utf-8
      Expires:
      - "-1"
      Pragma:
      - no-cache
      Server:
      - Service-Bus-Resource-Provider/SN1
      - Microsoft-HTTPAPI/2.0
      Server-Sb:
      - Service-Bus-Resource-Provider/SN1
      Strict-Transport-Security:
      - max-age=31536000; includeSubDomains
      Vary:
      - Accept-Encoding
      X-Content-Type-Options:
      - nosniff
    status: 200 OK
    code: 200
    duration: ""
- request:
    body: ""
    form: {}
    headers:
      Test-Request-Attempt:
      - "5"
    url: https://management.azure.com/subscriptions/00000000-0000-0000-0000-000000000000/resourceGroups/asotest-rg-ozhnzo/providers/Microsoft.ServiceBus/namespaces/asotest-namespace-vlsonb?api-version=2021-01-01-preview
    method: GET
  response:
    body: '{"sku":{"name":"Standard","tier":"Standard"},"id":"/subscriptions/00000000-0000-0000-0000-000000000000/resourceGroups/asotest-rg-ozhnzo/providers/Microsoft.ServiceBus/namespaces/asotest-namespace-vlsonb","name":"asotest-namespace-vlsonb","type":"Microsoft.ServiceBus/Namespaces","location":"West
      US 2","tags":{},"properties":{"zoneRedundant":false,"provisioningState":"Succeeded","metricId":"00000000-0000-0000-0000-000000000000:asotest-namespace-vlsonb","createdAt":"2001-02-03T04:05:06Z","updatedAt":"2001-02-03T04:05:06Z","serviceBusEndpoint":"https://asotest-namespace-vlsonb.servicebus.windows.net:443/","status":"Active"}}'
    headers:
      Cache-Control:
      - no-cache
      Content-Type:
      - application/json; charset=utf-8
      Expires:
      - "-1"
      Pragma:
      - no-cache
      Server:
      - Service-Bus-Resource-Provider/SN1
      - Microsoft-HTTPAPI/2.0
      Server-Sb:
      - Service-Bus-Resource-Provider/SN1
      Strict-Transport-Security:
      - max-age=31536000; includeSubDomains
      Vary:
      - Accept-Encoding
      X-Content-Type-Options:
      - nosniff
    status: 200 OK
    code: 200
    duration: ""
- request:
    body: ""
    form: {}
    headers:
      Accept:
      - application/json
      Test-Request-Attempt:
      - "6"
    url: https://management.azure.com/subscriptions/00000000-0000-0000-0000-000000000000/resourceGroups/asotest-rg-ozhnzo/providers/Microsoft.ServiceBus/namespaces/asotest-namespace-vlsonb?api-version=2021-01-01-preview
    method: GET
  response:
    body: '{"sku":{"name":"Standard","tier":"Standard"},"id":"/subscriptions/00000000-0000-0000-0000-000000000000/resourceGroups/asotest-rg-ozhnzo/providers/Microsoft.ServiceBus/namespaces/asotest-namespace-vlsonb","name":"asotest-namespace-vlsonb","type":"Microsoft.ServiceBus/Namespaces","location":"West
      US 2","tags":{},"properties":{"zoneRedundant":false,"provisioningState":"Succeeded","metricId":"00000000-0000-0000-0000-000000000000:asotest-namespace-vlsonb","createdAt":"2001-02-03T04:05:06Z","updatedAt":"2001-02-03T04:05:06Z","serviceBusEndpoint":"https://asotest-namespace-vlsonb.servicebus.windows.net:443/","status":"Active"}}'
    headers:
      Cache-Control:
      - no-cache
      Content-Type:
      - application/json; charset=utf-8
      Expires:
      - "-1"
      Pragma:
      - no-cache
      Server:
      - Service-Bus-Resource-Provider/SN1
      - Microsoft-HTTPAPI/2.0
      Server-Sb:
      - Service-Bus-Resource-Provider/SN1
      Strict-Transport-Security:
      - max-age=31536000; includeSubDomains
      Vary:
      - Accept-Encoding
      X-Content-Type-Options:
      - nosniff
    status: 200 OK
    code: 200
    duration: ""
- request:
    body: '{"name":"asotest-queue-kjdgln"}'
    form: {}
    headers:
      Accept:
      - application/json
      Content-Length:
      - "31"
      Content-Type:
      - application/json
      Test-Request-Attempt:
      - "0"
    url: https://management.azure.com/subscriptions/00000000-0000-0000-0000-000000000000/resourceGroups/asotest-rg-ozhnzo/providers/Microsoft.ServiceBus/namespaces/asotest-namespace-vlsonb/queues/asotest-queue-kjdgln?api-version=2021-01-01-preview
    method: PUT
  response:
    body: '{"id":"/subscriptions/00000000-0000-0000-0000-000000000000/resourceGroups/asotest-rg-ozhnzo/providers/Microsoft.ServiceBus/namespaces/asotest-namespace-vlsonb/queues/asotest-queue-kjdgln","name":"asotest-queue-kjdgln","type":"Microsoft.ServiceBus/namespaces/queues","location":"westus2","properties":{"maxMessageSizeInKilobytes":256,"lockDuration":"PT1M","maxSizeInMegabytes":1024,"requiresDuplicateDetection":false,"requiresSession":false,"defaultMessageTimeToLive":"P10675199DT2H48M5.4775807S","deadLetteringOnMessageExpiration":false,"enableBatchedOperations":true,"duplicateDetectionHistoryTimeWindow":"PT10M","maxDeliveryCount":10,"sizeInBytes":0,"messageCount":0,"status":"Active","autoDeleteOnIdle":"P10675199DT2H48M5.4775807S","enablePartitioning":false,"enableExpress":false,"countDetails":{"activeMessageCount":0,"deadLetterMessageCount":0,"scheduledMessageCount":0,"transferMessageCount":0,"transferDeadLetterMessageCount":0},"createdAt":"2001-02-03T04:05:06Z","updatedAt":"2001-02-03T04:05:06Z","accessedAt":"0001-01-01T00:00:00"}}'
    headers:
      Cache-Control:
      - no-cache
      Content-Type:
      - application/json; charset=utf-8
      Expires:
      - "-1"
      Pragma:
      - no-cache
      Server:
      - Microsoft-HTTPAPI/2.0
      Strict-Transport-Security:
      - max-age=31536000; includeSubDomains
      Vary:
      - Accept-Encoding
      X-Content-Type-Options:
      - nosniff
    status: 200 OK
    code: 200
    duration: ""
- request:
    body: '{"name":"asotest-topic-giunzg"}'
    form: {}
    headers:
      Accept:
      - application/json
      Content-Length:
      - "31"
      Content-Type:
      - application/json
      Test-Request-Attempt:
      - "0"
    url: https://management.azure.com/subscriptions/00000000-0000-0000-0000-000000000000/resourceGroups/asotest-rg-ozhnzo/providers/Microsoft.ServiceBus/namespaces/asotest-namespace-vlsonb/topics/asotest-topic-giunzg?api-version=2021-01-01-preview
    method: PUT
  response:
    body: '{"id":"/subscriptions/00000000-0000-0000-0000-000000000000/resourceGroups/asotest-rg-ozhnzo/providers/Microsoft.ServiceBus/namespaces/asotest-namespace-vlsonb/topics/asotest-topic-giunzg","name":"asotest-topic-giunzg","type":"Microsoft.ServiceBus/namespaces/topics","location":"westus2","properties":{"maxMessageSizeInKilobytes":256,"defaultMessageTimeToLive":"P10675199DT2H48M5.4775807S","maxSizeInMegabytes":1024,"requiresDuplicateDetection":false,"duplicateDetectionHistoryTimeWindow":"PT10M","enableBatchedOperations":true,"sizeInBytes":0,"status":"Active","supportOrdering":true,"autoDeleteOnIdle":"P10675199DT2H48M5.4775807S","enablePartitioning":false,"enableExpress":false,"createdAt":"2001-02-03T04:05:06Z","updatedAt":"2001-02-03T04:05:06Z","accessedAt":"0001-01-01T00:00:00","subscriptionCount":0,"countDetails":{"activeMessageCount":0,"deadLetterMessageCount":0,"scheduledMessageCount":0,"transferMessageCount":0,"transferDeadLetterMessageCount":0}}}'
    headers:
      Cache-Control:
      - no-cache
      Content-Type:
      - application/json; charset=utf-8
      Expires:
      - "-1"
      Pragma:
      - no-cache
      Server:
      - Microsoft-HTTPAPI/2.0
      Strict-Transport-Security:
      - max-age=31536000; includeSubDomains
      Vary:
      - Accept-Encoding
      X-Content-Type-Options:
      - nosniff
    status: 200 OK
    code: 200
    duration: ""
- request:
    body: ""
    form: {}
    headers:
      Accept:
      - application/json
      Test-Request-Attempt:
      - "0"
    url: https://management.azure.com/subscriptions/00000000-0000-0000-0000-000000000000/resourceGroups/asotest-rg-ozhnzo/providers/Microsoft.ServiceBus/namespaces/asotest-namespace-vlsonb/queues/asotest-queue-kjdgln?api-version=2021-01-01-preview
    method: GET
  response:
    body: '{"id":"/subscriptions/00000000-0000-0000-0000-000000000000/resourceGroups/asotest-rg-ozhnzo/providers/Microsoft.ServiceBus/namespaces/asotest-namespace-vlsonb/queues/asotest-queue-kjdgln","name":"asotest-queue-kjdgln","type":"Microsoft.ServiceBus/namespaces/queues","location":"westus2","properties":{"maxMessageSizeInKilobytes":256,"lockDuration":"PT1M","maxSizeInMegabytes":1024,"requiresDuplicateDetection":false,"requiresSession":false,"defaultMessageTimeToLive":"P10675199DT2H48M5.4775807S","deadLetteringOnMessageExpiration":false,"enableBatchedOperations":true,"duplicateDetectionHistoryTimeWindow":"PT10M","maxDeliveryCount":10,"sizeInBytes":0,"messageCount":0,"status":"Active","autoDeleteOnIdle":"P10675199DT2H48M5.4775807S","enablePartitioning":false,"enableExpress":false,"countDetails":{"activeMessageCount":0,"deadLetterMessageCount":0,"scheduledMessageCount":0,"transferMessageCount":0,"transferDeadLetterMessageCount":0},"createdAt":"2001-02-03T04:05:06Z","updatedAt":"2001-02-03T04:05:06Z","accessedAt":"2001-02-03T04:05:06Z"}}'
    headers:
      Cache-Control:
      - no-cache
      Content-Type:
      - application/json; charset=utf-8
      Expires:
      - "-1"
      Pragma:
      - no-cache
      Server:
      - Microsoft-HTTPAPI/2.0
      Strict-Transport-Security:
      - max-age=31536000; includeSubDomains
      Vary:
      - Accept-Encoding
      X-Content-Type-Options:
      - nosniff
    status: 200 OK
    code: 200
    duration: ""
- request:
    body: ""
    form: {}
    headers:
      Accept:
      - application/json
      Test-Request-Attempt:
      - "0"
    url: https://management.azure.com/subscriptions/00000000-0000-0000-0000-000000000000/resourceGroups/asotest-rg-ozhnzo/providers/Microsoft.ServiceBus/namespaces/asotest-namespace-vlsonb/topics/asotest-topic-giunzg?api-version=2021-01-01-preview
    method: GET
  response:
    body: '{"id":"/subscriptions/00000000-0000-0000-0000-000000000000/resourceGroups/asotest-rg-ozhnzo/providers/Microsoft.ServiceBus/namespaces/asotest-namespace-vlsonb/topics/asotest-topic-giunzg","name":"asotest-topic-giunzg","type":"Microsoft.ServiceBus/namespaces/topics","location":"westus2","properties":{"maxMessageSizeInKilobytes":256,"defaultMessageTimeToLive":"P10675199DT2H48M5.4775807S","maxSizeInMegabytes":1024,"requiresDuplicateDetection":false,"duplicateDetectionHistoryTimeWindow":"PT10M","enableBatchedOperations":true,"sizeInBytes":0,"status":"Active","supportOrdering":true,"autoDeleteOnIdle":"P10675199DT2H48M5.4775807S","enablePartitioning":false,"enableExpress":false,"createdAt":"2001-02-03T04:05:06Z","updatedAt":"2001-02-03T04:05:06Z","accessedAt":"2001-02-03T04:05:06Z","subscriptionCount":0,"countDetails":{"activeMessageCount":0,"deadLetterMessageCount":0,"scheduledMessageCount":0,"transferMessageCount":0,"transferDeadLetterMessageCount":0}}}'
    headers:
      Cache-Control:
      - no-cache
      Content-Type:
      - application/json; charset=utf-8
      Expires:
      - "-1"
      Pragma:
      - no-cache
      Server:
      - Microsoft-HTTPAPI/2.0
      Strict-Transport-Security:
      - max-age=31536000; includeSubDomains
      Vary:
      - Accept-Encoding
      X-Content-Type-Options:
      - nosniff
    status: 200 OK
    code: 200
    duration: ""
- request:
    body: ""
    form: {}
    headers:
      Accept:
      - application/json
      Test-Request-Attempt:
      - "0"
    url: https://management.azure.com/subscriptions/00000000-0000-0000-0000-000000000000/resourceGroups/asotest-rg-ozhnzo/providers/Microsoft.ServiceBus/namespaces/asotest-namespace-vlsonb/queues/asotest-queue-kjdgln?api-version=2021-01-01-preview
    method: DELETE
  response:
    body: ""
    headers:
      Cache-Control:
      - no-cache
      Content-Length:
      - "0"
      Expires:
      - "-1"
      Pragma:
      - no-cache
      Server:
      - Microsoft-HTTPAPI/2.0
      Strict-Transport-Security:
      - max-age=31536000; includeSubDomains
      X-Content-Type-Options:
      - nosniff
    status: 200 OK
    code: 200
    duration: ""
- request:
    body: '{"name":"asotest-rule-nutrsw","properties":{"rights":["Listen","Send"]}}'
    form: {}
    headers:
      Accept:
      - application/json
      Content-Length:
      - "72"
      Content-Type:
      - application/json
      Test-Request-Attempt:
      - "0"
    url: https://management.azure.com/subscriptions/00000000-0000-0000-0000-000000000000/resourceGroups/asotest-rg-ozhnzo/providers/Microsoft.ServiceBus/namespaces/asotest-namespace-vlsonb/AuthorizationRules/asotest-rule-nutrsw?api-version=2021-01-01-preview
    method: PUT
  response:
    body: '{"id":"/subscriptions/00000000-0000-0000-0000-000000000000/resourceGroups/asotest-rg-ozhnzo/providers/Microsoft.ServiceBus/namespaces/asotest-namespace-vlsonb/AuthorizationRules/asotest-rule-nutrsw","name":"asotest-rule-nutrsw","type":"Microsoft.ServiceBus/Namespaces/AuthorizationRules","location":"westus2","properties":{"rights":["Listen","Send"]}}'
    headers:
      Cache-Control:
      - no-cache
      Content-Type:
      - application/json; charset=utf-8
      Expires:
      - "-1"
      Pragma:
      - no-cache
      Server:
      - Microsoft-HTTPAPI/2.0
      Strict-Transport-Security:
      - max-age=31536000; includeSubDomains
      Vary:
      - Accept-Encoding
      X-Content-Type-Options:
      - nosniff
    status: 200 OK
    code: 200
    duration: ""
- request:
    body: '{"location":"westus2","name":"asotest-namespace-vlsonb","properties":{"zoneRedundant":false},"sku":{"name":"Standard"}}'
    form: {}
    headers:
      Accept:
      - application/json
      Content-Length:
      - "119"
      Content-Type:
      - application/json
      Test-Request-Attempt:
      - "1"
    url: https://management.azure.com/subscriptions/00000000-0000-0000-0000-000000000000/resourceGroups/asotest-rg-ozhnzo/providers/Microsoft.ServiceBus/namespaces/asotest-namespace-vlsonb?api-version=2021-01-01-preview
    method: PUT
  response:
    body: '{"sku":{"name":"Standard","tier":"Standard"},"id":"/subscriptions/00000000-0000-0000-0000-000000000000/resourceGroups/asotest-rg-ozhnzo/providers/Microsoft.ServiceBus/namespaces/asotest-namespace-vlsonb","name":"asotest-namespace-vlsonb","type":"Microsoft.ServiceBus/Namespaces","location":"West
      US 2","tags":{},"properties":{"zoneRedundant":false,"provisioningState":"Updating","metricId":"00000000-0000-0000-0000-000000000000:asotest-namespace-vlsonb","createdAt":"2001-02-03T04:05:06Z","updatedAt":"2001-02-03T04:05:06Z","serviceBusEndpoint":"https://asotest-namespace-vlsonb.servicebus.windows.net:443/","status":"Activating"}}'
    headers:
      Cache-Control:
      - no-cache
      Content-Type:
      - application/json; charset=utf-8
      Expires:
      - "-1"
      Pragma:
      - no-cache
      Server:
      - Service-Bus-Resource-Provider/SN1
      - Microsoft-HTTPAPI/2.0
      Server-Sb:
      - Service-Bus-Resource-Provider/SN1
      Strict-Transport-Security:
      - max-age=31536000; includeSubDomains
      Vary:
      - Accept-Encoding
      X-Content-Type-Options:
      - nosniff
    status: 200 OK
    code: 200
    duration: ""
- request:
    body: ""
    form: {}
    headers:
      Accept:
      - application/json
      Test-Request-Attempt:
      - "0"
    url: https://management.azure.com/subscriptions/00000000-0000-0000-0000-000000000000/resourceGroups/asotest-rg-ozhnzo/providers/Microsoft.ServiceBus/namespaces/asotest-namespace-vlsonb/AuthorizationRules/asotest-rule-nutrsw?api-version=2021-01-01-preview
    method: GET
  response:
    body: '{"id":"/subscriptions/00000000-0000-0000-0000-000000000000/resourcegroups/asotest-rg-ozhnzo/providers/Microsoft.ServiceBus/namespaces/asotest-namespace-vlsonb/authorizationrules/asotest-rule-nutrsw","name":"asotest-rule-nutrsw","type":"Microsoft.ServiceBus/Namespaces/AuthorizationRules","location":"westus2","properties":{"rights":["Listen","Send"]}}'
    headers:
      Cache-Control:
      - no-cache
      Content-Type:
      - application/json; charset=utf-8
      Expires:
      - "-1"
      Pragma:
      - no-cache
      Server:
      - Microsoft-HTTPAPI/2.0
      Strict-Transport-Security:
      - max-age=31536000; includeSubDomains
      Vary:
      - Accept-Encoding
      X-Content-Type-Options:
      - nosniff
    status: 200 OK
    code: 200
    duration: ""
- request:
    body: ""
    form: {}
    headers:
      Test-Request-Attempt:
      - "7"
    url: https://management.azure.com/subscriptions/00000000-0000-0000-0000-000000000000/resourceGroups/asotest-rg-ozhnzo/providers/Microsoft.ServiceBus/namespaces/asotest-namespace-vlsonb?api-version=2021-01-01-preview
    method: GET
  response:
    body: '{"sku":{"name":"Standard","tier":"Standard"},"id":"/subscriptions/00000000-0000-0000-0000-000000000000/resourceGroups/asotest-rg-ozhnzo/providers/Microsoft.ServiceBus/namespaces/asotest-namespace-vlsonb","name":"asotest-namespace-vlsonb","type":"Microsoft.ServiceBus/Namespaces","location":"West
      US 2","tags":{},"properties":{"zoneRedundant":false,"provisioningState":"Updating","metricId":"00000000-0000-0000-0000-000000000000:asotest-namespace-vlsonb","createdAt":"2001-02-03T04:05:06Z","updatedAt":"2001-02-03T04:05:06Z","serviceBusEndpoint":"https://asotest-namespace-vlsonb.servicebus.windows.net:443/","status":"Activating"}}'
    headers:
      Cache-Control:
      - no-cache
      Content-Type:
      - application/json; charset=utf-8
      Expires:
      - "-1"
      Pragma:
      - no-cache
      Server:
      - Service-Bus-Resource-Provider/SN1
      - Microsoft-HTTPAPI/2.0
      Server-Sb:
      - Service-Bus-Resource-Provider/SN1
      Strict-Transport-Security:
      - max-age=31536000; includeSubDomains
      Vary:
      - Accept-Encoding
      X-Content-Type-Options:
      - nosniff
    status: 200 OK
    code: 200
    duration: ""
- request:
    body: '{"name":"asotest-subscription-mxuscp"}'
    form: {}
    headers:
      Accept:
      - application/json
      Content-Length:
      - "38"
      Content-Type:
      - application/json
      Test-Request-Attempt:
      - "0"
    url: https://management.azure.com/subscriptions/00000000-0000-0000-0000-000000000000/resourceGroups/asotest-rg-ozhnzo/providers/Microsoft.ServiceBus/namespaces/asotest-namespace-vlsonb/topics/asotest-topic-giunzg/subscriptions/asotest-subscription-mxuscp?api-version=2021-01-01-preview
    method: PUT
  response:
    body: '{"id":"/subscriptions/00000000-0000-0000-0000-000000000000/resourceGroups/asotest-rg-ozhnzo/providers/Microsoft.ServiceBus/namespaces/asotest-namespace-vlsonb/topics/asotest-topic-giunzg/subscriptions/asotest-subscription-mxuscp","name":"asotest-subscription-mxuscp","type":"Microsoft.ServiceBus/namespaces/topics/subscriptions","location":"westus2","properties":{"isClientAffine":false,"lockDuration":"PT1M","requiresSession":false,"defaultMessageTimeToLive":"P10675199DT2H48M5.4775807S","deadLetteringOnMessageExpiration":false,"deadLetteringOnFilterEvaluationExceptions":true,"messageCount":0,"maxDeliveryCount":10,"status":"Active","enableBatchedOperations":true,"createdAt":"2001-02-03T04:05:06Z","updatedAt":"2001-02-03T04:05:06Z","accessedAt":"0001-01-01T00:00:00","countDetails":{"activeMessageCount":0,"deadLetterMessageCount":0,"scheduledMessageCount":0,"transferMessageCount":0,"transferDeadLetterMessageCount":0},"autoDeleteOnIdle":"P10675199DT2H48M5.4775807S"}}'
    headers:
      Cache-Control:
      - no-cache
      Content-Type:
      - application/json; charset=utf-8
      Expires:
      - "-1"
      Pragma:
      - no-cache
      Server:
      - Microsoft-HTTPAPI/2.0
      Strict-Transport-Security:
      - max-age=31536000; includeSubDomains
      Vary:
      - Accept-Encoding
      X-Content-Type-Options:
      - nosniff
    status: 200 OK
    code: 200
    duration: ""
- request:
    body: ""
    form: {}
    headers:
      Accept:
      - application/json
      Test-Request-Attempt:
      - "0"
    url: https://management.azure.com/subscriptions/00000000-0000-0000-0000-000000000000/resourceGroups/asotest-rg-ozhnzo/providers/Microsoft.ServiceBus/namespaces/asotest-namespace-vlsonb/AuthorizationRules/asotest-rule-nutrsw/listKeys?api-version=2021-11-01
    method: POST
  response:
    body: '{"primaryConnectionString":"Endpoint=sb://asotest-namespace-vlsonb.servicebus.windows.net/;SharedAccessKeyName=asotest-rule-nutrsw;SharedAccessKey={KEY}","secondaryConnectionString":"Endpoint=sb://asotest-namespace-vlsonb.servicebus.windows.net/;SharedAccessKeyName=asotest-rule-nutrsw;SharedAccessKey={KEY}","primaryKey":"{KEY}","secondaryKey":"{KEY}","keyName":"asotest-rule-nutrsw"}'
    headers:
      Cache-Control:
      - no-cache
      Content-Type:
      - application/json; charset=utf-8
      Expires:
      - "-1"
      Pragma:
      - no-cache
      Server:
      - Microsoft-HTTPAPI/2.0
      Strict-Transport-Security:
      - max-age=31536000; includeSubDomains
      Vary:
      - Accept-Encoding
      X-Content-Type-Options:
      - nosniff
    status: 200 OK
    code: 200
    duration: ""
- request:
    body: ""
    form: {}
    headers:
      Accept:
      - application/json
      Test-Request-Attempt:
      - "0"
    url: https://management.azure.com/subscriptions/00000000-0000-0000-0000-000000000000/resourceGroups/asotest-rg-ozhnzo/providers/Microsoft.ServiceBus/namespaces/asotest-namespace-vlsonb/topics/asotest-topic-giunzg/subscriptions/asotest-subscription-mxuscp?api-version=2021-01-01-preview
    method: GET
  response:
    body: '{"id":"/subscriptions/00000000-0000-0000-0000-000000000000/resourceGroups/asotest-rg-ozhnzo/providers/Microsoft.ServiceBus/namespaces/asotest-namespace-vlsonb/topics/asotest-topic-giunzg/subscriptions/asotest-subscription-mxuscp","name":"asotest-subscription-mxuscp","type":"Microsoft.ServiceBus/namespaces/topics/subscriptions","location":"westus2","properties":{"isClientAffine":false,"lockDuration":"PT1M","requiresSession":false,"defaultMessageTimeToLive":"P10675199DT2H48M5.4775807S","deadLetteringOnMessageExpiration":false,"deadLetteringOnFilterEvaluationExceptions":true,"messageCount":0,"maxDeliveryCount":10,"status":"Active","enableBatchedOperations":true,"createdAt":"2001-02-03T04:05:06Z","updatedAt":"2001-02-03T04:05:06Z","accessedAt":"2001-02-03T04:05:06Z","countDetails":{"activeMessageCount":0,"deadLetterMessageCount":0,"scheduledMessageCount":0,"transferMessageCount":0,"transferDeadLetterMessageCount":0},"autoDeleteOnIdle":"P10675199DT2H48M5.4775807S"}}'
    headers:
      Cache-Control:
      - no-cache
      Content-Type:
      - application/json; charset=utf-8
      Expires:
      - "-1"
      Pragma:
      - no-cache
      Server:
      - Microsoft-HTTPAPI/2.0
      Strict-Transport-Security:
      - max-age=31536000; includeSubDomains
      Vary:
      - Accept-Encoding
      X-Content-Type-Options:
      - nosniff
    status: 200 OK
    code: 200
    duration: ""
- request:
    body: ""
    form: {}
    headers:
      Test-Request-Attempt:
      - "8"
    url: https://management.azure.com/subscriptions/00000000-0000-0000-0000-000000000000/resourceGroups/asotest-rg-ozhnzo/providers/Microsoft.ServiceBus/namespaces/asotest-namespace-vlsonb?api-version=2021-01-01-preview
    method: GET
  response:
    body: '{"sku":{"name":"Standard","tier":"Standard"},"id":"/subscriptions/00000000-0000-0000-0000-000000000000/resourceGroups/asotest-rg-ozhnzo/providers/Microsoft.ServiceBus/namespaces/asotest-namespace-vlsonb","name":"asotest-namespace-vlsonb","type":"Microsoft.ServiceBus/Namespaces","location":"West
      US 2","tags":{},"properties":{"zoneRedundant":false,"provisioningState":"Succeeded","metricId":"00000000-0000-0000-0000-000000000000:asotest-namespace-vlsonb","createdAt":"2001-02-03T04:05:06Z","updatedAt":"2001-02-03T04:05:06Z","serviceBusEndpoint":"https://asotest-namespace-vlsonb.servicebus.windows.net:443/","status":"Active"}}'
    headers:
      Cache-Control:
      - no-cache
      Content-Type:
      - application/json; charset=utf-8
      Expires:
      - "-1"
      Pragma:
      - no-cache
      Server:
      - Service-Bus-Resource-Provider/SN1
      - Microsoft-HTTPAPI/2.0
      Server-Sb:
      - Service-Bus-Resource-Provider/SN1
      Strict-Transport-Security:
      - max-age=31536000; includeSubDomains
      Vary:
      - Accept-Encoding
      X-Content-Type-Options:
      - nosniff
    status: 200 OK
    code: 200
    duration: ""
- request:
    body: ""
    form: {}
    headers:
      Accept:
      - application/json
      Test-Request-Attempt:
      - "9"
    url: https://management.azure.com/subscriptions/00000000-0000-0000-0000-000000000000/resourceGroups/asotest-rg-ozhnzo/providers/Microsoft.ServiceBus/namespaces/asotest-namespace-vlsonb?api-version=2021-01-01-preview
    method: GET
  response:
    body: '{"sku":{"name":"Standard","tier":"Standard"},"id":"/subscriptions/00000000-0000-0000-0000-000000000000/resourceGroups/asotest-rg-ozhnzo/providers/Microsoft.ServiceBus/namespaces/asotest-namespace-vlsonb","name":"asotest-namespace-vlsonb","type":"Microsoft.ServiceBus/Namespaces","location":"West
      US 2","tags":{},"properties":{"zoneRedundant":false,"provisioningState":"Succeeded","metricId":"00000000-0000-0000-0000-000000000000:asotest-namespace-vlsonb","createdAt":"2001-02-03T04:05:06Z","updatedAt":"2001-02-03T04:05:06Z","serviceBusEndpoint":"https://asotest-namespace-vlsonb.servicebus.windows.net:443/","status":"Active"}}'
    headers:
      Cache-Control:
      - no-cache
      Content-Type:
      - application/json; charset=utf-8
      Expires:
      - "-1"
      Pragma:
      - no-cache
      Server:
      - Service-Bus-Resource-Provider/SN1
      - Microsoft-HTTPAPI/2.0
      Server-Sb:
      - Service-Bus-Resource-Provider/SN1
      Strict-Transport-Security:
      - max-age=31536000; includeSubDomains
      Vary:
      - Accept-Encoding
      X-Content-Type-Options:
      - nosniff
    status: 200 OK
    code: 200
    duration: ""
- request:
    body: '{"name":"asotest-subrule-qlhrcu"}'
    form: {}
    headers:
      Accept:
      - application/json
      Content-Length:
      - "33"
      Content-Type:
      - application/json
      Test-Request-Attempt:
      - "0"
    url: https://management.azure.com/subscriptions/00000000-0000-0000-0000-000000000000/resourceGroups/asotest-rg-ozhnzo/providers/Microsoft.ServiceBus/namespaces/asotest-namespace-vlsonb/topics/asotest-topic-giunzg/subscriptions/asotest-subscription-mxuscp/rules/asotest-subrule-qlhrcu?api-version=2021-01-01-preview
    method: PUT
  response:
    body: '{"id":"/subscriptions/00000000-0000-0000-0000-000000000000/resourceGroups/asotest-rg-ozhnzo/providers/Microsoft.ServiceBus/namespaces/asotest-namespace-vlsonb/topics/asotest-topic-giunzg/subscriptions/asotest-subscription-mxuscp/rules/asotest-subrule-qlhrcu","name":"asotest-subrule-qlhrcu","type":"Microsoft.ServiceBus/namespaces/topics/subscriptions/rules","location":"westus2","properties":{"action":{},"filterType":"SqlFilter","sqlFilter":{"sqlExpression":"1=1","compatibilityLevel":20,"parameters":{}}}}'
    headers:
      Cache-Control:
      - no-cache
      Content-Type:
      - application/json; charset=utf-8
      Expires:
      - "-1"
      Pragma:
      - no-cache
      Server:
      - Microsoft-HTTPAPI/2.0
      Strict-Transport-Security:
      - max-age=31536000; includeSubDomains
      Vary:
      - Accept-Encoding
      X-Content-Type-Options:
      - nosniff
    status: 200 OK
    code: 200
    duration: ""
- request:
    body: ""
    form: {}
    headers:
      Accept:
      - application/json
      Test-Request-Attempt:
      - "0"
    url: https://management.azure.com/subscriptions/00000000-0000-0000-0000-000000000000/resourceGroups/asotest-rg-ozhnzo/providers/Microsoft.ServiceBus/namespaces/asotest-namespace-vlsonb/topics/asotest-topic-giunzg/subscriptions/asotest-subscription-mxuscp/rules/asotest-subrule-qlhrcu?api-version=2021-01-01-preview
    method: GET
  response:
    body: '{"id":"/subscriptions/00000000-0000-0000-0000-000000000000/resourceGroups/asotest-rg-ozhnzo/providers/Microsoft.ServiceBus/namespaces/asotest-namespace-vlsonb/topics/asotest-topic-giunzg/subscriptions/asotest-subscription-mxuscp/rules/asotest-subrule-qlhrcu","name":"asotest-subrule-qlhrcu","type":"Microsoft.ServiceBus/namespaces/topics/subscriptions/rules","location":"westus2","properties":{"action":{},"filterType":"SqlFilter","sqlFilter":{"sqlExpression":"1=1","compatibilityLevel":20,"parameters":{}}}}'
    headers:
      Cache-Control:
      - no-cache
      Content-Type:
      - application/json; charset=utf-8
      Expires:
      - "-1"
      Pragma:
      - no-cache
      Server:
      - Microsoft-HTTPAPI/2.0
      Strict-Transport-Security:
      - max-age=31536000; includeSubDomains
      Vary:
      - Accept-Encoding
      X-Content-Type-Options:
      - nosniff
    status: 200 OK
    code: 200
    duration: ""
- request:
    body: ""
    form: {}
    headers:
      Accept:
      - application/json
      Test-Request-Attempt:
      - "0"
    url: https://management.azure.com/subscriptions/00000000-0000-0000-0000-000000000000/resourceGroups/asotest-rg-ozhnzo/providers/Microsoft.ServiceBus/namespaces/asotest-namespace-vlsonb/AuthorizationRules/RootManageSharedAccessKey/listKeys?api-version=2021-11-01
    method: POST
  response:
    body: '{"primaryConnectionString":"Endpoint=sb://asotest-namespace-vlsonb.servicebus.windows.net/;SharedAccessKeyName=RootManageSharedAccessKey;SharedAccessKey={KEY}","secondaryConnectionString":"Endpoint=sb://asotest-namespace-vlsonb.servicebus.windows.net/;SharedAccessKeyName=RootManageSharedAccessKey;SharedAccessKey={KEY}","primaryKey":"{KEY}","secondaryKey":"{KEY}","keyName":"RootManageSharedAccessKey"}'
    headers:
      Cache-Control:
      - no-cache
      Content-Type:
      - application/json; charset=utf-8
      Expires:
      - "-1"
      Pragma:
      - no-cache
      Server:
      - Microsoft-HTTPAPI/2.0
      Strict-Transport-Security:
      - max-age=31536000; includeSubDomains
      Vary:
      - Accept-Encoding
      X-Content-Type-Options:
      - nosniff
    status: 200 OK
    code: 200
    duration: ""
- request:
    body: ""
    form: {}
    headers:
      Accept:
      - application/json
      Test-Request-Attempt:
      - "0"
    url: https://management.azure.com/subscriptions/00000000-0000-0000-0000-000000000000/resourceGroups/asotest-rg-ozhnzo/providers/Microsoft.ServiceBus/namespaces/asotest-namespace-vlsonb/topics/asotest-topic-giunzg/subscriptions/asotest-subscription-mxuscp/rules/asotest-subrule-qlhrcu?api-version=2021-01-01-preview
    method: DELETE
  response:
    body: ""
    headers:
      Cache-Control:
      - no-cache
      Content-Length:
      - "0"
      Expires:
      - "-1"
      Pragma:
      - no-cache
      Server:
      - Microsoft-HTTPAPI/2.0
      Strict-Transport-Security:
      - max-age=31536000; includeSubDomains
      X-Content-Type-Options:
      - nosniff
    status: 200 OK
    code: 200
    duration: ""
- request:
    body: ""
    form: {}
    headers:
      Accept:
      - application/json
      Test-Request-Attempt:
      - "0"
    url: https://management.azure.com/subscriptions/00000000-0000-0000-0000-000000000000/resourceGroups/asotest-rg-ozhnzo/providers/Microsoft.ServiceBus/namespaces/asotest-namespace-vlsonb/AuthorizationRules/asotest-rule-nutrsw?api-version=2021-01-01-preview
    method: DELETE
  response:
    body: ""
    headers:
      Cache-Control:
      - no-cache
      Content-Length:
      - "0"
      Expires:
      - "-1"
      Pragma:
      - no-cache
      Server:
      - Microsoft-HTTPAPI/2.0
      Strict-Transport-Security:
      - max-age=31536000; includeSubDomains
      X-Content-Type-Options:
      - nosniff
    status: 200 OK
    code: 200
    duration: ""
- request:
    body: ""
    form: {}
    headers:
      Accept:
      - application/json
      Test-Request-Attempt:
      - "1"
    url: https://management.azure.com/subscriptions/00000000-0000-0000-0000-000000000000/resourceGroups/asotest-rg-ozhnzo/providers/Microsoft.ServiceBus/namespaces/asotest-namespace-vlsonb/topics/asotest-topic-giunzg/subscriptions/asotest-subscription-mxuscp/rules/asotest-subrule-qlhrcu?api-version=2021-01-01-preview
    method: GET
  response:
    body: '{"error":{"code":"SubscriptionNotFound","message":"Rule does not exist"}}'
    headers:
      Cache-Control:
      - no-cache
      Content-Length:
      - "73"
      Content-Type:
      - application/json
      Expires:
      - "-1"
      Pragma:
      - no-cache
      Server:
      - Microsoft-HTTPAPI/2.0
      Strict-Transport-Security:
      - max-age=31536000; includeSubDomains
      X-Content-Type-Options:
      - nosniff
    status: 404 Not Found
    code: 404
    duration: ""
- request:
    body: ""
    form: {}
    headers:
      Accept:
      - application/json
      Test-Request-Attempt:
      - "0"
    url: https://management.azure.com/subscriptions/00000000-0000-0000-0000-000000000000/resourceGroups/asotest-rg-ozhnzo/providers/Microsoft.ServiceBus/namespaces/asotest-namespace-vlsonb/topics/asotest-topic-giunzg/subscriptions/asotest-subscription-mxuscp?api-version=2021-01-01-preview
    method: DELETE
  response:
    body: ""
    headers:
      Cache-Control:
      - no-cache
      Content-Length:
      - "0"
      Expires:
      - "-1"
      Pragma:
      - no-cache
      Server:
      - Microsoft-HTTPAPI/2.0
      Strict-Transport-Security:
      - max-age=31536000; includeSubDomains
      X-Content-Type-Options:
      - nosniff
    status: 200 OK
    code: 200
    duration: ""
- request:
    body: ""
    form: {}
    headers:
      Accept:
      - application/json
      Test-Request-Attempt:
      - "1"
    url: https://management.azure.com/subscriptions/00000000-0000-0000-0000-000000000000/resourceGroups/asotest-rg-ozhnzo/providers/Microsoft.ServiceBus/namespaces/asotest-namespace-vlsonb/topics/asotest-topic-giunzg/subscriptions/asotest-subscription-mxuscp?api-version=2021-01-01-preview
    method: GET
  response:
    body: '{"error":{"code":"SubscriptionNotFound","message":"Subscription does not
      exist"}}'
    headers:
      Cache-Control:
      - no-cache
      Content-Length:
      - "81"
      Content-Type:
      - application/json
      Expires:
      - "-1"
      Pragma:
      - no-cache
      Server:
      - Microsoft-HTTPAPI/2.0
      Strict-Transport-Security:
      - max-age=31536000; includeSubDomains
      X-Content-Type-Options:
      - nosniff
    status: 404 Not Found
    code: 404
    duration: ""
- request:
    body: ""
    form: {}
    headers:
      Accept:
      - application/json
      Test-Request-Attempt:
      - "0"
    url: https://management.azure.com/subscriptions/00000000-0000-0000-0000-000000000000/resourceGroups/asotest-rg-ozhnzo/providers/Microsoft.ServiceBus/namespaces/asotest-namespace-vlsonb/topics/asotest-topic-giunzg?api-version=2021-01-01-preview
    method: DELETE
  response:
    body: ""
    headers:
      Cache-Control:
      - no-cache
      Content-Length:
      - "0"
      Expires:
      - "-1"
      Pragma:
      - no-cache
      Server:
      - Microsoft-HTTPAPI/2.0
      Strict-Transport-Security:
      - max-age=31536000; includeSubDomains
      X-Content-Type-Options:
      - nosniff
    status: 200 OK
    code: 200
    duration: ""
- request:
    body: ""
    form: {}
    headers:
      Accept:
      - application/json
      Test-Request-Attempt:
      - "0"
    url: https://management.azure.com/subscriptions/00000000-0000-0000-0000-000000000000/resourceGroups/asotest-rg-ozhnzo/providers/Microsoft.ServiceBus/namespaces/asotest-namespace-vlsonb?api-version=2021-01-01-preview
    method: DELETE
  response:
    body: ""
    headers:
      Cache-Control:
      - no-cache
      Content-Length:
      - "0"
      Expires:
      - "-1"
      Location:
      - https://management.azure.com/subscriptions/00000000-0000-0000-0000-000000000000/resourceGroups/asotest-rg-ozhnzo/providers/Microsoft.ServiceBus/namespaces/asotest-namespace-vlsonb/operationresults/asotest-namespace-vlsonb?api-version=2021-01-01-preview
      Pragma:
      - no-cache
      Server:
      - Service-Bus-Resource-Provider/SN1
      - Microsoft-HTTPAPI/2.0
      Server-Sb:
      - Service-Bus-Resource-Provider/SN1
      Strict-Transport-Security:
      - max-age=31536000; includeSubDomains
      X-Content-Type-Options:
      - nosniff
    status: 202 Accepted
    code: 202
    duration: ""
- request:
    body: ""
    form: {}
    headers:
      Test-Request-Attempt:
      - "0"
    url: https://management.azure.com/subscriptions/00000000-0000-0000-0000-000000000000/resourceGroups/asotest-rg-ozhnzo/providers/Microsoft.ServiceBus/namespaces/asotest-namespace-vlsonb/operationresults/asotest-namespace-vlsonb?api-version=2021-01-01-preview
    method: GET
  response:
    body: '{"sku":{"name":"Standard","tier":"Standard"},"id":"/subscriptions/00000000-0000-0000-0000-000000000000/resourceGroups/asotest-rg-ozhnzo/providers/Microsoft.ServiceBus/namespaces/asotest-namespace-vlsonb","name":"asotest-namespace-vlsonb","type":"Microsoft.ServiceBus/Namespaces","location":"West
      US 2","tags":{},"properties":{"zoneRedundant":false,"provisioningState":"Succeeded","metricId":"00000000-0000-0000-0000-000000000000:asotest-namespace-vlsonb","createdAt":"2001-02-03T04:05:06Z","updatedAt":"2001-02-03T04:05:06Z","serviceBusEndpoint":"https://asotest-namespace-vlsonb.servicebus.windows.net:443/","status":"Removing"}}'
    headers:
      Cache-Control:
      - no-cache
      Content-Length:
      - "638"
      Content-Type:
      - application/json; charset=utf-8
      Expires:
      - "-1"
      Location:
      - https://management.azure.com/subscriptions/00000000-0000-0000-0000-000000000000/resourceGroups/asotest-rg-ozhnzo/providers/Microsoft.ServiceBus/namespaces/asotest-namespace-vlsonb/operationresults/asotest-namespace-vlsonb?api-version=2021-01-01-preview
      Pragma:
      - no-cache
      Retry-After:
      - "45"
      Server:
      - Service-Bus-Resource-Provider/SN1
      - Microsoft-HTTPAPI/2.0
      Server-Sb:
      - Service-Bus-Resource-Provider/SN1
      Strict-Transport-Security:
      - max-age=31536000; includeSubDomains
      X-Content-Type-Options:
      - nosniff
    status: 202 Accepted
    code: 202
    duration: ""
- request:
    body: ""
    form: {}
    headers:
      Accept:
      - application/json
      Test-Request-Attempt:
      - "10"
    url: https://management.azure.com/subscriptions/00000000-0000-0000-0000-000000000000/resourceGroups/asotest-rg-ozhnzo/providers/Microsoft.ServiceBus/namespaces/asotest-namespace-vlsonb?api-version=2021-01-01-preview
    method: GET
  response:
    body: '{"sku":{"name":"Standard","tier":"Standard"},"id":"/subscriptions/00000000-0000-0000-0000-000000000000/resourceGroups/asotest-rg-ozhnzo/providers/Microsoft.ServiceBus/namespaces/asotest-namespace-vlsonb","name":"asotest-namespace-vlsonb","type":"Microsoft.ServiceBus/Namespaces","location":"West
      US 2","tags":{},"properties":{"zoneRedundant":false,"provisioningState":"Succeeded","metricId":"00000000-0000-0000-0000-000000000000:asotest-namespace-vlsonb","createdAt":"2001-02-03T04:05:06Z","updatedAt":"2001-02-03T04:05:06Z","serviceBusEndpoint":"https://asotest-namespace-vlsonb.servicebus.windows.net:443/","status":"Removing"}}'
    headers:
      Cache-Control:
      - no-cache
      Content-Type:
      - application/json; charset=utf-8
      Expires:
      - "-1"
      Pragma:
      - no-cache
      Server:
      - Service-Bus-Resource-Provider/SN1
      - Microsoft-HTTPAPI/2.0
      Server-Sb:
      - Service-Bus-Resource-Provider/SN1
      Strict-Transport-Security:
      - max-age=31536000; includeSubDomains
      Vary:
      - Accept-Encoding
      X-Content-Type-Options:
      - nosniff
    status: 200 OK
    code: 200
    duration: ""
- request:
    body: ""
    form: {}
    headers:
      Accept:
      - application/json
      Test-Request-Attempt:
      - "11"
    url: https://management.azure.com/subscriptions/00000000-0000-0000-0000-000000000000/resourceGroups/asotest-rg-ozhnzo/providers/Microsoft.ServiceBus/namespaces/asotest-namespace-vlsonb?api-version=2021-01-01-preview
    method: GET
  response:
    body: '{"sku":{"name":"Standard","tier":"Standard"},"id":"/subscriptions/00000000-0000-0000-0000-000000000000/resourceGroups/asotest-rg-ozhnzo/providers/Microsoft.ServiceBus/namespaces/asotest-namespace-vlsonb","name":"asotest-namespace-vlsonb","type":"Microsoft.ServiceBus/Namespaces","location":"West
      US 2","tags":{},"properties":{"zoneRedundant":false,"provisioningState":"Succeeded","metricId":"00000000-0000-0000-0000-000000000000:asotest-namespace-vlsonb","createdAt":"2001-02-03T04:05:06Z","updatedAt":"2001-02-03T04:05:06Z","serviceBusEndpoint":"https://asotest-namespace-vlsonb.servicebus.windows.net:443/","status":"Removing"}}'
    headers:
      Cache-Control:
      - no-cache
      Content-Type:
      - application/json; charset=utf-8
      Expires:
      - "-1"
      Pragma:
      - no-cache
      Server:
      - Service-Bus-Resource-Provider/SN1
      - Microsoft-HTTPAPI/2.0
      Server-Sb:
      - Service-Bus-Resource-Provider/SN1
      Strict-Transport-Security:
      - max-age=31536000; includeSubDomains
      Vary:
      - Accept-Encoding
      X-Content-Type-Options:
      - nosniff
    status: 200 OK
    code: 200
    duration: ""
- request:
    body: ""
    form: {}
    headers:
      Accept:
      - application/json
      Test-Request-Attempt:
      - "12"
    url: https://management.azure.com/subscriptions/00000000-0000-0000-0000-000000000000/resourceGroups/asotest-rg-ozhnzo/providers/Microsoft.ServiceBus/namespaces/asotest-namespace-vlsonb?api-version=2021-01-01-preview
    method: GET
  response:
    body: '{"sku":{"name":"Standard","tier":"Standard"},"id":"/subscriptions/00000000-0000-0000-0000-000000000000/resourceGroups/asotest-rg-ozhnzo/providers/Microsoft.ServiceBus/namespaces/asotest-namespace-vlsonb","name":"asotest-namespace-vlsonb","type":"Microsoft.ServiceBus/Namespaces","location":"West
      US 2","tags":{},"properties":{"zoneRedundant":false,"provisioningState":"Succeeded","metricId":"00000000-0000-0000-0000-000000000000:asotest-namespace-vlsonb","createdAt":"2001-02-03T04:05:06Z","updatedAt":"2001-02-03T04:05:06Z","serviceBusEndpoint":"https://asotest-namespace-vlsonb.servicebus.windows.net:443/","status":"Removing"}}'
    headers:
      Cache-Control:
      - no-cache
      Content-Type:
      - application/json; charset=utf-8
      Expires:
      - "-1"
      Pragma:
      - no-cache
      Server:
      - Service-Bus-Resource-Provider/SN1
      - Microsoft-HTTPAPI/2.0
      Server-Sb:
      - Service-Bus-Resource-Provider/SN1
      Strict-Transport-Security:
      - max-age=31536000; includeSubDomains
      Vary:
      - Accept-Encoding
      X-Content-Type-Options:
      - nosniff
    status: 200 OK
    code: 200
    duration: ""
- request:
    body: ""
    form: {}
    headers:
      Accept:
      - application/json
      Test-Request-Attempt:
      - "13"
    url: https://management.azure.com/subscriptions/00000000-0000-0000-0000-000000000000/resourceGroups/asotest-rg-ozhnzo/providers/Microsoft.ServiceBus/namespaces/asotest-namespace-vlsonb?api-version=2021-01-01-preview
    method: GET
  response:
    body: '{"sku":{"name":"Standard","tier":"Standard"},"id":"/subscriptions/00000000-0000-0000-0000-000000000000/resourceGroups/asotest-rg-ozhnzo/providers/Microsoft.ServiceBus/namespaces/asotest-namespace-vlsonb","name":"asotest-namespace-vlsonb","type":"Microsoft.ServiceBus/Namespaces","location":"West
      US 2","tags":{},"properties":{"zoneRedundant":false,"provisioningState":"Succeeded","metricId":"00000000-0000-0000-0000-000000000000:asotest-namespace-vlsonb","createdAt":"2001-02-03T04:05:06Z","updatedAt":"2001-02-03T04:05:06Z","serviceBusEndpoint":"https://asotest-namespace-vlsonb.servicebus.windows.net:443/","status":"Removing"}}'
    headers:
      Cache-Control:
      - no-cache
      Content-Type:
      - application/json; charset=utf-8
      Expires:
      - "-1"
      Pragma:
      - no-cache
      Server:
      - Service-Bus-Resource-Provider/SN1
      - Microsoft-HTTPAPI/2.0
      Server-Sb:
      - Service-Bus-Resource-Provider/SN1
      Strict-Transport-Security:
      - max-age=31536000; includeSubDomains
      Vary:
      - Accept-Encoding
      X-Content-Type-Options:
      - nosniff
    status: 200 OK
    code: 200
    duration: ""
- request:
    body: ""
    form: {}
    headers:
      Accept:
      - application/json
      Test-Request-Attempt:
      - "14"
    url: https://management.azure.com/subscriptions/00000000-0000-0000-0000-000000000000/resourceGroups/asotest-rg-ozhnzo/providers/Microsoft.ServiceBus/namespaces/asotest-namespace-vlsonb?api-version=2021-01-01-preview
    method: GET
  response:
    body: '{"error":{"message":"Namespace does not exist. CorrelationId: 6bfa0207-60e3-4f99-bd35-f31d92a5e4a0","code":"NotFound"}}'
    headers:
      Cache-Control:
      - no-cache
      Content-Length:
      - "119"
      Content-Type:
      - application/json; charset=utf-8
      Expires:
      - "-1"
      Pragma:
      - no-cache
      Server:
      - Service-Bus-Resource-Provider/SN1
      - Microsoft-HTTPAPI/2.0
      Server-Sb:
      - Service-Bus-Resource-Provider/SN1
      Strict-Transport-Security:
      - max-age=31536000; includeSubDomains
      X-Content-Type-Options:
      - nosniff
    status: 404 Not Found
    code: 404
    duration: ""
- request:
    body: ""
    form: {}
    headers:
      Accept:
      - application/json
      Test-Request-Attempt:
      - "0"
    url: https://management.azure.com/subscriptions/00000000-0000-0000-0000-000000000000/resourceGroups/asotest-rg-ozhnzo?api-version=2020-06-01
    method: DELETE
  response:
    body: ""
    headers:
      Cache-Control:
      - no-cache
      Content-Length:
      - "0"
      Expires:
      - "-1"
      Location:
      - https://management.azure.com/subscriptions/00000000-0000-0000-0000-000000000000/operationresults/eyJqb2JJZCI6IlJFU09VUkNFR1JPVVBERUxFVElPTkpPQi1BU09URVNUOjJEUkc6MkRPWkhOWk8tV0VTVFVTMiIsImpvYkxvY2F0aW9uIjoid2VzdHVzMiJ9?api-version=2020-06-01
      Pragma:
      - no-cache
      Retry-After:
      - "15"
      Strict-Transport-Security:
      - max-age=31536000; includeSubDomains
      X-Content-Type-Options:
      - nosniff
    status: 202 Accepted
    code: 202
    duration: ""
- request:
    body: ""
    form: {}
    headers:
      Test-Request-Attempt:
      - "0"
    url: https://management.azure.com/subscriptions/00000000-0000-0000-0000-000000000000/operationresults/eyJqb2JJZCI6IlJFU09VUkNFR1JPVVBERUxFVElPTkpPQi1BU09URVNUOjJEUkc6MkRPWkhOWk8tV0VTVFVTMiIsImpvYkxvY2F0aW9uIjoid2VzdHVzMiJ9?api-version=2020-06-01
    method: GET
  response:
    body: ""
    headers:
      Cache-Control:
      - no-cache
      Content-Length:
      - "0"
      Expires:
      - "-1"
      Location:
      - https://management.azure.com/subscriptions/00000000-0000-0000-0000-000000000000/operationresults/eyJqb2JJZCI6IlJFU09VUkNFR1JPVVBERUxFVElPTkpPQi1BU09URVNUOjJEUkc6MkRPWkhOWk8tV0VTVFVTMiIsImpvYkxvY2F0aW9uIjoid2VzdHVzMiJ9?api-version=2020-06-01
      Pragma:
      - no-cache
      Retry-After:
      - "15"
      Strict-Transport-Security:
      - max-age=31536000; includeSubDomains
      X-Content-Type-Options:
      - nosniff
    status: 202 Accepted
    code: 202
    duration: ""
- request:
    body: ""
    form: {}
    headers:
      Test-Request-Attempt:
      - "1"
    url: https://management.azure.com/subscriptions/00000000-0000-0000-0000-000000000000/operationresults/eyJqb2JJZCI6IlJFU09VUkNFR1JPVVBERUxFVElPTkpPQi1BU09URVNUOjJEUkc6MkRPWkhOWk8tV0VTVFVTMiIsImpvYkxvY2F0aW9uIjoid2VzdHVzMiJ9?api-version=2020-06-01
    method: GET
  response:
    body: ""
    headers:
      Cache-Control:
      - no-cache
      Content-Length:
      - "0"
      Expires:
      - "-1"
      Location:
      - https://management.azure.com/subscriptions/00000000-0000-0000-0000-000000000000/operationresults/eyJqb2JJZCI6IlJFU09VUkNFR1JPVVBERUxFVElPTkpPQi1BU09URVNUOjJEUkc6MkRPWkhOWk8tV0VTVFVTMiIsImpvYkxvY2F0aW9uIjoid2VzdHVzMiJ9?api-version=2020-06-01
      Pragma:
      - no-cache
      Retry-After:
      - "15"
      Strict-Transport-Security:
      - max-age=31536000; includeSubDomains
      X-Content-Type-Options:
      - nosniff
    status: 202 Accepted
    code: 202
    duration: ""
- request:
    body: ""
    form: {}
    headers:
      Test-Request-Attempt:
      - "2"
    url: https://management.azure.com/subscriptions/00000000-0000-0000-0000-000000000000/operationresults/eyJqb2JJZCI6IlJFU09VUkNFR1JPVVBERUxFVElPTkpPQi1BU09URVNUOjJEUkc6MkRPWkhOWk8tV0VTVFVTMiIsImpvYkxvY2F0aW9uIjoid2VzdHVzMiJ9?api-version=2020-06-01
    method: GET
  response:
    body: ""
    headers:
      Cache-Control:
      - no-cache
      Content-Length:
      - "0"
      Expires:
      - "-1"
      Location:
      - https://management.azure.com/subscriptions/00000000-0000-0000-0000-000000000000/operationresults/eyJqb2JJZCI6IlJFU09VUkNFR1JPVVBERUxFVElPTkpPQi1BU09URVNUOjJEUkc6MkRPWkhOWk8tV0VTVFVTMiIsImpvYkxvY2F0aW9uIjoid2VzdHVzMiJ9?api-version=2020-06-01
      Pragma:
      - no-cache
      Retry-After:
      - "15"
      Strict-Transport-Security:
      - max-age=31536000; includeSubDomains
      X-Content-Type-Options:
      - nosniff
    status: 202 Accepted
    code: 202
    duration: ""
- request:
    body: ""
    form: {}
    headers:
      Test-Request-Attempt:
      - "3"
    url: https://management.azure.com/subscriptions/00000000-0000-0000-0000-000000000000/operationresults/eyJqb2JJZCI6IlJFU09VUkNFR1JPVVBERUxFVElPTkpPQi1BU09URVNUOjJEUkc6MkRPWkhOWk8tV0VTVFVTMiIsImpvYkxvY2F0aW9uIjoid2VzdHVzMiJ9?api-version=2020-06-01
    method: GET
  response:
    body: ""
    headers:
      Cache-Control:
      - no-cache
      Content-Length:
      - "0"
      Expires:
      - "-1"
      Location:
      - https://management.azure.com/subscriptions/00000000-0000-0000-0000-000000000000/operationresults/eyJqb2JJZCI6IlJFU09VUkNFR1JPVVBERUxFVElPTkpPQi1BU09URVNUOjJEUkc6MkRPWkhOWk8tV0VTVFVTMiIsImpvYkxvY2F0aW9uIjoid2VzdHVzMiJ9?api-version=2020-06-01
      Pragma:
      - no-cache
      Retry-After:
      - "15"
      Strict-Transport-Security:
      - max-age=31536000; includeSubDomains
      X-Content-Type-Options:
      - nosniff
    status: 202 Accepted
    code: 202
    duration: ""
- request:
    body: ""
    form: {}
    headers:
      Test-Request-Attempt:
      - "4"
    url: https://management.azure.com/subscriptions/00000000-0000-0000-0000-000000000000/operationresults/eyJqb2JJZCI6IlJFU09VUkNFR1JPVVBERUxFVElPTkpPQi1BU09URVNUOjJEUkc6MkRPWkhOWk8tV0VTVFVTMiIsImpvYkxvY2F0aW9uIjoid2VzdHVzMiJ9?api-version=2020-06-01
    method: GET
  response:
    body: ""
    headers:
      Cache-Control:
      - no-cache
      Content-Length:
      - "0"
      Expires:
      - "-1"
      Pragma:
      - no-cache
      Strict-Transport-Security:
      - max-age=31536000; includeSubDomains
      X-Content-Type-Options:
      - nosniff
    status: 200 OK
    code: 200
    duration: ""
