---
version: 1
interactions:
- request:
    body: '{"name":"asotest-rg-cyoshn","location":"westus2","tags":{"CreatedAt":"2001-02-03T04:05:06Z"}}'
    form: {}
    headers:
      Accept:
      - application/json
      Content-Length:
      - "93"
      Content-Type:
      - application/json
      Test-Request-Attempt:
      - "0"
      X-Ms-Date:
      - Wed, 20 Oct 2021 17:59:37 GMT
    url: https://management.azure.com/subscriptions/00000000-0000-0000-0000-000000000000/resourceGroups/asotest-rg-cyoshn?api-version=2020-06-01
    method: PUT
  response:
    body: '{"id":"/subscriptions/00000000-0000-0000-0000-000000000000/resourceGroups/asotest-rg-cyoshn","name":"asotest-rg-cyoshn","type":"Microsoft.Resources/resourceGroups","location":"westus2","tags":{"CreatedAt":"2001-02-03T04:05:06Z"},"properties":{"provisioningState":"Succeeded"}}'
    headers:
      Cache-Control:
      - no-cache
      Content-Length:
      - "276"
      Content-Type:
      - application/json; charset=utf-8
      Expires:
      - "-1"
      Pragma:
      - no-cache
      Strict-Transport-Security:
      - max-age=31536000; includeSubDomains
      X-Content-Type-Options:
      - nosniff
    status: 201 Created
    code: 201
    duration: ""
- request:
    body: ""
    form: {}
    headers:
      Accept:
      - application/json
      Test-Request-Attempt:
      - "0"
      X-Ms-Date:
      - Wed, 20 Oct 2021 17:59:37 GMT
    url: https://management.azure.com/subscriptions/00000000-0000-0000-0000-000000000000/resourceGroups/asotest-rg-cyoshn?api-version=2020-06-01
    method: GET
  response:
    body: '{"id":"/subscriptions/00000000-0000-0000-0000-000000000000/resourceGroups/asotest-rg-cyoshn","name":"asotest-rg-cyoshn","type":"Microsoft.Resources/resourceGroups","location":"westus2","tags":{"CreatedAt":"2001-02-03T04:05:06Z"},"properties":{"provisioningState":"Succeeded"}}'
    headers:
      Cache-Control:
      - no-cache
      Content-Type:
      - application/json; charset=utf-8
      Expires:
      - "-1"
      Pragma:
      - no-cache
      Strict-Transport-Security:
      - max-age=31536000; includeSubDomains
      Vary:
      - Accept-Encoding
      X-Content-Type-Options:
      - nosniff
    status: 200 OK
    code: 200
    duration: ""
- request:
    body: '{"location":"westus2","name":"asotest-topic-fnrbdr","tags":{"cheese":"blue"}}'
    form: {}
    headers:
      Accept:
      - application/json
      Content-Length:
      - "77"
      Content-Type:
      - application/json
      Test-Request-Attempt:
      - "0"
      X-Ms-Date:
      - Wed, 20 Oct 2021 17:59:41 GMT
    url: https://management.azure.com/subscriptions/00000000-0000-0000-0000-000000000000/resourceGroups/asotest-rg-cyoshn/providers/Microsoft.EventGrid/topics/asotest-topic-fnrbdr?api-version=2020-06-01
    method: PUT
  response:
    body: '{"properties":{"provisioningState":"Creating","endpoint":null},"location":"westus2","tags":{"cheese":"blue"},"id":"/subscriptions/00000000-0000-0000-0000-000000000000/resourceGroups/asotest-rg-cyoshn/providers/Microsoft.EventGrid/topics/asotest-topic-fnrbdr","name":"asotest-topic-fnrbdr","type":"Microsoft.EventGrid/topics"}'
    headers:
      Azure-Asyncoperation:
      - https://management.azure.com:443/subscriptions/00000000-0000-0000-0000-000000000000/providers/Microsoft.EventGrid/locations/westus2/operationsStatus/8BF1DB51-C935-420D-BDC5-738A340A05BC?api-version=2020-06-01
      Cache-Control:
      - no-cache
      Content-Length:
      - "325"
      Content-Type:
      - application/json; charset=utf-8
      Expires:
      - "-1"
      Pragma:
      - no-cache
      Retry-After:
      - "10"
      Server:
      - Microsoft-HTTPAPI/2.0
      Strict-Transport-Security:
      - max-age=31536000; includeSubDomains
      X-Content-Type-Options:
      - nosniff
    status: 201 Created
    code: 201
    duration: ""
- request:
    body: ""
    form: {}
    headers:
      Test-Request-Attempt:
      - "0"
      X-Ms-Date:
      - Wed, 20 Oct 2021 17:59:43 GMT
    url: https://management.azure.com:443/subscriptions/00000000-0000-0000-0000-000000000000/providers/Microsoft.EventGrid/locations/westus2/operationsStatus/8BF1DB51-C935-420D-BDC5-738A340A05BC?api-version=2020-06-01
    method: GET
  response:
    body: '{"id":"https://management.azure.com/subscriptions/00000000-0000-0000-0000-000000000000/providers/Microsoft.EventGrid/locations/westus2/operationsStatus/8BF1DB51-C935-420D-BDC5-738A340A05BC?api-version=2020-06-01","name":"8bf1db51-c935-420d-bdc5-738a340a05bc","status":"InProgress"}'
    headers:
      Cache-Control:
      - no-cache
      Content-Type:
      - application/json; charset=utf-8
      Expires:
      - "-1"
      Pragma:
      - no-cache
      Server:
      - Microsoft-HTTPAPI/2.0
      Strict-Transport-Security:
      - max-age=31536000; includeSubDomains
      Vary:
      - Accept-Encoding
      X-Content-Type-Options:
      - nosniff
    status: 200 OK
    code: 200
    duration: ""
- request:
    body: ""
    form: {}
    headers:
      Test-Request-Attempt:
      - "1"
      X-Ms-Date:
      - Wed, 20 Oct 2021 17:59:43 GMT
    url: https://management.azure.com:443/subscriptions/00000000-0000-0000-0000-000000000000/providers/Microsoft.EventGrid/locations/westus2/operationsStatus/8BF1DB51-C935-420D-BDC5-738A340A05BC?api-version=2020-06-01
    method: GET
  response:
    body: '{"id":"https://management.azure.com/subscriptions/00000000-0000-0000-0000-000000000000/providers/Microsoft.EventGrid/locations/westus2/operationsStatus/8BF1DB51-C935-420D-BDC5-738A340A05BC?api-version=2020-06-01","name":"8bf1db51-c935-420d-bdc5-738a340a05bc","status":"InProgress"}'
    headers:
      Cache-Control:
      - no-cache
      Content-Type:
      - application/json; charset=utf-8
      Expires:
      - "-1"
      Pragma:
      - no-cache
      Server:
      - Microsoft-HTTPAPI/2.0
      Strict-Transport-Security:
      - max-age=31536000; includeSubDomains
      Vary:
      - Accept-Encoding
      X-Content-Type-Options:
      - nosniff
    status: 200 OK
    code: 200
    duration: ""
- request:
    body: ""
    form: {}
    headers:
      Test-Request-Attempt:
      - "2"
      X-Ms-Date:
      - Wed, 20 Oct 2021 17:59:44 GMT
    url: https://management.azure.com:443/subscriptions/00000000-0000-0000-0000-000000000000/providers/Microsoft.EventGrid/locations/westus2/operationsStatus/8BF1DB51-C935-420D-BDC5-738A340A05BC?api-version=2020-06-01
    method: GET
  response:
    body: '{"id":"https://management.azure.com/subscriptions/00000000-0000-0000-0000-000000000000/providers/Microsoft.EventGrid/locations/westus2/operationsStatus/8BF1DB51-C935-420D-BDC5-738A340A05BC?api-version=2020-06-01","name":"8bf1db51-c935-420d-bdc5-738a340a05bc","status":"InProgress"}'
    headers:
      Cache-Control:
      - no-cache
      Content-Type:
      - application/json; charset=utf-8
      Expires:
      - "-1"
      Pragma:
      - no-cache
      Server:
      - Microsoft-HTTPAPI/2.0
      Strict-Transport-Security:
      - max-age=31536000; includeSubDomains
      Vary:
      - Accept-Encoding
      X-Content-Type-Options:
      - nosniff
    status: 200 OK
    code: 200
    duration: ""
- request:
    body: ""
    form: {}
    headers:
      Test-Request-Attempt:
      - "3"
      X-Ms-Date:
      - Wed, 20 Oct 2021 17:59:44 GMT
    url: https://management.azure.com:443/subscriptions/00000000-0000-0000-0000-000000000000/providers/Microsoft.EventGrid/locations/westus2/operationsStatus/8BF1DB51-C935-420D-BDC5-738A340A05BC?api-version=2020-06-01
    method: GET
  response:
    body: '{"id":"https://management.azure.com/subscriptions/00000000-0000-0000-0000-000000000000/providers/Microsoft.EventGrid/locations/westus2/operationsStatus/8BF1DB51-C935-420D-BDC5-738A340A05BC?api-version=2020-06-01","name":"8bf1db51-c935-420d-bdc5-738a340a05bc","status":"InProgress"}'
    headers:
      Cache-Control:
      - no-cache
      Content-Type:
      - application/json; charset=utf-8
      Expires:
      - "-1"
      Pragma:
      - no-cache
      Server:
      - Microsoft-HTTPAPI/2.0
      Strict-Transport-Security:
      - max-age=31536000; includeSubDomains
      Vary:
      - Accept-Encoding
      X-Content-Type-Options:
      - nosniff
    status: 200 OK
    code: 200
    duration: ""
- request:
    body: ""
    form: {}
    headers:
      Test-Request-Attempt:
      - "4"
      X-Ms-Date:
      - Wed, 20 Oct 2021 17:59:44 GMT
    url: https://management.azure.com:443/subscriptions/00000000-0000-0000-0000-000000000000/providers/Microsoft.EventGrid/locations/westus2/operationsStatus/8BF1DB51-C935-420D-BDC5-738A340A05BC?api-version=2020-06-01
    method: GET
  response:
    body: '{"id":"https://management.azure.com/subscriptions/00000000-0000-0000-0000-000000000000/providers/Microsoft.EventGrid/locations/westus2/operationsStatus/8BF1DB51-C935-420D-BDC5-738A340A05BC?api-version=2020-06-01","name":"8bf1db51-c935-420d-bdc5-738a340a05bc","status":"InProgress"}'
    headers:
      Cache-Control:
      - no-cache
      Content-Type:
      - application/json; charset=utf-8
      Expires:
      - "-1"
      Pragma:
      - no-cache
      Server:
      - Microsoft-HTTPAPI/2.0
      Strict-Transport-Security:
      - max-age=31536000; includeSubDomains
      Vary:
      - Accept-Encoding
      X-Content-Type-Options:
      - nosniff
    status: 200 OK
    code: 200
    duration: ""
- request:
    body: ""
    form: {}
    headers:
      Test-Request-Attempt:
      - "5"
      X-Ms-Date:
      - Wed, 20 Oct 2021 17:59:44 GMT
    url: https://management.azure.com:443/subscriptions/00000000-0000-0000-0000-000000000000/providers/Microsoft.EventGrid/locations/westus2/operationsStatus/8BF1DB51-C935-420D-BDC5-738A340A05BC?api-version=2020-06-01
    method: GET
  response:
    body: '{"id":"https://management.azure.com/subscriptions/00000000-0000-0000-0000-000000000000/providers/Microsoft.EventGrid/locations/westus2/operationsStatus/8BF1DB51-C935-420D-BDC5-738A340A05BC?api-version=2020-06-01","name":"8bf1db51-c935-420d-bdc5-738a340a05bc","status":"InProgress"}'
    headers:
      Cache-Control:
      - no-cache
      Content-Type:
      - application/json; charset=utf-8
      Expires:
      - "-1"
      Pragma:
      - no-cache
      Server:
      - Microsoft-HTTPAPI/2.0
      Strict-Transport-Security:
      - max-age=31536000; includeSubDomains
      Vary:
      - Accept-Encoding
      X-Content-Type-Options:
      - nosniff
    status: 200 OK
    code: 200
    duration: ""
- request:
    body: ""
    form: {}
    headers:
      Test-Request-Attempt:
      - "6"
      X-Ms-Date:
      - Wed, 20 Oct 2021 17:59:45 GMT
    url: https://management.azure.com:443/subscriptions/00000000-0000-0000-0000-000000000000/providers/Microsoft.EventGrid/locations/westus2/operationsStatus/8BF1DB51-C935-420D-BDC5-738A340A05BC?api-version=2020-06-01
    method: GET
  response:
    body: '{"id":"https://management.azure.com/subscriptions/00000000-0000-0000-0000-000000000000/providers/Microsoft.EventGrid/locations/westus2/operationsStatus/8BF1DB51-C935-420D-BDC5-738A340A05BC?api-version=2020-06-01","name":"8bf1db51-c935-420d-bdc5-738a340a05bc","status":"InProgress"}'
    headers:
      Cache-Control:
      - no-cache
      Content-Type:
      - application/json; charset=utf-8
      Expires:
      - "-1"
      Pragma:
      - no-cache
      Server:
      - Microsoft-HTTPAPI/2.0
      Strict-Transport-Security:
      - max-age=31536000; includeSubDomains
      Vary:
      - Accept-Encoding
      X-Content-Type-Options:
      - nosniff
    status: 200 OK
    code: 200
    duration: ""
- request:
    body: ""
    form: {}
    headers:
      Test-Request-Attempt:
      - "7"
      X-Ms-Date:
      - Wed, 20 Oct 2021 17:59:45 GMT
    url: https://management.azure.com:443/subscriptions/00000000-0000-0000-0000-000000000000/providers/Microsoft.EventGrid/locations/westus2/operationsStatus/8BF1DB51-C935-420D-BDC5-738A340A05BC?api-version=2020-06-01
    method: GET
  response:
    body: '{"id":"https://management.azure.com/subscriptions/00000000-0000-0000-0000-000000000000/providers/Microsoft.EventGrid/locations/westus2/operationsStatus/8BF1DB51-C935-420D-BDC5-738A340A05BC?api-version=2020-06-01","name":"8bf1db51-c935-420d-bdc5-738a340a05bc","status":"Succeeded"}'
    headers:
      Cache-Control:
      - no-cache
      Content-Type:
      - application/json; charset=utf-8
      Expires:
      - "-1"
      Pragma:
      - no-cache
      Server:
      - Microsoft-HTTPAPI/2.0
      Strict-Transport-Security:
      - max-age=31536000; includeSubDomains
      Vary:
      - Accept-Encoding
      X-Content-Type-Options:
      - nosniff
    status: 200 OK
    code: 200
    duration: ""
- request:
    body: ""
    form: {}
    headers:
      Accept:
      - application/json
      Test-Request-Attempt:
      - "0"
      X-Ms-Date:
      - Wed, 20 Oct 2021 17:59:45 GMT
    url: https://management.azure.com/subscriptions/00000000-0000-0000-0000-000000000000/resourceGroups/asotest-rg-cyoshn/providers/Microsoft.EventGrid/topics/asotest-topic-fnrbdr?api-version=2020-06-01
    method: GET
  response:
    body: '{"properties":{"provisioningState":"Succeeded","endpoint":"https://asotest-topic-fnrbdr.westus2-1.eventgrid.azure.net/api/events","inputSchema":"EventGridSchema","metricResourceId":"0c4ce498-4c77-4afd-bb90-c63f09a54aa6","publicNetworkAccess":"Enabled"},"location":"westus2","tags":{"cheese":"blue"},"id":"/subscriptions/00000000-0000-0000-0000-000000000000/resourceGroups/asotest-rg-cyoshn/providers/Microsoft.EventGrid/topics/asotest-topic-fnrbdr","name":"asotest-topic-fnrbdr","type":"Microsoft.EventGrid/topics"}'
    headers:
      Cache-Control:
      - no-cache
      Content-Type:
      - application/json; charset=utf-8
      Expires:
      - "-1"
      Pragma:
      - no-cache
      Server:
      - Microsoft-HTTPAPI/2.0
      Strict-Transport-Security:
      - max-age=31536000; includeSubDomains
      Vary:
      - Accept-Encoding
      X-Content-Type-Options:
      - nosniff
    status: 200 OK
    code: 200
    duration: ""
- request:
    body: '{"location":"westus2","name":"asotest-topic-fnrbdr","tags":{"cheese":"époisses"}}'
    form: {}
    headers:
      Accept:
      - application/json
      Content-Length:
      - "82"
      Content-Type:
      - application/json
      Test-Request-Attempt:
      - "1"
      X-Ms-Date:
      - Wed, 20 Oct 2021 17:59:46 GMT
    url: https://management.azure.com/subscriptions/00000000-0000-0000-0000-000000000000/resourceGroups/asotest-rg-cyoshn/providers/Microsoft.EventGrid/topics/asotest-topic-fnrbdr?api-version=2020-06-01
    method: PUT
  response:
    body: '{"properties":{"provisioningState":"Updating","endpoint":null},"location":"westus2","tags":{"cheese":"époisses"},"id":"/subscriptions/00000000-0000-0000-0000-000000000000/resourceGroups/asotest-rg-cyoshn/providers/Microsoft.EventGrid/topics/asotest-topic-fnrbdr","name":"asotest-topic-fnrbdr","type":"Microsoft.EventGrid/topics"}'
    headers:
      Azure-Asyncoperation:
      - https://management.azure.com:443/subscriptions/00000000-0000-0000-0000-000000000000/providers/Microsoft.EventGrid/locations/westus2/operationsStatus/8586DAB2-5993-42B6-8123-65A2190E5B24?api-version=2020-06-01
      Cache-Control:
      - no-cache
      Content-Length:
      - "330"
      Content-Type:
      - application/json; charset=utf-8
      Expires:
      - "-1"
      Pragma:
      - no-cache
      Retry-After:
      - "10"
      Server:
      - Microsoft-HTTPAPI/2.0
      Strict-Transport-Security:
      - max-age=31536000; includeSubDomains
      X-Content-Type-Options:
      - nosniff
    status: 201 Created
    code: 201
    duration: ""
- request:
    body: ""
    form: {}
    headers:
      Test-Request-Attempt:
      - "0"
      X-Ms-Date:
      - Wed, 20 Oct 2021 17:59:48 GMT
    url: https://management.azure.com:443/subscriptions/00000000-0000-0000-0000-000000000000/providers/Microsoft.EventGrid/locations/westus2/operationsStatus/8586DAB2-5993-42B6-8123-65A2190E5B24?api-version=2020-06-01
    method: GET
  response:
    body: '{"id":"https://management.azure.com/subscriptions/00000000-0000-0000-0000-000000000000/providers/Microsoft.EventGrid/locations/westus2/operationsStatus/8586DAB2-5993-42B6-8123-65A2190E5B24?api-version=2020-06-01","name":"8586dab2-5993-42b6-8123-65a2190e5b24","status":"Succeeded"}'
    headers:
      Cache-Control:
      - no-cache
      Content-Type:
      - application/json; charset=utf-8
      Expires:
      - "-1"
      Pragma:
      - no-cache
      Server:
      - Microsoft-HTTPAPI/2.0
      Strict-Transport-Security:
      - max-age=31536000; includeSubDomains
      Vary:
      - Accept-Encoding
      X-Content-Type-Options:
      - nosniff
    status: 200 OK
    code: 200
    duration: ""
- request:
    body: ""
    form: {}
    headers:
      Accept:
      - application/json
      Test-Request-Attempt:
      - "1"
      X-Ms-Date:
      - Wed, 20 Oct 2021 17:59:48 GMT
    url: https://management.azure.com/subscriptions/00000000-0000-0000-0000-000000000000/resourceGroups/asotest-rg-cyoshn/providers/Microsoft.EventGrid/topics/asotest-topic-fnrbdr?api-version=2020-06-01
    method: GET
  response:
    body: '{"properties":{"provisioningState":"Succeeded","endpoint":"https://asotest-topic-fnrbdr.westus2-1.eventgrid.azure.net/api/events","inputSchema":"EventGridSchema","metricResourceId":"0c4ce498-4c77-4afd-bb90-c63f09a54aa6","publicNetworkAccess":"Enabled"},"location":"westus2","tags":{"cheese":"époisses"},"id":"/subscriptions/00000000-0000-0000-0000-000000000000/resourceGroups/asotest-rg-cyoshn/providers/Microsoft.EventGrid/topics/asotest-topic-fnrbdr","name":"asotest-topic-fnrbdr","type":"Microsoft.EventGrid/topics"}'
    headers:
      Cache-Control:
      - no-cache
      Content-Type:
      - application/json; charset=utf-8
      Expires:
      - "-1"
      Pragma:
      - no-cache
      Server:
      - Microsoft-HTTPAPI/2.0
      Strict-Transport-Security:
      - max-age=31536000; includeSubDomains
      Vary:
      - Accept-Encoding
      X-Content-Type-Options:
      - nosniff
    status: 200 OK
    code: 200
    duration: ""
- request:
    body: ""
    form: {}
    headers:
      Accept:
      - application/json
      Test-Request-Attempt:
      - "0"
      X-Ms-Date:
      - Wed, 20 Oct 2021 17:59:52 GMT
    url: https://management.azure.com/subscriptions/00000000-0000-0000-0000-000000000000/resourceGroups/asotest-rg-cyoshn/providers/Microsoft.EventGrid/topics/asotest-topic-fnrbdr?api-version=2020-06-01
    method: DELETE
  response:
    body: ""
    headers:
      Azure-Asyncoperation:
      - https://management.azure.com:443/subscriptions/00000000-0000-0000-0000-000000000000/providers/Microsoft.EventGrid/locations/westus2/operationsStatus/ADEDBB2F-B435-41AB-A50F-670FDC1795A1?api-version=2020-06-01
      Cache-Control:
      - no-cache
      Content-Length:
      - "0"
      Expires:
      - "-1"
      Location:
      - https://management.azure.com/subscriptions/00000000-0000-0000-0000-000000000000/providers/Microsoft.EventGrid/locations/westus2/operationResults/ADEDBB2F-B435-41AB-A50F-670FDC1795A1?api-version=2020-06-01
      Pragma:
      - no-cache
      Retry-After:
      - "10"
      Server:
      - Microsoft-HTTPAPI/2.0
      Strict-Transport-Security:
      - max-age=31536000; includeSubDomains
      X-Content-Type-Options:
      - nosniff
    status: 202 Accepted
    code: 202
    duration: ""
- request:
    body: ""
    form: {}
    headers:
      Accept:
      - application/json
      Test-Request-Attempt:
      - "2"
      X-Ms-Date:
      - Wed, 20 Oct 2021 18:00:02 GMT
    url: https://management.azure.com/subscriptions/00000000-0000-0000-0000-000000000000/resourceGroups/asotest-rg-cyoshn/providers/Microsoft.EventGrid/topics/asotest-topic-fnrbdr?api-version=2020-06-01
    method: GET
  response:
    body: '{"error":{"code":"ResourceNotFound","message":"Topic asotest-topic-fnrbdr
      is not found."}}'
    headers:
      Cache-Control:
      - no-cache
      Content-Length:
      - "90"
      Content-Type:
      - application/json; charset=utf-8
      Expires:
      - "-1"
      Pragma:
      - no-cache
      Server:
      - Microsoft-HTTPAPI/2.0
      Strict-Transport-Security:
      - max-age=31536000; includeSubDomains
      X-Content-Type-Options:
      - nosniff
    status: 404 Not Found
    code: 404
    duration: ""
- request:
    body: ""
    form: {}
    headers:
      Accept:
      - application/json
      Test-Request-Attempt:
      - "3"
      X-Ms-Date:
      - Wed, 20 Oct 2021 18:00:07 GMT
    url: https://management.azure.com/subscriptions/00000000-0000-0000-0000-000000000000/resourceGroups/asotest-rg-cyoshn/providers/Microsoft.EventGrid/topics/asotest-topic-fnrbdr?api-version=2020-06-01
    method: GET
  response:
    body: '{"error":{"code":"ResourceNotFound","message":"The Resource ''Microsoft.EventGrid/topics/asotest-topic-fnrbdr''
      under resource group ''asotest-rg-cyoshn'' was not found. For more details please
      go to https://aka.ms/ARMResourceNotFoundFix"}}'
    headers:
      Cache-Control:
      - no-cache
      Content-Length:
      - "236"
      Content-Type:
      - application/json; charset=utf-8
      Expires:
      - "-1"
      Pragma:
      - no-cache
      Strict-Transport-Security:
      - max-age=31536000; includeSubDomains
      X-Content-Type-Options:
      - nosniff
      X-Ms-Failure-Cause:
      - gateway
    status: 404 Not Found
    code: 404
    duration: ""
- request:
    body: ""
    form: {}
    headers:
      Accept:
      - application/json
      Test-Request-Attempt:
      - "0"
      X-Ms-Date:
      - Wed, 20 Oct 2021 18:00:07 GMT
    url: https://management.azure.com/subscriptions/00000000-0000-0000-0000-000000000000/resourceGroups/asotest-rg-cyoshn?api-version=2020-06-01
    method: DELETE
  response:
    body: ""
    headers:
      Cache-Control:
      - no-cache
      Content-Length:
      - "0"
      Expires:
      - "-1"
      Location:
      - https://management.azure.com/subscriptions/00000000-0000-0000-0000-000000000000/operationresults/eyJqb2JJZCI6IlJFU09VUkNFR1JPVVBERUxFVElPTkpPQi1BU09URVNUOjJEUkc6MkRDWU9TSE4tV0VTVFVTMiIsImpvYkxvY2F0aW9uIjoid2VzdHVzMiJ9?api-version=2020-06-01
      Pragma:
      - no-cache
      Retry-After:
      - "15"
      Strict-Transport-Security:
      - max-age=31536000; includeSubDomains
      X-Content-Type-Options:
      - nosniff
    status: 202 Accepted
    code: 202
    duration: ""
- request:
    body: ""
    form: {}
    headers:
      Accept:
      - application/json
      Test-Request-Attempt:
      - "1"
      X-Ms-Date:
      - Wed, 20 Oct 2021 18:00:22 GMT
    url: https://management.azure.com/subscriptions/00000000-0000-0000-0000-000000000000/resourceGroups/asotest-rg-cyoshn?api-version=2020-06-01
    method: GET
  response:
    body: '{"error":{"code":"ResourceGroupNotFound","message":"Resource group ''asotest-rg-cyoshn''
      could not be found."}}'
    headers:
      Cache-Control:
      - no-cache
      Content-Length:
      - "109"
      Content-Type:
      - application/json; charset=utf-8
      Expires:
      - "-1"
      Pragma:
      - no-cache
      Strict-Transport-Security:
      - max-age=31536000; includeSubDomains
      X-Content-Type-Options:
      - nosniff
      X-Ms-Failure-Cause:
      - gateway
    status: 404 Not Found
    code: 404
    duration: ""
