---
version: 1
interactions:
- request:
    body: '{"name":"asotest-rg-cxpjch","location":"westus2","tags":{"CreatedAt":"2001-02-03T04:05:06Z"}}'
    form: {}
    headers:
      Accept:
      - application/json
      Content-Length:
      - "93"
      Content-Type:
      - application/json
      Test-Request-Attempt:
      - "0"
    url: https://management.azure.com/subscriptions/00000000-0000-0000-0000-000000000000/resourceGroups/asotest-rg-cxpjch?api-version=2020-06-01
    method: PUT
  response:
    body: '{"id":"/subscriptions/00000000-0000-0000-0000-000000000000/resourceGroups/asotest-rg-cxpjch","name":"asotest-rg-cxpjch","type":"Microsoft.Resources/resourceGroups","location":"westus2","tags":{"CreatedAt":"2001-02-03T04:05:06Z"},"properties":{"provisioningState":"Succeeded"}}'
    headers:
      Cache-Control:
      - no-cache
      Content-Length:
      - "276"
      Content-Type:
      - application/json; charset=utf-8
      Expires:
      - "-1"
      Pragma:
      - no-cache
      Strict-Transport-Security:
      - max-age=31536000; includeSubDomains
      X-Content-Type-Options:
      - nosniff
    status: 201 Created
    code: 201
    duration: ""
- request:
    body: ""
    form: {}
    headers:
      Accept:
      - application/json
      Test-Request-Attempt:
      - "0"
    url: https://management.azure.com/subscriptions/00000000-0000-0000-0000-000000000000/resourceGroups/asotest-rg-cxpjch?api-version=2020-06-01
    method: GET
  response:
    body: '{"id":"/subscriptions/00000000-0000-0000-0000-000000000000/resourceGroups/asotest-rg-cxpjch","name":"asotest-rg-cxpjch","type":"Microsoft.Resources/resourceGroups","location":"westus2","tags":{"CreatedAt":"2001-02-03T04:05:06Z"},"properties":{"provisioningState":"Succeeded"}}'
    headers:
      Cache-Control:
      - no-cache
      Content-Type:
      - application/json; charset=utf-8
      Expires:
      - "-1"
      Pragma:
      - no-cache
      Strict-Transport-Security:
      - max-age=31536000; includeSubDomains
      Vary:
      - Accept-Encoding
      X-Content-Type-Options:
      - nosniff
    status: 200 OK
    code: 200
    duration: ""
- request:
    body: '{"location":"westus2","name":"asotest-vn-cydhjo","properties":{"addressSpace":{"addressPrefixes":["10.0.0.0/16"]}}}'
    form: {}
    headers:
      Accept:
      - application/json
      Content-Length:
      - "115"
      Content-Type:
      - application/json
      Test-Request-Attempt:
      - "0"
    url: https://management.azure.com/subscriptions/00000000-0000-0000-0000-000000000000/resourceGroups/asotest-rg-cxpjch/providers/Microsoft.Network/virtualNetworks/asotest-vn-cydhjo?api-version=2020-11-01
    method: PUT
  response:
    body: "{\r\n  \"name\": \"asotest-vn-cydhjo\",\r\n  \"id\": \"/subscriptions/00000000-0000-0000-0000-000000000000/resourceGroups/asotest-rg-cxpjch/providers/Microsoft.Network/virtualNetworks/asotest-vn-cydhjo\",\r\n
      \ \"etag\": \"W/\\\"46c86af7-cb79-4503-873b-b12ea25cee33\\\"\",\r\n  \"type\":
      \"Microsoft.Network/virtualNetworks\",\r\n  \"location\": \"westus2\",\r\n  \"properties\":
      {\r\n    \"provisioningState\": \"Updating\",\r\n    \"resourceGuid\": \"a8db3e9e-a379-46e6-a588-abef25164480\",\r\n
      \   \"addressSpace\": {\r\n      \"addressPrefixes\": [\r\n        \"10.0.0.0/16\"\r\n
      \     ]\r\n    },\r\n    \"subnets\": [],\r\n    \"virtualNetworkPeerings\":
      [],\r\n    \"enableDdosProtection\": false\r\n  }\r\n}"
    headers:
      Azure-Asyncnotification:
      - Enabled
      Azure-Asyncoperation:
      - https://management.azure.com/subscriptions/00000000-0000-0000-0000-000000000000/providers/Microsoft.Network/locations/westus2/operations/dfaacd51-e832-473e-9379-b49c2230bd08?api-version=2020-11-01
      Cache-Control:
      - no-cache
      Content-Length:
      - "630"
      Content-Type:
      - application/json; charset=utf-8
      Expires:
      - "-1"
      Pragma:
      - no-cache
      Retry-After:
      - "3"
      Server:
      - Microsoft-HTTPAPI/2.0
      - Microsoft-HTTPAPI/2.0
      Strict-Transport-Security:
      - max-age=31536000; includeSubDomains
      X-Content-Type-Options:
      - nosniff
    status: 201 Created
    code: 201
    duration: ""
- request:
    body: '{"location":"westus2","name":"asotest-vn-houphb","properties":{"addressSpace":{"addressPrefixes":["10.1.0.0/16"]}}}'
    form: {}
    headers:
      Accept:
      - application/json
      Content-Length:
      - "115"
      Content-Type:
      - application/json
      Test-Request-Attempt:
      - "0"
    url: https://management.azure.com/subscriptions/00000000-0000-0000-0000-000000000000/resourceGroups/asotest-rg-cxpjch/providers/Microsoft.Network/virtualNetworks/asotest-vn-houphb?api-version=2020-11-01
    method: PUT
  response:
    body: "{\r\n  \"name\": \"asotest-vn-houphb\",\r\n  \"id\": \"/subscriptions/00000000-0000-0000-0000-000000000000/resourceGroups/asotest-rg-cxpjch/providers/Microsoft.Network/virtualNetworks/asotest-vn-houphb\",\r\n
      \ \"etag\": \"W/\\\"8ddcee5d-7c61-46b2-b08a-d041e900a2bb\\\"\",\r\n  \"type\":
      \"Microsoft.Network/virtualNetworks\",\r\n  \"location\": \"westus2\",\r\n  \"properties\":
      {\r\n    \"provisioningState\": \"Updating\",\r\n    \"resourceGuid\": \"ff041558-c1f0-493b-ba8d-8bb2dd6be370\",\r\n
      \   \"addressSpace\": {\r\n      \"addressPrefixes\": [\r\n        \"10.1.0.0/16\"\r\n
      \     ]\r\n    },\r\n    \"subnets\": [],\r\n    \"virtualNetworkPeerings\":
      [],\r\n    \"enableDdosProtection\": false\r\n  }\r\n}"
    headers:
      Azure-Asyncnotification:
      - Enabled
      Azure-Asyncoperation:
      - https://management.azure.com/subscriptions/00000000-0000-0000-0000-000000000000/providers/Microsoft.Network/locations/westus2/operations/f2d4b8e9-e8f1-43a5-b2bf-cd0f6644cd60?api-version=2020-11-01
      Cache-Control:
      - no-cache
      Content-Length:
      - "630"
      Content-Type:
      - application/json; charset=utf-8
      Expires:
      - "-1"
      Pragma:
      - no-cache
      Retry-After:
      - "3"
      Server:
      - Microsoft-HTTPAPI/2.0
      - Microsoft-HTTPAPI/2.0
      Strict-Transport-Security:
      - max-age=31536000; includeSubDomains
      X-Content-Type-Options:
      - nosniff
    status: 201 Created
    code: 201
    duration: ""
- request:
    body: ""
    form: {}
    headers:
      Test-Request-Attempt:
      - "0"
    url: https://management.azure.com/subscriptions/00000000-0000-0000-0000-000000000000/providers/Microsoft.Network/locations/westus2/operations/dfaacd51-e832-473e-9379-b49c2230bd08?api-version=2020-11-01
    method: GET
  response:
    body: "{\r\n  \"status\": \"Succeeded\"\r\n}"
    headers:
      Cache-Control:
      - no-cache
      Content-Type:
      - application/json; charset=utf-8
      Expires:
      - "-1"
      Pragma:
      - no-cache
      Server:
      - Microsoft-HTTPAPI/2.0
      - Microsoft-HTTPAPI/2.0
      Strict-Transport-Security:
      - max-age=31536000; includeSubDomains
      Vary:
      - Accept-Encoding
      X-Content-Type-Options:
      - nosniff
    status: 200 OK
    code: 200
    duration: ""
- request:
    body: ""
    form: {}
    headers:
      Test-Request-Attempt:
      - "0"
    url: https://management.azure.com/subscriptions/00000000-0000-0000-0000-000000000000/providers/Microsoft.Network/locations/westus2/operations/f2d4b8e9-e8f1-43a5-b2bf-cd0f6644cd60?api-version=2020-11-01
    method: GET
  response:
    body: "{\r\n  \"status\": \"Succeeded\"\r\n}"
    headers:
      Cache-Control:
      - no-cache
      Content-Type:
      - application/json; charset=utf-8
      Expires:
      - "-1"
      Pragma:
      - no-cache
      Server:
      - Microsoft-HTTPAPI/2.0
      - Microsoft-HTTPAPI/2.0
      Strict-Transport-Security:
      - max-age=31536000; includeSubDomains
      Vary:
      - Accept-Encoding
      X-Content-Type-Options:
      - nosniff
    status: 200 OK
    code: 200
    duration: ""
- request:
    body: ""
    form: {}
    headers:
      Test-Request-Attempt:
      - "0"
    url: https://management.azure.com/subscriptions/00000000-0000-0000-0000-000000000000/resourceGroups/asotest-rg-cxpjch/providers/Microsoft.Network/virtualNetworks/asotest-vn-cydhjo?api-version=2020-11-01
    method: GET
  response:
    body: "{\r\n  \"name\": \"asotest-vn-cydhjo\",\r\n  \"id\": \"/subscriptions/00000000-0000-0000-0000-000000000000/resourceGroups/asotest-rg-cxpjch/providers/Microsoft.Network/virtualNetworks/asotest-vn-cydhjo\",\r\n
      \ \"etag\": \"W/\\\"ffce67aa-cbe9-4bcc-9e15-4579376f508a\\\"\",\r\n  \"type\":
      \"Microsoft.Network/virtualNetworks\",\r\n  \"location\": \"westus2\",\r\n  \"properties\":
      {\r\n    \"provisioningState\": \"Succeeded\",\r\n    \"resourceGuid\": \"a8db3e9e-a379-46e6-a588-abef25164480\",\r\n
      \   \"addressSpace\": {\r\n      \"addressPrefixes\": [\r\n        \"10.0.0.0/16\"\r\n
      \     ]\r\n    },\r\n    \"subnets\": [],\r\n    \"virtualNetworkPeerings\":
      [],\r\n    \"enableDdosProtection\": false\r\n  }\r\n}"
    headers:
      Cache-Control:
      - no-cache
      Content-Type:
      - application/json; charset=utf-8
      Etag:
      - W/"ffce67aa-cbe9-4bcc-9e15-4579376f508a"
      Expires:
      - "-1"
      Pragma:
      - no-cache
      Server:
      - Microsoft-HTTPAPI/2.0
      - Microsoft-HTTPAPI/2.0
      Strict-Transport-Security:
      - max-age=31536000; includeSubDomains
      Vary:
      - Accept-Encoding
      X-Content-Type-Options:
      - nosniff
    status: 200 OK
    code: 200
    duration: ""
- request:
    body: ""
    form: {}
    headers:
      Test-Request-Attempt:
      - "0"
    url: https://management.azure.com/subscriptions/00000000-0000-0000-0000-000000000000/resourceGroups/asotest-rg-cxpjch/providers/Microsoft.Network/virtualNetworks/asotest-vn-houphb?api-version=2020-11-01
    method: GET
  response:
    body: "{\r\n  \"name\": \"asotest-vn-houphb\",\r\n  \"id\": \"/subscriptions/00000000-0000-0000-0000-000000000000/resourceGroups/asotest-rg-cxpjch/providers/Microsoft.Network/virtualNetworks/asotest-vn-houphb\",\r\n
      \ \"etag\": \"W/\\\"1d7b5655-1d04-4c62-94e6-c983c8f63684\\\"\",\r\n  \"type\":
      \"Microsoft.Network/virtualNetworks\",\r\n  \"location\": \"westus2\",\r\n  \"properties\":
      {\r\n    \"provisioningState\": \"Succeeded\",\r\n    \"resourceGuid\": \"ff041558-c1f0-493b-ba8d-8bb2dd6be370\",\r\n
      \   \"addressSpace\": {\r\n      \"addressPrefixes\": [\r\n        \"10.1.0.0/16\"\r\n
      \     ]\r\n    },\r\n    \"subnets\": [],\r\n    \"virtualNetworkPeerings\":
      [],\r\n    \"enableDdosProtection\": false\r\n  }\r\n}"
    headers:
      Cache-Control:
      - no-cache
      Content-Type:
      - application/json; charset=utf-8
      Etag:
      - W/"1d7b5655-1d04-4c62-94e6-c983c8f63684"
      Expires:
      - "-1"
      Pragma:
      - no-cache
      Server:
      - Microsoft-HTTPAPI/2.0
      - Microsoft-HTTPAPI/2.0
      Strict-Transport-Security:
      - max-age=31536000; includeSubDomains
      Vary:
      - Accept-Encoding
      X-Content-Type-Options:
      - nosniff
    status: 200 OK
    code: 200
    duration: ""
- request:
    body: ""
    form: {}
    headers:
      Accept:
      - application/json
      Test-Request-Attempt:
      - "1"
    url: https://management.azure.com/subscriptions/00000000-0000-0000-0000-000000000000/resourceGroups/asotest-rg-cxpjch/providers/Microsoft.Network/virtualNetworks/asotest-vn-cydhjo?api-version=2020-11-01
    method: GET
  response:
    body: "{\r\n  \"name\": \"asotest-vn-cydhjo\",\r\n  \"id\": \"/subscriptions/00000000-0000-0000-0000-000000000000/resourceGroups/asotest-rg-cxpjch/providers/Microsoft.Network/virtualNetworks/asotest-vn-cydhjo\",\r\n
      \ \"etag\": \"W/\\\"ffce67aa-cbe9-4bcc-9e15-4579376f508a\\\"\",\r\n  \"type\":
      \"Microsoft.Network/virtualNetworks\",\r\n  \"location\": \"westus2\",\r\n  \"properties\":
      {\r\n    \"provisioningState\": \"Succeeded\",\r\n    \"resourceGuid\": \"a8db3e9e-a379-46e6-a588-abef25164480\",\r\n
      \   \"addressSpace\": {\r\n      \"addressPrefixes\": [\r\n        \"10.0.0.0/16\"\r\n
      \     ]\r\n    },\r\n    \"subnets\": [],\r\n    \"virtualNetworkPeerings\":
      [],\r\n    \"enableDdosProtection\": false\r\n  }\r\n}"
    headers:
      Cache-Control:
      - no-cache
      Content-Type:
      - application/json; charset=utf-8
      Etag:
      - W/"ffce67aa-cbe9-4bcc-9e15-4579376f508a"
      Expires:
      - "-1"
      Pragma:
      - no-cache
      Server:
      - Microsoft-HTTPAPI/2.0
      - Microsoft-HTTPAPI/2.0
      Strict-Transport-Security:
      - max-age=31536000; includeSubDomains
      Vary:
      - Accept-Encoding
      X-Content-Type-Options:
      - nosniff
    status: 200 OK
    code: 200
    duration: ""
- request:
    body: ""
    form: {}
    headers:
      Accept:
      - application/json
      Test-Request-Attempt:
      - "1"
    url: https://management.azure.com/subscriptions/00000000-0000-0000-0000-000000000000/resourceGroups/asotest-rg-cxpjch/providers/Microsoft.Network/virtualNetworks/asotest-vn-houphb?api-version=2020-11-01
    method: GET
  response:
    body: "{\r\n  \"name\": \"asotest-vn-houphb\",\r\n  \"id\": \"/subscriptions/00000000-0000-0000-0000-000000000000/resourceGroups/asotest-rg-cxpjch/providers/Microsoft.Network/virtualNetworks/asotest-vn-houphb\",\r\n
      \ \"etag\": \"W/\\\"1d7b5655-1d04-4c62-94e6-c983c8f63684\\\"\",\r\n  \"type\":
      \"Microsoft.Network/virtualNetworks\",\r\n  \"location\": \"westus2\",\r\n  \"properties\":
      {\r\n    \"provisioningState\": \"Succeeded\",\r\n    \"resourceGuid\": \"ff041558-c1f0-493b-ba8d-8bb2dd6be370\",\r\n
      \   \"addressSpace\": {\r\n      \"addressPrefixes\": [\r\n        \"10.1.0.0/16\"\r\n
      \     ]\r\n    },\r\n    \"subnets\": [],\r\n    \"virtualNetworkPeerings\":
      [],\r\n    \"enableDdosProtection\": false\r\n  }\r\n}"
    headers:
      Cache-Control:
      - no-cache
      Content-Type:
      - application/json; charset=utf-8
      Etag:
      - W/"1d7b5655-1d04-4c62-94e6-c983c8f63684"
      Expires:
      - "-1"
      Pragma:
      - no-cache
      Server:
      - Microsoft-HTTPAPI/2.0
      - Microsoft-HTTPAPI/2.0
      Strict-Transport-Security:
      - max-age=31536000; includeSubDomains
      Vary:
      - Accept-Encoding
      X-Content-Type-Options:
      - nosniff
    status: 200 OK
    code: 200
    duration: ""
- request:
    body: '{"name":"asotest-vgateway-welibk","properties":{"remoteVirtualNetwork":{"id":"/subscriptions/00000000-0000-0000-0000-000000000000/resourceGroups/asotest-rg-cxpjch/providers/Microsoft.Network/virtualNetworks/asotest-vn-houphb"}}}'
    form: {}
    headers:
      Accept:
      - application/json
      Content-Length:
      - "228"
      Content-Type:
      - application/json
      Test-Request-Attempt:
      - "0"
    url: https://management.azure.com/subscriptions/00000000-0000-0000-0000-000000000000/resourceGroups/asotest-rg-cxpjch/providers/Microsoft.Network/virtualNetworks/asotest-vn-cydhjo/virtualNetworkPeerings/asotest-vgateway-welibk?api-version=2020-11-01
    method: PUT
  response:
    body: "{\r\n  \"name\": \"asotest-vgateway-welibk\",\r\n  \"id\": \"/subscriptions/00000000-0000-0000-0000-000000000000/resourceGroups/asotest-rg-cxpjch/providers/Microsoft.Network/virtualNetworks/asotest-vn-cydhjo/virtualNetworkPeerings/asotest-vgateway-welibk\",\r\n
      \ \"etag\": \"W/\\\"b4562945-d704-4fda-9c29-fa007f97184e\\\"\",\r\n  \"properties\":
      {\r\n    \"provisioningState\": \"Updating\",\r\n    \"resourceGuid\": \"57df2bc6-6289-0fdd-1f05-205df87da7f0\",\r\n
      \   \"peeringState\": \"Initiated\",\r\n    \"remoteVirtualNetwork\": {\r\n
      \     \"id\": \"/subscriptions/00000000-0000-0000-0000-000000000000/resourceGroups/asotest-rg-cxpjch/providers/Microsoft.Network/virtualNetworks/asotest-vn-houphb\"\r\n
      \   },\r\n    \"allowVirtualNetworkAccess\": true,\r\n    \"allowForwardedTraffic\":
      false,\r\n    \"allowGatewayTransit\": false,\r\n    \"useRemoteGateways\":
      false,\r\n    \"doNotVerifyRemoteGateways\": false,\r\n    \"remoteAddressSpace\":
      {\r\n      \"addressPrefixes\": [\r\n        \"10.1.0.0/16\"\r\n      ]\r\n
      \   },\r\n    \"routeServiceVips\": {}\r\n  },\r\n  \"type\": \"Microsoft.Network/virtualNetworks/virtualNetworkPeerings\"\r\n}"
    headers:
      Azure-Asyncoperation:
      - https://management.azure.com/subscriptions/00000000-0000-0000-0000-000000000000/providers/Microsoft.Network/locations/westus2/operations/41820f6b-256f-4f3f-b2a6-699c45722571?api-version=2020-11-01
      Cache-Control:
      - no-cache
      Content-Length:
      - "1045"
      Content-Type:
      - application/json; charset=utf-8
      Expires:
      - "-1"
      Pragma:
      - no-cache
      Retry-After:
      - "10"
      Server:
      - Microsoft-HTTPAPI/2.0
      - Microsoft-HTTPAPI/2.0
      Strict-Transport-Security:
      - max-age=31536000; includeSubDomains
      X-Content-Type-Options:
      - nosniff
    status: 201 Created
    code: 201
    duration: ""
- request:
    body: ""
    form: {}
    headers:
      Test-Request-Attempt:
      - "0"
    url: https://management.azure.com/subscriptions/00000000-0000-0000-0000-000000000000/providers/Microsoft.Network/locations/westus2/operations/41820f6b-256f-4f3f-b2a6-699c45722571?api-version=2020-11-01
    method: GET
  response:
    body: "{\r\n  \"status\": \"Succeeded\"\r\n}"
    headers:
      Cache-Control:
      - no-cache
      Content-Type:
      - application/json; charset=utf-8
      Expires:
      - "-1"
      Pragma:
      - no-cache
      Server:
      - Microsoft-HTTPAPI/2.0
      - Microsoft-HTTPAPI/2.0
      Strict-Transport-Security:
      - max-age=31536000; includeSubDomains
      Vary:
      - Accept-Encoding
      X-Content-Type-Options:
      - nosniff
    status: 200 OK
    code: 200
    duration: ""
- request:
    body: ""
    form: {}
    headers:
      Test-Request-Attempt:
      - "0"
    url: https://management.azure.com/subscriptions/00000000-0000-0000-0000-000000000000/resourceGroups/asotest-rg-cxpjch/providers/Microsoft.Network/virtualNetworks/asotest-vn-cydhjo/virtualNetworkPeerings/asotest-vgateway-welibk?api-version=2020-11-01
    method: GET
  response:
    body: "{\r\n  \"name\": \"asotest-vgateway-welibk\",\r\n  \"id\": \"/subscriptions/00000000-0000-0000-0000-000000000000/resourceGroups/asotest-rg-cxpjch/providers/Microsoft.Network/virtualNetworks/asotest-vn-cydhjo/virtualNetworkPeerings/asotest-vgateway-welibk\",\r\n
      \ \"etag\": \"W/\\\"7d9555fb-02d9-4ad8-8488-865fd2b8444b\\\"\",\r\n  \"properties\":
      {\r\n    \"provisioningState\": \"Succeeded\",\r\n    \"resourceGuid\": \"57df2bc6-6289-0fdd-1f05-205df87da7f0\",\r\n
      \   \"peeringState\": \"Initiated\",\r\n    \"remoteVirtualNetwork\": {\r\n
      \     \"id\": \"/subscriptions/00000000-0000-0000-0000-000000000000/resourceGroups/asotest-rg-cxpjch/providers/Microsoft.Network/virtualNetworks/asotest-vn-houphb\"\r\n
      \   },\r\n    \"allowVirtualNetworkAccess\": true,\r\n    \"allowForwardedTraffic\":
      false,\r\n    \"allowGatewayTransit\": false,\r\n    \"useRemoteGateways\":
      false,\r\n    \"doNotVerifyRemoteGateways\": false,\r\n    \"remoteAddressSpace\":
      {\r\n      \"addressPrefixes\": [\r\n        \"10.1.0.0/16\"\r\n      ]\r\n
      \   },\r\n    \"routeServiceVips\": {}\r\n  },\r\n  \"type\": \"Microsoft.Network/virtualNetworks/virtualNetworkPeerings\"\r\n}"
    headers:
      Cache-Control:
      - no-cache
      Content-Type:
      - application/json; charset=utf-8
      Etag:
      - W/"7d9555fb-02d9-4ad8-8488-865fd2b8444b"
      Expires:
      - "-1"
      Pragma:
      - no-cache
      Server:
      - Microsoft-HTTPAPI/2.0
      - Microsoft-HTTPAPI/2.0
      Strict-Transport-Security:
      - max-age=31536000; includeSubDomains
      Vary:
      - Accept-Encoding
      X-Content-Type-Options:
      - nosniff
    status: 200 OK
    code: 200
    duration: ""
- request:
    body: ""
    form: {}
    headers:
      Accept:
      - application/json
      Test-Request-Attempt:
      - "1"
    url: https://management.azure.com/subscriptions/00000000-0000-0000-0000-000000000000/resourceGroups/asotest-rg-cxpjch/providers/Microsoft.Network/virtualNetworks/asotest-vn-cydhjo/virtualNetworkPeerings/asotest-vgateway-welibk?api-version=2020-11-01
    method: GET
  response:
    body: "{\r\n  \"name\": \"asotest-vgateway-welibk\",\r\n  \"id\": \"/subscriptions/00000000-0000-0000-0000-000000000000/resourceGroups/asotest-rg-cxpjch/providers/Microsoft.Network/virtualNetworks/asotest-vn-cydhjo/virtualNetworkPeerings/asotest-vgateway-welibk\",\r\n
      \ \"etag\": \"W/\\\"7d9555fb-02d9-4ad8-8488-865fd2b8444b\\\"\",\r\n  \"properties\":
      {\r\n    \"provisioningState\": \"Succeeded\",\r\n    \"resourceGuid\": \"57df2bc6-6289-0fdd-1f05-205df87da7f0\",\r\n
      \   \"peeringState\": \"Initiated\",\r\n    \"remoteVirtualNetwork\": {\r\n
      \     \"id\": \"/subscriptions/00000000-0000-0000-0000-000000000000/resourceGroups/asotest-rg-cxpjch/providers/Microsoft.Network/virtualNetworks/asotest-vn-houphb\"\r\n
      \   },\r\n    \"allowVirtualNetworkAccess\": true,\r\n    \"allowForwardedTraffic\":
      false,\r\n    \"allowGatewayTransit\": false,\r\n    \"useRemoteGateways\":
      false,\r\n    \"doNotVerifyRemoteGateways\": false,\r\n    \"remoteAddressSpace\":
      {\r\n      \"addressPrefixes\": [\r\n        \"10.1.0.0/16\"\r\n      ]\r\n
      \   },\r\n    \"routeServiceVips\": {}\r\n  },\r\n  \"type\": \"Microsoft.Network/virtualNetworks/virtualNetworkPeerings\"\r\n}"
    headers:
      Cache-Control:
      - no-cache
      Content-Type:
      - application/json; charset=utf-8
      Etag:
      - W/"7d9555fb-02d9-4ad8-8488-865fd2b8444b"
      Expires:
      - "-1"
      Pragma:
      - no-cache
      Server:
      - Microsoft-HTTPAPI/2.0
      - Microsoft-HTTPAPI/2.0
      Strict-Transport-Security:
      - max-age=31536000; includeSubDomains
      Vary:
      - Accept-Encoding
      X-Content-Type-Options:
      - nosniff
    status: 200 OK
    code: 200
    duration: ""
- request:
    body: '{"location":"westus2","name":"asotest-vn-cydhjo","properties":{"addressSpace":{"addressPrefixes":["10.0.0.0/16"]}},"tags":{"taters":"boil
      ''em, mash ''em, stick ''em in a stew"}}'
    form: {}
    headers:
      Accept:
      - application/json
      Content-Length:
      - "175"
      Content-Type:
      - application/json
      Test-Request-Attempt:
      - "1"
    url: https://management.azure.com/subscriptions/00000000-0000-0000-0000-000000000000/resourceGroups/asotest-rg-cxpjch/providers/Microsoft.Network/virtualNetworks/asotest-vn-cydhjo?api-version=2020-11-01
    method: PUT
  response:
    body: "{\r\n  \"name\": \"asotest-vn-cydhjo\",\r\n  \"id\": \"/subscriptions/00000000-0000-0000-0000-000000000000/resourceGroups/asotest-rg-cxpjch/providers/Microsoft.Network/virtualNetworks/asotest-vn-cydhjo\",\r\n
      \ \"etag\": \"W/\\\"5549247a-6b01-4dca-9c9b-5f14761fdc11\\\"\",\r\n  \"type\":
      \"Microsoft.Network/virtualNetworks\",\r\n  \"location\": \"westus2\",\r\n  \"tags\":
      {\r\n    \"taters\": \"boil 'em, mash 'em, stick 'em in a stew\"\r\n  },\r\n
      \ \"properties\": {\r\n    \"provisioningState\": \"Succeeded\",\r\n    \"resourceGuid\":
      \"a8db3e9e-a379-46e6-a588-abef25164480\",\r\n    \"addressSpace\": {\r\n      \"addressPrefixes\":
      [\r\n        \"10.0.0.0/16\"\r\n      ]\r\n    },\r\n    \"subnets\": [],\r\n
      \   \"virtualNetworkPeerings\": [\r\n      {\r\n        \"name\": \"asotest-vgateway-welibk\",\r\n
      \       \"id\": \"/subscriptions/00000000-0000-0000-0000-000000000000/resourceGroups/asotest-rg-cxpjch/providers/Microsoft.Network/virtualNetworks/asotest-vn-cydhjo/virtualNetworkPeerings/asotest-vgateway-welibk\",\r\n
      \       \"etag\": \"W/\\\"5549247a-6b01-4dca-9c9b-5f14761fdc11\\\"\",\r\n        \"properties\":
      {\r\n          \"provisioningState\": \"Succeeded\",\r\n          \"resourceGuid\":
      \"57df2bc6-6289-0fdd-1f05-205df87da7f0\",\r\n          \"peeringState\": \"Initiated\",\r\n
      \         \"remoteVirtualNetwork\": {\r\n            \"id\": \"/subscriptions/00000000-0000-0000-0000-000000000000/resourceGroups/asotest-rg-cxpjch/providers/Microsoft.Network/virtualNetworks/asotest-vn-houphb\"\r\n
      \         },\r\n          \"allowVirtualNetworkAccess\": true,\r\n          \"allowForwardedTraffic\":
      false,\r\n          \"allowGatewayTransit\": false,\r\n          \"useRemoteGateways\":
      false,\r\n          \"doNotVerifyRemoteGateways\": false,\r\n          \"remoteAddressSpace\":
      {\r\n            \"addressPrefixes\": [\r\n              \"10.1.0.0/16\"\r\n
      \           ]\r\n          },\r\n          \"routeServiceVips\": {}\r\n        },\r\n
      \       \"type\": \"Microsoft.Network/virtualNetworks/virtualNetworkPeerings\"\r\n
      \     }\r\n    ],\r\n    \"enableDdosProtection\": false\r\n  }\r\n}"
    headers:
      Azure-Asyncnotification:
      - Enabled
      Azure-Asyncoperation:
      - https://management.azure.com/subscriptions/00000000-0000-0000-0000-000000000000/providers/Microsoft.Network/locations/westus2/operations/0d42a555-f83c-4558-aeb3-eae8b9984613?api-version=2020-11-01
      Cache-Control:
      - no-cache
      Content-Type:
      - application/json; charset=utf-8
      Expires:
      - "-1"
      Pragma:
      - no-cache
      Server:
      - Microsoft-HTTPAPI/2.0
      - Microsoft-HTTPAPI/2.0
      Strict-Transport-Security:
      - max-age=31536000; includeSubDomains
      Vary:
      - Accept-Encoding
      X-Content-Type-Options:
      - nosniff
    status: 200 OK
    code: 200
    duration: ""
- request:
    body: ""
    form: {}
    headers:
      Accept:
      - application/json
      Test-Request-Attempt:
      - "2"
    url: https://management.azure.com/subscriptions/00000000-0000-0000-0000-000000000000/resourceGroups/asotest-rg-cxpjch/providers/Microsoft.Network/virtualNetworks/asotest-vn-cydhjo?api-version=2020-11-01
    method: GET
  response:
    body: "{\r\n  \"name\": \"asotest-vn-cydhjo\",\r\n  \"id\": \"/subscriptions/00000000-0000-0000-0000-000000000000/resourceGroups/asotest-rg-cxpjch/providers/Microsoft.Network/virtualNetworks/asotest-vn-cydhjo\",\r\n
      \ \"etag\": \"W/\\\"5549247a-6b01-4dca-9c9b-5f14761fdc11\\\"\",\r\n  \"type\":
      \"Microsoft.Network/virtualNetworks\",\r\n  \"location\": \"westus2\",\r\n  \"tags\":
      {\r\n    \"taters\": \"boil 'em, mash 'em, stick 'em in a stew\"\r\n  },\r\n
      \ \"properties\": {\r\n    \"provisioningState\": \"Succeeded\",\r\n    \"resourceGuid\":
      \"a8db3e9e-a379-46e6-a588-abef25164480\",\r\n    \"addressSpace\": {\r\n      \"addressPrefixes\":
      [\r\n        \"10.0.0.0/16\"\r\n      ]\r\n    },\r\n    \"subnets\": [],\r\n
      \   \"virtualNetworkPeerings\": [\r\n      {\r\n        \"name\": \"asotest-vgateway-welibk\",\r\n
      \       \"id\": \"/subscriptions/00000000-0000-0000-0000-000000000000/resourceGroups/asotest-rg-cxpjch/providers/Microsoft.Network/virtualNetworks/asotest-vn-cydhjo/virtualNetworkPeerings/asotest-vgateway-welibk\",\r\n
      \       \"etag\": \"W/\\\"5549247a-6b01-4dca-9c9b-5f14761fdc11\\\"\",\r\n        \"properties\":
      {\r\n          \"provisioningState\": \"Succeeded\",\r\n          \"resourceGuid\":
      \"57df2bc6-6289-0fdd-1f05-205df87da7f0\",\r\n          \"peeringState\": \"Initiated\",\r\n
      \         \"remoteVirtualNetwork\": {\r\n            \"id\": \"/subscriptions/00000000-0000-0000-0000-000000000000/resourceGroups/asotest-rg-cxpjch/providers/Microsoft.Network/virtualNetworks/asotest-vn-houphb\"\r\n
      \         },\r\n          \"allowVirtualNetworkAccess\": true,\r\n          \"allowForwardedTraffic\":
      false,\r\n          \"allowGatewayTransit\": false,\r\n          \"useRemoteGateways\":
      false,\r\n          \"doNotVerifyRemoteGateways\": false,\r\n          \"remoteAddressSpace\":
      {\r\n            \"addressPrefixes\": [\r\n              \"10.1.0.0/16\"\r\n
      \           ]\r\n          },\r\n          \"routeServiceVips\": {}\r\n        },\r\n
      \       \"type\": \"Microsoft.Network/virtualNetworks/virtualNetworkPeerings\"\r\n
      \     }\r\n    ],\r\n    \"enableDdosProtection\": false\r\n  }\r\n}"
    headers:
      Cache-Control:
      - no-cache
      Content-Type:
      - application/json; charset=utf-8
      Etag:
      - W/"5549247a-6b01-4dca-9c9b-5f14761fdc11"
      Expires:
      - "-1"
      Pragma:
      - no-cache
      Server:
      - Microsoft-HTTPAPI/2.0
      - Microsoft-HTTPAPI/2.0
      Strict-Transport-Security:
      - max-age=31536000; includeSubDomains
      Vary:
      - Accept-Encoding
      X-Content-Type-Options:
      - nosniff
    status: 200 OK
    code: 200
    duration: ""
- request:
    body: ""
    form: {}
    headers:
      Accept:
      - application/json
      Test-Request-Attempt:
      - "2"
    url: https://management.azure.com/subscriptions/00000000-0000-0000-0000-000000000000/resourceGroups/asotest-rg-cxpjch/providers/Microsoft.Network/virtualNetworks/asotest-vn-cydhjo/virtualNetworkPeerings/asotest-vgateway-welibk?api-version=2020-11-01
    method: GET
  response:
    body: "{\r\n  \"name\": \"asotest-vgateway-welibk\",\r\n  \"id\": \"/subscriptions/00000000-0000-0000-0000-000000000000/resourceGroups/asotest-rg-cxpjch/providers/Microsoft.Network/virtualNetworks/asotest-vn-cydhjo/virtualNetworkPeerings/asotest-vgateway-welibk\",\r\n
      \ \"etag\": \"W/\\\"5549247a-6b01-4dca-9c9b-5f14761fdc11\\\"\",\r\n  \"properties\":
      {\r\n    \"provisioningState\": \"Succeeded\",\r\n    \"resourceGuid\": \"57df2bc6-6289-0fdd-1f05-205df87da7f0\",\r\n
      \   \"peeringState\": \"Initiated\",\r\n    \"remoteVirtualNetwork\": {\r\n
      \     \"id\": \"/subscriptions/00000000-0000-0000-0000-000000000000/resourceGroups/asotest-rg-cxpjch/providers/Microsoft.Network/virtualNetworks/asotest-vn-houphb\"\r\n
      \   },\r\n    \"allowVirtualNetworkAccess\": true,\r\n    \"allowForwardedTraffic\":
      false,\r\n    \"allowGatewayTransit\": false,\r\n    \"useRemoteGateways\":
      false,\r\n    \"doNotVerifyRemoteGateways\": false,\r\n    \"remoteAddressSpace\":
      {\r\n      \"addressPrefixes\": [\r\n        \"10.1.0.0/16\"\r\n      ]\r\n
      \   },\r\n    \"routeServiceVips\": {}\r\n  },\r\n  \"type\": \"Microsoft.Network/virtualNetworks/virtualNetworkPeerings\"\r\n}"
    headers:
      Cache-Control:
      - no-cache
      Content-Type:
      - application/json; charset=utf-8
      Etag:
      - W/"5549247a-6b01-4dca-9c9b-5f14761fdc11"
      Expires:
      - "-1"
      Pragma:
      - no-cache
      Server:
      - Microsoft-HTTPAPI/2.0
      - Microsoft-HTTPAPI/2.0
      Strict-Transport-Security:
      - max-age=31536000; includeSubDomains
      Vary:
      - Accept-Encoding
      X-Content-Type-Options:
      - nosniff
    status: 200 OK
    code: 200
    duration: ""
- request:
    body: ""
    form: {}
    headers:
      Accept:
      - application/json
      Test-Request-Attempt:
      - "0"
    url: https://management.azure.com/subscriptions/00000000-0000-0000-0000-000000000000/resourceGroups/asotest-rg-cxpjch/providers/Microsoft.Network/virtualNetworks/asotest-vn-cydhjo?api-version=2020-11-01
    method: DELETE
  response:
    body: ""
    headers:
      Azure-Asyncnotification:
      - Enabled
      Azure-Asyncoperation:
      - https://management.azure.com/subscriptions/00000000-0000-0000-0000-000000000000/providers/Microsoft.Network/locations/westus2/operations/fb6fa1a5-f1a7-4e50-aa7b-17dbc093f388?api-version=2020-11-01
      Cache-Control:
      - no-cache
      Content-Length:
      - "0"
      Expires:
      - "-1"
      Location:
      - https://management.azure.com/subscriptions/00000000-0000-0000-0000-000000000000/providers/Microsoft.Network/locations/westus2/operationResults/fb6fa1a5-f1a7-4e50-aa7b-17dbc093f388?api-version=2020-11-01
      Pragma:
      - no-cache
      Retry-After:
      - "10"
      Server:
      - Microsoft-HTTPAPI/2.0
      - Microsoft-HTTPAPI/2.0
      Strict-Transport-Security:
      - max-age=31536000; includeSubDomains
      X-Content-Type-Options:
      - nosniff
    status: 202 Accepted
    code: 202
    duration: ""
- request:
    body: ""
    form: {}
    headers:
      Accept:
      - application/json
      Test-Request-Attempt:
      - "0"
    url: https://management.azure.com/subscriptions/00000000-0000-0000-0000-000000000000/resourceGroups/asotest-rg-cxpjch/providers/Microsoft.Network/virtualNetworks/asotest-vn-cydhjo/virtualNetworkPeerings/asotest-vgateway-welibk?api-version=2020-11-01
    method: DELETE
  response:
    body: "{\r\n  \"error\": {\r\n    \"code\": \"ReferencedResourceNotProvisioned\",\r\n
      \   \"message\": \"Cannot proceed with operation because resource /subscriptions/00000000-0000-0000-0000-000000000000/resourceGroups/asotest-rg-cxpjch/providers/Microsoft.Network/virtualNetworks/asotest-vn-cydhjo
      used by resource /subscriptions/00000000-0000-0000-0000-000000000000/resourceGroups/asotest-rg-cxpjch/providers/Microsoft.Network/virtualNetworks/asotest-vn-cydhjo/virtualNetworkPeerings/asotest-vgateway-welibk
      is not in Succeeded state. Resource is in Deleting state and the last operation
      that updated/is updating the resource is DeleteVirtualNetworkOperation.\",\r\n
      \   \"details\": []\r\n  }\r\n}"
    headers:
      Cache-Control:
      - no-cache
      Content-Length:
      - "667"
      Content-Type:
      - application/json; charset=utf-8
      Expires:
      - "-1"
      Pragma:
      - no-cache
      Server:
      - Microsoft-HTTPAPI/2.0
      - Microsoft-HTTPAPI/2.0
      Strict-Transport-Security:
      - max-age=31536000; includeSubDomains
      X-Content-Type-Options:
      - nosniff
    status: 400 Bad Request
    code: 400
    duration: ""
- request:
    body: ""
    form: {}
    headers:
      Accept:
      - application/json
      Test-Request-Attempt:
      - "0"
    url: https://management.azure.com/subscriptions/00000000-0000-0000-0000-000000000000/resourceGroups/asotest-rg-cxpjch/providers/Microsoft.Network/virtualNetworks/asotest-vn-houphb?api-version=2020-11-01
    method: DELETE
  response:
    body: ""
    headers:
      Azure-Asyncnotification:
      - Enabled
      Azure-Asyncoperation:
      - https://management.azure.com/subscriptions/00000000-0000-0000-0000-000000000000/providers/Microsoft.Network/locations/westus2/operations/0f98788e-419e-47ad-b231-5e438e40bc4d?api-version=2020-11-01
      Cache-Control:
      - no-cache
      Content-Length:
      - "0"
      Expires:
      - "-1"
      Location:
      - https://management.azure.com/subscriptions/00000000-0000-0000-0000-000000000000/providers/Microsoft.Network/locations/westus2/operationResults/0f98788e-419e-47ad-b231-5e438e40bc4d?api-version=2020-11-01
      Pragma:
      - no-cache
      Retry-After:
      - "10"
      Server:
      - Microsoft-HTTPAPI/2.0
      - Microsoft-HTTPAPI/2.0
      Strict-Transport-Security:
      - max-age=31536000; includeSubDomains
      X-Content-Type-Options:
      - nosniff
    status: 202 Accepted
    code: 202
    duration: ""
- request:
    body: ""
    form: {}
    headers:
      Accept:
      - application/json
      Test-Request-Attempt:
      - "0"
    url: https://management.azure.com/subscriptions/00000000-0000-0000-0000-000000000000/resourceGroups/asotest-rg-cxpjch?api-version=2020-06-01
    method: DELETE
  response:
    body: ""
    headers:
      Cache-Control:
      - no-cache
      Content-Length:
      - "0"
      Expires:
      - "-1"
      Location:
      - https://management.azure.com/subscriptions/00000000-0000-0000-0000-000000000000/operationresults/eyJqb2JJZCI6IlJFU09VUkNFR1JPVVBERUxFVElPTkpPQi1BU09URVNUOjJEUkc6MkRDWFBKQ0gtV0VTVFVTMiIsImpvYkxvY2F0aW9uIjoid2VzdHVzMiJ9?api-version=2020-06-01
      Pragma:
      - no-cache
      Retry-After:
      - "15"
      Strict-Transport-Security:
      - max-age=31536000; includeSubDomains
      X-Content-Type-Options:
      - nosniff
    status: 202 Accepted
    code: 202
    duration: ""
- request:
    body: ""
    form: {}
    headers:
      Accept:
      - application/json
      Test-Request-Attempt:
      - "1"
    url: https://management.azure.com/subscriptions/00000000-0000-0000-0000-000000000000/resourceGroups/asotest-rg-cxpjch/providers/Microsoft.Network/virtualNetworks/asotest-vn-cydhjo/virtualNetworkPeerings/asotest-vgateway-welibk?api-version=2020-11-01
    method: DELETE
  response:
    body: '{"error":{"code":"ResourceNotFound","message":"The Resource ''Microsoft.Network/virtualNetworks/asotest-vn-cydhjo''
      under resource group ''asotest-rg-cxpjch'' was not found. For more details please
      go to https://aka.ms/ARMResourceNotFoundFix"}}'
    headers:
      Cache-Control:
      - no-cache
      Content-Length:
      - "240"
      Content-Type:
      - application/json; charset=utf-8
      Expires:
      - "-1"
      Pragma:
      - no-cache
      Strict-Transport-Security:
      - max-age=31536000; includeSubDomains
      X-Content-Type-Options:
      - nosniff
      X-Ms-Failure-Cause:
      - gateway
    status: 404 Not Found
    code: 404
    duration: ""
- request:
    body: ""
    form: {}
    headers:
      Accept:
      - application/json
      Test-Request-Attempt:
      - "3"
    url: https://management.azure.com/subscriptions/00000000-0000-0000-0000-000000000000/resourceGroups/asotest-rg-cxpjch/providers/Microsoft.Network/virtualNetworks/asotest-vn-cydhjo?api-version=2020-11-01
    method: GET
  response:
    body: '{"error":{"code":"ResourceNotFound","message":"The Resource ''Microsoft.Network/virtualNetworks/asotest-vn-cydhjo''
      under resource group ''asotest-rg-cxpjch'' was not found. For more details please
      go to https://aka.ms/ARMResourceNotFoundFix"}}'
    headers:
      Cache-Control:
      - no-cache
      Content-Length:
      - "240"
      Content-Type:
      - application/json; charset=utf-8
      Expires:
      - "-1"
      Pragma:
      - no-cache
      Strict-Transport-Security:
      - max-age=31536000; includeSubDomains
      X-Content-Type-Options:
      - nosniff
      X-Ms-Failure-Cause:
      - gateway
    status: 404 Not Found
    code: 404
    duration: ""
- request:
    body: ""
    form: {}
    headers:
      Accept:
      - application/json
      Test-Request-Attempt:
      - "2"
    url: https://management.azure.com/subscriptions/00000000-0000-0000-0000-000000000000/resourceGroups/asotest-rg-cxpjch/providers/Microsoft.Network/virtualNetworks/asotest-vn-houphb?api-version=2020-11-01
    method: GET
  response:
    body: '{"error":{"code":"ResourceNotFound","message":"The Resource ''Microsoft.Network/virtualNetworks/asotest-vn-houphb''
      under resource group ''asotest-rg-cxpjch'' was not found. For more details please
      go to https://aka.ms/ARMResourceNotFoundFix"}}'
    headers:
      Cache-Control:
      - no-cache
      Content-Length:
      - "240"
      Content-Type:
      - application/json; charset=utf-8
      Expires:
      - "-1"
      Pragma:
      - no-cache
      Strict-Transport-Security:
      - max-age=31536000; includeSubDomains
      X-Content-Type-Options:
      - nosniff
      X-Ms-Failure-Cause:
      - gateway
    status: 404 Not Found
    code: 404
    duration: ""
- request:
    body: ""
    form: {}
    headers:
      Accept:
      - application/json
      Test-Request-Attempt:
      - "1"
    url: https://management.azure.com/subscriptions/00000000-0000-0000-0000-000000000000/resourceGroups/asotest-rg-cxpjch?api-version=2020-06-01
    method: GET
  response:
    body: '{"error":{"code":"ResourceGroupNotFound","message":"Resource group ''asotest-rg-cxpjch''
      could not be found."}}'
    headers:
      Cache-Control:
      - no-cache
      Content-Length:
      - "109"
      Content-Type:
      - application/json; charset=utf-8
      Expires:
      - "-1"
      Pragma:
      - no-cache
      Strict-Transport-Security:
      - max-age=31536000; includeSubDomains
      X-Content-Type-Options:
      - nosniff
      X-Ms-Failure-Cause:
      - gateway
    status: 404 Not Found
    code: 404
    duration: ""
- request:
    body: ""
    form: {}
    headers:
      Accept:
      - application/json
      Test-Request-Attempt:
      - "3"
    url: https://management.azure.com/subscriptions/00000000-0000-0000-0000-000000000000/resourceGroups/asotest-rg-cxpjch/providers/Microsoft.Network/virtualNetworks/asotest-vn-cydhjo/virtualNetworkPeerings/asotest-vgateway-welibk?api-version=2020-11-01
    method: GET
  response:
    body: '{"error":{"code":"ResourceNotFound","message":"The Resource ''Microsoft.Network/virtualNetworks/asotest-vn-cydhjo''
      under resource group ''asotest-rg-cxpjch'' was not found. For more details please
      go to https://aka.ms/ARMResourceNotFoundFix"}}'
    headers:
      Cache-Control:
      - no-cache
      Content-Length:
      - "240"
      Content-Type:
      - application/json; charset=utf-8
      Expires:
      - "-1"
      Pragma:
      - no-cache
      Strict-Transport-Security:
      - max-age=31536000; includeSubDomains
      X-Content-Type-Options:
      - nosniff
      X-Ms-Failure-Cause:
      - gateway
    status: 404 Not Found
    code: 404
    duration: ""
