---
version: 1
interactions:
- request:
    body: '{"location":"westus2","name":"asotest-rg-kfdsdw","tags":{"CreatedAt":"2001-02-03T04:05:06Z"}}'
    form: {}
    headers:
      Accept:
      - application/json
      Content-Length:
      - "93"
      Content-Type:
      - application/json
      Test-Request-Attempt:
      - "0"
    url: https://management.azure.com/subscriptions/00000000-0000-0000-0000-000000000000/resourceGroups/asotest-rg-kfdsdw?api-version=2020-06-01
    method: PUT
  response:
    body: '{"id":"/subscriptions/00000000-0000-0000-0000-000000000000/resourceGroups/asotest-rg-kfdsdw","name":"asotest-rg-kfdsdw","type":"Microsoft.Resources/resourceGroups","location":"westus2","tags":{"CreatedAt":"2001-02-03T04:05:06Z"},"properties":{"provisioningState":"Succeeded"}}'
    headers:
      Cache-Control:
      - no-cache
      Content-Length:
      - "276"
      Content-Type:
      - application/json; charset=utf-8
      Expires:
      - "-1"
      Pragma:
      - no-cache
      Strict-Transport-Security:
      - max-age=31536000; includeSubDomains
      X-Content-Type-Options:
      - nosniff
    status: 201 Created
    code: 201
    duration: ""
- request:
    body: ""
    form: {}
    headers:
      Accept:
      - application/json
      Test-Request-Attempt:
      - "0"
    url: https://management.azure.com/subscriptions/00000000-0000-0000-0000-000000000000/resourceGroups/asotest-rg-kfdsdw?api-version=2020-06-01
    method: GET
  response:
    body: '{"id":"/subscriptions/00000000-0000-0000-0000-000000000000/resourceGroups/asotest-rg-kfdsdw","name":"asotest-rg-kfdsdw","type":"Microsoft.Resources/resourceGroups","location":"westus2","tags":{"CreatedAt":"2001-02-03T04:05:06Z"},"properties":{"provisioningState":"Succeeded"}}'
    headers:
      Cache-Control:
      - no-cache
      Content-Type:
      - application/json; charset=utf-8
      Expires:
      - "-1"
      Pragma:
      - no-cache
      Strict-Transport-Security:
      - max-age=31536000; includeSubDomains
      Vary:
      - Accept-Encoding
      X-Content-Type-Options:
      - nosniff
    status: 200 OK
    code: 200
    duration: ""
- request:
    body: ""
    form: {}
    headers:
      Accept:
      - application/json
      Test-Request-Attempt:
      - "0"
    url: https://management.azure.com/subscriptions/00000000-0000-0000-0000-000000000000/resourceGroups/asotest-rg-kfdsdw/providers/Microsoft.ContainerService/managedClusters/asotest-mc-sgohla?api-version=2023-02-02-preview
    method: GET
  response:
    body: '{"error":{"code":"ResourceNotFound","message":"The Resource ''Microsoft.ContainerService/managedClusters/asotest-mc-sgohla''
      under resource group ''asotest-rg-kfdsdw'' was not found. For more details please
      go to https://aka.ms/ARMResourceNotFoundFix"}}'
    headers:
      Cache-Control:
      - no-cache
      Content-Length:
      - "249"
      Content-Type:
      - application/json; charset=utf-8
      Expires:
      - "-1"
      Pragma:
      - no-cache
      Strict-Transport-Security:
      - max-age=31536000; includeSubDomains
      X-Content-Type-Options:
      - nosniff
      X-Ms-Failure-Cause:
      - gateway
    status: 404 Not Found
    code: 404
    duration: ""
- request:
    body: '{"identity":{"type":"SystemAssigned"},"location":"westus3","name":"asotest-mc-sgohla","properties":{"agentPoolProfiles":[{"count":1,"mode":"System","name":"ap1","osType":"Linux","vmSize":"Standard_DS2_v2"}],"dnsPrefix":"aso","linuxProfile":{"adminUsername":"adminUser","ssh":{"publicKeys":[{"keyData":"ssh-rsa
      {KEY}\n"}]}}}}'
    form: {}
    headers:
      Accept:
      - application/json
      Content-Length:
      - "691"
      Content-Type:
      - application/json
      Test-Request-Attempt:
      - "0"
    url: https://management.azure.com/subscriptions/00000000-0000-0000-0000-000000000000/resourceGroups/asotest-rg-kfdsdw/providers/Microsoft.ContainerService/managedClusters/asotest-mc-sgohla?api-version=2023-02-02-preview
    method: PUT
  response:
    body: |-
      {
        "id": "/subscriptions/00000000-0000-0000-0000-000000000000/resourcegroups/asotest-rg-kfdsdw/providers/Microsoft.ContainerService/managedClusters/asotest-mc-sgohla",
        "location": "westus3",
        "name": "asotest-mc-sgohla",
        "type": "Microsoft.ContainerService/ManagedClusters",
        "properties": {
         "provisioningState": "Creating",
         "powerState": {
          "code": "Running"
         },
         "kubernetesVersion": "1.25.6",
         "currentKubernetesVersion": "1.25.6",
         "dnsPrefix": "aso",
         "fqdn": "aso-7416p4jw.hcp.westus3.azmk8s.io",
         "azurePortalFQDN": "aso-7416p4jw.portal.hcp.westus3.azmk8s.io",
         "agentPoolProfiles": [
          {
           "name": "ap1",
           "count": 1,
           "vmSize": "Standard_DS2_v2",
           "osDiskSizeGB": 128,
           "osDiskType": "Managed",
           "kubeletDiskType": "OS",
           "maxPods": 110,
           "type": "VirtualMachineScaleSets",
           "provisioningState": "Creating",
           "powerState": {
            "code": "Running"
           },
           "orchestratorVersion": "1.25.6",
           "currentOrchestratorVersion": "1.25.6",
           "mode": "System",
           "osType": "Linux",
           "osSKU": "Ubuntu",
           "nodeImageVersion": "AKSUbuntu-2204gen2containerd-202306.01.0",
           "enableFIPS": false
          }
         ],
         "linuxProfile": {
          "adminUsername": "adminUser",
          "ssh": {
           "publicKeys": [
            {
             "keyData": "ssh-rsa {KEY}\n"
            }
           ]
          }
         },
         "servicePrincipalProfile": {
          "clientId": "msi"
         },
         "nodeResourceGroup": "MC_asotest-rg-kfdsdw_asotest-mc-sgohla_westus3",
         "enableRBAC": true,
         "networkProfile": {
          "networkPlugin": "kubenet",
          "loadBalancerSku": "standard",
          "loadBalancerProfile": {
           "managedOutboundIPs": {
            "count": 1
           },
           "backendPoolType": "nodeIPConfiguration"
          },
          "podCidr": "10.244.0.0/16",
          "serviceCidr": "10.0.0.0/16",
          "dnsServiceIP": "10.0.0.10",
          "dockerBridgeCidr": "172.17.0.1/16",
          "outboundType": "loadBalancer",
          "podCidrs": [
           "10.244.0.0/16"
          ],
          "serviceCidrs": [
           "10.0.0.0/16"
          ],
          "ipFamilies": [
           "IPv4"
          ]
         },
         "maxAgentPools": 100,
         "securityProfile": {},
         "storageProfile": {
          "diskCSIDriver": {
           "enabled": true,
           "version": "v1"
          },
          "fileCSIDriver": {
           "enabled": true
          },
          "snapshotController": {
           "enabled": true
          }
         },
         "oidcIssuerProfile": {
          "enabled": false
         },
         "workloadAutoScalerProfile": {}
        },
        "identity": {
         "type": "SystemAssigned",
         "principalId": "76afbd12-400d-4d55-b803-68ae3f41e710",
         "tenantId": "00000000-0000-0000-0000-000000000000"
        },
        "sku": {
         "name": "Base",
         "tier": "Free"
        }
       }
    headers:
      Azure-Asyncoperation:
      - https://management.azure.com/subscriptions/00000000-0000-0000-0000-000000000000/providers/Microsoft.ContainerService/locations/westus3/operations/b269c41e-99fc-46a0-8bad-876cbe95a3fe?api-version=2016-03-30
      Cache-Control:
      - no-cache
      Content-Length:
      - "2989"
      Content-Type:
      - application/json
      Expires:
      - "-1"
      Pragma:
      - no-cache
      Server:
      - nginx
      Strict-Transport-Security:
      - max-age=31536000; includeSubDomains
      X-Content-Type-Options:
      - nosniff
    status: 201 Created
    code: 201
    duration: ""
- request:
    body: ""
    form: {}
    headers:
      Test-Request-Attempt:
      - "0"
    url: https://management.azure.com/subscriptions/00000000-0000-0000-0000-000000000000/providers/Microsoft.ContainerService/locations/westus3/operations/b269c41e-99fc-46a0-8bad-876cbe95a3fe?api-version=2016-03-30
    method: GET
  response:
    body: |-
      {
        "name": "1ec469b2-fc99-a046-8bad-876cbe95a3fe",
        "status": "InProgress",
        "startTime": "2001-02-03T04:05:06Z"
       }
    headers:
      Cache-Control:
      - no-cache
      Content-Type:
      - application/json
      Expires:
      - "-1"
      Pragma:
      - no-cache
      Server:
      - nginx
      Strict-Transport-Security:
      - max-age=31536000; includeSubDomains
      Vary:
      - Accept-Encoding
      X-Content-Type-Options:
      - nosniff
    status: 200 OK
    code: 200
    duration: ""
- request:
    body: ""
    form: {}
    headers:
      Test-Request-Attempt:
      - "1"
    url: https://management.azure.com/subscriptions/00000000-0000-0000-0000-000000000000/providers/Microsoft.ContainerService/locations/westus3/operations/b269c41e-99fc-46a0-8bad-876cbe95a3fe?api-version=2016-03-30
    method: GET
  response:
    body: |-
      {
        "name": "1ec469b2-fc99-a046-8bad-876cbe95a3fe",
        "status": "InProgress",
        "startTime": "2001-02-03T04:05:06Z"
       }
    headers:
      Cache-Control:
      - no-cache
      Content-Type:
      - application/json
      Expires:
      - "-1"
      Pragma:
      - no-cache
      Server:
      - nginx
      Strict-Transport-Security:
      - max-age=31536000; includeSubDomains
      Vary:
      - Accept-Encoding
      X-Content-Type-Options:
      - nosniff
    status: 200 OK
    code: 200
    duration: ""
- request:
    body: ""
    form: {}
    headers:
      Test-Request-Attempt:
      - "2"
    url: https://management.azure.com/subscriptions/00000000-0000-0000-0000-000000000000/providers/Microsoft.ContainerService/locations/westus3/operations/b269c41e-99fc-46a0-8bad-876cbe95a3fe?api-version=2016-03-30
    method: GET
  response:
    body: |-
      {
        "name": "1ec469b2-fc99-a046-8bad-876cbe95a3fe",
        "status": "InProgress",
        "startTime": "2001-02-03T04:05:06Z"
       }
    headers:
      Cache-Control:
      - no-cache
      Content-Type:
      - application/json
      Expires:
      - "-1"
      Pragma:
      - no-cache
      Server:
      - nginx
      Strict-Transport-Security:
      - max-age=31536000; includeSubDomains
      Vary:
      - Accept-Encoding
      X-Content-Type-Options:
      - nosniff
    status: 200 OK
    code: 200
    duration: ""
- request:
    body: ""
    form: {}
    headers:
      Test-Request-Attempt:
      - "3"
    url: https://management.azure.com/subscriptions/00000000-0000-0000-0000-000000000000/providers/Microsoft.ContainerService/locations/westus3/operations/b269c41e-99fc-46a0-8bad-876cbe95a3fe?api-version=2016-03-30
    method: GET
  response:
    body: |-
      {
        "name": "1ec469b2-fc99-a046-8bad-876cbe95a3fe",
        "status": "InProgress",
        "startTime": "2001-02-03T04:05:06Z"
       }
    headers:
      Cache-Control:
      - no-cache
      Content-Type:
      - application/json
      Expires:
      - "-1"
      Pragma:
      - no-cache
      Server:
      - nginx
      Strict-Transport-Security:
      - max-age=31536000; includeSubDomains
      Vary:
      - Accept-Encoding
      X-Content-Type-Options:
      - nosniff
    status: 200 OK
    code: 200
    duration: ""
- request:
    body: ""
    form: {}
    headers:
      Test-Request-Attempt:
      - "4"
    url: https://management.azure.com/subscriptions/00000000-0000-0000-0000-000000000000/providers/Microsoft.ContainerService/locations/westus3/operations/b269c41e-99fc-46a0-8bad-876cbe95a3fe?api-version=2016-03-30
    method: GET
  response:
    body: |-
      {
        "name": "1ec469b2-fc99-a046-8bad-876cbe95a3fe",
        "status": "InProgress",
        "startTime": "2001-02-03T04:05:06Z"
       }
    headers:
      Cache-Control:
      - no-cache
      Content-Type:
      - application/json
      Expires:
      - "-1"
      Pragma:
      - no-cache
      Server:
      - nginx
      Strict-Transport-Security:
      - max-age=31536000; includeSubDomains
      Vary:
      - Accept-Encoding
      X-Content-Type-Options:
      - nosniff
    status: 200 OK
    code: 200
    duration: ""
- request:
    body: ""
    form: {}
    headers:
      Test-Request-Attempt:
      - "5"
    url: https://management.azure.com/subscriptions/00000000-0000-0000-0000-000000000000/providers/Microsoft.ContainerService/locations/westus3/operations/b269c41e-99fc-46a0-8bad-876cbe95a3fe?api-version=2016-03-30
    method: GET
  response:
    body: |-
      {
        "name": "1ec469b2-fc99-a046-8bad-876cbe95a3fe",
        "status": "InProgress",
        "startTime": "2001-02-03T04:05:06Z"
       }
    headers:
      Cache-Control:
      - no-cache
      Content-Type:
      - application/json
      Expires:
      - "-1"
      Pragma:
      - no-cache
      Server:
      - nginx
      Strict-Transport-Security:
      - max-age=31536000; includeSubDomains
      Vary:
      - Accept-Encoding
      X-Content-Type-Options:
      - nosniff
    status: 200 OK
    code: 200
    duration: ""
- request:
    body: ""
    form: {}
    headers:
      Test-Request-Attempt:
      - "6"
    url: https://management.azure.com/subscriptions/00000000-0000-0000-0000-000000000000/providers/Microsoft.ContainerService/locations/westus3/operations/b269c41e-99fc-46a0-8bad-876cbe95a3fe?api-version=2016-03-30
    method: GET
  response:
    body: |-
      {
        "name": "1ec469b2-fc99-a046-8bad-876cbe95a3fe",
        "status": "InProgress",
        "startTime": "2001-02-03T04:05:06Z"
       }
    headers:
      Cache-Control:
      - no-cache
      Content-Type:
      - application/json
      Expires:
      - "-1"
      Pragma:
      - no-cache
      Server:
      - nginx
      Strict-Transport-Security:
      - max-age=31536000; includeSubDomains
      Vary:
      - Accept-Encoding
      X-Content-Type-Options:
      - nosniff
    status: 200 OK
    code: 200
    duration: ""
- request:
    body: ""
    form: {}
    headers:
      Test-Request-Attempt:
      - "7"
    url: https://management.azure.com/subscriptions/00000000-0000-0000-0000-000000000000/providers/Microsoft.ContainerService/locations/westus3/operations/b269c41e-99fc-46a0-8bad-876cbe95a3fe?api-version=2016-03-30
    method: GET
  response:
    body: |-
      {
        "name": "1ec469b2-fc99-a046-8bad-876cbe95a3fe",
        "status": "Succeeded",
        "startTime": "2001-02-03T04:05:06Z",
        "endTime": "2001-02-03T04:05:06Z"
       }
    headers:
      Cache-Control:
      - no-cache
      Content-Type:
      - application/json
      Expires:
      - "-1"
      Pragma:
      - no-cache
      Server:
      - nginx
      Strict-Transport-Security:
      - max-age=31536000; includeSubDomains
      Vary:
      - Accept-Encoding
      X-Content-Type-Options:
      - nosniff
    status: 200 OK
    code: 200
    duration: ""
- request:
    body: ""
    form: {}
    headers:
      Test-Request-Attempt:
      - "1"
    url: https://management.azure.com/subscriptions/00000000-0000-0000-0000-000000000000/resourceGroups/asotest-rg-kfdsdw/providers/Microsoft.ContainerService/managedClusters/asotest-mc-sgohla?api-version=2023-02-02-preview
    method: GET
  response:
    body: |-
      {
        "id": "/subscriptions/00000000-0000-0000-0000-000000000000/resourcegroups/asotest-rg-kfdsdw/providers/Microsoft.ContainerService/managedClusters/asotest-mc-sgohla",
        "location": "westus3",
        "name": "asotest-mc-sgohla",
        "type": "Microsoft.ContainerService/ManagedClusters",
        "properties": {
         "provisioningState": "Succeeded",
         "powerState": {
          "code": "Running"
         },
         "kubernetesVersion": "1.25.6",
         "currentKubernetesVersion": "1.25.6",
         "dnsPrefix": "aso",
         "fqdn": "aso-7416p4jw.hcp.westus3.azmk8s.io",
         "azurePortalFQDN": "aso-7416p4jw.portal.hcp.westus3.azmk8s.io",
         "agentPoolProfiles": [
          {
           "name": "ap1",
           "count": 1,
           "vmSize": "Standard_DS2_v2",
           "osDiskSizeGB": 128,
           "osDiskType": "Managed",
           "kubeletDiskType": "OS",
           "maxPods": 110,
           "type": "VirtualMachineScaleSets",
           "provisioningState": "Succeeded",
           "powerState": {
            "code": "Running"
           },
           "orchestratorVersion": "1.25.6",
           "currentOrchestratorVersion": "1.25.6",
           "mode": "System",
           "osType": "Linux",
           "osSKU": "Ubuntu",
           "nodeImageVersion": "AKSUbuntu-2204gen2containerd-202306.01.0",
           "enableFIPS": false
          }
         ],
         "linuxProfile": {
          "adminUsername": "adminUser",
          "ssh": {
           "publicKeys": [
            {
             "keyData": "ssh-rsa {KEY}\n"
            }
           ]
          }
         },
         "servicePrincipalProfile": {
          "clientId": "msi"
         },
         "nodeResourceGroup": "MC_asotest-rg-kfdsdw_asotest-mc-sgohla_westus3",
         "enableRBAC": true,
         "networkProfile": {
          "networkPlugin": "kubenet",
          "loadBalancerSku": "Standard",
          "loadBalancerProfile": {
           "managedOutboundIPs": {
            "count": 1
           },
           "effectiveOutboundIPs": [
            {
             "id": "/subscriptions/00000000-0000-0000-0000-000000000000/resourceGroups/MC_asotest-rg-kfdsdw_asotest-mc-sgohla_westus3/providers/Microsoft.Network/publicIPAddresses/a78b2281-7677-4b79-95c6-bcdbf56234a3"
            }
           ],
           "backendPoolType": "nodeIPConfiguration"
          },
          "podCidr": "10.244.0.0/16",
          "serviceCidr": "10.0.0.0/16",
          "dnsServiceIP": "10.0.0.10",
          "dockerBridgeCidr": "172.17.0.1/16",
          "outboundType": "loadBalancer",
          "podCidrs": [
           "10.244.0.0/16"
          ],
          "serviceCidrs": [
           "10.0.0.0/16"
          ],
          "ipFamilies": [
           "IPv4"
          ]
         },
         "maxAgentPools": 100,
         "identityProfile": {
          "kubeletidentity": {
           "resourceId": "/subscriptions/00000000-0000-0000-0000-000000000000/resourcegroups/MC_asotest-rg-kfdsdw_asotest-mc-sgohla_westus3/providers/Microsoft.ManagedIdentity/userAssignedIdentities/asotest-mc-sgohla-agentpool",
           "clientId": "83789d28-0f30-4740-b483-cf111c21210a",
           "objectId": "d0bdf48f-87da-49c6-9d1a-015a2f07d100"
          }
         },
         "securityProfile": {},
         "storageProfile": {
          "diskCSIDriver": {
           "enabled": true,
           "version": "v1"
          },
          "fileCSIDriver": {
           "enabled": true
          },
          "snapshotController": {
           "enabled": true
          }
         },
         "oidcIssuerProfile": {
          "enabled": false
         },
         "workloadAutoScalerProfile": {}
        },
        "identity": {
         "type": "SystemAssigned",
         "principalId": "76afbd12-400d-4d55-b803-68ae3f41e710",
         "tenantId": "00000000-0000-0000-0000-000000000000"
        },
        "sku": {
         "name": "Base",
         "tier": "Free"
        }
       }
    headers:
      Cache-Control:
      - no-cache
      Content-Type:
      - application/json
      Expires:
      - "-1"
      Pragma:
      - no-cache
      Server:
      - nginx
      Strict-Transport-Security:
      - max-age=31536000; includeSubDomains
      Vary:
      - Accept-Encoding
      X-Content-Type-Options:
      - nosniff
    status: 200 OK
    code: 200
    duration: ""
- request:
    body: ""
    form: {}
    headers:
      Accept:
      - application/json
      Test-Request-Attempt:
      - "2"
    url: https://management.azure.com/subscriptions/00000000-0000-0000-0000-000000000000/resourceGroups/asotest-rg-kfdsdw/providers/Microsoft.ContainerService/managedClusters/asotest-mc-sgohla?api-version=2023-02-02-preview
    method: GET
  response:
    body: |-
      {
        "id": "/subscriptions/00000000-0000-0000-0000-000000000000/resourcegroups/asotest-rg-kfdsdw/providers/Microsoft.ContainerService/managedClusters/asotest-mc-sgohla",
        "location": "westus3",
        "name": "asotest-mc-sgohla",
        "type": "Microsoft.ContainerService/ManagedClusters",
        "properties": {
         "provisioningState": "Succeeded",
         "powerState": {
          "code": "Running"
         },
         "kubernetesVersion": "1.25.6",
         "currentKubernetesVersion": "1.25.6",
         "dnsPrefix": "aso",
         "fqdn": "aso-7416p4jw.hcp.westus3.azmk8s.io",
         "azurePortalFQDN": "aso-7416p4jw.portal.hcp.westus3.azmk8s.io",
         "agentPoolProfiles": [
          {
           "name": "ap1",
           "count": 1,
           "vmSize": "Standard_DS2_v2",
           "osDiskSizeGB": 128,
           "osDiskType": "Managed",
           "kubeletDiskType": "OS",
           "maxPods": 110,
           "type": "VirtualMachineScaleSets",
           "provisioningState": "Succeeded",
           "powerState": {
            "code": "Running"
           },
           "orchestratorVersion": "1.25.6",
           "currentOrchestratorVersion": "1.25.6",
           "mode": "System",
           "osType": "Linux",
           "osSKU": "Ubuntu",
           "nodeImageVersion": "AKSUbuntu-2204gen2containerd-202306.01.0",
           "enableFIPS": false
          }
         ],
         "linuxProfile": {
          "adminUsername": "adminUser",
          "ssh": {
           "publicKeys": [
            {
             "keyData": "ssh-rsa {KEY}\n"
            }
           ]
          }
         },
         "servicePrincipalProfile": {
          "clientId": "msi"
         },
         "nodeResourceGroup": "MC_asotest-rg-kfdsdw_asotest-mc-sgohla_westus3",
         "enableRBAC": true,
         "networkProfile": {
          "networkPlugin": "kubenet",
          "loadBalancerSku": "Standard",
          "loadBalancerProfile": {
           "managedOutboundIPs": {
            "count": 1
           },
           "effectiveOutboundIPs": [
            {
             "id": "/subscriptions/00000000-0000-0000-0000-000000000000/resourceGroups/MC_asotest-rg-kfdsdw_asotest-mc-sgohla_westus3/providers/Microsoft.Network/publicIPAddresses/a78b2281-7677-4b79-95c6-bcdbf56234a3"
            }
           ],
           "backendPoolType": "nodeIPConfiguration"
          },
          "podCidr": "10.244.0.0/16",
          "serviceCidr": "10.0.0.0/16",
          "dnsServiceIP": "10.0.0.10",
          "dockerBridgeCidr": "172.17.0.1/16",
          "outboundType": "loadBalancer",
          "podCidrs": [
           "10.244.0.0/16"
          ],
          "serviceCidrs": [
           "10.0.0.0/16"
          ],
          "ipFamilies": [
           "IPv4"
          ]
         },
         "maxAgentPools": 100,
         "identityProfile": {
          "kubeletidentity": {
           "resourceId": "/subscriptions/00000000-0000-0000-0000-000000000000/resourcegroups/MC_asotest-rg-kfdsdw_asotest-mc-sgohla_westus3/providers/Microsoft.ManagedIdentity/userAssignedIdentities/asotest-mc-sgohla-agentpool",
           "clientId": "83789d28-0f30-4740-b483-cf111c21210a",
           "objectId": "d0bdf48f-87da-49c6-9d1a-015a2f07d100"
          }
         },
         "securityProfile": {},
         "storageProfile": {
          "diskCSIDriver": {
           "enabled": true,
           "version": "v1"
          },
          "fileCSIDriver": {
           "enabled": true
          },
          "snapshotController": {
           "enabled": true
          }
         },
         "oidcIssuerProfile": {
          "enabled": false
         },
         "workloadAutoScalerProfile": {}
        },
        "identity": {
         "type": "SystemAssigned",
         "principalId": "76afbd12-400d-4d55-b803-68ae3f41e710",
         "tenantId": "00000000-0000-0000-0000-000000000000"
        },
        "sku": {
         "name": "Base",
         "tier": "Free"
        }
       }
    headers:
      Cache-Control:
      - no-cache
      Content-Type:
      - application/json
      Expires:
      - "-1"
      Pragma:
      - no-cache
      Server:
      - nginx
      Strict-Transport-Security:
      - max-age=31536000; includeSubDomains
      Vary:
      - Accept-Encoding
      X-Content-Type-Options:
      - nosniff
    status: 200 OK
    code: 200
    duration: ""
- request:
    body: ""
    form: {}
    headers:
      Accept:
      - application/json
      Test-Request-Attempt:
      - "3"
    url: https://management.azure.com/subscriptions/00000000-0000-0000-0000-000000000000/resourceGroups/asotest-rg-kfdsdw/providers/Microsoft.ContainerService/managedClusters/asotest-mc-sgohla?api-version=2023-02-02-preview
    method: GET
  response:
    body: |-
      {
        "id": "/subscriptions/00000000-0000-0000-0000-000000000000/resourcegroups/asotest-rg-kfdsdw/providers/Microsoft.ContainerService/managedClusters/asotest-mc-sgohla",
        "location": "westus3",
        "name": "asotest-mc-sgohla",
        "type": "Microsoft.ContainerService/ManagedClusters",
        "properties": {
         "provisioningState": "Succeeded",
         "powerState": {
          "code": "Running"
         },
         "kubernetesVersion": "1.25.6",
         "currentKubernetesVersion": "1.25.6",
         "dnsPrefix": "aso",
         "fqdn": "aso-7416p4jw.hcp.westus3.azmk8s.io",
         "azurePortalFQDN": "aso-7416p4jw.portal.hcp.westus3.azmk8s.io",
         "agentPoolProfiles": [
          {
           "name": "ap1",
           "count": 1,
           "vmSize": "Standard_DS2_v2",
           "osDiskSizeGB": 128,
           "osDiskType": "Managed",
           "kubeletDiskType": "OS",
           "maxPods": 110,
           "type": "VirtualMachineScaleSets",
           "provisioningState": "Succeeded",
           "powerState": {
            "code": "Running"
           },
           "orchestratorVersion": "1.25.6",
           "currentOrchestratorVersion": "1.25.6",
           "mode": "System",
           "osType": "Linux",
           "osSKU": "Ubuntu",
           "nodeImageVersion": "AKSUbuntu-2204gen2containerd-202306.01.0",
           "enableFIPS": false
          }
         ],
         "linuxProfile": {
          "adminUsername": "adminUser",
          "ssh": {
           "publicKeys": [
            {
             "keyData": "ssh-rsa {KEY}\n"
            }
           ]
          }
         },
         "servicePrincipalProfile": {
          "clientId": "msi"
         },
         "nodeResourceGroup": "MC_asotest-rg-kfdsdw_asotest-mc-sgohla_westus3",
         "enableRBAC": true,
         "networkProfile": {
          "networkPlugin": "kubenet",
          "loadBalancerSku": "Standard",
          "loadBalancerProfile": {
           "managedOutboundIPs": {
            "count": 1
           },
           "effectiveOutboundIPs": [
            {
             "id": "/subscriptions/00000000-0000-0000-0000-000000000000/resourceGroups/MC_asotest-rg-kfdsdw_asotest-mc-sgohla_westus3/providers/Microsoft.Network/publicIPAddresses/a78b2281-7677-4b79-95c6-bcdbf56234a3"
            }
           ],
           "backendPoolType": "nodeIPConfiguration"
          },
          "podCidr": "10.244.0.0/16",
          "serviceCidr": "10.0.0.0/16",
          "dnsServiceIP": "10.0.0.10",
          "dockerBridgeCidr": "172.17.0.1/16",
          "outboundType": "loadBalancer",
          "podCidrs": [
           "10.244.0.0/16"
          ],
          "serviceCidrs": [
           "10.0.0.0/16"
          ],
          "ipFamilies": [
           "IPv4"
          ]
         },
         "maxAgentPools": 100,
         "identityProfile": {
          "kubeletidentity": {
           "resourceId": "/subscriptions/00000000-0000-0000-0000-000000000000/resourcegroups/MC_asotest-rg-kfdsdw_asotest-mc-sgohla_westus3/providers/Microsoft.ManagedIdentity/userAssignedIdentities/asotest-mc-sgohla-agentpool",
           "clientId": "83789d28-0f30-4740-b483-cf111c21210a",
           "objectId": "d0bdf48f-87da-49c6-9d1a-015a2f07d100"
          }
         },
         "securityProfile": {},
         "storageProfile": {
          "diskCSIDriver": {
           "enabled": true,
           "version": "v1"
          },
          "fileCSIDriver": {
           "enabled": true
          },
          "snapshotController": {
           "enabled": true
          }
         },
         "oidcIssuerProfile": {
          "enabled": false
         },
         "workloadAutoScalerProfile": {}
        },
        "identity": {
         "type": "SystemAssigned",
         "principalId": "76afbd12-400d-4d55-b803-68ae3f41e710",
         "tenantId": "00000000-0000-0000-0000-000000000000"
        },
        "sku": {
         "name": "Base",
         "tier": "Free"
        }
       }
    headers:
      Cache-Control:
      - no-cache
      Content-Type:
      - application/json
      Expires:
      - "-1"
      Pragma:
      - no-cache
      Server:
      - nginx
      Strict-Transport-Security:
      - max-age=31536000; includeSubDomains
      Vary:
      - Accept-Encoding
      X-Content-Type-Options:
      - nosniff
    status: 200 OK
    code: 200
    duration: ""
- request:
    body: '{"identity":{"type":"SystemAssigned"},"location":"westus3","name":"asotest-mc-sgohla","properties":{"agentPoolProfiles":[{"count":1,"mode":"System","name":"ap1","osType":"Linux","vmSize":"Standard_DS2_v2"}],"dnsPrefix":"aso","linuxProfile":{"adminUsername":"adminUser","ssh":{"publicKeys":[{"keyData":"ssh-rsa
      {KEY}\n"}]}}},"sku":{"name":"Base","tier":"Standard"}}'
    form: {}
    headers:
      Accept:
      - application/json
      Content-Length:
      - "731"
      Content-Type:
      - application/json
      Test-Request-Attempt:
      - "1"
    url: https://management.azure.com/subscriptions/00000000-0000-0000-0000-000000000000/resourceGroups/asotest-rg-kfdsdw/providers/Microsoft.ContainerService/managedClusters/asotest-mc-sgohla?api-version=2023-02-02-preview
    method: PUT
  response:
    body: |-
      {
        "id": "/subscriptions/00000000-0000-0000-0000-000000000000/resourcegroups/asotest-rg-kfdsdw/providers/Microsoft.ContainerService/managedClusters/asotest-mc-sgohla",
        "location": "westus3",
        "name": "asotest-mc-sgohla",
        "type": "Microsoft.ContainerService/ManagedClusters",
        "properties": {
         "provisioningState": "Updating",
         "powerState": {
          "code": "Running"
         },
         "kubernetesVersion": "1.25.6",
         "currentKubernetesVersion": "1.25.6",
         "dnsPrefix": "aso",
         "fqdn": "aso-7416p4jw.hcp.westus3.azmk8s.io",
         "azurePortalFQDN": "aso-7416p4jw.portal.hcp.westus3.azmk8s.io",
         "agentPoolProfiles": [
          {
           "name": "ap1",
           "count": 1,
           "vmSize": "Standard_DS2_v2",
           "osDiskSizeGB": 128,
           "osDiskType": "Managed",
           "kubeletDiskType": "OS",
           "maxPods": 110,
           "type": "VirtualMachineScaleSets",
           "provisioningState": "Updating",
           "powerState": {
            "code": "Running"
           },
           "orchestratorVersion": "1.25.6",
           "currentOrchestratorVersion": "1.25.6",
           "enableCustomCATrust": false,
           "mode": "System",
           "osType": "Linux",
           "osSKU": "Ubuntu",
           "nodeImageVersion": "AKSUbuntu-2204gen2containerd-202306.01.0",
           "enableFIPS": false
          }
         ],
         "linuxProfile": {
          "adminUsername": "adminUser",
          "ssh": {
           "publicKeys": [
            {
             "keyData": "ssh-rsa {KEY}\n"
            }
           ]
          }
         },
         "servicePrincipalProfile": {
          "clientId": "msi"
         },
         "nodeResourceGroup": "MC_asotest-rg-kfdsdw_asotest-mc-sgohla_westus3",
         "enableRBAC": true,
         "networkProfile": {
          "networkPlugin": "kubenet",
          "loadBalancerSku": "Standard",
          "loadBalancerProfile": {
           "managedOutboundIPs": {
            "count": 1
           },
           "effectiveOutboundIPs": [
            {
             "id": "/subscriptions/00000000-0000-0000-0000-000000000000/resourceGroups/MC_asotest-rg-kfdsdw_asotest-mc-sgohla_westus3/providers/Microsoft.Network/publicIPAddresses/a78b2281-7677-4b79-95c6-bcdbf56234a3"
            }
           ],
           "backendPoolType": "nodeIPConfiguration"
          },
          "podCidr": "10.244.0.0/16",
          "serviceCidr": "10.0.0.0/16",
          "dnsServiceIP": "10.0.0.10",
          "dockerBridgeCidr": "172.17.0.1/16",
          "outboundType": "loadBalancer",
          "podCidrs": [
           "10.244.0.0/16"
          ],
          "serviceCidrs": [
           "10.0.0.0/16"
          ],
          "ipFamilies": [
           "IPv4"
          ]
         },
         "maxAgentPools": 100,
         "identityProfile": {
          "kubeletidentity": {
           "resourceId": "/subscriptions/00000000-0000-0000-0000-000000000000/resourcegroups/MC_asotest-rg-kfdsdw_asotest-mc-sgohla_westus3/providers/Microsoft.ManagedIdentity/userAssignedIdentities/asotest-mc-sgohla-agentpool",
           "clientId": "83789d28-0f30-4740-b483-cf111c21210a",
           "objectId": "d0bdf48f-87da-49c6-9d1a-015a2f07d100"
          }
         },
         "securityProfile": {},
         "storageProfile": {
          "diskCSIDriver": {
           "enabled": true,
           "version": "v1"
          },
          "fileCSIDriver": {
           "enabled": true
          },
          "snapshotController": {
           "enabled": true
          }
         },
         "oidcIssuerProfile": {
          "enabled": false
         },
         "workloadAutoScalerProfile": {}
        },
        "identity": {
         "type": "SystemAssigned",
         "principalId": "76afbd12-400d-4d55-b803-68ae3f41e710",
         "tenantId": "00000000-0000-0000-0000-000000000000"
        },
        "sku": {
         "name": "Base",
         "tier": "Standard"
        }
       }
    headers:
      Azure-Asyncoperation:
      - https://management.azure.com/subscriptions/00000000-0000-0000-0000-000000000000/providers/Microsoft.ContainerService/locations/westus3/operations/a7b08460-22cb-4dd4-b101-17a75ffde64a?api-version=2016-03-30
      Cache-Control:
      - no-cache
      Content-Type:
      - application/json
      Expires:
      - "-1"
      Pragma:
      - no-cache
      Server:
      - nginx
      Strict-Transport-Security:
      - max-age=31536000; includeSubDomains
      Vary:
      - Accept-Encoding
      X-Content-Type-Options:
      - nosniff
    status: 200 OK
    code: 200
    duration: ""
- request:
    body: ""
    form: {}
    headers:
      Test-Request-Attempt:
      - "0"
    url: https://management.azure.com/subscriptions/00000000-0000-0000-0000-000000000000/providers/Microsoft.ContainerService/locations/westus3/operations/a7b08460-22cb-4dd4-b101-17a75ffde64a?api-version=2016-03-30
    method: GET
  response:
    body: |-
      {
        "name": "6084b0a7-cb22-d44d-b101-17a75ffde64a",
        "status": "InProgress",
        "startTime": "2001-02-03T04:05:06Z",
        "error": {
         "code": "NotLatestOperation",
         "message": "Cannot proceed with the operation. Either the operation has been preempted by another one, or the information needed by the operation failed to be saved (or hasn't been saved yet)."
        }
       }
    headers:
      Cache-Control:
      - no-cache
      Content-Type:
      - application/json
      Expires:
      - "-1"
      Pragma:
      - no-cache
      Server:
      - nginx
      Strict-Transport-Security:
      - max-age=31536000; includeSubDomains
      Vary:
      - Accept-Encoding
      X-Content-Type-Options:
      - nosniff
    status: 200 OK
    code: 200
    duration: ""
- request:
    body: ""
    form: {}
    headers:
      Test-Request-Attempt:
      - "1"
    url: https://management.azure.com/subscriptions/00000000-0000-0000-0000-000000000000/providers/Microsoft.ContainerService/locations/westus3/operations/a7b08460-22cb-4dd4-b101-17a75ffde64a?api-version=2016-03-30
    method: GET
  response:
    body: |-
      {
        "name": "6084b0a7-cb22-d44d-b101-17a75ffde64a",
        "status": "InProgress",
        "startTime": "2001-02-03T04:05:06Z",
        "error": {
         "code": "NotLatestOperation",
         "message": "Cannot proceed with the operation. Either the operation has been preempted by another one, or the information needed by the operation failed to be saved (or hasn't been saved yet)."
        }
       }
    headers:
      Cache-Control:
      - no-cache
      Content-Type:
      - application/json
      Expires:
      - "-1"
      Pragma:
      - no-cache
      Server:
      - nginx
      Strict-Transport-Security:
      - max-age=31536000; includeSubDomains
      Vary:
      - Accept-Encoding
      X-Content-Type-Options:
      - nosniff
    status: 200 OK
    code: 200
    duration: ""
- request:
    body: ""
    form: {}
    headers:
      Test-Request-Attempt:
      - "2"
    url: https://management.azure.com/subscriptions/00000000-0000-0000-0000-000000000000/providers/Microsoft.ContainerService/locations/westus3/operations/a7b08460-22cb-4dd4-b101-17a75ffde64a?api-version=2016-03-30
    method: GET
  response:
    body: |-
      {
        "name": "6084b0a7-cb22-d44d-b101-17a75ffde64a",
        "status": "InProgress",
        "startTime": "2001-02-03T04:05:06Z",
        "error": {
         "code": "NotLatestOperation",
         "message": "Cannot proceed with the operation. Either the operation has been preempted by another one, or the information needed by the operation failed to be saved (or hasn't been saved yet)."
        }
       }
    headers:
      Cache-Control:
      - no-cache
      Content-Type:
      - application/json
      Expires:
      - "-1"
      Pragma:
      - no-cache
      Server:
      - nginx
      Strict-Transport-Security:
      - max-age=31536000; includeSubDomains
      Vary:
      - Accept-Encoding
      X-Content-Type-Options:
      - nosniff
    status: 200 OK
    code: 200
    duration: ""
- request:
    body: ""
    form: {}
    headers:
      Test-Request-Attempt:
      - "3"
    url: https://management.azure.com/subscriptions/00000000-0000-0000-0000-000000000000/providers/Microsoft.ContainerService/locations/westus3/operations/a7b08460-22cb-4dd4-b101-17a75ffde64a?api-version=2016-03-30
    method: GET
  response:
    body: |-
      {
        "name": "6084b0a7-cb22-d44d-b101-17a75ffde64a",
        "status": "InProgress",
        "startTime": "2001-02-03T04:05:06Z",
        "error": {
         "code": "NotLatestOperation",
         "message": "Cannot proceed with the operation. Either the operation has been preempted by another one, or the information needed by the operation failed to be saved (or hasn't been saved yet)."
        }
       }
    headers:
      Cache-Control:
      - no-cache
      Content-Type:
      - application/json
      Expires:
      - "-1"
      Pragma:
      - no-cache
      Server:
      - nginx
      Strict-Transport-Security:
      - max-age=31536000; includeSubDomains
      Vary:
      - Accept-Encoding
      X-Content-Type-Options:
      - nosniff
    status: 200 OK
    code: 200
    duration: ""
- request:
    body: ""
    form: {}
    headers:
      Test-Request-Attempt:
      - "4"
    url: https://management.azure.com/subscriptions/00000000-0000-0000-0000-000000000000/providers/Microsoft.ContainerService/locations/westus3/operations/a7b08460-22cb-4dd4-b101-17a75ffde64a?api-version=2016-03-30
    method: GET
  response:
    body: |-
      {
        "name": "6084b0a7-cb22-d44d-b101-17a75ffde64a",
        "status": "InProgress",
        "startTime": "2001-02-03T04:05:06Z",
        "error": {
         "code": "NotLatestOperation",
         "message": "Cannot proceed with the operation. Either the operation has been preempted by another one, or the information needed by the operation failed to be saved (or hasn't been saved yet)."
        }
       }
    headers:
      Cache-Control:
      - no-cache
      Content-Type:
      - application/json
      Expires:
      - "-1"
      Pragma:
      - no-cache
      Server:
      - nginx
      Strict-Transport-Security:
      - max-age=31536000; includeSubDomains
      Vary:
      - Accept-Encoding
      X-Content-Type-Options:
      - nosniff
    status: 200 OK
    code: 200
    duration: ""
- request:
    body: ""
    form: {}
    headers:
      Test-Request-Attempt:
      - "5"
    url: https://management.azure.com/subscriptions/00000000-0000-0000-0000-000000000000/providers/Microsoft.ContainerService/locations/westus3/operations/a7b08460-22cb-4dd4-b101-17a75ffde64a?api-version=2016-03-30
    method: GET
  response:
    body: |-
      {
        "name": "6084b0a7-cb22-d44d-b101-17a75ffde64a",
        "status": "InProgress",
        "startTime": "2001-02-03T04:05:06Z",
        "error": {
         "code": "NotLatestOperation",
         "message": "Cannot proceed with the operation. Either the operation has been preempted by another one, or the information needed by the operation failed to be saved (or hasn't been saved yet)."
        }
       }
    headers:
      Cache-Control:
      - no-cache
      Content-Type:
      - application/json
      Expires:
      - "-1"
      Pragma:
      - no-cache
      Server:
      - nginx
      Strict-Transport-Security:
      - max-age=31536000; includeSubDomains
      Vary:
      - Accept-Encoding
      X-Content-Type-Options:
      - nosniff
    status: 200 OK
    code: 200
    duration: ""
- request:
    body: ""
    form: {}
    headers:
      Test-Request-Attempt:
      - "6"
    url: https://management.azure.com/subscriptions/00000000-0000-0000-0000-000000000000/providers/Microsoft.ContainerService/locations/westus3/operations/a7b08460-22cb-4dd4-b101-17a75ffde64a?api-version=2016-03-30
    method: GET
  response:
    body: |-
      {
        "name": "6084b0a7-cb22-d44d-b101-17a75ffde64a",
        "status": "InProgress",
        "startTime": "2001-02-03T04:05:06Z",
        "error": {
         "code": "NotLatestOperation",
         "message": "Cannot proceed with the operation. Either the operation has been preempted by another one, or the information needed by the operation failed to be saved (or hasn't been saved yet)."
        }
       }
    headers:
      Cache-Control:
      - no-cache
      Content-Type:
      - application/json
      Expires:
      - "-1"
      Pragma:
      - no-cache
      Server:
      - nginx
      Strict-Transport-Security:
      - max-age=31536000; includeSubDomains
      Vary:
      - Accept-Encoding
      X-Content-Type-Options:
      - nosniff
    status: 200 OK
    code: 200
    duration: ""
- request:
    body: ""
    form: {}
    headers:
      Test-Request-Attempt:
      - "7"
    url: https://management.azure.com/subscriptions/00000000-0000-0000-0000-000000000000/providers/Microsoft.ContainerService/locations/westus3/operations/a7b08460-22cb-4dd4-b101-17a75ffde64a?api-version=2016-03-30
    method: GET
  response:
    body: |-
      {
        "name": "6084b0a7-cb22-d44d-b101-17a75ffde64a",
        "status": "InProgress",
        "startTime": "2001-02-03T04:05:06Z",
        "error": {
         "code": "NotLatestOperation",
         "message": "Cannot proceed with the operation. Either the operation has been preempted by another one, or the information needed by the operation failed to be saved (or hasn't been saved yet)."
        }
       }
    headers:
      Cache-Control:
      - no-cache
      Content-Type:
      - application/json
      Expires:
      - "-1"
      Pragma:
      - no-cache
      Server:
      - nginx
      Strict-Transport-Security:
      - max-age=31536000; includeSubDomains
      Vary:
      - Accept-Encoding
      X-Content-Type-Options:
      - nosniff
    status: 200 OK
    code: 200
    duration: ""
- request:
    body: ""
    form: {}
    headers:
      Test-Request-Attempt:
      - "8"
    url: https://management.azure.com/subscriptions/00000000-0000-0000-0000-000000000000/providers/Microsoft.ContainerService/locations/westus3/operations/a7b08460-22cb-4dd4-b101-17a75ffde64a?api-version=2016-03-30
    method: GET
  response:
    body: |-
      {
        "name": "6084b0a7-cb22-d44d-b101-17a75ffde64a",
        "status": "Succeeded",
        "startTime": "2001-02-03T04:05:06Z",
        "endTime": "2001-02-03T04:05:06Z",
        "error": {
         "code": "NotLatestOperation",
         "message": "Cannot proceed with the operation. Either the operation has been preempted by another one, or the information needed by the operation failed to be saved (or hasn't been saved yet)."
        }
       }
    headers:
      Cache-Control:
      - no-cache
      Content-Type:
      - application/json
      Expires:
      - "-1"
      Pragma:
      - no-cache
      Server:
      - nginx
      Strict-Transport-Security:
      - max-age=31536000; includeSubDomains
      Vary:
      - Accept-Encoding
      X-Content-Type-Options:
      - nosniff
    status: 200 OK
    code: 200
    duration: ""
- request:
    body: ""
    form: {}
    headers:
      Test-Request-Attempt:
      - "4"
    url: https://management.azure.com/subscriptions/00000000-0000-0000-0000-000000000000/resourceGroups/asotest-rg-kfdsdw/providers/Microsoft.ContainerService/managedClusters/asotest-mc-sgohla?api-version=2023-02-02-preview
    method: GET
  response:
    body: |-
      {
        "id": "/subscriptions/00000000-0000-0000-0000-000000000000/resourcegroups/asotest-rg-kfdsdw/providers/Microsoft.ContainerService/managedClusters/asotest-mc-sgohla",
        "location": "westus3",
        "name": "asotest-mc-sgohla",
        "type": "Microsoft.ContainerService/ManagedClusters",
        "properties": {
         "provisioningState": "Succeeded",
         "powerState": {
          "code": "Running"
         },
         "kubernetesVersion": "1.25.6",
         "currentKubernetesVersion": "1.25.6",
         "dnsPrefix": "aso",
         "fqdn": "aso-7416p4jw.hcp.westus3.azmk8s.io",
         "azurePortalFQDN": "aso-7416p4jw.portal.hcp.westus3.azmk8s.io",
         "agentPoolProfiles": [
          {
           "name": "ap1",
           "count": 1,
           "vmSize": "Standard_DS2_v2",
           "osDiskSizeGB": 128,
           "osDiskType": "Managed",
           "kubeletDiskType": "OS",
           "maxPods": 110,
           "type": "VirtualMachineScaleSets",
           "provisioningState": "Succeeded",
           "powerState": {
            "code": "Running"
           },
           "orchestratorVersion": "1.25.6",
           "currentOrchestratorVersion": "1.25.6",
           "enableCustomCATrust": false,
           "mode": "System",
           "osType": "Linux",
           "osSKU": "Ubuntu",
           "nodeImageVersion": "AKSUbuntu-2204gen2containerd-202306.01.0",
           "enableFIPS": false
          }
         ],
         "linuxProfile": {
          "adminUsername": "adminUser",
          "ssh": {
           "publicKeys": [
            {
             "keyData": "ssh-rsa {KEY}\n"
            }
           ]
          }
         },
         "servicePrincipalProfile": {
          "clientId": "msi"
         },
         "nodeResourceGroup": "MC_asotest-rg-kfdsdw_asotest-mc-sgohla_westus3",
         "enableRBAC": true,
         "networkProfile": {
          "networkPlugin": "kubenet",
          "loadBalancerSku": "Standard",
          "loadBalancerProfile": {
           "managedOutboundIPs": {
            "count": 1
           },
           "effectiveOutboundIPs": [
            {
             "id": "/subscriptions/00000000-0000-0000-0000-000000000000/resourceGroups/MC_asotest-rg-kfdsdw_asotest-mc-sgohla_westus3/providers/Microsoft.Network/publicIPAddresses/a78b2281-7677-4b79-95c6-bcdbf56234a3"
            }
           ],
           "backendPoolType": "nodeIPConfiguration"
          },
          "podCidr": "10.244.0.0/16",
          "serviceCidr": "10.0.0.0/16",
          "dnsServiceIP": "10.0.0.10",
          "dockerBridgeCidr": "172.17.0.1/16",
          "outboundType": "loadBalancer",
          "podCidrs": [
           "10.244.0.0/16"
          ],
          "serviceCidrs": [
           "10.0.0.0/16"
          ],
          "ipFamilies": [
           "IPv4"
          ]
         },
         "maxAgentPools": 100,
         "identityProfile": {
          "kubeletidentity": {
           "resourceId": "/subscriptions/00000000-0000-0000-0000-000000000000/resourcegroups/MC_asotest-rg-kfdsdw_asotest-mc-sgohla_westus3/providers/Microsoft.ManagedIdentity/userAssignedIdentities/asotest-mc-sgohla-agentpool",
           "clientId": "83789d28-0f30-4740-b483-cf111c21210a",
           "objectId": "d0bdf48f-87da-49c6-9d1a-015a2f07d100"
          }
         },
         "securityProfile": {},
         "storageProfile": {
          "diskCSIDriver": {
           "enabled": true,
           "version": "v1"
          },
          "fileCSIDriver": {
           "enabled": true
          },
          "snapshotController": {
           "enabled": true
          }
         },
         "oidcIssuerProfile": {
          "enabled": false
         },
         "workloadAutoScalerProfile": {}
        },
        "identity": {
         "type": "SystemAssigned",
         "principalId": "76afbd12-400d-4d55-b803-68ae3f41e710",
         "tenantId": "00000000-0000-0000-0000-000000000000"
        },
        "sku": {
         "name": "Base",
         "tier": "Standard"
        }
       }
    headers:
      Cache-Control:
      - no-cache
      Content-Type:
      - application/json
      Expires:
      - "-1"
      Pragma:
      - no-cache
      Server:
      - nginx
      Strict-Transport-Security:
      - max-age=31536000; includeSubDomains
      Vary:
      - Accept-Encoding
      X-Content-Type-Options:
      - nosniff
    status: 200 OK
    code: 200
    duration: ""
- request:
    body: ""
    form: {}
    headers:
      Accept:
      - application/json
      Test-Request-Attempt:
      - "5"
    url: https://management.azure.com/subscriptions/00000000-0000-0000-0000-000000000000/resourceGroups/asotest-rg-kfdsdw/providers/Microsoft.ContainerService/managedClusters/asotest-mc-sgohla?api-version=2023-02-02-preview
    method: GET
  response:
    body: |-
      {
        "id": "/subscriptions/00000000-0000-0000-0000-000000000000/resourcegroups/asotest-rg-kfdsdw/providers/Microsoft.ContainerService/managedClusters/asotest-mc-sgohla",
        "location": "westus3",
        "name": "asotest-mc-sgohla",
        "type": "Microsoft.ContainerService/ManagedClusters",
        "properties": {
         "provisioningState": "Succeeded",
         "powerState": {
          "code": "Running"
         },
         "kubernetesVersion": "1.25.6",
         "currentKubernetesVersion": "1.25.6",
         "dnsPrefix": "aso",
         "fqdn": "aso-7416p4jw.hcp.westus3.azmk8s.io",
         "azurePortalFQDN": "aso-7416p4jw.portal.hcp.westus3.azmk8s.io",
         "agentPoolProfiles": [
          {
           "name": "ap1",
           "count": 1,
           "vmSize": "Standard_DS2_v2",
           "osDiskSizeGB": 128,
           "osDiskType": "Managed",
           "kubeletDiskType": "OS",
           "maxPods": 110,
           "type": "VirtualMachineScaleSets",
           "provisioningState": "Succeeded",
           "powerState": {
            "code": "Running"
           },
           "orchestratorVersion": "1.25.6",
           "currentOrchestratorVersion": "1.25.6",
           "enableCustomCATrust": false,
           "mode": "System",
           "osType": "Linux",
           "osSKU": "Ubuntu",
           "nodeImageVersion": "AKSUbuntu-2204gen2containerd-202306.01.0",
           "enableFIPS": false
          }
         ],
         "linuxProfile": {
          "adminUsername": "adminUser",
          "ssh": {
           "publicKeys": [
            {
             "keyData": "ssh-rsa {KEY}\n"
            }
           ]
          }
         },
         "servicePrincipalProfile": {
          "clientId": "msi"
         },
         "nodeResourceGroup": "MC_asotest-rg-kfdsdw_asotest-mc-sgohla_westus3",
         "enableRBAC": true,
         "networkProfile": {
          "networkPlugin": "kubenet",
          "loadBalancerSku": "Standard",
          "loadBalancerProfile": {
           "managedOutboundIPs": {
            "count": 1
           },
           "effectiveOutboundIPs": [
            {
             "id": "/subscriptions/00000000-0000-0000-0000-000000000000/resourceGroups/MC_asotest-rg-kfdsdw_asotest-mc-sgohla_westus3/providers/Microsoft.Network/publicIPAddresses/a78b2281-7677-4b79-95c6-bcdbf56234a3"
            }
           ],
           "backendPoolType": "nodeIPConfiguration"
          },
          "podCidr": "10.244.0.0/16",
          "serviceCidr": "10.0.0.0/16",
          "dnsServiceIP": "10.0.0.10",
          "dockerBridgeCidr": "172.17.0.1/16",
          "outboundType": "loadBalancer",
          "podCidrs": [
           "10.244.0.0/16"
          ],
          "serviceCidrs": [
           "10.0.0.0/16"
          ],
          "ipFamilies": [
           "IPv4"
          ]
         },
         "maxAgentPools": 100,
         "identityProfile": {
          "kubeletidentity": {
           "resourceId": "/subscriptions/00000000-0000-0000-0000-000000000000/resourcegroups/MC_asotest-rg-kfdsdw_asotest-mc-sgohla_westus3/providers/Microsoft.ManagedIdentity/userAssignedIdentities/asotest-mc-sgohla-agentpool",
           "clientId": "83789d28-0f30-4740-b483-cf111c21210a",
           "objectId": "d0bdf48f-87da-49c6-9d1a-015a2f07d100"
          }
         },
         "securityProfile": {},
         "storageProfile": {
          "diskCSIDriver": {
           "enabled": true,
           "version": "v1"
          },
          "fileCSIDriver": {
           "enabled": true
          },
          "snapshotController": {
           "enabled": true
          }
         },
         "oidcIssuerProfile": {
          "enabled": false
         },
         "workloadAutoScalerProfile": {}
        },
        "identity": {
         "type": "SystemAssigned",
         "principalId": "76afbd12-400d-4d55-b803-68ae3f41e710",
         "tenantId": "00000000-0000-0000-0000-000000000000"
        },
        "sku": {
         "name": "Base",
         "tier": "Standard"
        }
       }
    headers:
      Cache-Control:
      - no-cache
      Content-Type:
      - application/json
      Expires:
      - "-1"
      Pragma:
      - no-cache
      Server:
      - nginx
      Strict-Transport-Security:
      - max-age=31536000; includeSubDomains
      Vary:
      - Accept-Encoding
      X-Content-Type-Options:
      - nosniff
    status: 200 OK
    code: 200
    duration: ""
- request:
    body: ""
    form: {}
    headers:
      Accept:
      - application/json
      Test-Request-Attempt:
      - "6"
    url: https://management.azure.com/subscriptions/00000000-0000-0000-0000-000000000000/resourceGroups/asotest-rg-kfdsdw/providers/Microsoft.ContainerService/managedClusters/asotest-mc-sgohla?api-version=2023-02-02-preview
    method: GET
  response:
    body: |-
      {
        "id": "/subscriptions/00000000-0000-0000-0000-000000000000/resourcegroups/asotest-rg-kfdsdw/providers/Microsoft.ContainerService/managedClusters/asotest-mc-sgohla",
        "location": "westus3",
        "name": "asotest-mc-sgohla",
        "type": "Microsoft.ContainerService/ManagedClusters",
        "properties": {
         "provisioningState": "Succeeded",
         "powerState": {
          "code": "Running"
         },
         "kubernetesVersion": "1.25.6",
         "currentKubernetesVersion": "1.25.6",
         "dnsPrefix": "aso",
         "fqdn": "aso-7416p4jw.hcp.westus3.azmk8s.io",
         "azurePortalFQDN": "aso-7416p4jw.portal.hcp.westus3.azmk8s.io",
         "agentPoolProfiles": [
          {
           "name": "ap1",
           "count": 1,
           "vmSize": "Standard_DS2_v2",
           "osDiskSizeGB": 128,
           "osDiskType": "Managed",
           "kubeletDiskType": "OS",
           "maxPods": 110,
           "type": "VirtualMachineScaleSets",
           "provisioningState": "Succeeded",
           "powerState": {
            "code": "Running"
           },
           "orchestratorVersion": "1.25.6",
           "currentOrchestratorVersion": "1.25.6",
           "enableCustomCATrust": false,
           "mode": "System",
           "osType": "Linux",
           "osSKU": "Ubuntu",
           "nodeImageVersion": "AKSUbuntu-2204gen2containerd-202306.01.0",
           "enableFIPS": false
          }
         ],
         "linuxProfile": {
          "adminUsername": "adminUser",
          "ssh": {
           "publicKeys": [
            {
             "keyData": "ssh-rsa {KEY}\n"
            }
           ]
          }
         },
         "servicePrincipalProfile": {
          "clientId": "msi"
         },
         "nodeResourceGroup": "MC_asotest-rg-kfdsdw_asotest-mc-sgohla_westus3",
         "enableRBAC": true,
         "networkProfile": {
          "networkPlugin": "kubenet",
          "loadBalancerSku": "Standard",
          "loadBalancerProfile": {
           "managedOutboundIPs": {
            "count": 1
           },
           "effectiveOutboundIPs": [
            {
             "id": "/subscriptions/00000000-0000-0000-0000-000000000000/resourceGroups/MC_asotest-rg-kfdsdw_asotest-mc-sgohla_westus3/providers/Microsoft.Network/publicIPAddresses/a78b2281-7677-4b79-95c6-bcdbf56234a3"
            }
           ],
           "backendPoolType": "nodeIPConfiguration"
          },
          "podCidr": "10.244.0.0/16",
          "serviceCidr": "10.0.0.0/16",
          "dnsServiceIP": "10.0.0.10",
          "dockerBridgeCidr": "172.17.0.1/16",
          "outboundType": "loadBalancer",
          "podCidrs": [
           "10.244.0.0/16"
          ],
          "serviceCidrs": [
           "10.0.0.0/16"
          ],
          "ipFamilies": [
           "IPv4"
          ]
         },
         "maxAgentPools": 100,
         "identityProfile": {
          "kubeletidentity": {
           "resourceId": "/subscriptions/00000000-0000-0000-0000-000000000000/resourcegroups/MC_asotest-rg-kfdsdw_asotest-mc-sgohla_westus3/providers/Microsoft.ManagedIdentity/userAssignedIdentities/asotest-mc-sgohla-agentpool",
           "clientId": "83789d28-0f30-4740-b483-cf111c21210a",
           "objectId": "d0bdf48f-87da-49c6-9d1a-015a2f07d100"
          }
         },
         "securityProfile": {},
         "storageProfile": {
          "diskCSIDriver": {
           "enabled": true,
           "version": "v1"
          },
          "fileCSIDriver": {
           "enabled": true
          },
          "snapshotController": {
           "enabled": true
          }
         },
         "oidcIssuerProfile": {
          "enabled": false
         },
         "workloadAutoScalerProfile": {}
        },
        "identity": {
         "type": "SystemAssigned",
         "principalId": "76afbd12-400d-4d55-b803-68ae3f41e710",
         "tenantId": "00000000-0000-0000-0000-000000000000"
        },
        "sku": {
         "name": "Base",
         "tier": "Standard"
        }
       }
    headers:
      Cache-Control:
      - no-cache
      Content-Type:
      - application/json
      Expires:
      - "-1"
      Pragma:
      - no-cache
      Server:
      - nginx
      Strict-Transport-Security:
      - max-age=31536000; includeSubDomains
      Vary:
      - Accept-Encoding
      X-Content-Type-Options:
      - nosniff
    status: 200 OK
    code: 200
    duration: ""
- request:
    body: '{"identity":{"type":"SystemAssigned"},"location":"westus3","name":"asotest-mc-sgohla","properties":{"agentPoolProfiles":[{"count":1,"mode":"System","name":"ap1","osType":"Linux","vmSize":"Standard_DS2_v2"}],"dnsPrefix":"aso","linuxProfile":{"adminUsername":"adminUser","ssh":{"publicKeys":[{"keyData":"ssh-rsa
      {KEY}\n"}]}}},"sku":{"name":"Base","tier":"Standard"}}'
    form: {}
    headers:
      Accept:
      - application/json
      Content-Length:
      - "731"
      Content-Type:
      - application/json
      Test-Request-Attempt:
      - "2"
    url: https://management.azure.com/subscriptions/00000000-0000-0000-0000-000000000000/resourceGroups/asotest-rg-kfdsdw/providers/Microsoft.ContainerService/managedClusters/asotest-mc-sgohla?api-version=2023-02-02-preview
    method: PUT
  response:
    body: |-
      {
        "id": "/subscriptions/00000000-0000-0000-0000-000000000000/resourcegroups/asotest-rg-kfdsdw/providers/Microsoft.ContainerService/managedClusters/asotest-mc-sgohla",
        "location": "westus3",
        "name": "asotest-mc-sgohla",
        "type": "Microsoft.ContainerService/ManagedClusters",
        "properties": {
         "provisioningState": "Updating",
         "powerState": {
          "code": "Running"
         },
         "kubernetesVersion": "1.25.6",
         "currentKubernetesVersion": "1.25.6",
         "dnsPrefix": "aso",
         "fqdn": "aso-7416p4jw.hcp.westus3.azmk8s.io",
         "azurePortalFQDN": "aso-7416p4jw.portal.hcp.westus3.azmk8s.io",
         "agentPoolProfiles": [
          {
           "name": "ap1",
           "count": 1,
           "vmSize": "Standard_DS2_v2",
           "osDiskSizeGB": 128,
           "osDiskType": "Managed",
           "kubeletDiskType": "OS",
           "maxPods": 110,
           "type": "VirtualMachineScaleSets",
           "provisioningState": "Updating",
           "powerState": {
            "code": "Running"
           },
           "orchestratorVersion": "1.25.6",
           "currentOrchestratorVersion": "1.25.6",
           "enableCustomCATrust": false,
           "mode": "System",
           "osType": "Linux",
           "osSKU": "Ubuntu",
           "nodeImageVersion": "AKSUbuntu-2204gen2containerd-202306.01.0",
           "enableFIPS": false
          }
         ],
         "linuxProfile": {
          "adminUsername": "adminUser",
          "ssh": {
           "publicKeys": [
            {
             "keyData": "ssh-rsa {KEY}\n"
            }
           ]
          }
         },
         "servicePrincipalProfile": {
          "clientId": "msi"
         },
         "nodeResourceGroup": "MC_asotest-rg-kfdsdw_asotest-mc-sgohla_westus3",
         "enableRBAC": true,
         "networkProfile": {
          "networkPlugin": "kubenet",
          "loadBalancerSku": "Standard",
          "loadBalancerProfile": {
           "managedOutboundIPs": {
            "count": 1
           },
           "effectiveOutboundIPs": [
            {
             "id": "/subscriptions/00000000-0000-0000-0000-000000000000/resourceGroups/MC_asotest-rg-kfdsdw_asotest-mc-sgohla_westus3/providers/Microsoft.Network/publicIPAddresses/a78b2281-7677-4b79-95c6-bcdbf56234a3"
            }
           ],
           "backendPoolType": "nodeIPConfiguration"
          },
          "podCidr": "10.244.0.0/16",
          "serviceCidr": "10.0.0.0/16",
          "dnsServiceIP": "10.0.0.10",
          "dockerBridgeCidr": "172.17.0.1/16",
          "outboundType": "loadBalancer",
          "podCidrs": [
           "10.244.0.0/16"
          ],
          "serviceCidrs": [
           "10.0.0.0/16"
          ],
          "ipFamilies": [
           "IPv4"
          ]
         },
         "maxAgentPools": 100,
         "identityProfile": {
          "kubeletidentity": {
           "resourceId": "/subscriptions/00000000-0000-0000-0000-000000000000/resourcegroups/MC_asotest-rg-kfdsdw_asotest-mc-sgohla_westus3/providers/Microsoft.ManagedIdentity/userAssignedIdentities/asotest-mc-sgohla-agentpool",
           "clientId": "83789d28-0f30-4740-b483-cf111c21210a",
           "objectId": "d0bdf48f-87da-49c6-9d1a-015a2f07d100"
          }
         },
         "securityProfile": {},
         "storageProfile": {
          "diskCSIDriver": {
           "enabled": true,
           "version": "v1"
          },
          "fileCSIDriver": {
           "enabled": true
          },
          "snapshotController": {
           "enabled": true
          }
         },
         "oidcIssuerProfile": {
          "enabled": false
         },
         "workloadAutoScalerProfile": {}
        },
        "identity": {
         "type": "SystemAssigned",
         "principalId": "76afbd12-400d-4d55-b803-68ae3f41e710",
         "tenantId": "00000000-0000-0000-0000-000000000000"
        },
        "sku": {
         "name": "Base",
         "tier": "Standard"
        }
       }
    headers:
      Azure-Asyncoperation:
      - https://management.azure.com/subscriptions/00000000-0000-0000-0000-000000000000/providers/Microsoft.ContainerService/locations/westus3/operations/bdf4c6f6-a23c-4de9-b37c-d53d217dacef?api-version=2016-03-30
      Cache-Control:
      - no-cache
      Content-Type:
      - application/json
      Expires:
      - "-1"
      Pragma:
      - no-cache
      Server:
      - nginx
      Strict-Transport-Security:
      - max-age=31536000; includeSubDomains
      Vary:
      - Accept-Encoding
      X-Content-Type-Options:
      - nosniff
    status: 200 OK
    code: 200
    duration: ""
- request:
    body: ""
    form: {}
    headers:
      Test-Request-Attempt:
      - "0"
    url: https://management.azure.com/subscriptions/00000000-0000-0000-0000-000000000000/providers/Microsoft.ContainerService/locations/westus3/operations/bdf4c6f6-a23c-4de9-b37c-d53d217dacef?api-version=2016-03-30
    method: GET
  response:
    body: |-
      {
        "name": "f6c6f4bd-3ca2-e94d-b37c-d53d217dacef",
        "status": "InProgress",
        "startTime": "2001-02-03T04:05:06Z"
       }
    headers:
      Cache-Control:
      - no-cache
      Content-Type:
      - application/json
      Expires:
      - "-1"
      Pragma:
      - no-cache
      Server:
      - nginx
      Strict-Transport-Security:
      - max-age=31536000; includeSubDomains
      Vary:
      - Accept-Encoding
      X-Content-Type-Options:
      - nosniff
    status: 200 OK
    code: 200
    duration: ""
- request:
    body: ""
    form: {}
    headers:
      Test-Request-Attempt:
      - "1"
    url: https://management.azure.com/subscriptions/00000000-0000-0000-0000-000000000000/providers/Microsoft.ContainerService/locations/westus3/operations/bdf4c6f6-a23c-4de9-b37c-d53d217dacef?api-version=2016-03-30
    method: GET
  response:
    body: |-
      {
        "name": "f6c6f4bd-3ca2-e94d-b37c-d53d217dacef",
        "status": "InProgress",
        "startTime": "2001-02-03T04:05:06Z"
       }
    headers:
      Cache-Control:
      - no-cache
      Content-Type:
      - application/json
      Expires:
      - "-1"
      Pragma:
      - no-cache
      Server:
      - nginx
      Strict-Transport-Security:
      - max-age=31536000; includeSubDomains
      Vary:
      - Accept-Encoding
      X-Content-Type-Options:
      - nosniff
    status: 200 OK
    code: 200
    duration: ""
- request:
    body: ""
    form: {}
    headers:
      Test-Request-Attempt:
      - "2"
    url: https://management.azure.com/subscriptions/00000000-0000-0000-0000-000000000000/providers/Microsoft.ContainerService/locations/westus3/operations/bdf4c6f6-a23c-4de9-b37c-d53d217dacef?api-version=2016-03-30
    method: GET
  response:
    body: |-
      {
        "name": "f6c6f4bd-3ca2-e94d-b37c-d53d217dacef",
        "status": "InProgress",
        "startTime": "2001-02-03T04:05:06Z"
       }
    headers:
      Cache-Control:
      - no-cache
      Content-Type:
      - application/json
      Expires:
      - "-1"
      Pragma:
      - no-cache
      Server:
      - nginx
      Strict-Transport-Security:
      - max-age=31536000; includeSubDomains
      Vary:
      - Accept-Encoding
      X-Content-Type-Options:
      - nosniff
    status: 200 OK
    code: 200
    duration: ""
- request:
    body: ""
    form: {}
    headers:
      Test-Request-Attempt:
      - "3"
    url: https://management.azure.com/subscriptions/00000000-0000-0000-0000-000000000000/providers/Microsoft.ContainerService/locations/westus3/operations/bdf4c6f6-a23c-4de9-b37c-d53d217dacef?api-version=2016-03-30
    method: GET
  response:
    body: |-
      {
        "name": "f6c6f4bd-3ca2-e94d-b37c-d53d217dacef",
        "status": "InProgress",
        "startTime": "2001-02-03T04:05:06Z"
       }
    headers:
      Cache-Control:
      - no-cache
      Content-Type:
      - application/json
      Expires:
      - "-1"
      Pragma:
      - no-cache
      Server:
      - nginx
      Strict-Transport-Security:
      - max-age=31536000; includeSubDomains
      Vary:
      - Accept-Encoding
      X-Content-Type-Options:
      - nosniff
    status: 200 OK
    code: 200
    duration: ""
- request:
    body: ""
    form: {}
    headers:
      Test-Request-Attempt:
      - "4"
    url: https://management.azure.com/subscriptions/00000000-0000-0000-0000-000000000000/providers/Microsoft.ContainerService/locations/westus3/operations/bdf4c6f6-a23c-4de9-b37c-d53d217dacef?api-version=2016-03-30
    method: GET
  response:
    body: |-
      {
        "name": "f6c6f4bd-3ca2-e94d-b37c-d53d217dacef",
        "status": "InProgress",
        "startTime": "2001-02-03T04:05:06Z"
       }
    headers:
      Cache-Control:
      - no-cache
      Content-Type:
      - application/json
      Expires:
      - "-1"
      Pragma:
      - no-cache
      Server:
      - nginx
      Strict-Transport-Security:
      - max-age=31536000; includeSubDomains
      Vary:
      - Accept-Encoding
      X-Content-Type-Options:
      - nosniff
    status: 200 OK
    code: 200
    duration: ""
- request:
    body: ""
    form: {}
    headers:
      Test-Request-Attempt:
      - "5"
    url: https://management.azure.com/subscriptions/00000000-0000-0000-0000-000000000000/providers/Microsoft.ContainerService/locations/westus3/operations/bdf4c6f6-a23c-4de9-b37c-d53d217dacef?api-version=2016-03-30
    method: GET
  response:
    body: |-
      {
        "name": "f6c6f4bd-3ca2-e94d-b37c-d53d217dacef",
        "status": "InProgress",
        "startTime": "2001-02-03T04:05:06Z"
       }
    headers:
      Cache-Control:
      - no-cache
      Content-Type:
      - application/json
      Expires:
      - "-1"
      Pragma:
      - no-cache
      Server:
      - nginx
      Strict-Transport-Security:
      - max-age=31536000; includeSubDomains
      Vary:
      - Accept-Encoding
      X-Content-Type-Options:
      - nosniff
    status: 200 OK
    code: 200
    duration: ""
- request:
    body: ""
    form: {}
    headers:
      Test-Request-Attempt:
      - "6"
    url: https://management.azure.com/subscriptions/00000000-0000-0000-0000-000000000000/providers/Microsoft.ContainerService/locations/westus3/operations/bdf4c6f6-a23c-4de9-b37c-d53d217dacef?api-version=2016-03-30
    method: GET
  response:
    body: |-
      {
        "name": "f6c6f4bd-3ca2-e94d-b37c-d53d217dacef",
        "status": "Succeeded",
        "startTime": "2001-02-03T04:05:06Z",
        "endTime": "2001-02-03T04:05:06Z"
       }
    headers:
      Cache-Control:
      - no-cache
      Content-Type:
      - application/json
      Expires:
      - "-1"
      Pragma:
      - no-cache
      Server:
      - nginx
      Strict-Transport-Security:
      - max-age=31536000; includeSubDomains
      Vary:
      - Accept-Encoding
      X-Content-Type-Options:
      - nosniff
    status: 200 OK
    code: 200
    duration: ""
- request:
    body: ""
    form: {}
    headers:
      Test-Request-Attempt:
      - "7"
    url: https://management.azure.com/subscriptions/00000000-0000-0000-0000-000000000000/resourceGroups/asotest-rg-kfdsdw/providers/Microsoft.ContainerService/managedClusters/asotest-mc-sgohla?api-version=2023-02-02-preview
    method: GET
  response:
    body: |-
      {
        "id": "/subscriptions/00000000-0000-0000-0000-000000000000/resourcegroups/asotest-rg-kfdsdw/providers/Microsoft.ContainerService/managedClusters/asotest-mc-sgohla",
        "location": "westus3",
        "name": "asotest-mc-sgohla",
        "type": "Microsoft.ContainerService/ManagedClusters",
        "properties": {
         "provisioningState": "Succeeded",
         "powerState": {
          "code": "Running"
         },
         "kubernetesVersion": "1.25.6",
         "currentKubernetesVersion": "1.25.6",
         "dnsPrefix": "aso",
         "fqdn": "aso-7416p4jw.hcp.westus3.azmk8s.io",
         "azurePortalFQDN": "aso-7416p4jw.portal.hcp.westus3.azmk8s.io",
         "agentPoolProfiles": [
          {
           "name": "ap1",
           "count": 1,
           "vmSize": "Standard_DS2_v2",
           "osDiskSizeGB": 128,
           "osDiskType": "Managed",
           "kubeletDiskType": "OS",
           "maxPods": 110,
           "type": "VirtualMachineScaleSets",
           "provisioningState": "Succeeded",
           "powerState": {
            "code": "Running"
           },
           "orchestratorVersion": "1.25.6",
           "currentOrchestratorVersion": "1.25.6",
           "enableCustomCATrust": false,
           "mode": "System",
           "osType": "Linux",
           "osSKU": "Ubuntu",
           "nodeImageVersion": "AKSUbuntu-2204gen2containerd-202306.01.0",
           "enableFIPS": false
          }
         ],
         "linuxProfile": {
          "adminUsername": "adminUser",
          "ssh": {
           "publicKeys": [
            {
             "keyData": "ssh-rsa {KEY}\n"
            }
           ]
          }
         },
         "servicePrincipalProfile": {
          "clientId": "msi"
         },
         "nodeResourceGroup": "MC_asotest-rg-kfdsdw_asotest-mc-sgohla_westus3",
         "enableRBAC": true,
         "networkProfile": {
          "networkPlugin": "kubenet",
          "loadBalancerSku": "Standard",
          "loadBalancerProfile": {
           "managedOutboundIPs": {
            "count": 1
           },
           "effectiveOutboundIPs": [
            {
             "id": "/subscriptions/00000000-0000-0000-0000-000000000000/resourceGroups/MC_asotest-rg-kfdsdw_asotest-mc-sgohla_westus3/providers/Microsoft.Network/publicIPAddresses/a78b2281-7677-4b79-95c6-bcdbf56234a3"
            }
           ],
           "backendPoolType": "nodeIPConfiguration"
          },
          "podCidr": "10.244.0.0/16",
          "serviceCidr": "10.0.0.0/16",
          "dnsServiceIP": "10.0.0.10",
          "dockerBridgeCidr": "172.17.0.1/16",
          "outboundType": "loadBalancer",
          "podCidrs": [
           "10.244.0.0/16"
          ],
          "serviceCidrs": [
           "10.0.0.0/16"
          ],
          "ipFamilies": [
           "IPv4"
          ]
         },
         "maxAgentPools": 100,
         "identityProfile": {
          "kubeletidentity": {
           "resourceId": "/subscriptions/00000000-0000-0000-0000-000000000000/resourcegroups/MC_asotest-rg-kfdsdw_asotest-mc-sgohla_westus3/providers/Microsoft.ManagedIdentity/userAssignedIdentities/asotest-mc-sgohla-agentpool",
           "clientId": "83789d28-0f30-4740-b483-cf111c21210a",
           "objectId": "d0bdf48f-87da-49c6-9d1a-015a2f07d100"
          }
         },
         "securityProfile": {},
         "storageProfile": {
          "diskCSIDriver": {
           "enabled": true,
           "version": "v1"
          },
          "fileCSIDriver": {
           "enabled": true
          },
          "snapshotController": {
           "enabled": true
          }
         },
         "oidcIssuerProfile": {
          "enabled": false
         },
         "workloadAutoScalerProfile": {}
        },
        "identity": {
         "type": "SystemAssigned",
         "principalId": "76afbd12-400d-4d55-b803-68ae3f41e710",
         "tenantId": "00000000-0000-0000-0000-000000000000"
        },
        "sku": {
         "name": "Base",
         "tier": "Standard"
        }
       }
    headers:
      Cache-Control:
      - no-cache
      Content-Type:
      - application/json
      Expires:
      - "-1"
      Pragma:
      - no-cache
      Server:
      - nginx
      Strict-Transport-Security:
      - max-age=31536000; includeSubDomains
      Vary:
      - Accept-Encoding
      X-Content-Type-Options:
      - nosniff
    status: 200 OK
    code: 200
    duration: ""
- request:
    body: ""
    form: {}
    headers:
      Accept:
      - application/json
      Test-Request-Attempt:
      - "8"
    url: https://management.azure.com/subscriptions/00000000-0000-0000-0000-000000000000/resourceGroups/asotest-rg-kfdsdw/providers/Microsoft.ContainerService/managedClusters/asotest-mc-sgohla?api-version=2023-02-02-preview
    method: GET
  response:
    body: |-
      {
        "id": "/subscriptions/00000000-0000-0000-0000-000000000000/resourcegroups/asotest-rg-kfdsdw/providers/Microsoft.ContainerService/managedClusters/asotest-mc-sgohla",
        "location": "westus3",
        "name": "asotest-mc-sgohla",
        "type": "Microsoft.ContainerService/ManagedClusters",
        "properties": {
         "provisioningState": "Succeeded",
         "powerState": {
          "code": "Running"
         },
         "kubernetesVersion": "1.25.6",
         "currentKubernetesVersion": "1.25.6",
         "dnsPrefix": "aso",
         "fqdn": "aso-7416p4jw.hcp.westus3.azmk8s.io",
         "azurePortalFQDN": "aso-7416p4jw.portal.hcp.westus3.azmk8s.io",
         "agentPoolProfiles": [
          {
           "name": "ap1",
           "count": 1,
           "vmSize": "Standard_DS2_v2",
           "osDiskSizeGB": 128,
           "osDiskType": "Managed",
           "kubeletDiskType": "OS",
           "maxPods": 110,
           "type": "VirtualMachineScaleSets",
           "provisioningState": "Succeeded",
           "powerState": {
            "code": "Running"
           },
           "orchestratorVersion": "1.25.6",
           "currentOrchestratorVersion": "1.25.6",
           "enableCustomCATrust": false,
           "mode": "System",
           "osType": "Linux",
           "osSKU": "Ubuntu",
           "nodeImageVersion": "AKSUbuntu-2204gen2containerd-202306.01.0",
           "enableFIPS": false
          }
         ],
         "linuxProfile": {
          "adminUsername": "adminUser",
          "ssh": {
           "publicKeys": [
            {
             "keyData": "ssh-rsa {KEY}\n"
            }
           ]
          }
         },
         "servicePrincipalProfile": {
          "clientId": "msi"
         },
         "nodeResourceGroup": "MC_asotest-rg-kfdsdw_asotest-mc-sgohla_westus3",
         "enableRBAC": true,
         "networkProfile": {
          "networkPlugin": "kubenet",
          "loadBalancerSku": "Standard",
          "loadBalancerProfile": {
           "managedOutboundIPs": {
            "count": 1
           },
           "effectiveOutboundIPs": [
            {
             "id": "/subscriptions/00000000-0000-0000-0000-000000000000/resourceGroups/MC_asotest-rg-kfdsdw_asotest-mc-sgohla_westus3/providers/Microsoft.Network/publicIPAddresses/a78b2281-7677-4b79-95c6-bcdbf56234a3"
            }
           ],
           "backendPoolType": "nodeIPConfiguration"
          },
          "podCidr": "10.244.0.0/16",
          "serviceCidr": "10.0.0.0/16",
          "dnsServiceIP": "10.0.0.10",
          "dockerBridgeCidr": "172.17.0.1/16",
          "outboundType": "loadBalancer",
          "podCidrs": [
           "10.244.0.0/16"
          ],
          "serviceCidrs": [
           "10.0.0.0/16"
          ],
          "ipFamilies": [
           "IPv4"
          ]
         },
         "maxAgentPools": 100,
         "identityProfile": {
          "kubeletidentity": {
           "resourceId": "/subscriptions/00000000-0000-0000-0000-000000000000/resourcegroups/MC_asotest-rg-kfdsdw_asotest-mc-sgohla_westus3/providers/Microsoft.ManagedIdentity/userAssignedIdentities/asotest-mc-sgohla-agentpool",
           "clientId": "83789d28-0f30-4740-b483-cf111c21210a",
           "objectId": "d0bdf48f-87da-49c6-9d1a-015a2f07d100"
          }
         },
         "securityProfile": {},
         "storageProfile": {
          "diskCSIDriver": {
           "enabled": true,
           "version": "v1"
          },
          "fileCSIDriver": {
           "enabled": true
          },
          "snapshotController": {
           "enabled": true
          }
         },
         "oidcIssuerProfile": {
          "enabled": false
         },
         "workloadAutoScalerProfile": {}
        },
        "identity": {
         "type": "SystemAssigned",
         "principalId": "76afbd12-400d-4d55-b803-68ae3f41e710",
         "tenantId": "00000000-0000-0000-0000-000000000000"
        },
        "sku": {
         "name": "Base",
         "tier": "Standard"
        }
       }
    headers:
      Cache-Control:
      - no-cache
      Content-Type:
      - application/json
      Expires:
      - "-1"
      Pragma:
      - no-cache
      Server:
      - nginx
      Strict-Transport-Security:
      - max-age=31536000; includeSubDomains
      Vary:
      - Accept-Encoding
      X-Content-Type-Options:
      - nosniff
    status: 200 OK
    code: 200
    duration: ""
- request:
    body: ""
    form: {}
    headers:
      Accept:
      - application/json
      Test-Request-Attempt:
      - "0"
    url: https://management.azure.com/subscriptions/00000000-0000-0000-0000-000000000000/resourceGroups/asotest-rg-kfdsdw/providers/Microsoft.ContainerService/managedClusters/asotest-mc-sgohla/listClusterAdminCredential?api-version=2022-04-01
    method: POST
  response:
    body: |-
      {
        "kubeconfigs": [
         {
          "name": "clusterAdmin",
          "value": "IA=="
         }
        ]
       }
    headers:
      Cache-Control:
      - no-cache
      Content-Type:
      - application/json
      Expires:
      - "-1"
      Pragma:
      - no-cache
      Server:
      - nginx
      Strict-Transport-Security:
      - max-age=31536000; includeSubDomains
      Vary:
      - Accept-Encoding
      X-Content-Type-Options:
      - nosniff
    status: 200 OK
    code: 200
    duration: ""
- request:
    body: ""
    form: {}
    headers:
      Accept:
      - application/json
      Test-Request-Attempt:
      - "0"
    url: https://management.azure.com/subscriptions/00000000-0000-0000-0000-000000000000/resourceGroups/asotest-rg-kfdsdw/providers/Microsoft.ContainerService/managedClusters/asotest-mc-sgohla/listClusterUserCredential?api-version=2022-04-01
    method: POST
  response:
    body: |-
      {
        "kubeconfigs": [
         {
          "name": "clusterUser",
          "value": "IA=="
         }
        ]
       }
    headers:
      Cache-Control:
      - no-cache
      Content-Type:
      - application/json
      Expires:
      - "-1"
      Pragma:
      - no-cache
      Server:
      - nginx
      Strict-Transport-Security:
      - max-age=31536000; includeSubDomains
      Vary:
      - Accept-Encoding
      X-Content-Type-Options:
      - nosniff
    status: 200 OK
    code: 200
    duration: ""
- request:
    body: '{"kind":"StorageV2","location":"westus2","name":"asoteststorpxftks","properties":{"accessTier":"Hot"},"sku":{"name":"Standard_LRS"}}'
    form: {}
    headers:
      Accept:
      - application/json
      Content-Length:
      - "132"
      Content-Type:
      - application/json
      Test-Request-Attempt:
      - "0"
    url: https://management.azure.com/subscriptions/00000000-0000-0000-0000-000000000000/resourceGroups/asotest-rg-kfdsdw/providers/Microsoft.Storage/storageAccounts/asoteststorpxftks?api-version=2021-04-01
    method: PUT
  response:
    body: ""
    headers:
      Cache-Control:
      - no-cache
      Content-Length:
      - "0"
      Content-Type:
      - text/plain; charset=utf-8
      Expires:
      - "-1"
      Location:
      - https://management.azure.com/subscriptions/00000000-0000-0000-0000-000000000000/providers/Microsoft.Storage/locations/westus2/asyncoperations/1d263138-80a2-4d64-a1e9-9548935154d3?monitor=true&api-version=2021-04-01
      Pragma:
      - no-cache
      Retry-After:
      - "17"
      Server:
      - Microsoft-Azure-Storage-Resource-Provider/1.0,Microsoft-HTTPAPI/2.0 Microsoft-HTTPAPI/2.0
      Strict-Transport-Security:
      - max-age=31536000; includeSubDomains
      X-Content-Type-Options:
      - nosniff
    status: 202 Accepted
    code: 202
    duration: ""
- request:
    body: ""
    form: {}
    headers:
      Test-Request-Attempt:
      - "0"
    url: https://management.azure.com/subscriptions/00000000-0000-0000-0000-000000000000/providers/Microsoft.Storage/locations/westus2/asyncoperations/1d263138-80a2-4d64-a1e9-9548935154d3?monitor=true&api-version=2021-04-01
    method: GET
  response:
    body: ""
    headers:
      Cache-Control:
      - no-cache
      Content-Length:
      - "0"
      Content-Type:
      - text/plain; charset=utf-8
      Expires:
      - "-1"
      Location:
      - https://management.azure.com/subscriptions/00000000-0000-0000-0000-000000000000/providers/Microsoft.Storage/locations/westus2/asyncoperations/1d263138-80a2-4d64-a1e9-9548935154d3?monitor=true&api-version=2021-04-01
      Pragma:
      - no-cache
      Retry-After:
      - "17"
      Server:
      - Microsoft-Azure-Storage-Resource-Provider/1.0,Microsoft-HTTPAPI/2.0 Microsoft-HTTPAPI/2.0
      Strict-Transport-Security:
      - max-age=31536000; includeSubDomains
      X-Content-Type-Options:
      - nosniff
    status: 202 Accepted
    code: 202
    duration: ""
- request:
    body: ""
    form: {}
    headers:
      Test-Request-Attempt:
      - "1"
    url: https://management.azure.com/subscriptions/00000000-0000-0000-0000-000000000000/providers/Microsoft.Storage/locations/westus2/asyncoperations/1d263138-80a2-4d64-a1e9-9548935154d3?monitor=true&api-version=2021-04-01
    method: GET
  response:
    body: '{"sku":{"name":"Standard_LRS","tier":"Standard"},"kind":"StorageV2","id":"/subscriptions/00000000-0000-0000-0000-000000000000/resourceGroups/asotest-rg-kfdsdw/providers/Microsoft.Storage/storageAccounts/asoteststorpxftks","name":"asoteststorpxftks","type":"Microsoft.Storage/storageAccounts","location":"westus2","tags":{},"properties":{"keyCreationTime":{"key1":"2001-02-03T04:05:06Z","key2":"2001-02-03T04:05:06Z"},"privateEndpointConnections":[],"networkAcls":{"bypass":"AzureServices","virtualNetworkRules":[],"ipRules":[],"defaultAction":"Allow"},"supportsHttpsTrafficOnly":true,"encryption":{"services":{"file":{"keyType":"Account","enabled":true,"lastEnabledTime":"2001-02-03T04:05:06Z"},"blob":{"keyType":"Account","enabled":true,"lastEnabledTime":"2001-02-03T04:05:06Z"}},"keySource":"Microsoft.Storage"},"accessTier":"Hot","provisioningState":"Succeeded","creationTime":"2001-02-03T04:05:06Z","primaryEndpoints":{"dfs":"https://asoteststorpxftks.dfs.core.windows.net/","web":"https://asoteststorpxftks.z5.web.core.windows.net/","blob":"https://asoteststorpxftks.blob.core.windows.net/","queue":"https://asoteststorpxftks.queue.core.windows.net/","table":"https://asoteststorpxftks.table.core.windows.net/","file":"https://asoteststorpxftks.file.core.windows.net/"},"primaryLocation":"westus2","statusOfPrimary":"available"}}'
    headers:
      Cache-Control:
      - no-cache
      Content-Type:
      - application/json
      Expires:
      - "-1"
      Pragma:
      - no-cache
      Server:
      - Microsoft-Azure-Storage-Resource-Provider/1.0,Microsoft-HTTPAPI/2.0 Microsoft-HTTPAPI/2.0
      Strict-Transport-Security:
      - max-age=31536000; includeSubDomains
      Vary:
      - Accept-Encoding
      X-Content-Type-Options:
      - nosniff
    status: 200 OK
    code: 200
    duration: ""
- request:
    body: ""
    form: {}
    headers:
      Accept:
      - application/json
      Test-Request-Attempt:
      - "0"
    url: https://management.azure.com/subscriptions/00000000-0000-0000-0000-000000000000/resourceGroups/asotest-rg-kfdsdw/providers/Microsoft.Storage/storageAccounts/asoteststorpxftks?api-version=2021-04-01
    method: GET
  response:
    body: '{"sku":{"name":"Standard_LRS","tier":"Standard"},"kind":"StorageV2","id":"/subscriptions/00000000-0000-0000-0000-000000000000/resourceGroups/asotest-rg-kfdsdw/providers/Microsoft.Storage/storageAccounts/asoteststorpxftks","name":"asoteststorpxftks","type":"Microsoft.Storage/storageAccounts","location":"westus2","tags":{},"properties":{"keyCreationTime":{"key1":"2001-02-03T04:05:06Z","key2":"2001-02-03T04:05:06Z"},"privateEndpointConnections":[],"networkAcls":{"bypass":"AzureServices","virtualNetworkRules":[],"ipRules":[],"defaultAction":"Allow"},"supportsHttpsTrafficOnly":true,"encryption":{"services":{"file":{"keyType":"Account","enabled":true,"lastEnabledTime":"2001-02-03T04:05:06Z"},"blob":{"keyType":"Account","enabled":true,"lastEnabledTime":"2001-02-03T04:05:06Z"}},"keySource":"Microsoft.Storage"},"accessTier":"Hot","provisioningState":"Succeeded","creationTime":"2001-02-03T04:05:06Z","primaryEndpoints":{"dfs":"https://asoteststorpxftks.dfs.core.windows.net/","web":"https://asoteststorpxftks.z5.web.core.windows.net/","blob":"https://asoteststorpxftks.blob.core.windows.net/","queue":"https://asoteststorpxftks.queue.core.windows.net/","table":"https://asoteststorpxftks.table.core.windows.net/","file":"https://asoteststorpxftks.file.core.windows.net/"},"primaryLocation":"westus2","statusOfPrimary":"available"}}'
    headers:
      Cache-Control:
      - no-cache
      Content-Type:
      - application/json
      Expires:
      - "-1"
      Pragma:
      - no-cache
      Server:
      - Microsoft-Azure-Storage-Resource-Provider/1.0,Microsoft-HTTPAPI/2.0 Microsoft-HTTPAPI/2.0
      Strict-Transport-Security:
      - max-age=31536000; includeSubDomains
      Vary:
      - Accept-Encoding
      X-Content-Type-Options:
      - nosniff
    status: 200 OK
    code: 200
    duration: ""
- request:
    body: '{"location":"westus2","name":"asotest-keyvault-msimpt","properties":{"accessPolicies":[{"applicationId":"00000000-0000-0000-0000-000000000000","objectId":"00000000-0000-0000-0000-000000000000","permissions":{"certificates":["get"],"keys":["get"],"secrets":["get"],"storage":["get"]},"tenantId":"00000000-0000-0000-0000-000000000000"}],"enableSoftDelete":false,"sku":{"family":"A","name":"standard"},"tenantId":"00000000-0000-0000-0000-000000000000"}}'
    form: {}
    headers:
      Accept:
      - application/json
      Content-Length:
      - "450"
      Content-Type:
      - application/json
      Test-Request-Attempt:
      - "0"
    url: https://management.azure.com/subscriptions/00000000-0000-0000-0000-000000000000/resourceGroups/asotest-rg-kfdsdw/providers/Microsoft.KeyVault/vaults/asotest-keyvault-msimpt?api-version=2021-04-01-preview
    method: PUT
  response:
    body: '{"id":"/subscriptions/00000000-0000-0000-0000-000000000000/resourceGroups/asotest-rg-kfdsdw/providers/Microsoft.KeyVault/vaults/asotest-keyvault-msimpt","name":"asotest-keyvault-msimpt","type":"Microsoft.KeyVault/vaults","location":"westus2","tags":{},"systemData":{"createdBy":"e5d772d8-b77f-4ed1-8dbb-3e8d433cbf46","createdByType":"Application","createdAt":"2001-02-03T04:05:06Z","lastModifiedBy":"e5d772d8-b77f-4ed1-8dbb-3e8d433cbf46","lastModifiedByType":"Application","lastModifiedAt":"2001-02-03T04:05:06Z"},"properties":{"sku":{"family":"A","name":"standard"},"tenantId":"00000000-0000-0000-0000-000000000000","accessPolicies":[{"tenantId":"00000000-0000-0000-0000-000000000000","objectId":"00000000-0000-0000-0000-000000000000","applicationId":"00000000-0000-0000-0000-000000000000","permissions":{"certificates":["get"],"keys":["get"],"secrets":["get"],"storage":["get"]}}],"enabledForDeployment":false,"enableSoftDelete":true,"vaultUri":"https://asotest-keyvault-msimpt.vault.azure.net","provisioningState":"RegisteringDns"}}'
    headers:
      Cache-Control:
      - no-cache
      Content-Type:
      - application/json; charset=utf-8
      Expires:
      - "-1"
      Pragma:
      - no-cache
      Server:
      - Microsoft-IIS/10.0
      Strict-Transport-Security:
      - max-age=31536000; includeSubDomains
      Vary:
      - Accept-Encoding
      X-Aspnet-Version:
      - 4.0.30319
      X-Content-Type-Options:
      - nosniff
      X-Ms-Keyvault-Service-Version:
      - 1.5.822.0
    status: 200 OK
    code: 200
    duration: ""
- request:
    body: ""
    form: {}
    headers:
      Test-Request-Attempt:
      - "0"
    url: https://management.azure.com/subscriptions/00000000-0000-0000-0000-000000000000/resourceGroups/asotest-rg-kfdsdw/providers/Microsoft.KeyVault/vaults/asotest-keyvault-msimpt?api-version=2021-04-01-preview
    method: GET
  response:
    body: '{"id":"/subscriptions/00000000-0000-0000-0000-000000000000/resourceGroups/asotest-rg-kfdsdw/providers/Microsoft.KeyVault/vaults/asotest-keyvault-msimpt","name":"asotest-keyvault-msimpt","type":"Microsoft.KeyVault/vaults","location":"westus2","tags":{},"systemData":{"createdBy":"e5d772d8-b77f-4ed1-8dbb-3e8d433cbf46","createdByType":"Application","createdAt":"2001-02-03T04:05:06Z","lastModifiedBy":"e5d772d8-b77f-4ed1-8dbb-3e8d433cbf46","lastModifiedByType":"Application","lastModifiedAt":"2001-02-03T04:05:06Z"},"properties":{"sku":{"family":"A","name":"standard"},"tenantId":"00000000-0000-0000-0000-000000000000","accessPolicies":[{"tenantId":"00000000-0000-0000-0000-000000000000","objectId":"00000000-0000-0000-0000-000000000000","applicationId":"00000000-0000-0000-0000-000000000000","permissions":{"certificates":["get"],"keys":["get"],"secrets":["get"],"storage":["get"]}}],"enabledForDeployment":false,"enableSoftDelete":true,"vaultUri":"https://asotest-keyvault-msimpt.vault.azure.net/","provisioningState":"RegisteringDns"}}'
    headers:
      Cache-Control:
      - no-cache
      Content-Type:
      - application/json; charset=utf-8
      Expires:
      - "-1"
      Pragma:
      - no-cache
      Server:
      - Microsoft-IIS/10.0
      Strict-Transport-Security:
      - max-age=31536000; includeSubDomains
      Vary:
      - Accept-Encoding
      X-Aspnet-Version:
      - 4.0.30319
      X-Content-Type-Options:
      - nosniff
      X-Ms-Keyvault-Service-Version:
      - 1.5.822.0
    status: 200 OK
    code: 200
    duration: ""
- request:
    body: ""
    form: {}
    headers:
      Test-Request-Attempt:
      - "1"
    url: https://management.azure.com/subscriptions/00000000-0000-0000-0000-000000000000/resourceGroups/asotest-rg-kfdsdw/providers/Microsoft.KeyVault/vaults/asotest-keyvault-msimpt?api-version=2021-04-01-preview
    method: GET
  response:
    body: '{"id":"/subscriptions/00000000-0000-0000-0000-000000000000/resourceGroups/asotest-rg-kfdsdw/providers/Microsoft.KeyVault/vaults/asotest-keyvault-msimpt","name":"asotest-keyvault-msimpt","type":"Microsoft.KeyVault/vaults","location":"westus2","tags":{},"systemData":{"createdBy":"e5d772d8-b77f-4ed1-8dbb-3e8d433cbf46","createdByType":"Application","createdAt":"2001-02-03T04:05:06Z","lastModifiedBy":"e5d772d8-b77f-4ed1-8dbb-3e8d433cbf46","lastModifiedByType":"Application","lastModifiedAt":"2001-02-03T04:05:06Z"},"properties":{"sku":{"family":"A","name":"standard"},"tenantId":"00000000-0000-0000-0000-000000000000","accessPolicies":[{"tenantId":"00000000-0000-0000-0000-000000000000","objectId":"00000000-0000-0000-0000-000000000000","applicationId":"00000000-0000-0000-0000-000000000000","permissions":{"certificates":["get"],"keys":["get"],"secrets":["get"],"storage":["get"]}}],"enabledForDeployment":false,"enableSoftDelete":true,"vaultUri":"https://asotest-keyvault-msimpt.vault.azure.net/","provisioningState":"RegisteringDns"}}'
    headers:
      Cache-Control:
      - no-cache
      Content-Type:
      - application/json; charset=utf-8
      Expires:
      - "-1"
      Pragma:
      - no-cache
      Server:
      - Microsoft-IIS/10.0
      Strict-Transport-Security:
      - max-age=31536000; includeSubDomains
      Vary:
      - Accept-Encoding
      X-Aspnet-Version:
      - 4.0.30319
      X-Content-Type-Options:
      - nosniff
      X-Ms-Keyvault-Service-Version:
      - 1.5.822.0
    status: 200 OK
    code: 200
    duration: ""
- request:
    body: ""
    form: {}
    headers:
      Test-Request-Attempt:
      - "2"
    url: https://management.azure.com/subscriptions/00000000-0000-0000-0000-000000000000/resourceGroups/asotest-rg-kfdsdw/providers/Microsoft.KeyVault/vaults/asotest-keyvault-msimpt?api-version=2021-04-01-preview
    method: GET
  response:
    body: '{"id":"/subscriptions/00000000-0000-0000-0000-000000000000/resourceGroups/asotest-rg-kfdsdw/providers/Microsoft.KeyVault/vaults/asotest-keyvault-msimpt","name":"asotest-keyvault-msimpt","type":"Microsoft.KeyVault/vaults","location":"westus2","tags":{},"systemData":{"createdBy":"e5d772d8-b77f-4ed1-8dbb-3e8d433cbf46","createdByType":"Application","createdAt":"2001-02-03T04:05:06Z","lastModifiedBy":"e5d772d8-b77f-4ed1-8dbb-3e8d433cbf46","lastModifiedByType":"Application","lastModifiedAt":"2001-02-03T04:05:06Z"},"properties":{"sku":{"family":"A","name":"standard"},"tenantId":"00000000-0000-0000-0000-000000000000","accessPolicies":[{"tenantId":"00000000-0000-0000-0000-000000000000","objectId":"00000000-0000-0000-0000-000000000000","applicationId":"00000000-0000-0000-0000-000000000000","permissions":{"certificates":["get"],"keys":["get"],"secrets":["get"],"storage":["get"]}}],"enabledForDeployment":false,"enableSoftDelete":true,"vaultUri":"https://asotest-keyvault-msimpt.vault.azure.net/","provisioningState":"RegisteringDns"}}'
    headers:
      Cache-Control:
      - no-cache
      Content-Type:
      - application/json; charset=utf-8
      Expires:
      - "-1"
      Pragma:
      - no-cache
      Server:
      - Microsoft-IIS/10.0
      Strict-Transport-Security:
      - max-age=31536000; includeSubDomains
      Vary:
      - Accept-Encoding
      X-Aspnet-Version:
      - 4.0.30319
      X-Content-Type-Options:
      - nosniff
      X-Ms-Keyvault-Service-Version:
      - 1.5.822.0
    status: 200 OK
    code: 200
    duration: ""
- request:
    body: ""
    form: {}
    headers:
      Test-Request-Attempt:
      - "3"
    url: https://management.azure.com/subscriptions/00000000-0000-0000-0000-000000000000/resourceGroups/asotest-rg-kfdsdw/providers/Microsoft.KeyVault/vaults/asotest-keyvault-msimpt?api-version=2021-04-01-preview
    method: GET
  response:
    body: '{"id":"/subscriptions/00000000-0000-0000-0000-000000000000/resourceGroups/asotest-rg-kfdsdw/providers/Microsoft.KeyVault/vaults/asotest-keyvault-msimpt","name":"asotest-keyvault-msimpt","type":"Microsoft.KeyVault/vaults","location":"westus2","tags":{},"systemData":{"createdBy":"e5d772d8-b77f-4ed1-8dbb-3e8d433cbf46","createdByType":"Application","createdAt":"2001-02-03T04:05:06Z","lastModifiedBy":"e5d772d8-b77f-4ed1-8dbb-3e8d433cbf46","lastModifiedByType":"Application","lastModifiedAt":"2001-02-03T04:05:06Z"},"properties":{"sku":{"family":"A","name":"standard"},"tenantId":"00000000-0000-0000-0000-000000000000","accessPolicies":[{"tenantId":"00000000-0000-0000-0000-000000000000","objectId":"00000000-0000-0000-0000-000000000000","applicationId":"00000000-0000-0000-0000-000000000000","permissions":{"certificates":["get"],"keys":["get"],"secrets":["get"],"storage":["get"]}}],"enabledForDeployment":false,"enableSoftDelete":true,"vaultUri":"https://asotest-keyvault-msimpt.vault.azure.net/","provisioningState":"Succeeded"}}'
    headers:
      Cache-Control:
      - no-cache
      Content-Type:
      - application/json; charset=utf-8
      Expires:
      - "-1"
      Pragma:
      - no-cache
      Server:
      - Microsoft-IIS/10.0
      Strict-Transport-Security:
      - max-age=31536000; includeSubDomains
      Vary:
      - Accept-Encoding
      X-Aspnet-Version:
      - 4.0.30319
      X-Content-Type-Options:
      - nosniff
      X-Ms-Keyvault-Service-Version:
      - 1.5.822.0
    status: 200 OK
    code: 200
    duration: ""
- request:
    body: ""
    form: {}
    headers:
      Accept:
      - application/json
      Test-Request-Attempt:
      - "4"
    url: https://management.azure.com/subscriptions/00000000-0000-0000-0000-000000000000/resourceGroups/asotest-rg-kfdsdw/providers/Microsoft.KeyVault/vaults/asotest-keyvault-msimpt?api-version=2021-04-01-preview
    method: GET
  response:
    body: '{"id":"/subscriptions/00000000-0000-0000-0000-000000000000/resourceGroups/asotest-rg-kfdsdw/providers/Microsoft.KeyVault/vaults/asotest-keyvault-msimpt","name":"asotest-keyvault-msimpt","type":"Microsoft.KeyVault/vaults","location":"westus2","tags":{},"systemData":{"createdBy":"e5d772d8-b77f-4ed1-8dbb-3e8d433cbf46","createdByType":"Application","createdAt":"2001-02-03T04:05:06Z","lastModifiedBy":"e5d772d8-b77f-4ed1-8dbb-3e8d433cbf46","lastModifiedByType":"Application","lastModifiedAt":"2001-02-03T04:05:06Z"},"properties":{"sku":{"family":"A","name":"standard"},"tenantId":"00000000-0000-0000-0000-000000000000","accessPolicies":[{"tenantId":"00000000-0000-0000-0000-000000000000","objectId":"00000000-0000-0000-0000-000000000000","applicationId":"00000000-0000-0000-0000-000000000000","permissions":{"certificates":["get"],"keys":["get"],"secrets":["get"],"storage":["get"]}}],"enabledForDeployment":false,"enableSoftDelete":true,"vaultUri":"https://asotest-keyvault-msimpt.vault.azure.net/","provisioningState":"Succeeded"}}'
    headers:
      Cache-Control:
      - no-cache
      Content-Type:
      - application/json; charset=utf-8
      Expires:
      - "-1"
      Pragma:
      - no-cache
      Server:
      - Microsoft-IIS/10.0
      Strict-Transport-Security:
      - max-age=31536000; includeSubDomains
      Vary:
      - Accept-Encoding
      X-Aspnet-Version:
      - 4.0.30319
      X-Content-Type-Options:
      - nosniff
      X-Ms-Keyvault-Service-Version:
      - 1.5.822.0
    status: 200 OK
    code: 200
    duration: ""
- request:
    body: '{"identity":{"type":"SystemAssigned"},"location":"westus2","name":"asotestworkrgnasr","properties":{"allowPublicAccessWhenBehindVnet":false,"keyVault":"/subscriptions/00000000-0000-0000-0000-000000000000/resourceGroups/asotest-rg-kfdsdw/providers/Microsoft.KeyVault/vaults/asotest-keyvault-msimpt","storageAccount":"/subscriptions/00000000-0000-0000-0000-000000000000/resourceGroups/asotest-rg-kfdsdw/providers/Microsoft.Storage/storageAccounts/asoteststorpxftks"},"sku":{"name":"Standard_S1","tier":"Basic"}}'
    form: {}
    headers:
      Accept:
      - application/json
      Content-Length:
      - "509"
      Content-Type:
      - application/json
      Test-Request-Attempt:
      - "0"
    url: https://management.azure.com/subscriptions/00000000-0000-0000-0000-000000000000/resourceGroups/asotest-rg-kfdsdw/providers/Microsoft.MachineLearningServices/workspaces/asotestworkrgnasr?api-version=2021-07-01
    method: PUT
  response:
    body: ""
    headers:
      Azure-Asyncoperation:
      - https://management.azure.com/subscriptions/00000000-0000-0000-0000-000000000000/providers/Microsoft.MachineLearningServices/locations/westus2/workspaceOperationsStatus/VeniQPYdRLf_-NibzeUcjSFAOiOfdcknUg_oS7YDSVs?api-version=2021-07-01&type=async
      Cache-Control:
      - no-cache
      Content-Length:
      - "0"
      Expires:
      - "-1"
      Location:
      - https://management.azure.com/subscriptions/00000000-0000-0000-0000-000000000000/providers/Microsoft.MachineLearningServices/locations/westus2/workspaceOperationsStatus/VeniQPYdRLf_-NibzeUcjSFAOiOfdcknUg_oS7YDSVs?api-version=2021-07-01&type=location
      Pragma:
      - no-cache
      Request-Context:
      - appId=cid-v1:2d2e8e63-272e-4b3c-8598-4ee570a0e70d
      Strict-Transport-Security:
      - max-age=31536000; includeSubDomains
      X-Aml-Cluster:
      - vienna-westus2-01
      X-Content-Type-Options:
      - nosniff
      X-Ms-Response-Type:
      - standard
      X-Request-Time:
      - "0.103"
    status: 202 Accepted
    code: 202
    duration: ""
- request:
    body: ""
    form: {}
    headers:
      Test-Request-Attempt:
      - "0"
    url: https://management.azure.com/subscriptions/00000000-0000-0000-0000-000000000000/providers/Microsoft.MachineLearningServices/locations/westus2/workspaceOperationsStatus/VeniQPYdRLf_-NibzeUcjSFAOiOfdcknUg_oS7YDSVs?api-version=2021-07-01&type=async
    method: GET
  response:
    body: |-
      {
        "status": "InProgress"
      }
    headers:
      Cache-Control:
      - no-cache
      Content-Type:
      - application/json; charset=utf-8
      Expires:
      - "-1"
      Pragma:
      - no-cache
      Request-Context:
      - appId=cid-v1:2d2e8e63-272e-4b3c-8598-4ee570a0e70d
      Strict-Transport-Security:
      - max-age=31536000; includeSubDomains
      Vary:
      - Accept-Encoding
      X-Aml-Cluster:
      - vienna-westus2-01
      X-Content-Type-Options:
      - nosniff
      X-Ms-Response-Type:
      - standard
      X-Request-Time:
      - "0.014"
    status: 200 OK
    code: 200
    duration: ""
- request:
    body: ""
    form: {}
    headers:
      Test-Request-Attempt:
      - "1"
    url: https://management.azure.com/subscriptions/00000000-0000-0000-0000-000000000000/providers/Microsoft.MachineLearningServices/locations/westus2/workspaceOperationsStatus/VeniQPYdRLf_-NibzeUcjSFAOiOfdcknUg_oS7YDSVs?api-version=2021-07-01&type=async
    method: GET
  response:
    body: |-
      {
        "status": "InProgress"
      }
    headers:
      Cache-Control:
      - no-cache
      Content-Type:
      - application/json; charset=utf-8
      Expires:
      - "-1"
      Pragma:
      - no-cache
      Request-Context:
      - appId=cid-v1:2d2e8e63-272e-4b3c-8598-4ee570a0e70d
      Strict-Transport-Security:
      - max-age=31536000; includeSubDomains
      Vary:
      - Accept-Encoding
      X-Aml-Cluster:
      - vienna-westus2-01
      X-Content-Type-Options:
      - nosniff
      X-Ms-Response-Type:
      - standard
      X-Request-Time:
      - "0.015"
    status: 200 OK
    code: 200
    duration: ""
- request:
    body: ""
    form: {}
    headers:
      Test-Request-Attempt:
      - "2"
    url: https://management.azure.com/subscriptions/00000000-0000-0000-0000-000000000000/providers/Microsoft.MachineLearningServices/locations/westus2/workspaceOperationsStatus/VeniQPYdRLf_-NibzeUcjSFAOiOfdcknUg_oS7YDSVs?api-version=2021-07-01&type=async
    method: GET
  response:
    body: |-
      {
        "status": "InProgress"
      }
    headers:
      Cache-Control:
      - no-cache
      Content-Type:
      - application/json; charset=utf-8
      Expires:
      - "-1"
      Pragma:
      - no-cache
      Request-Context:
      - appId=cid-v1:2d2e8e63-272e-4b3c-8598-4ee570a0e70d
      Strict-Transport-Security:
      - max-age=31536000; includeSubDomains
      Vary:
      - Accept-Encoding
      X-Aml-Cluster:
      - vienna-westus2-01
      X-Content-Type-Options:
      - nosniff
      X-Ms-Response-Type:
      - standard
      X-Request-Time:
      - "0.018"
    status: 200 OK
    code: 200
    duration: ""
- request:
    body: ""
    form: {}
    headers:
      Test-Request-Attempt:
      - "3"
    url: https://management.azure.com/subscriptions/00000000-0000-0000-0000-000000000000/providers/Microsoft.MachineLearningServices/locations/westus2/workspaceOperationsStatus/VeniQPYdRLf_-NibzeUcjSFAOiOfdcknUg_oS7YDSVs?api-version=2021-07-01&type=async
    method: GET
  response:
    body: |-
      {
        "status": "InProgress"
      }
    headers:
      Cache-Control:
      - no-cache
      Content-Type:
      - application/json; charset=utf-8
      Expires:
      - "-1"
      Pragma:
      - no-cache
      Request-Context:
      - appId=cid-v1:2d2e8e63-272e-4b3c-8598-4ee570a0e70d
      Strict-Transport-Security:
      - max-age=31536000; includeSubDomains
      Vary:
      - Accept-Encoding
      X-Aml-Cluster:
      - vienna-westus2-01
      X-Content-Type-Options:
      - nosniff
      X-Ms-Response-Type:
      - standard
      X-Request-Time:
      - "0.014"
    status: 200 OK
    code: 200
    duration: ""
- request:
    body: ""
    form: {}
    headers:
      Test-Request-Attempt:
      - "4"
    url: https://management.azure.com/subscriptions/00000000-0000-0000-0000-000000000000/providers/Microsoft.MachineLearningServices/locations/westus2/workspaceOperationsStatus/VeniQPYdRLf_-NibzeUcjSFAOiOfdcknUg_oS7YDSVs?api-version=2021-07-01&type=async
    method: GET
  response:
    body: |-
      {
        "status": "Succeeded",
        "percentComplete": 100.0
      }
    headers:
      Cache-Control:
      - no-cache
      Content-Type:
      - application/json; charset=utf-8
      Expires:
      - "-1"
      Pragma:
      - no-cache
      Request-Context:
      - appId=cid-v1:2d2e8e63-272e-4b3c-8598-4ee570a0e70d
      Strict-Transport-Security:
      - max-age=31536000; includeSubDomains
      Vary:
      - Accept-Encoding
      X-Aml-Cluster:
      - vienna-westus2-01
      X-Content-Type-Options:
      - nosniff
      X-Ms-Response-Type:
      - standard
      X-Request-Time:
      - "0.015"
    status: 200 OK
    code: 200
    duration: ""
- request:
    body: ""
    form: {}
    headers:
      Test-Request-Attempt:
      - "0"
    url: https://management.azure.com/subscriptions/00000000-0000-0000-0000-000000000000/resourceGroups/asotest-rg-kfdsdw/providers/Microsoft.MachineLearningServices/workspaces/asotestworkrgnasr?api-version=2021-07-01
    method: GET
  response:
    body: |-
      {
        "id": "/subscriptions/00000000-0000-0000-0000-000000000000/resourceGroups/asotest-rg-kfdsdw/providers/Microsoft.MachineLearningServices/workspaces/asotestworkrgnasr",
        "name": "asotestworkrgnasr",
        "type": "Microsoft.MachineLearningServices/workspaces",
        "location": "westus2",
        "tags": {},
        "etag": null,
        "properties": {
          "friendlyName": "",
          "description": "",
          "storageAccount": "/subscriptions/00000000-0000-0000-0000-000000000000/resourceGroups/asotest-rg-kfdsdw/providers/Microsoft.Storage/storageAccounts/asoteststorpxftks",
          "keyVault": "/subscriptions/00000000-0000-0000-0000-000000000000/resourceGroups/asotest-rg-kfdsdw/providers/Microsoft.Keyvault/vaults/asotest-keyvault-msimpt",
          "applicationInsights": null,
          "hbiWorkspace": false,
          "tenantId": "00000000-0000-0000-0000-000000000000",
          "imageBuildCompute": null,
          "provisioningState": "Succeeded",
          "containerRegistry": "",
          "creationTime": "2001-02-03T04:05:06Z",
          "notebookInfo": {
            "resourceId": "0045fca237d54c3688aba581a0ac3e30",
            "fqdn": "ml-asotestworkrgna-westus2-56479f45-c96a-4469-9717-99c3ca3417cd.westus2.notebooks.azure.net",
            "isPrivateLinkEnabled": false,
            "notebookPreparationError": null
          },
          "storageHnsEnabled": false,
          "workspaceId": "56479f45-c96a-4469-9717-99c3ca3417cd",
          "linkedModelInventoryArmId": null,
          "privateLinkCount": 0,
          "allowPublicAccessWhenBehindVnet": true,
          "discoveryUrl": "https://westus2.api.azureml.ms/discovery",
          "mlFlowTrackingUri": "azureml://westus2.api.azureml.ms/mlflow/v1.0/subscriptions/00000000-0000-0000-0000-000000000000/resourceGroups/asotest-rg-kfdsdw/providers/Microsoft.MachineLearningServices/workspaces/asotestworkrgnasr",
          "sdkTelemetryAppInsightsKey": "73498d6d-b9a0-4d3b-9a6c-84285b86bea8",
          "sasGetterUri": ""
        },
        "identity": {
          "type": "SystemAssigned",
          "principalId": "806ea3bb-1dd1-45e3-a328-697c99e7c5f4",
          "tenantId": "00000000-0000-0000-0000-000000000000"
        },
        "kind": "Default",
        "sku": {
          "name": "Basic",
          "tier": "Basic"
        },
        "systemData": {
          "createdAt": "2001-02-03T04:05:06Z",
          "createdBy": "e5d772d8-b77f-4ed1-8dbb-3e8d433cbf46",
          "createdByType": "Application",
          "lastModifiedAt": "2001-02-03T04:05:06Z",
          "lastModifiedBy": "e5d772d8-b77f-4ed1-8dbb-3e8d433cbf46",
          "lastModifiedByType": "Application"
        }
      }
    headers:
      Cache-Control:
      - no-cache
      Content-Type:
      - application/json; charset=utf-8
      Expires:
      - "-1"
      Pragma:
      - no-cache
      Request-Context:
      - appId=cid-v1:2d2e8e63-272e-4b3c-8598-4ee570a0e70d
      Strict-Transport-Security:
      - max-age=31536000; includeSubDomains
      Vary:
      - Accept-Encoding,Accept-Encoding
      X-Aml-Cluster:
      - vienna-westus2-01
      X-Content-Type-Options:
      - nosniff
      X-Ms-Response-Type:
      - standard
      X-Request-Time:
      - "0.018"
    status: 200 OK
    code: 200
    duration: ""
- request:
    body: ""
    form: {}
    headers:
      Accept:
      - application/json
      Test-Request-Attempt:
      - "1"
    url: https://management.azure.com/subscriptions/00000000-0000-0000-0000-000000000000/resourceGroups/asotest-rg-kfdsdw/providers/Microsoft.MachineLearningServices/workspaces/asotestworkrgnasr?api-version=2021-07-01
    method: GET
  response:
    body: |-
      {
        "id": "/subscriptions/00000000-0000-0000-0000-000000000000/resourceGroups/asotest-rg-kfdsdw/providers/Microsoft.MachineLearningServices/workspaces/asotestworkrgnasr",
        "name": "asotestworkrgnasr",
        "type": "Microsoft.MachineLearningServices/workspaces",
        "location": "westus2",
        "tags": {},
        "etag": null,
        "properties": {
          "friendlyName": "",
          "description": "",
          "storageAccount": "/subscriptions/00000000-0000-0000-0000-000000000000/resourceGroups/asotest-rg-kfdsdw/providers/Microsoft.Storage/storageAccounts/asoteststorpxftks",
          "keyVault": "/subscriptions/00000000-0000-0000-0000-000000000000/resourceGroups/asotest-rg-kfdsdw/providers/Microsoft.Keyvault/vaults/asotest-keyvault-msimpt",
          "applicationInsights": null,
          "hbiWorkspace": false,
          "tenantId": "00000000-0000-0000-0000-000000000000",
          "imageBuildCompute": null,
          "provisioningState": "Succeeded",
          "containerRegistry": "",
          "creationTime": "2001-02-03T04:05:06Z",
          "notebookInfo": {
            "resourceId": "0045fca237d54c3688aba581a0ac3e30",
            "fqdn": "ml-asotestworkrgna-westus2-56479f45-c96a-4469-9717-99c3ca3417cd.westus2.notebooks.azure.net",
            "isPrivateLinkEnabled": false,
            "notebookPreparationError": null
          },
          "storageHnsEnabled": false,
          "workspaceId": "56479f45-c96a-4469-9717-99c3ca3417cd",
          "linkedModelInventoryArmId": null,
          "privateLinkCount": 0,
          "allowPublicAccessWhenBehindVnet": true,
          "discoveryUrl": "https://westus2.api.azureml.ms/discovery",
          "mlFlowTrackingUri": "azureml://westus2.api.azureml.ms/mlflow/v1.0/subscriptions/00000000-0000-0000-0000-000000000000/resourceGroups/asotest-rg-kfdsdw/providers/Microsoft.MachineLearningServices/workspaces/asotestworkrgnasr",
          "sdkTelemetryAppInsightsKey": "73498d6d-b9a0-4d3b-9a6c-84285b86bea8",
          "sasGetterUri": ""
        },
        "identity": {
          "type": "SystemAssigned",
          "principalId": "806ea3bb-1dd1-45e3-a328-697c99e7c5f4",
          "tenantId": "00000000-0000-0000-0000-000000000000"
        },
        "kind": "Default",
        "sku": {
          "name": "Basic",
          "tier": "Basic"
        },
        "systemData": {
          "createdAt": "2001-02-03T04:05:06Z",
          "createdBy": "e5d772d8-b77f-4ed1-8dbb-3e8d433cbf46",
          "createdByType": "Application",
          "lastModifiedAt": "2001-02-03T04:05:06Z",
          "lastModifiedBy": "e5d772d8-b77f-4ed1-8dbb-3e8d433cbf46",
          "lastModifiedByType": "Application"
        }
      }
    headers:
      Cache-Control:
      - no-cache
      Content-Type:
      - application/json; charset=utf-8
      Expires:
      - "-1"
      Pragma:
      - no-cache
      Request-Context:
      - appId=cid-v1:2d2e8e63-272e-4b3c-8598-4ee570a0e70d
      Strict-Transport-Security:
      - max-age=31536000; includeSubDomains
      Vary:
      - Accept-Encoding,Accept-Encoding
      X-Aml-Cluster:
      - vienna-westus2-01
      X-Content-Type-Options:
      - nosniff
      X-Ms-Response-Type:
      - standard
      X-Request-Time:
      - "0.019"
    status: 200 OK
    code: 200
    duration: ""
- request:
    body: '{"name":"tarb","properties":{"roles":["Microsoft.MachineLearningServices/workspaces/mlworkload"],"sourceResourceId":"/subscriptions/00000000-0000-0000-0000-000000000000/resourceGroups/asotest-rg-kfdsdw/providers/Microsoft.MachineLearningServices/workspaces/asotestworkrgnasr"}}'
    form: {}
    headers:
      Accept:
      - application/json
      Content-Length:
      - "277"
      Content-Type:
      - application/json
      Test-Request-Attempt:
      - "0"
    url: https://management.azure.com/subscriptions/00000000-0000-0000-0000-000000000000/resourceGroups/asotest-rg-kfdsdw/providers/Microsoft.ContainerService/managedClusters/asotest-mc-sgohla/trustedAccessRoleBindings/tarb?api-version=2023-02-02-preview
    method: PUT
  response:
    body: |-
      {
        "id": "/subscriptions/00000000-0000-0000-0000-000000000000/resourceGroups/asotest-rg-kfdsdw/providers/Microsoft.ContainerService/managedClusters/asotest-mc-sgohla/trustedAccessRoleBindings/tarb",
        "name": "tarb",
        "type": "Microsoft.ContainerService/managedClusters/trustedAccessRoleBindings",
        "properties": {
         "provisioningState": "Updating",
         "sourceResourceId": "/subscriptions/00000000-0000-0000-0000-000000000000/resourceGroups/asotest-rg-kfdsdw/providers/Microsoft.MachineLearningServices/workspaces/asotestworkrgnasr",
         "roles": [
          "Microsoft.MachineLearningServices/workspaces/mlworkload"
         ]
        }
       }
    headers:
      Cache-Control:
      - no-cache
      Content-Type:
      - application/json
      Expires:
      - "-1"
      Pragma:
      - no-cache
      Server:
      - nginx
      Strict-Transport-Security:
      - max-age=31536000; includeSubDomains
      Vary:
      - Accept-Encoding
      X-Content-Type-Options:
      - nosniff
    status: 200 OK
    code: 200
    duration: ""
- request:
    body: ""
    form: {}
    headers:
      Test-Request-Attempt:
      - "0"
    url: https://management.azure.com/subscriptions/00000000-0000-0000-0000-000000000000/resourceGroups/asotest-rg-kfdsdw/providers/Microsoft.ContainerService/managedClusters/asotest-mc-sgohla/trustedAccessRoleBindings/tarb?api-version=2023-02-02-preview
    method: GET
  response:
    body: |-
      {
        "id": "/subscriptions/00000000-0000-0000-0000-000000000000/resourceGroups/asotest-rg-kfdsdw/providers/Microsoft.ContainerService/managedClusters/asotest-mc-sgohla/trustedAccessRoleBindings/tarb",
        "name": "tarb",
        "type": "Microsoft.ContainerService/managedClusters/trustedAccessRoleBindings",
        "properties": {
         "provisioningState": "Updating",
         "sourceResourceId": "/subscriptions/00000000-0000-0000-0000-000000000000/resourceGroups/asotest-rg-kfdsdw/providers/Microsoft.MachineLearningServices/workspaces/asotestworkrgnasr",
         "roles": [
          "Microsoft.MachineLearningServices/workspaces/mlworkload"
         ]
        }
       }
    headers:
      Cache-Control:
      - no-cache
      Content-Type:
      - application/json
      Expires:
      - "-1"
      Pragma:
      - no-cache
      Server:
      - nginx
      Strict-Transport-Security:
      - max-age=31536000; includeSubDomains
      Vary:
      - Accept-Encoding
      X-Content-Type-Options:
      - nosniff
    status: 200 OK
    code: 200
    duration: ""
- request:
    body: ""
    form: {}
    headers:
      Test-Request-Attempt:
      - "1"
    url: https://management.azure.com/subscriptions/00000000-0000-0000-0000-000000000000/resourceGroups/asotest-rg-kfdsdw/providers/Microsoft.ContainerService/managedClusters/asotest-mc-sgohla/trustedAccessRoleBindings/tarb?api-version=2023-02-02-preview
    method: GET
  response:
    body: |-
      {
        "id": "/subscriptions/00000000-0000-0000-0000-000000000000/resourceGroups/asotest-rg-kfdsdw/providers/Microsoft.ContainerService/managedClusters/asotest-mc-sgohla/trustedAccessRoleBindings/tarb",
        "name": "tarb",
        "type": "Microsoft.ContainerService/managedClusters/trustedAccessRoleBindings",
        "properties": {
         "provisioningState": "Succeeded",
         "sourceResourceId": "/subscriptions/00000000-0000-0000-0000-000000000000/resourceGroups/asotest-rg-kfdsdw/providers/Microsoft.MachineLearningServices/workspaces/asotestworkrgnasr",
         "roles": [
          "Microsoft.MachineLearningServices/workspaces/mlworkload"
         ]
        }
       }
    headers:
      Cache-Control:
      - no-cache
      Content-Type:
      - application/json
      Expires:
      - "-1"
      Pragma:
      - no-cache
      Server:
      - nginx
      Strict-Transport-Security:
      - max-age=31536000; includeSubDomains
      Vary:
      - Accept-Encoding
      X-Content-Type-Options:
      - nosniff
    status: 200 OK
    code: 200
    duration: ""
- request:
    body: ""
    form: {}
    headers:
      Accept:
      - application/json
      Test-Request-Attempt:
      - "2"
    url: https://management.azure.com/subscriptions/00000000-0000-0000-0000-000000000000/resourceGroups/asotest-rg-kfdsdw/providers/Microsoft.ContainerService/managedClusters/asotest-mc-sgohla/trustedAccessRoleBindings/tarb?api-version=2023-02-02-preview
    method: GET
  response:
    body: |-
      {
        "id": "/subscriptions/00000000-0000-0000-0000-000000000000/resourceGroups/asotest-rg-kfdsdw/providers/Microsoft.ContainerService/managedClusters/asotest-mc-sgohla/trustedAccessRoleBindings/tarb",
        "name": "tarb",
        "type": "Microsoft.ContainerService/managedClusters/trustedAccessRoleBindings",
        "properties": {
         "provisioningState": "Succeeded",
         "sourceResourceId": "/subscriptions/00000000-0000-0000-0000-000000000000/resourceGroups/asotest-rg-kfdsdw/providers/Microsoft.MachineLearningServices/workspaces/asotestworkrgnasr",
         "roles": [
          "Microsoft.MachineLearningServices/workspaces/mlworkload"
         ]
        }
       }
    headers:
      Cache-Control:
      - no-cache
      Content-Type:
      - application/json
      Expires:
      - "-1"
      Pragma:
      - no-cache
      Server:
      - nginx
      Strict-Transport-Security:
      - max-age=31536000; includeSubDomains
      Vary:
      - Accept-Encoding
      X-Content-Type-Options:
      - nosniff
    status: 200 OK
    code: 200
    duration: ""
- request:
    body: '{"name":"tarb","properties":{"roles":["Microsoft.MachineLearningServices/workspaces/inference-v1"],"sourceResourceId":"/subscriptions/00000000-0000-0000-0000-000000000000/resourceGroups/asotest-rg-kfdsdw/providers/Microsoft.MachineLearningServices/workspaces/asotestworkrgnasr"}}'
    form: {}
    headers:
      Accept:
      - application/json
      Content-Length:
      - "279"
      Content-Type:
      - application/json
      Test-Request-Attempt:
      - "1"
    url: https://management.azure.com/subscriptions/00000000-0000-0000-0000-000000000000/resourceGroups/asotest-rg-kfdsdw/providers/Microsoft.ContainerService/managedClusters/asotest-mc-sgohla/trustedAccessRoleBindings/tarb?api-version=2023-02-02-preview
    method: PUT
  response:
    body: |-
      {
        "id": "/subscriptions/00000000-0000-0000-0000-000000000000/resourceGroups/asotest-rg-kfdsdw/providers/Microsoft.ContainerService/managedClusters/asotest-mc-sgohla/trustedAccessRoleBindings/tarb",
        "name": "tarb",
        "type": "Microsoft.ContainerService/managedClusters/trustedAccessRoleBindings",
        "properties": {
         "provisioningState": "Updating",
         "sourceResourceId": "/subscriptions/00000000-0000-0000-0000-000000000000/resourceGroups/asotest-rg-kfdsdw/providers/Microsoft.MachineLearningServices/workspaces/asotestworkrgnasr",
         "roles": [
          "Microsoft.MachineLearningServices/workspaces/inference-v1"
         ]
        }
       }
    headers:
      Cache-Control:
      - no-cache
      Content-Type:
      - application/json
      Expires:
      - "-1"
      Pragma:
      - no-cache
      Server:
      - nginx
      Strict-Transport-Security:
      - max-age=31536000; includeSubDomains
      Vary:
      - Accept-Encoding
      X-Content-Type-Options:
      - nosniff
    status: 200 OK
    code: 200
    duration: ""
- request:
    body: ""
    form: {}
    headers:
      Test-Request-Attempt:
      - "3"
    url: https://management.azure.com/subscriptions/00000000-0000-0000-0000-000000000000/resourceGroups/asotest-rg-kfdsdw/providers/Microsoft.ContainerService/managedClusters/asotest-mc-sgohla/trustedAccessRoleBindings/tarb?api-version=2023-02-02-preview
    method: GET
  response:
    body: |-
      {
        "id": "/subscriptions/00000000-0000-0000-0000-000000000000/resourceGroups/asotest-rg-kfdsdw/providers/Microsoft.ContainerService/managedClusters/asotest-mc-sgohla/trustedAccessRoleBindings/tarb",
        "name": "tarb",
        "type": "Microsoft.ContainerService/managedClusters/trustedAccessRoleBindings",
        "properties": {
         "provisioningState": "Succeeded",
         "sourceResourceId": "/subscriptions/00000000-0000-0000-0000-000000000000/resourceGroups/asotest-rg-kfdsdw/providers/Microsoft.MachineLearningServices/workspaces/asotestworkrgnasr",
         "roles": [
          "Microsoft.MachineLearningServices/workspaces/inference-v1"
         ]
        }
       }
    headers:
      Cache-Control:
      - no-cache
      Content-Type:
      - application/json
      Expires:
      - "-1"
      Pragma:
      - no-cache
      Server:
      - nginx
      Strict-Transport-Security:
      - max-age=31536000; includeSubDomains
      Vary:
      - Accept-Encoding
      X-Content-Type-Options:
      - nosniff
    status: 200 OK
    code: 200
    duration: ""
- request:
    body: ""
    form: {}
    headers:
      Accept:
      - application/json
      Test-Request-Attempt:
      - "4"
    url: https://management.azure.com/subscriptions/00000000-0000-0000-0000-000000000000/resourceGroups/asotest-rg-kfdsdw/providers/Microsoft.ContainerService/managedClusters/asotest-mc-sgohla/trustedAccessRoleBindings/tarb?api-version=2023-02-02-preview
    method: GET
  response:
    body: |-
      {
        "id": "/subscriptions/00000000-0000-0000-0000-000000000000/resourceGroups/asotest-rg-kfdsdw/providers/Microsoft.ContainerService/managedClusters/asotest-mc-sgohla/trustedAccessRoleBindings/tarb",
        "name": "tarb",
        "type": "Microsoft.ContainerService/managedClusters/trustedAccessRoleBindings",
        "properties": {
         "provisioningState": "Succeeded",
         "sourceResourceId": "/subscriptions/00000000-0000-0000-0000-000000000000/resourceGroups/asotest-rg-kfdsdw/providers/Microsoft.MachineLearningServices/workspaces/asotestworkrgnasr",
         "roles": [
          "Microsoft.MachineLearningServices/workspaces/inference-v1"
         ]
        }
       }
    headers:
      Cache-Control:
      - no-cache
      Content-Type:
      - application/json
      Expires:
      - "-1"
      Pragma:
      - no-cache
      Server:
      - nginx
      Strict-Transport-Security:
      - max-age=31536000; includeSubDomains
      Vary:
      - Accept-Encoding
      X-Content-Type-Options:
      - nosniff
    status: 200 OK
    code: 200
    duration: ""
- request:
    body: ""
    form: {}
    headers:
      Accept:
      - application/json
      Test-Request-Attempt:
      - "0"
    url: https://management.azure.com/subscriptions/00000000-0000-0000-0000-000000000000/resourceGroups/asotest-rg-kfdsdw/providers/Microsoft.ContainerService/managedClusters/asotest-mc-sgohla/trustedAccessRoleBindings/tarb?api-version=2023-02-02-preview
    method: DELETE
  response:
    body: ""
    headers:
      Cache-Control:
      - no-cache
      Content-Length:
      - "0"
      Expires:
      - "-1"
      Pragma:
      - no-cache
      Server:
      - nginx
      Strict-Transport-Security:
      - max-age=31536000; includeSubDomains
      X-Content-Type-Options:
      - nosniff
    status: 200 OK
    code: 200
    duration: ""
- request:
    body: ""
    form: {}
    headers:
      Accept:
      - application/json
      Test-Request-Attempt:
      - "0"
    url: https://management.azure.com/subscriptions/00000000-0000-0000-0000-000000000000/resourceGroups/asotest-rg-kfdsdw/providers/Microsoft.MachineLearningServices/workspaces/asotestworkrgnasr?api-version=2021-07-01
    method: DELETE
  response:
    body: ""
    headers:
      Azure-Asyncoperation:
      - https://management.azure.com/subscriptions/00000000-0000-0000-0000-000000000000/providers/Microsoft.MachineLearningServices/locations/westus2/workspaceOperationsStatus/c460ce89-8824-4a78-bdd8-3042b22aed60?api-version=2021-07-01&type=async
      Cache-Control:
      - no-cache
      Content-Length:
      - "0"
      Expires:
      - "-1"
      Location:
      - https://management.azure.com/subscriptions/00000000-0000-0000-0000-000000000000/providers/Microsoft.MachineLearningServices/locations/westus2/workspaceOperationsStatus/c460ce89-8824-4a78-bdd8-3042b22aed60?api-version=2021-07-01&type=location
      Pragma:
      - no-cache
      Request-Context:
      - appId=cid-v1:2d2e8e63-272e-4b3c-8598-4ee570a0e70d
      Strict-Transport-Security:
      - max-age=31536000; includeSubDomains
      X-Aml-Cluster:
      - vienna-westus2-01
      X-Content-Type-Options:
      - nosniff
      X-Ms-Response-Type:
      - standard
      X-Request-Time:
      - "0.085"
    status: 202 Accepted
    code: 202
    duration: ""
- request:
    body: ""
    form: {}
    headers:
      Test-Request-Attempt:
      - "0"
    url: https://management.azure.com/subscriptions/00000000-0000-0000-0000-000000000000/providers/Microsoft.MachineLearningServices/locations/westus2/workspaceOperationsStatus/c460ce89-8824-4a78-bdd8-3042b22aed60?api-version=2021-07-01&type=async
    method: GET
  response:
    body: |-
      {
        "status": "InProgress"
      }
    headers:
      Cache-Control:
      - no-cache
      Content-Type:
      - application/json; charset=utf-8
      Expires:
      - "-1"
      Pragma:
      - no-cache
      Request-Context:
      - appId=cid-v1:2d2e8e63-272e-4b3c-8598-4ee570a0e70d
      Strict-Transport-Security:
      - max-age=31536000; includeSubDomains
      Vary:
      - Accept-Encoding
      X-Aml-Cluster:
      - vienna-westus2-01
      X-Content-Type-Options:
      - nosniff
      X-Ms-Response-Type:
      - standard
      X-Request-Time:
      - "0.018"
    status: 200 OK
    code: 200
    duration: ""
- request:
    body: ""
    form: {}
    headers:
      Test-Request-Attempt:
      - "1"
    url: https://management.azure.com/subscriptions/00000000-0000-0000-0000-000000000000/providers/Microsoft.MachineLearningServices/locations/westus2/workspaceOperationsStatus/c460ce89-8824-4a78-bdd8-3042b22aed60?api-version=2021-07-01&type=async
    method: GET
  response:
    body: |-
      {
        "status": "InProgress"
      }
    headers:
      Cache-Control:
      - no-cache
      Content-Type:
      - application/json; charset=utf-8
      Expires:
      - "-1"
      Pragma:
      - no-cache
      Request-Context:
      - appId=cid-v1:2d2e8e63-272e-4b3c-8598-4ee570a0e70d
      Strict-Transport-Security:
      - max-age=31536000; includeSubDomains
      Vary:
      - Accept-Encoding
      X-Aml-Cluster:
      - vienna-westus2-01
      X-Content-Type-Options:
      - nosniff
      X-Ms-Response-Type:
      - standard
      X-Request-Time:
      - "0.014"
    status: 200 OK
    code: 200
    duration: ""
- request:
    body: ""
    form: {}
    headers:
      Accept:
      - application/json
      Test-Request-Attempt:
      - "0"
    url: https://management.azure.com/subscriptions/00000000-0000-0000-0000-000000000000/resourceGroups/asotest-rg-kfdsdw/providers/Microsoft.Storage/storageAccounts/asoteststorpxftks?api-version=2021-04-01
    method: DELETE
  response:
    body: ""
    headers:
      Cache-Control:
      - no-cache
      Content-Length:
      - "0"
      Content-Type:
      - text/plain; charset=utf-8
      Expires:
      - "-1"
      Pragma:
      - no-cache
      Server:
      - Microsoft-Azure-Storage-Resource-Provider/1.0,Microsoft-HTTPAPI/2.0 Microsoft-HTTPAPI/2.0
      Strict-Transport-Security:
      - max-age=31536000; includeSubDomains
      X-Content-Type-Options:
      - nosniff
    status: 200 OK
    code: 200
    duration: ""
- request:
    body: ""
    form: {}
    headers:
      Accept:
      - application/json
      Test-Request-Attempt:
      - "0"
    url: https://management.azure.com/subscriptions/00000000-0000-0000-0000-000000000000/resourceGroups/asotest-rg-kfdsdw/providers/Microsoft.KeyVault/vaults/asotest-keyvault-msimpt?api-version=2021-04-01-preview
    method: DELETE
  response:
    body: ""
    headers:
      Cache-Control:
      - no-cache
      Content-Length:
      - "0"
      Expires:
      - "-1"
      Pragma:
      - no-cache
      Server:
      - Microsoft-IIS/10.0
      Strict-Transport-Security:
      - max-age=31536000; includeSubDomains
      X-Aspnet-Version:
      - 4.0.30319
      X-Content-Type-Options:
      - nosniff
      X-Ms-Keyvault-Service-Version:
      - 1.5.822.0
    status: 200 OK
    code: 200
    duration: ""
- request:
    body: ""
    form: {}
    headers:
      Test-Request-Attempt:
      - "2"
    url: https://management.azure.com/subscriptions/00000000-0000-0000-0000-000000000000/providers/Microsoft.MachineLearningServices/locations/westus2/workspaceOperationsStatus/c460ce89-8824-4a78-bdd8-3042b22aed60?api-version=2021-07-01&type=async
    method: GET
  response:
    body: |-
      {
        "status": "InProgress"
      }
    headers:
      Cache-Control:
      - no-cache
      Content-Type:
      - application/json; charset=utf-8
      Expires:
      - "-1"
      Pragma:
      - no-cache
      Request-Context:
      - appId=cid-v1:2d2e8e63-272e-4b3c-8598-4ee570a0e70d
      Strict-Transport-Security:
      - max-age=31536000; includeSubDomains
      Vary:
      - Accept-Encoding
      X-Aml-Cluster:
      - vienna-westus2-01
      X-Content-Type-Options:
      - nosniff
      X-Ms-Response-Type:
      - standard
      X-Request-Time:
      - "0.016"
    status: 200 OK
    code: 200
    duration: ""
- request:
    body: ""
    form: {}
    headers:
      Test-Request-Attempt:
      - "3"
    url: https://management.azure.com/subscriptions/00000000-0000-0000-0000-000000000000/providers/Microsoft.MachineLearningServices/locations/westus2/workspaceOperationsStatus/c460ce89-8824-4a78-bdd8-3042b22aed60?api-version=2021-07-01&type=async
    method: GET
  response:
    body: |-
      {
        "status": "InProgress"
      }
    headers:
      Cache-Control:
      - no-cache
      Content-Type:
      - application/json; charset=utf-8
      Expires:
      - "-1"
      Pragma:
      - no-cache
      Request-Context:
      - appId=cid-v1:2d2e8e63-272e-4b3c-8598-4ee570a0e70d
      Strict-Transport-Security:
      - max-age=31536000; includeSubDomains
      Vary:
      - Accept-Encoding
      X-Aml-Cluster:
      - vienna-westus2-01
      X-Content-Type-Options:
      - nosniff
      X-Ms-Response-Type:
      - standard
      X-Request-Time:
      - "0.014"
    status: 200 OK
    code: 200
    duration: ""
- request:
    body: ""
    form: {}
    headers:
      Test-Request-Attempt:
      - "4"
    url: https://management.azure.com/subscriptions/00000000-0000-0000-0000-000000000000/providers/Microsoft.MachineLearningServices/locations/westus2/workspaceOperationsStatus/c460ce89-8824-4a78-bdd8-3042b22aed60?api-version=2021-07-01&type=async
    method: GET
  response:
    body: |-
      {
        "status": "InProgress"
      }
    headers:
      Cache-Control:
      - no-cache
      Content-Type:
      - application/json; charset=utf-8
      Expires:
      - "-1"
      Pragma:
      - no-cache
      Request-Context:
      - appId=cid-v1:2d2e8e63-272e-4b3c-8598-4ee570a0e70d
      Strict-Transport-Security:
      - max-age=31536000; includeSubDomains
      Vary:
      - Accept-Encoding
      X-Aml-Cluster:
      - vienna-westus2-01
      X-Content-Type-Options:
      - nosniff
      X-Ms-Response-Type:
      - standard
      X-Request-Time:
      - "0.014"
    status: 200 OK
    code: 200
    duration: ""
- request:
    body: ""
    form: {}
    headers:
      Test-Request-Attempt:
      - "5"
    url: https://management.azure.com/subscriptions/00000000-0000-0000-0000-000000000000/providers/Microsoft.MachineLearningServices/locations/westus2/workspaceOperationsStatus/c460ce89-8824-4a78-bdd8-3042b22aed60?api-version=2021-07-01&type=async
    method: GET
  response:
    body: |-
      {
        "status": "InProgress"
      }
    headers:
      Cache-Control:
      - no-cache
      Content-Type:
      - application/json; charset=utf-8
      Expires:
      - "-1"
      Pragma:
      - no-cache
      Request-Context:
      - appId=cid-v1:2d2e8e63-272e-4b3c-8598-4ee570a0e70d
      Strict-Transport-Security:
      - max-age=31536000; includeSubDomains
      Vary:
      - Accept-Encoding
      X-Aml-Cluster:
      - vienna-westus2-02
      X-Content-Type-Options:
      - nosniff
      X-Ms-Response-Type:
      - standard
      X-Request-Time:
      - "0.015"
    status: 200 OK
    code: 200
    duration: ""
- request:
    body: ""
    form: {}
    headers:
      Test-Request-Attempt:
      - "6"
    url: https://management.azure.com/subscriptions/00000000-0000-0000-0000-000000000000/providers/Microsoft.MachineLearningServices/locations/westus2/workspaceOperationsStatus/c460ce89-8824-4a78-bdd8-3042b22aed60?api-version=2021-07-01&type=async
    method: GET
  response:
    body: |-
      {
        "status": "Succeeded",
        "percentComplete": 100.0
      }
    headers:
      Cache-Control:
      - no-cache
      Content-Type:
      - application/json; charset=utf-8
      Expires:
      - "-1"
      Pragma:
      - no-cache
      Request-Context:
      - appId=cid-v1:2d2e8e63-272e-4b3c-8598-4ee570a0e70d
      Strict-Transport-Security:
      - max-age=31536000; includeSubDomains
      Vary:
      - Accept-Encoding
      X-Aml-Cluster:
      - vienna-westus2-02
      X-Content-Type-Options:
      - nosniff
      X-Ms-Response-Type:
      - standard
      X-Request-Time:
      - "0.016"
    status: 200 OK
    code: 200
    duration: ""
- request:
    body: ""
    form: {}
    headers:
      Accept:
      - application/json
      Test-Request-Attempt:
      - "0"
    url: https://management.azure.com/subscriptions/00000000-0000-0000-0000-000000000000/resourceGroups/asotest-rg-kfdsdw/providers/Microsoft.ContainerService/managedClusters/asotest-mc-sgohla/agentPools/ap2?api-version=2023-02-02-preview
    method: GET
  response:
    body: |-
      {
        "code": "NotFound",
        "details": [
         {
          "code": "Unspecified",
          "message": "rpc error: code = NotFound desc = Agent Pool not found"
         }
        ],
        "message": "Could not find the agentpool: ap2 in subscription: 00000000-0000-0000-0000-000000000000, resourceGroup: asotest-rg-kfdsdw, resourceName: asotest-mc-sgohla.",
        "subcode": "GetAgentPool_NotFound"
       }
    headers:
      Cache-Control:
      - no-cache
      Content-Length:
      - "364"
      Content-Type:
      - application/json
      Expires:
      - "-1"
      Pragma:
      - no-cache
      Server:
      - nginx
      Strict-Transport-Security:
      - max-age=31536000; includeSubDomains
      X-Content-Type-Options:
      - nosniff
    status: 404 Not Found
    code: 404
    duration: ""
- request:
    body: '{"name":"ap2","properties":{"count":1,"mode":"System","osType":"Linux","vmSize":"Standard_DS2_v2"}}'
    form: {}
    headers:
      Accept:
      - application/json
      Content-Length:
      - "99"
      Content-Type:
      - application/json
      Test-Request-Attempt:
      - "0"
    url: https://management.azure.com/subscriptions/00000000-0000-0000-0000-000000000000/resourceGroups/asotest-rg-kfdsdw/providers/Microsoft.ContainerService/managedClusters/asotest-mc-sgohla/agentPools/ap2?api-version=2023-02-02-preview
    method: PUT
  response:
    body: |-
      {
        "id": "/subscriptions/00000000-0000-0000-0000-000000000000/resourcegroups/asotest-rg-kfdsdw/providers/Microsoft.ContainerService/managedClusters/asotest-mc-sgohla/agentPools/ap2",
        "name": "ap2",
        "type": "Microsoft.ContainerService/managedClusters/agentPools",
        "properties": {
         "count": 1,
         "vmSize": "Standard_DS2_v2",
         "osDiskSizeGB": 128,
         "osDiskType": "Managed",
         "kubeletDiskType": "OS",
         "maxPods": 110,
         "type": "VirtualMachineScaleSets",
         "scaleDownMode": "Delete",
         "provisioningState": "Creating",
         "powerState": {
          "code": "Running"
         },
         "orchestratorVersion": "1.25.6",
         "currentOrchestratorVersion": "1.25.6",
         "mode": "System",
         "osType": "Linux",
         "osSKU": "Ubuntu",
         "nodeImageVersion": "AKSUbuntu-2204gen2containerd-202306.01.0",
         "enableFIPS": false
        }
       }
    headers:
      Azure-Asyncoperation:
      - https://management.azure.com/subscriptions/00000000-0000-0000-0000-000000000000/providers/Microsoft.ContainerService/locations/westus3/operations/f247a563-190b-48c3-b284-a0ad7b164409?api-version=2016-03-30
      Cache-Control:
      - no-cache
      Content-Length:
      - "823"
      Content-Type:
      - application/json
      Expires:
      - "-1"
      Pragma:
      - no-cache
      Server:
      - nginx
      Strict-Transport-Security:
      - max-age=31536000; includeSubDomains
      X-Content-Type-Options:
      - nosniff
    status: 201 Created
    code: 201
    duration: ""
- request:
    body: ""
    form: {}
    headers:
      Test-Request-Attempt:
      - "0"
    url: https://management.azure.com/subscriptions/00000000-0000-0000-0000-000000000000/providers/Microsoft.ContainerService/locations/westus3/operations/f247a563-190b-48c3-b284-a0ad7b164409?api-version=2016-03-30
    method: GET
  response:
    body: |-
      {
        "name": "63a547f2-0b19-c348-b284-a0ad7b164409",
        "status": "InProgress",
        "startTime": "2001-02-03T04:05:06Z"
       }
    headers:
      Cache-Control:
      - no-cache
      Content-Type:
      - application/json
      Expires:
      - "-1"
      Pragma:
      - no-cache
      Server:
      - nginx
      Strict-Transport-Security:
      - max-age=31536000; includeSubDomains
      Vary:
      - Accept-Encoding
      X-Content-Type-Options:
      - nosniff
    status: 200 OK
    code: 200
    duration: ""
- request:
    body: ""
    form: {}
    headers:
      Test-Request-Attempt:
      - "1"
    url: https://management.azure.com/subscriptions/00000000-0000-0000-0000-000000000000/providers/Microsoft.ContainerService/locations/westus3/operations/f247a563-190b-48c3-b284-a0ad7b164409?api-version=2016-03-30
    method: GET
  response:
    body: |-
      {
        "name": "63a547f2-0b19-c348-b284-a0ad7b164409",
        "status": "InProgress",
        "startTime": "2001-02-03T04:05:06Z"
       }
    headers:
      Cache-Control:
      - no-cache
      Content-Type:
      - application/json
      Expires:
      - "-1"
      Pragma:
      - no-cache
      Server:
      - nginx
      Strict-Transport-Security:
      - max-age=31536000; includeSubDomains
      Vary:
      - Accept-Encoding
      X-Content-Type-Options:
      - nosniff
    status: 200 OK
    code: 200
    duration: ""
- request:
    body: ""
    form: {}
    headers:
      Test-Request-Attempt:
      - "2"
    url: https://management.azure.com/subscriptions/00000000-0000-0000-0000-000000000000/providers/Microsoft.ContainerService/locations/westus3/operations/f247a563-190b-48c3-b284-a0ad7b164409?api-version=2016-03-30
    method: GET
  response:
    body: |-
      {
        "name": "63a547f2-0b19-c348-b284-a0ad7b164409",
        "status": "InProgress",
        "startTime": "2001-02-03T04:05:06Z"
       }
    headers:
      Cache-Control:
      - no-cache
      Content-Type:
      - application/json
      Expires:
      - "-1"
      Pragma:
      - no-cache
      Server:
      - nginx
      Strict-Transport-Security:
      - max-age=31536000; includeSubDomains
      Vary:
      - Accept-Encoding
      X-Content-Type-Options:
      - nosniff
    status: 200 OK
    code: 200
    duration: ""
- request:
    body: ""
    form: {}
    headers:
      Test-Request-Attempt:
      - "3"
    url: https://management.azure.com/subscriptions/00000000-0000-0000-0000-000000000000/providers/Microsoft.ContainerService/locations/westus3/operations/f247a563-190b-48c3-b284-a0ad7b164409?api-version=2016-03-30
    method: GET
  response:
    body: |-
      {
        "name": "63a547f2-0b19-c348-b284-a0ad7b164409",
        "status": "InProgress",
        "startTime": "2001-02-03T04:05:06Z"
       }
    headers:
      Cache-Control:
      - no-cache
      Content-Type:
      - application/json
      Expires:
      - "-1"
      Pragma:
      - no-cache
      Server:
      - nginx
      Strict-Transport-Security:
      - max-age=31536000; includeSubDomains
      Vary:
      - Accept-Encoding
      X-Content-Type-Options:
      - nosniff
    status: 200 OK
    code: 200
    duration: ""
- request:
    body: ""
    form: {}
    headers:
      Test-Request-Attempt:
      - "4"
    url: https://management.azure.com/subscriptions/00000000-0000-0000-0000-000000000000/providers/Microsoft.ContainerService/locations/westus3/operations/f247a563-190b-48c3-b284-a0ad7b164409?api-version=2016-03-30
    method: GET
  response:
    body: |-
      {
        "name": "63a547f2-0b19-c348-b284-a0ad7b164409",
        "status": "InProgress",
        "startTime": "2001-02-03T04:05:06Z"
       }
    headers:
      Cache-Control:
      - no-cache
      Content-Type:
      - application/json
      Expires:
      - "-1"
      Pragma:
      - no-cache
      Server:
      - nginx
      Strict-Transport-Security:
      - max-age=31536000; includeSubDomains
      Vary:
      - Accept-Encoding
      X-Content-Type-Options:
      - nosniff
    status: 200 OK
    code: 200
    duration: ""
- request:
    body: ""
    form: {}
    headers:
      Test-Request-Attempt:
      - "5"
    url: https://management.azure.com/subscriptions/00000000-0000-0000-0000-000000000000/providers/Microsoft.ContainerService/locations/westus3/operations/f247a563-190b-48c3-b284-a0ad7b164409?api-version=2016-03-30
    method: GET
  response:
    body: |-
      {
        "name": "63a547f2-0b19-c348-b284-a0ad7b164409",
        "status": "InProgress",
        "startTime": "2001-02-03T04:05:06Z"
       }
    headers:
      Cache-Control:
      - no-cache
      Content-Type:
      - application/json
      Expires:
      - "-1"
      Pragma:
      - no-cache
      Server:
      - nginx
      Strict-Transport-Security:
      - max-age=31536000; includeSubDomains
      Vary:
      - Accept-Encoding
      X-Content-Type-Options:
      - nosniff
    status: 200 OK
    code: 200
    duration: ""
- request:
    body: ""
    form: {}
    headers:
      Test-Request-Attempt:
      - "6"
    url: https://management.azure.com/subscriptions/00000000-0000-0000-0000-000000000000/providers/Microsoft.ContainerService/locations/westus3/operations/f247a563-190b-48c3-b284-a0ad7b164409?api-version=2016-03-30
    method: GET
  response:
    body: |-
      {
        "name": "63a547f2-0b19-c348-b284-a0ad7b164409",
        "status": "Succeeded",
        "startTime": "2001-02-03T04:05:06Z",
        "endTime": "2001-02-03T04:05:06Z"
       }
    headers:
      Cache-Control:
      - no-cache
      Content-Type:
      - application/json
      Expires:
      - "-1"
      Pragma:
      - no-cache
      Server:
      - nginx
      Strict-Transport-Security:
      - max-age=31536000; includeSubDomains
      Vary:
      - Accept-Encoding
      X-Content-Type-Options:
      - nosniff
    status: 200 OK
    code: 200
    duration: ""
- request:
    body: ""
    form: {}
    headers:
      Test-Request-Attempt:
      - "1"
    url: https://management.azure.com/subscriptions/00000000-0000-0000-0000-000000000000/resourceGroups/asotest-rg-kfdsdw/providers/Microsoft.ContainerService/managedClusters/asotest-mc-sgohla/agentPools/ap2?api-version=2023-02-02-preview
    method: GET
  response:
    body: |-
      {
        "id": "/subscriptions/00000000-0000-0000-0000-000000000000/resourcegroups/asotest-rg-kfdsdw/providers/Microsoft.ContainerService/managedClusters/asotest-mc-sgohla/agentPools/ap2",
        "name": "ap2",
        "type": "Microsoft.ContainerService/managedClusters/agentPools",
        "properties": {
         "count": 1,
         "vmSize": "Standard_DS2_v2",
         "osDiskSizeGB": 128,
         "osDiskType": "Managed",
         "kubeletDiskType": "OS",
         "maxPods": 110,
         "type": "VirtualMachineScaleSets",
         "scaleDownMode": "Delete",
         "provisioningState": "Succeeded",
         "powerState": {
          "code": "Running"
         },
         "orchestratorVersion": "1.25.6",
         "currentOrchestratorVersion": "1.25.6",
         "mode": "System",
         "osType": "Linux",
         "osSKU": "Ubuntu",
         "nodeImageVersion": "AKSUbuntu-2204gen2containerd-202306.01.0",
         "enableFIPS": false
        }
       }
    headers:
      Cache-Control:
      - no-cache
      Content-Type:
      - application/json
      Expires:
      - "-1"
      Pragma:
      - no-cache
      Server:
      - nginx
      Strict-Transport-Security:
      - max-age=31536000; includeSubDomains
      Vary:
      - Accept-Encoding
      X-Content-Type-Options:
      - nosniff
    status: 200 OK
    code: 200
    duration: ""
- request:
    body: ""
    form: {}
    headers:
      Accept:
      - application/json
      Test-Request-Attempt:
      - "2"
    url: https://management.azure.com/subscriptions/00000000-0000-0000-0000-000000000000/resourceGroups/asotest-rg-kfdsdw/providers/Microsoft.ContainerService/managedClusters/asotest-mc-sgohla/agentPools/ap2?api-version=2023-02-02-preview
    method: GET
  response:
    body: |-
      {
        "id": "/subscriptions/00000000-0000-0000-0000-000000000000/resourcegroups/asotest-rg-kfdsdw/providers/Microsoft.ContainerService/managedClusters/asotest-mc-sgohla/agentPools/ap2",
        "name": "ap2",
        "type": "Microsoft.ContainerService/managedClusters/agentPools",
        "properties": {
         "count": 1,
         "vmSize": "Standard_DS2_v2",
         "osDiskSizeGB": 128,
         "osDiskType": "Managed",
         "kubeletDiskType": "OS",
         "maxPods": 110,
         "type": "VirtualMachineScaleSets",
         "scaleDownMode": "Delete",
         "provisioningState": "Succeeded",
         "powerState": {
          "code": "Running"
         },
         "orchestratorVersion": "1.25.6",
         "currentOrchestratorVersion": "1.25.6",
         "mode": "System",
         "osType": "Linux",
         "osSKU": "Ubuntu",
         "nodeImageVersion": "AKSUbuntu-2204gen2containerd-202306.01.0",
         "enableFIPS": false
        }
       }
    headers:
      Cache-Control:
      - no-cache
      Content-Type:
      - application/json
      Expires:
      - "-1"
      Pragma:
      - no-cache
      Server:
      - nginx
      Strict-Transport-Security:
      - max-age=31536000; includeSubDomains
      Vary:
      - Accept-Encoding
      X-Content-Type-Options:
      - nosniff
    status: 200 OK
    code: 200
    duration: ""
- request:
    body: ""
    form: {}
    headers:
      Accept:
      - application/json
      Test-Request-Attempt:
      - "3"
    url: https://management.azure.com/subscriptions/00000000-0000-0000-0000-000000000000/resourceGroups/asotest-rg-kfdsdw/providers/Microsoft.ContainerService/managedClusters/asotest-mc-sgohla/agentPools/ap2?api-version=2023-02-02-preview
    method: GET
  response:
    body: |-
      {
        "id": "/subscriptions/00000000-0000-0000-0000-000000000000/resourcegroups/asotest-rg-kfdsdw/providers/Microsoft.ContainerService/managedClusters/asotest-mc-sgohla/agentPools/ap2",
        "name": "ap2",
        "type": "Microsoft.ContainerService/managedClusters/agentPools",
        "properties": {
         "count": 1,
         "vmSize": "Standard_DS2_v2",
         "osDiskSizeGB": 128,
         "osDiskType": "Managed",
         "kubeletDiskType": "OS",
         "maxPods": 110,
         "type": "VirtualMachineScaleSets",
         "scaleDownMode": "Delete",
         "provisioningState": "Succeeded",
         "powerState": {
          "code": "Running"
         },
         "orchestratorVersion": "1.25.6",
         "currentOrchestratorVersion": "1.25.6",
         "mode": "System",
         "osType": "Linux",
         "osSKU": "Ubuntu",
         "nodeImageVersion": "AKSUbuntu-2204gen2containerd-202306.01.0",
         "enableFIPS": false
        }
       }
    headers:
      Cache-Control:
      - no-cache
      Content-Type:
      - application/json
      Expires:
      - "-1"
      Pragma:
      - no-cache
      Server:
      - nginx
      Strict-Transport-Security:
      - max-age=31536000; includeSubDomains
      Vary:
      - Accept-Encoding
      X-Content-Type-Options:
      - nosniff
    status: 200 OK
    code: 200
    duration: ""
- request:
    body: '{"name":"ap2","properties":{"count":1,"mode":"System","nodeLabels":{"mylabel":"label"},"osType":"Linux","vmSize":"Standard_DS2_v2"}}'
    form: {}
    headers:
      Accept:
      - application/json
      Content-Length:
      - "132"
      Content-Type:
      - application/json
      Test-Request-Attempt:
      - "1"
    url: https://management.azure.com/subscriptions/00000000-0000-0000-0000-000000000000/resourceGroups/asotest-rg-kfdsdw/providers/Microsoft.ContainerService/managedClusters/asotest-mc-sgohla/agentPools/ap2?api-version=2023-02-02-preview
    method: PUT
  response:
    body: |-
      {
        "id": "/subscriptions/00000000-0000-0000-0000-000000000000/resourcegroups/asotest-rg-kfdsdw/providers/Microsoft.ContainerService/managedClusters/asotest-mc-sgohla/agentPools/ap2",
        "name": "ap2",
        "type": "Microsoft.ContainerService/managedClusters/agentPools",
        "properties": {
         "count": 1,
         "vmSize": "Standard_DS2_v2",
         "osDiskSizeGB": 128,
         "osDiskType": "Managed",
         "kubeletDiskType": "OS",
         "maxPods": 110,
         "type": "VirtualMachineScaleSets",
         "scaleDownMode": "Delete",
         "provisioningState": "Updating",
         "powerState": {
          "code": "Running"
         },
         "orchestratorVersion": "1.25.6",
         "currentOrchestratorVersion": "1.25.6",
         "enableCustomCATrust": false,
         "nodeLabels": {
          "mylabel": "label"
         },
         "mode": "System",
         "osType": "Linux",
         "osSKU": "Ubuntu",
         "nodeImageVersion": "AKSUbuntu-2204gen2containerd-202306.01.0",
         "enableFIPS": false
        }
       }
    headers:
      Azure-Asyncoperation:
      - https://management.azure.com/subscriptions/00000000-0000-0000-0000-000000000000/providers/Microsoft.ContainerService/locations/westus3/operations/2a2e36b4-a326-4ce9-b3ab-d3723c177abe?api-version=2016-03-30
      Cache-Control:
      - no-cache
      Content-Type:
      - application/json
      Expires:
      - "-1"
      Pragma:
      - no-cache
      Server:
      - nginx
      Strict-Transport-Security:
      - max-age=31536000; includeSubDomains
      Vary:
      - Accept-Encoding
      X-Content-Type-Options:
      - nosniff
    status: 200 OK
    code: 200
    duration: ""
- request:
    body: ""
    form: {}
    headers:
      Test-Request-Attempt:
      - "0"
    url: https://management.azure.com/subscriptions/00000000-0000-0000-0000-000000000000/providers/Microsoft.ContainerService/locations/westus3/operations/2a2e36b4-a326-4ce9-b3ab-d3723c177abe?api-version=2016-03-30
    method: GET
  response:
    body: |-
      {
        "name": "b4362e2a-26a3-e94c-b3ab-d3723c177abe",
        "status": "InProgress",
        "startTime": "2001-02-03T04:05:06Z"
       }
    headers:
      Cache-Control:
      - no-cache
      Content-Type:
      - application/json
      Expires:
      - "-1"
      Pragma:
      - no-cache
      Server:
      - nginx
      Strict-Transport-Security:
      - max-age=31536000; includeSubDomains
      Vary:
      - Accept-Encoding
      X-Content-Type-Options:
      - nosniff
    status: 200 OK
    code: 200
    duration: ""
- request:
    body: ""
    form: {}
    headers:
      Test-Request-Attempt:
      - "1"
    url: https://management.azure.com/subscriptions/00000000-0000-0000-0000-000000000000/providers/Microsoft.ContainerService/locations/westus3/operations/2a2e36b4-a326-4ce9-b3ab-d3723c177abe?api-version=2016-03-30
    method: GET
  response:
    body: |-
      {
        "name": "b4362e2a-26a3-e94c-b3ab-d3723c177abe",
        "status": "InProgress",
        "startTime": "2001-02-03T04:05:06Z"
       }
    headers:
      Cache-Control:
      - no-cache
      Content-Type:
      - application/json
      Expires:
      - "-1"
      Pragma:
      - no-cache
      Server:
      - nginx
      Strict-Transport-Security:
      - max-age=31536000; includeSubDomains
      Vary:
      - Accept-Encoding
      X-Content-Type-Options:
      - nosniff
    status: 200 OK
    code: 200
    duration: ""
- request:
    body: ""
    form: {}
    headers:
      Test-Request-Attempt:
      - "2"
    url: https://management.azure.com/subscriptions/00000000-0000-0000-0000-000000000000/providers/Microsoft.ContainerService/locations/westus3/operations/2a2e36b4-a326-4ce9-b3ab-d3723c177abe?api-version=2016-03-30
    method: GET
  response:
    body: |-
      {
        "name": "b4362e2a-26a3-e94c-b3ab-d3723c177abe",
        "status": "InProgress",
        "startTime": "2001-02-03T04:05:06Z"
       }
    headers:
      Cache-Control:
      - no-cache
      Content-Type:
      - application/json
      Expires:
      - "-1"
      Pragma:
      - no-cache
      Server:
      - nginx
      Strict-Transport-Security:
      - max-age=31536000; includeSubDomains
      Vary:
      - Accept-Encoding
      X-Content-Type-Options:
      - nosniff
    status: 200 OK
    code: 200
    duration: ""
- request:
    body: ""
    form: {}
    headers:
      Test-Request-Attempt:
      - "3"
    url: https://management.azure.com/subscriptions/00000000-0000-0000-0000-000000000000/providers/Microsoft.ContainerService/locations/westus3/operations/2a2e36b4-a326-4ce9-b3ab-d3723c177abe?api-version=2016-03-30
    method: GET
  response:
    body: |-
      {
        "name": "b4362e2a-26a3-e94c-b3ab-d3723c177abe",
        "status": "Succeeded",
        "startTime": "2001-02-03T04:05:06Z",
        "endTime": "2001-02-03T04:05:06Z"
       }
    headers:
      Cache-Control:
      - no-cache
      Content-Type:
      - application/json
      Expires:
      - "-1"
      Pragma:
      - no-cache
      Server:
      - nginx
      Strict-Transport-Security:
      - max-age=31536000; includeSubDomains
      Vary:
      - Accept-Encoding
      X-Content-Type-Options:
      - nosniff
    status: 200 OK
    code: 200
    duration: ""
- request:
    body: ""
    form: {}
    headers:
      Test-Request-Attempt:
      - "4"
    url: https://management.azure.com/subscriptions/00000000-0000-0000-0000-000000000000/resourceGroups/asotest-rg-kfdsdw/providers/Microsoft.ContainerService/managedClusters/asotest-mc-sgohla/agentPools/ap2?api-version=2023-02-02-preview
    method: GET
  response:
    body: |-
      {
        "id": "/subscriptions/00000000-0000-0000-0000-000000000000/resourcegroups/asotest-rg-kfdsdw/providers/Microsoft.ContainerService/managedClusters/asotest-mc-sgohla/agentPools/ap2",
        "name": "ap2",
        "type": "Microsoft.ContainerService/managedClusters/agentPools",
        "properties": {
         "count": 1,
         "vmSize": "Standard_DS2_v2",
         "osDiskSizeGB": 128,
         "osDiskType": "Managed",
         "kubeletDiskType": "OS",
         "maxPods": 110,
         "type": "VirtualMachineScaleSets",
         "scaleDownMode": "Delete",
         "provisioningState": "Succeeded",
         "powerState": {
          "code": "Running"
         },
         "orchestratorVersion": "1.25.6",
         "currentOrchestratorVersion": "1.25.6",
         "enableCustomCATrust": false,
         "nodeLabels": {
          "mylabel": "label"
         },
         "mode": "System",
         "osType": "Linux",
         "osSKU": "Ubuntu",
         "nodeImageVersion": "AKSUbuntu-2204gen2containerd-202306.01.0",
         "enableFIPS": false
        }
       }
    headers:
      Cache-Control:
      - no-cache
      Content-Type:
      - application/json
      Expires:
      - "-1"
      Pragma:
      - no-cache
      Server:
      - nginx
      Strict-Transport-Security:
      - max-age=31536000; includeSubDomains
      Vary:
      - Accept-Encoding
      X-Content-Type-Options:
      - nosniff
    status: 200 OK
    code: 200
    duration: ""
- request:
    body: ""
    form: {}
    headers:
      Accept:
      - application/json
      Test-Request-Attempt:
      - "5"
    url: https://management.azure.com/subscriptions/00000000-0000-0000-0000-000000000000/resourceGroups/asotest-rg-kfdsdw/providers/Microsoft.ContainerService/managedClusters/asotest-mc-sgohla/agentPools/ap2?api-version=2023-02-02-preview
    method: GET
  response:
    body: |-
      {
        "id": "/subscriptions/00000000-0000-0000-0000-000000000000/resourcegroups/asotest-rg-kfdsdw/providers/Microsoft.ContainerService/managedClusters/asotest-mc-sgohla/agentPools/ap2",
        "name": "ap2",
        "type": "Microsoft.ContainerService/managedClusters/agentPools",
        "properties": {
         "count": 1,
         "vmSize": "Standard_DS2_v2",
         "osDiskSizeGB": 128,
         "osDiskType": "Managed",
         "kubeletDiskType": "OS",
         "maxPods": 110,
         "type": "VirtualMachineScaleSets",
         "scaleDownMode": "Delete",
         "provisioningState": "Succeeded",
         "powerState": {
          "code": "Running"
         },
         "orchestratorVersion": "1.25.6",
         "currentOrchestratorVersion": "1.25.6",
         "enableCustomCATrust": false,
         "nodeLabels": {
          "mylabel": "label"
         },
         "mode": "System",
         "osType": "Linux",
         "osSKU": "Ubuntu",
         "nodeImageVersion": "AKSUbuntu-2204gen2containerd-202306.01.0",
         "enableFIPS": false
        }
       }
    headers:
      Cache-Control:
      - no-cache
      Content-Type:
      - application/json
      Expires:
      - "-1"
      Pragma:
      - no-cache
      Server:
      - nginx
      Strict-Transport-Security:
      - max-age=31536000; includeSubDomains
      Vary:
      - Accept-Encoding
      X-Content-Type-Options:
      - nosniff
    status: 200 OK
    code: 200
    duration: ""
- request:
    body: ""
    form: {}
    headers:
      Accept:
      - application/json
      Test-Request-Attempt:
      - "0"
    url: https://management.azure.com/subscriptions/00000000-0000-0000-0000-000000000000/resourceGroups/asotest-rg-kfdsdw/providers/Microsoft.ContainerService/managedClusters/asotest-mc-sgohla/agentPools/ap2?api-version=2023-02-02-preview
    method: DELETE
  response:
    body: ""
    headers:
      Azure-Asyncoperation:
      - https://management.azure.com/subscriptions/00000000-0000-0000-0000-000000000000/providers/Microsoft.ContainerService/locations/westus3/operations/dba4eba2-ad13-4a96-9c76-05299f913ba7?api-version=2016-03-30
      Cache-Control:
      - no-cache
      Content-Length:
      - "0"
      Expires:
      - "-1"
      Location:
      - https://management.azure.com/subscriptions/00000000-0000-0000-0000-000000000000/providers/Microsoft.ContainerService/locations/westus3/operationresults/dba4eba2-ad13-4a96-9c76-05299f913ba7?api-version=2016-03-30
      Pragma:
      - no-cache
      Server:
      - nginx
      Strict-Transport-Security:
      - max-age=31536000; includeSubDomains
      X-Content-Type-Options:
      - nosniff
    status: 202 Accepted
    code: 202
    duration: ""
- request:
    body: ""
    form: {}
    headers:
      Test-Request-Attempt:
      - "0"
    url: https://management.azure.com/subscriptions/00000000-0000-0000-0000-000000000000/providers/Microsoft.ContainerService/locations/westus3/operations/dba4eba2-ad13-4a96-9c76-05299f913ba7?api-version=2016-03-30
    method: GET
  response:
    body: |-
      {
        "name": "a2eba4db-13ad-964a-9c76-05299f913ba7",
        "status": "InProgress",
        "startTime": "2001-02-03T04:05:06Z"
       }
    headers:
      Cache-Control:
      - no-cache
      Content-Type:
      - application/json
      Expires:
      - "-1"
      Pragma:
      - no-cache
      Server:
      - nginx
      Strict-Transport-Security:
      - max-age=31536000; includeSubDomains
      Vary:
      - Accept-Encoding
      X-Content-Type-Options:
      - nosniff
    status: 200 OK
    code: 200
    duration: ""
- request:
    body: ""
    form: {}
    headers:
      Test-Request-Attempt:
      - "1"
    url: https://management.azure.com/subscriptions/00000000-0000-0000-0000-000000000000/providers/Microsoft.ContainerService/locations/westus3/operations/dba4eba2-ad13-4a96-9c76-05299f913ba7?api-version=2016-03-30
    method: GET
  response:
    body: |-
      {
        "name": "a2eba4db-13ad-964a-9c76-05299f913ba7",
        "status": "InProgress",
        "startTime": "2001-02-03T04:05:06Z"
       }
    headers:
      Cache-Control:
      - no-cache
      Content-Type:
      - application/json
      Expires:
      - "-1"
      Pragma:
      - no-cache
      Server:
      - nginx
      Strict-Transport-Security:
      - max-age=31536000; includeSubDomains
      Vary:
      - Accept-Encoding
      X-Content-Type-Options:
      - nosniff
    status: 200 OK
    code: 200
    duration: ""
- request:
    body: ""
    form: {}
    headers:
      Test-Request-Attempt:
      - "2"
    url: https://management.azure.com/subscriptions/00000000-0000-0000-0000-000000000000/providers/Microsoft.ContainerService/locations/westus3/operations/dba4eba2-ad13-4a96-9c76-05299f913ba7?api-version=2016-03-30
    method: GET
  response:
    body: |-
      {
        "name": "a2eba4db-13ad-964a-9c76-05299f913ba7",
        "status": "InProgress",
        "startTime": "2001-02-03T04:05:06Z"
       }
    headers:
      Cache-Control:
      - no-cache
      Content-Type:
      - application/json
      Expires:
      - "-1"
      Pragma:
      - no-cache
      Server:
      - nginx
      Strict-Transport-Security:
      - max-age=31536000; includeSubDomains
      Vary:
      - Accept-Encoding
      X-Content-Type-Options:
      - nosniff
    status: 200 OK
    code: 200
    duration: ""
- request:
    body: ""
    form: {}
    headers:
      Test-Request-Attempt:
      - "3"
    url: https://management.azure.com/subscriptions/00000000-0000-0000-0000-000000000000/providers/Microsoft.ContainerService/locations/westus3/operations/dba4eba2-ad13-4a96-9c76-05299f913ba7?api-version=2016-03-30
    method: GET
  response:
    body: |-
      {
        "name": "a2eba4db-13ad-964a-9c76-05299f913ba7",
        "status": "InProgress",
        "startTime": "2001-02-03T04:05:06Z"
       }
    headers:
      Cache-Control:
      - no-cache
      Content-Type:
      - application/json
      Expires:
      - "-1"
      Pragma:
      - no-cache
      Server:
      - nginx
      Strict-Transport-Security:
      - max-age=31536000; includeSubDomains
      Vary:
      - Accept-Encoding
      X-Content-Type-Options:
      - nosniff
    status: 200 OK
    code: 200
    duration: ""
- request:
    body: ""
    form: {}
    headers:
      Test-Request-Attempt:
      - "4"
    url: https://management.azure.com/subscriptions/00000000-0000-0000-0000-000000000000/providers/Microsoft.ContainerService/locations/westus3/operations/dba4eba2-ad13-4a96-9c76-05299f913ba7?api-version=2016-03-30
    method: GET
  response:
    body: |-
      {
        "name": "a2eba4db-13ad-964a-9c76-05299f913ba7",
        "status": "Succeeded",
        "startTime": "2001-02-03T04:05:06Z",
        "endTime": "2001-02-03T04:05:06Z"
       }
    headers:
      Cache-Control:
      - no-cache
      Content-Type:
      - application/json
      Expires:
      - "-1"
      Pragma:
      - no-cache
      Server:
      - nginx
      Strict-Transport-Security:
      - max-age=31536000; includeSubDomains
      Vary:
      - Accept-Encoding
      X-Content-Type-Options:
      - nosniff
    status: 200 OK
    code: 200
    duration: ""
- request:
    body: ""
    form: {}
    headers:
      Accept:
      - application/json
      Test-Request-Attempt:
      - "0"
    url: https://management.azure.com/subscriptions/00000000-0000-0000-0000-000000000000/resourceGroups/asotest-rg-kfdsdw/providers/Microsoft.ContainerService/managedClusters/asotest-mc-sgohla?api-version=2023-02-02-preview
    method: DELETE
  response:
    body: ""
    headers:
      Azure-Asyncoperation:
      - https://management.azure.com/subscriptions/00000000-0000-0000-0000-000000000000/providers/Microsoft.ContainerService/locations/westus3/operations/b9401590-67fb-4bfa-a460-9246e3283439?api-version=2016-03-30
      Cache-Control:
      - no-cache
      Content-Length:
      - "0"
      Expires:
      - "-1"
      Location:
      - https://management.azure.com/subscriptions/00000000-0000-0000-0000-000000000000/providers/Microsoft.ContainerService/locations/westus3/operationresults/b9401590-67fb-4bfa-a460-9246e3283439?api-version=2016-03-30
      Pragma:
      - no-cache
      Server:
      - nginx
      Strict-Transport-Security:
      - max-age=31536000; includeSubDomains
      X-Content-Type-Options:
      - nosniff
    status: 202 Accepted
    code: 202
    duration: ""
- request:
    body: ""
    form: {}
    headers:
      Test-Request-Attempt:
      - "0"
    url: https://management.azure.com/subscriptions/00000000-0000-0000-0000-000000000000/providers/Microsoft.ContainerService/locations/westus3/operations/b9401590-67fb-4bfa-a460-9246e3283439?api-version=2016-03-30
    method: GET
  response:
    body: |-
      {
        "name": "901540b9-fb67-fa4b-a460-9246e3283439",
        "status": "InProgress",
        "startTime": "2001-02-03T04:05:06Z"
       }
    headers:
      Cache-Control:
      - no-cache
      Content-Type:
      - application/json
      Expires:
      - "-1"
      Pragma:
      - no-cache
      Server:
      - nginx
      Strict-Transport-Security:
      - max-age=31536000; includeSubDomains
      Vary:
      - Accept-Encoding
      X-Content-Type-Options:
      - nosniff
    status: 200 OK
    code: 200
    duration: ""
- request:
    body: ""
    form: {}
    headers:
      Test-Request-Attempt:
      - "1"
    url: https://management.azure.com/subscriptions/00000000-0000-0000-0000-000000000000/providers/Microsoft.ContainerService/locations/westus3/operations/b9401590-67fb-4bfa-a460-9246e3283439?api-version=2016-03-30
    method: GET
  response:
    body: |-
      {
        "name": "901540b9-fb67-fa4b-a460-9246e3283439",
        "status": "InProgress",
        "startTime": "2001-02-03T04:05:06Z"
       }
    headers:
      Cache-Control:
      - no-cache
      Content-Type:
      - application/json
      Expires:
      - "-1"
      Pragma:
      - no-cache
      Server:
      - nginx
      Strict-Transport-Security:
      - max-age=31536000; includeSubDomains
      Vary:
      - Accept-Encoding
      X-Content-Type-Options:
      - nosniff
    status: 200 OK
    code: 200
    duration: ""
- request:
    body: ""
    form: {}
    headers:
      Test-Request-Attempt:
      - "2"
    url: https://management.azure.com/subscriptions/00000000-0000-0000-0000-000000000000/providers/Microsoft.ContainerService/locations/westus3/operations/b9401590-67fb-4bfa-a460-9246e3283439?api-version=2016-03-30
    method: GET
  response:
    body: |-
      {
        "name": "901540b9-fb67-fa4b-a460-9246e3283439",
        "status": "InProgress",
        "startTime": "2001-02-03T04:05:06Z"
       }
    headers:
      Cache-Control:
      - no-cache
      Content-Type:
      - application/json
      Expires:
      - "-1"
      Pragma:
      - no-cache
      Server:
      - nginx
      Strict-Transport-Security:
      - max-age=31536000; includeSubDomains
      Vary:
      - Accept-Encoding
      X-Content-Type-Options:
      - nosniff
    status: 200 OK
    code: 200
    duration: ""
- request:
    body: ""
    form: {}
    headers:
      Test-Request-Attempt:
      - "3"
    url: https://management.azure.com/subscriptions/00000000-0000-0000-0000-000000000000/providers/Microsoft.ContainerService/locations/westus3/operations/b9401590-67fb-4bfa-a460-9246e3283439?api-version=2016-03-30
    method: GET
  response:
    body: |-
      {
        "name": "901540b9-fb67-fa4b-a460-9246e3283439",
        "status": "InProgress",
        "startTime": "2001-02-03T04:05:06Z"
       }
    headers:
      Cache-Control:
      - no-cache
      Content-Type:
      - application/json
      Expires:
      - "-1"
      Pragma:
      - no-cache
      Server:
      - nginx
      Strict-Transport-Security:
      - max-age=31536000; includeSubDomains
      Vary:
      - Accept-Encoding
      X-Content-Type-Options:
      - nosniff
    status: 200 OK
    code: 200
    duration: ""
- request:
    body: ""
    form: {}
    headers:
      Test-Request-Attempt:
      - "4"
    url: https://management.azure.com/subscriptions/00000000-0000-0000-0000-000000000000/providers/Microsoft.ContainerService/locations/westus3/operations/b9401590-67fb-4bfa-a460-9246e3283439?api-version=2016-03-30
    method: GET
  response:
    body: |-
      {
        "name": "901540b9-fb67-fa4b-a460-9246e3283439",
        "status": "InProgress",
        "startTime": "2001-02-03T04:05:06Z"
       }
    headers:
      Cache-Control:
      - no-cache
      Content-Type:
      - application/json
      Expires:
      - "-1"
      Pragma:
      - no-cache
      Server:
      - nginx
      Strict-Transport-Security:
      - max-age=31536000; includeSubDomains
      Vary:
      - Accept-Encoding
      X-Content-Type-Options:
      - nosniff
    status: 200 OK
    code: 200
    duration: ""
- request:
    body: ""
    form: {}
    headers:
      Test-Request-Attempt:
      - "5"
    url: https://management.azure.com/subscriptions/00000000-0000-0000-0000-000000000000/providers/Microsoft.ContainerService/locations/westus3/operations/b9401590-67fb-4bfa-a460-9246e3283439?api-version=2016-03-30
    method: GET
  response:
    body: |-
      {
        "name": "901540b9-fb67-fa4b-a460-9246e3283439",
        "status": "InProgress",
        "startTime": "2001-02-03T04:05:06Z"
       }
    headers:
      Cache-Control:
      - no-cache
      Content-Type:
      - application/json
      Expires:
      - "-1"
      Pragma:
      - no-cache
      Server:
      - nginx
      Strict-Transport-Security:
      - max-age=31536000; includeSubDomains
      Vary:
      - Accept-Encoding
      X-Content-Type-Options:
      - nosniff
    status: 200 OK
    code: 200
    duration: ""
- request:
    body: ""
    form: {}
    headers:
      Test-Request-Attempt:
      - "6"
    url: https://management.azure.com/subscriptions/00000000-0000-0000-0000-000000000000/providers/Microsoft.ContainerService/locations/westus3/operations/b9401590-67fb-4bfa-a460-9246e3283439?api-version=2016-03-30
    method: GET
  response:
    body: |-
      {
        "name": "901540b9-fb67-fa4b-a460-9246e3283439",
        "status": "InProgress",
        "startTime": "2001-02-03T04:05:06Z"
       }
    headers:
      Cache-Control:
      - no-cache
      Content-Type:
      - application/json
      Expires:
      - "-1"
      Pragma:
      - no-cache
      Server:
      - nginx
      Strict-Transport-Security:
      - max-age=31536000; includeSubDomains
      Vary:
      - Accept-Encoding
      X-Content-Type-Options:
      - nosniff
    status: 200 OK
    code: 200
    duration: ""
- request:
    body: ""
    form: {}
    headers:
      Test-Request-Attempt:
      - "7"
    url: https://management.azure.com/subscriptions/00000000-0000-0000-0000-000000000000/providers/Microsoft.ContainerService/locations/westus3/operations/b9401590-67fb-4bfa-a460-9246e3283439?api-version=2016-03-30
    method: GET
  response:
    body: |-
      {
        "name": "901540b9-fb67-fa4b-a460-9246e3283439",
        "status": "Succeeded",
        "startTime": "2001-02-03T04:05:06Z",
        "endTime": "2001-02-03T04:05:06Z"
       }
    headers:
      Cache-Control:
      - no-cache
      Content-Type:
      - application/json
      Expires:
      - "-1"
      Pragma:
      - no-cache
      Server:
      - nginx
      Strict-Transport-Security:
      - max-age=31536000; includeSubDomains
      Vary:
      - Accept-Encoding
      X-Content-Type-Options:
      - nosniff
    status: 200 OK
    code: 200
    duration: ""
- request:
    body: ""
    form: {}
    headers:
      Accept:
      - application/json
      Test-Request-Attempt:
      - "0"
    url: https://management.azure.com/subscriptions/00000000-0000-0000-0000-000000000000/resourcegroups/asotest-rg-kfdsdw/providers/Microsoft.ContainerService/managedClusters/asotest-mc-sgohla?api-version=2023-02-02-preview
    method: GET
  response:
    body: '{"error":{"code":"ResourceNotFound","message":"The Resource ''Microsoft.ContainerService/managedClusters/asotest-mc-sgohla''
      under resource group ''asotest-rg-kfdsdw'' was not found. For more details please
      go to https://aka.ms/ARMResourceNotFoundFix"}}'
    headers:
      Cache-Control:
      - no-cache
      Content-Length:
      - "249"
      Content-Type:
      - application/json; charset=utf-8
      Expires:
      - "-1"
      Pragma:
      - no-cache
      Strict-Transport-Security:
      - max-age=31536000; includeSubDomains
      X-Content-Type-Options:
      - nosniff
      X-Ms-Failure-Cause:
      - gateway
    status: 404 Not Found
    code: 404
    duration: ""
- request:
    body: ""
    form: {}
    headers:
      Accept:
      - application/json
      Test-Request-Attempt:
      - "0"
    url: https://management.azure.com/subscriptions/00000000-0000-0000-0000-000000000000/resourceGroups/asotest-rg-kfdsdw?api-version=2020-06-01
    method: DELETE
  response:
    body: ""
    headers:
      Cache-Control:
      - no-cache
      Content-Length:
      - "0"
      Expires:
      - "-1"
      Location:
      - https://management.azure.com/subscriptions/00000000-0000-0000-0000-000000000000/operationresults/eyJqb2JJZCI6IlJFU09VUkNFR1JPVVBERUxFVElPTkpPQi1BU09URVNUOjJEUkc6MkRLRkRTRFctV0VTVFVTMiIsImpvYkxvY2F0aW9uIjoid2VzdHVzMiJ9?api-version=2020-06-01
      Pragma:
      - no-cache
      Retry-After:
      - "15"
      Strict-Transport-Security:
      - max-age=31536000; includeSubDomains
      X-Content-Type-Options:
      - nosniff
    status: 202 Accepted
    code: 202
    duration: ""
- request:
    body: ""
    form: {}
    headers:
      Test-Request-Attempt:
      - "0"
    url: https://management.azure.com/subscriptions/00000000-0000-0000-0000-000000000000/operationresults/eyJqb2JJZCI6IlJFU09VUkNFR1JPVVBERUxFVElPTkpPQi1BU09URVNUOjJEUkc6MkRLRkRTRFctV0VTVFVTMiIsImpvYkxvY2F0aW9uIjoid2VzdHVzMiJ9?api-version=2020-06-01
    method: GET
  response:
    body: ""
    headers:
      Cache-Control:
      - no-cache
      Content-Length:
      - "0"
      Expires:
      - "-1"
      Location:
      - https://management.azure.com/subscriptions/00000000-0000-0000-0000-000000000000/operationresults/eyJqb2JJZCI6IlJFU09VUkNFR1JPVVBERUxFVElPTkpPQi1BU09URVNUOjJEUkc6MkRLRkRTRFctV0VTVFVTMiIsImpvYkxvY2F0aW9uIjoid2VzdHVzMiJ9?api-version=2020-06-01
      Pragma:
      - no-cache
      Retry-After:
      - "15"
      Strict-Transport-Security:
      - max-age=31536000; includeSubDomains
      X-Content-Type-Options:
      - nosniff
    status: 202 Accepted
    code: 202
    duration: ""
- request:
    body: ""
    form: {}
    headers:
      Test-Request-Attempt:
      - "1"
    url: https://management.azure.com/subscriptions/00000000-0000-0000-0000-000000000000/operationresults/eyJqb2JJZCI6IlJFU09VUkNFR1JPVVBERUxFVElPTkpPQi1BU09URVNUOjJEUkc6MkRLRkRTRFctV0VTVFVTMiIsImpvYkxvY2F0aW9uIjoid2VzdHVzMiJ9?api-version=2020-06-01
    method: GET
  response:
    body: ""
    headers:
      Cache-Control:
      - no-cache
      Content-Length:
      - "0"
      Expires:
      - "-1"
      Location:
      - https://management.azure.com/subscriptions/00000000-0000-0000-0000-000000000000/operationresults/eyJqb2JJZCI6IlJFU09VUkNFR1JPVVBERUxFVElPTkpPQi1BU09URVNUOjJEUkc6MkRLRkRTRFctV0VTVFVTMiIsImpvYkxvY2F0aW9uIjoid2VzdHVzMiJ9?api-version=2020-06-01
      Pragma:
      - no-cache
      Retry-After:
      - "15"
      Strict-Transport-Security:
      - max-age=31536000; includeSubDomains
      X-Content-Type-Options:
      - nosniff
    status: 202 Accepted
    code: 202
    duration: ""
- request:
    body: ""
    form: {}
    headers:
      Test-Request-Attempt:
      - "2"
    url: https://management.azure.com/subscriptions/00000000-0000-0000-0000-000000000000/operationresults/eyJqb2JJZCI6IlJFU09VUkNFR1JPVVBERUxFVElPTkpPQi1BU09URVNUOjJEUkc6MkRLRkRTRFctV0VTVFVTMiIsImpvYkxvY2F0aW9uIjoid2VzdHVzMiJ9?api-version=2020-06-01
    method: GET
  response:
    body: ""
    headers:
      Cache-Control:
      - no-cache
      Content-Length:
      - "0"
      Expires:
      - "-1"
      Location:
      - https://management.azure.com/subscriptions/00000000-0000-0000-0000-000000000000/operationresults/eyJqb2JJZCI6IlJFU09VUkNFR1JPVVBERUxFVElPTkpPQi1BU09URVNUOjJEUkc6MkRLRkRTRFctV0VTVFVTMiIsImpvYkxvY2F0aW9uIjoid2VzdHVzMiJ9?api-version=2020-06-01
      Pragma:
      - no-cache
      Retry-After:
      - "15"
      Strict-Transport-Security:
      - max-age=31536000; includeSubDomains
      X-Content-Type-Options:
      - nosniff
    status: 202 Accepted
    code: 202
    duration: ""
- request:
    body: ""
    form: {}
    headers:
      Test-Request-Attempt:
      - "3"
    url: https://management.azure.com/subscriptions/00000000-0000-0000-0000-000000000000/operationresults/eyJqb2JJZCI6IlJFU09VUkNFR1JPVVBERUxFVElPTkpPQi1BU09URVNUOjJEUkc6MkRLRkRTRFctV0VTVFVTMiIsImpvYkxvY2F0aW9uIjoid2VzdHVzMiJ9?api-version=2020-06-01
    method: GET
  response:
    body: ""
    headers:
      Cache-Control:
      - no-cache
      Content-Length:
      - "0"
      Expires:
      - "-1"
      Location:
      - https://management.azure.com/subscriptions/00000000-0000-0000-0000-000000000000/operationresults/eyJqb2JJZCI6IlJFU09VUkNFR1JPVVBERUxFVElPTkpPQi1BU09URVNUOjJEUkc6MkRLRkRTRFctV0VTVFVTMiIsImpvYkxvY2F0aW9uIjoid2VzdHVzMiJ9?api-version=2020-06-01
      Pragma:
      - no-cache
      Retry-After:
      - "15"
      Strict-Transport-Security:
      - max-age=31536000; includeSubDomains
      X-Content-Type-Options:
      - nosniff
    status: 202 Accepted
    code: 202
    duration: ""
- request:
    body: ""
    form: {}
    headers:
      Test-Request-Attempt:
      - "4"
    url: https://management.azure.com/subscriptions/00000000-0000-0000-0000-000000000000/operationresults/eyJqb2JJZCI6IlJFU09VUkNFR1JPVVBERUxFVElPTkpPQi1BU09URVNUOjJEUkc6MkRLRkRTRFctV0VTVFVTMiIsImpvYkxvY2F0aW9uIjoid2VzdHVzMiJ9?api-version=2020-06-01
    method: GET
  response:
    body: ""
    headers:
      Cache-Control:
      - no-cache
      Content-Length:
      - "0"
      Expires:
      - "-1"
      Pragma:
      - no-cache
      Strict-Transport-Security:
      - max-age=31536000; includeSubDomains
      X-Content-Type-Options:
      - nosniff
    status: 200 OK
    code: 200
    duration: ""
