---
version: 1
interactions:
- request:
    body: '{"name":"asotest-rg-mnlufu","location":"westus2","tags":{"CreatedAt":"2001-02-03T04:05:06Z"}}'
    form: {}
    headers:
      Accept:
      - application/json
      Content-Length:
      - "93"
      Content-Type:
      - application/json
      Test-Request-Attempt:
      - "0"
    url: https://management.azure.com/subscriptions/00000000-0000-0000-0000-000000000000/resourceGroups/asotest-rg-mnlufu?api-version=2020-06-01
    method: PUT
  response:
    body: '{"id":"/subscriptions/00000000-0000-0000-0000-000000000000/resourceGroups/asotest-rg-mnlufu","name":"asotest-rg-mnlufu","type":"Microsoft.Resources/resourceGroups","location":"westus2","tags":{"CreatedAt":"2001-02-03T04:05:06Z"},"properties":{"provisioningState":"Succeeded"}}'
    headers:
      Cache-Control:
      - no-cache
      Content-Length:
      - "276"
      Content-Type:
      - application/json; charset=utf-8
      Expires:
      - "-1"
      Pragma:
      - no-cache
      Strict-Transport-Security:
      - max-age=31536000; includeSubDomains
      X-Content-Type-Options:
      - nosniff
    status: 201 Created
    code: 201
    duration: ""
- request:
    body: ""
    form: {}
    headers:
      Accept:
      - application/json
      Test-Request-Attempt:
      - "0"
    url: https://management.azure.com/subscriptions/00000000-0000-0000-0000-000000000000/resourceGroups/asotest-rg-mnlufu?api-version=2020-06-01
    method: GET
  response:
    body: '{"id":"/subscriptions/00000000-0000-0000-0000-000000000000/resourceGroups/asotest-rg-mnlufu","name":"asotest-rg-mnlufu","type":"Microsoft.Resources/resourceGroups","location":"westus2","tags":{"CreatedAt":"2001-02-03T04:05:06Z"},"properties":{"provisioningState":"Succeeded"}}'
    headers:
      Cache-Control:
      - no-cache
      Content-Type:
      - application/json; charset=utf-8
      Expires:
      - "-1"
      Pragma:
      - no-cache
      Strict-Transport-Security:
      - max-age=31536000; includeSubDomains
      Vary:
      - Accept-Encoding
      X-Content-Type-Options:
      - nosniff
    status: 200 OK
    code: 200
    duration: ""
- request:
    body: '{"location":"westus2","name":"asotest-mi-tbbith"}'
    form: {}
    headers:
      Accept:
      - application/json
      Content-Length:
      - "49"
      Content-Type:
      - application/json
      Test-Request-Attempt:
      - "0"
    url: https://management.azure.com/subscriptions/00000000-0000-0000-0000-000000000000/resourceGroups/asotest-rg-mnlufu/providers/Microsoft.ManagedIdentity/userAssignedIdentities/asotest-mi-tbbith?api-version=2018-11-30
    method: PUT
  response:
    body: '{"id":"/subscriptions/00000000-0000-0000-0000-000000000000/resourcegroups/asotest-rg-mnlufu/providers/Microsoft.ManagedIdentity/userAssignedIdentities/asotest-mi-tbbith","name":"asotest-mi-tbbith","type":"Microsoft.ManagedIdentity/userAssignedIdentities","location":"westus2","tags":{},"properties":{"tenantId":"72f988bf-86f1-41af-91ab-2d7cd011db47","principalId":"b4de6890-d9c7-4a70-802b-c2e285c69378","clientId":"48aec427-1a74-4404-b1d5-145f091de8e6"}}'
    headers:
      Cache-Control:
      - no-cache
      Content-Length:
      - "454"
      Content-Type:
      - application/json; charset=utf-8
      Expires:
      - "-1"
      Location:
      - /subscriptions/00000000-0000-0000-0000-000000000000/resourcegroups/asotest-rg-mnlufu/providers/Microsoft.ManagedIdentity/userAssignedIdentities/asotest-mi-tbbith
      Pragma:
      - no-cache
      Strict-Transport-Security:
      - max-age=31536000; includeSubDomains
      X-Content-Type-Options:
      - nosniff
    status: 201 Created
    code: 201
    duration: ""
- request:
    body: '{"location":"westus2","name":"asotest-mi-tbbith"}'
    form: {}
    headers:
      Accept:
      - application/json
      Content-Length:
      - "49"
      Content-Type:
      - application/json
      Test-Request-Attempt:
      - "1"
    url: https://management.azure.com/subscriptions/00000000-0000-0000-0000-000000000000/resourceGroups/asotest-rg-mnlufu/providers/Microsoft.ManagedIdentity/userAssignedIdentities/asotest-mi-tbbith?api-version=2018-11-30
    method: PUT
  response:
    body: '{"id":"/subscriptions/00000000-0000-0000-0000-000000000000/resourcegroups/asotest-rg-mnlufu/providers/Microsoft.ManagedIdentity/userAssignedIdentities/asotest-mi-tbbith","name":"asotest-mi-tbbith","type":"Microsoft.ManagedIdentity/userAssignedIdentities","location":"westus2","tags":{},"properties":{"tenantId":"72f988bf-86f1-41af-91ab-2d7cd011db47","principalId":"b4de6890-d9c7-4a70-802b-c2e285c69378","clientId":"48aec427-1a74-4404-b1d5-145f091de8e6"}}'
    headers:
      Cache-Control:
      - no-cache
      Content-Type:
      - application/json; charset=utf-8
      Expires:
      - "-1"
      Pragma:
      - no-cache
      Strict-Transport-Security:
      - max-age=31536000; includeSubDomains
      Vary:
      - Accept-Encoding
      X-Content-Type-Options:
      - nosniff
    status: 200 OK
    code: 200
    duration: ""
- request:
    body: ""
    form: {}
    headers:
      Accept:
      - application/json
      Test-Request-Attempt:
      - "0"
    url: https://management.azure.com/subscriptions/00000000-0000-0000-0000-000000000000/resourceGroups/asotest-rg-mnlufu/providers/Microsoft.ManagedIdentity/userAssignedIdentities/asotest-mi-tbbith?api-version=2018-11-30
    method: GET
  response:
    body: '{"id":"/subscriptions/00000000-0000-0000-0000-000000000000/resourcegroups/asotest-rg-mnlufu/providers/Microsoft.ManagedIdentity/userAssignedIdentities/asotest-mi-tbbith","name":"asotest-mi-tbbith","type":"Microsoft.ManagedIdentity/userAssignedIdentities","location":"westus2","tags":{},"properties":{"tenantId":"72f988bf-86f1-41af-91ab-2d7cd011db47","principalId":"b4de6890-d9c7-4a70-802b-c2e285c69378","clientId":"48aec427-1a74-4404-b1d5-145f091de8e6"}}'
    headers:
      Cache-Control:
      - no-cache
      Content-Type:
      - application/json; charset=utf-8
      Expires:
      - "-1"
      Pragma:
      - no-cache
      Strict-Transport-Security:
      - max-age=31536000; includeSubDomains
      Vary:
      - Accept-Encoding
      X-Content-Type-Options:
      - nosniff
    status: 200 OK
    code: 200
    duration: ""
- request:
    body: '{"location":"westus2","name":"71350183-d252-4648-9f93-7993b21f9ba7","properties":{"principalId":"b4de6890-d9c7-4a70-802b-c2e285c69378","roleDefinitionId":"/subscriptions/00000000-0000-0000-0000-000000000000/providers/Microsoft.Authorization/roleDefinitions/b24988ac-6180-42a0-ab88-20f7382dd24c"}}'
    form: {}
    headers:
      Accept:
      - application/json
      Content-Length:
      - "296"
      Content-Type:
      - application/json
      Test-Request-Attempt:
      - "0"
    url: https://management.azure.com/subscriptions/00000000-0000-0000-0000-000000000000/resourceGroups/asotest-rg-mnlufu/providers/Microsoft.Authorization/roleAssignments/71350183-d252-4648-9f93-7993b21f9ba7?api-version=2020-08-01-preview
    method: PUT
  response:
    body: '{"properties":{"roleDefinitionId":"/subscriptions/00000000-0000-0000-0000-000000000000/providers/Microsoft.Authorization/roleDefinitions/b24988ac-6180-42a0-ab88-20f7382dd24c","principalId":"b4de6890-d9c7-4a70-802b-c2e285c69378","principalType":"ServicePrincipal","scope":"/subscriptions/00000000-0000-0000-0000-000000000000/resourceGroups/asotest-rg-mnlufu","condition":null,"conditionVersion":null,"createdOn":"2001-02-03T04:05:06Z","updatedOn":"2001-02-03T04:05:06Z","createdBy":null,"updatedBy":"34e81c0e-d5e6-478f-8544-2686be295567","delegatedManagedIdentityResourceId":null,"description":null},"id":"/subscriptions/00000000-0000-0000-0000-000000000000/resourceGroups/asotest-rg-mnlufu/providers/Microsoft.Authorization/roleAssignments/71350183-d252-4648-9f93-7993b21f9ba7","type":"Microsoft.Authorization/roleAssignments","name":"71350183-d252-4648-9f93-7993b21f9ba7"}'
    headers:
      Cache-Control:
      - no-cache
      Content-Length:
      - "889"
      Content-Type:
      - application/json; charset=utf-8
      Expires:
      - "-1"
      Pragma:
      - no-cache
      Set-Cookie:
      - x-ms-gateway-slice=Production; path=/; secure; samesite=none; httponly
      Strict-Transport-Security:
      - max-age=31536000; includeSubDomains
      X-Content-Type-Options:
      - nosniff
    status: 201 Created
    code: 201
    duration: ""
- request:
    body: ""
    form: {}
    headers:
      Test-Request-Attempt:
      - "0"
    url: https://management.azure.com/subscriptions/00000000-0000-0000-0000-000000000000/resourceGroups/asotest-rg-mnlufu/providers/Microsoft.Authorization/roleAssignments/71350183-d252-4648-9f93-7993b21f9ba7?api-version=2020-08-01-preview
    method: GET
  response:
    body: '{"properties":{"roleDefinitionId":"/subscriptions/00000000-0000-0000-0000-000000000000/providers/Microsoft.Authorization/roleDefinitions/b24988ac-6180-42a0-ab88-20f7382dd24c","principalId":"b4de6890-d9c7-4a70-802b-c2e285c69378","principalType":"ServicePrincipal","scope":"/subscriptions/00000000-0000-0000-0000-000000000000/resourceGroups/asotest-rg-mnlufu","condition":null,"conditionVersion":null,"createdOn":"2001-02-03T04:05:06Z","updatedOn":"2001-02-03T04:05:06Z","createdBy":"34e81c0e-d5e6-478f-8544-2686be295567","updatedBy":"34e81c0e-d5e6-478f-8544-2686be295567","delegatedManagedIdentityResourceId":null,"description":null},"id":"/subscriptions/00000000-0000-0000-0000-000000000000/resourceGroups/asotest-rg-mnlufu/providers/Microsoft.Authorization/roleAssignments/71350183-d252-4648-9f93-7993b21f9ba7","type":"Microsoft.Authorization/roleAssignments","name":"71350183-d252-4648-9f93-7993b21f9ba7"}'
    headers:
      Cache-Control:
      - no-cache
      Content-Type:
      - application/json; charset=utf-8
      Expires:
      - "-1"
      Pragma:
      - no-cache
      Set-Cookie:
      - x-ms-gateway-slice=Production; path=/; secure; samesite=none; httponly
      Strict-Transport-Security:
      - max-age=31536000; includeSubDomains
      Vary:
      - Accept-Encoding
      X-Content-Type-Options:
      - nosniff
    status: 200 OK
    code: 200
    duration: ""
- request:
    body: ""
    form: {}
    headers:
      Accept:
      - application/json
      Test-Request-Attempt:
      - "1"
    url: https://management.azure.com/subscriptions/00000000-0000-0000-0000-000000000000/resourceGroups/asotest-rg-mnlufu/providers/Microsoft.Authorization/roleAssignments/71350183-d252-4648-9f93-7993b21f9ba7?api-version=2020-08-01-preview
    method: GET
  response:
    body: '{"properties":{"roleDefinitionId":"/subscriptions/00000000-0000-0000-0000-000000000000/providers/Microsoft.Authorization/roleDefinitions/b24988ac-6180-42a0-ab88-20f7382dd24c","principalId":"b4de6890-d9c7-4a70-802b-c2e285c69378","principalType":"ServicePrincipal","scope":"/subscriptions/00000000-0000-0000-0000-000000000000/resourceGroups/asotest-rg-mnlufu","condition":null,"conditionVersion":null,"createdOn":"2001-02-03T04:05:06Z","updatedOn":"2001-02-03T04:05:06Z","createdBy":"34e81c0e-d5e6-478f-8544-2686be295567","updatedBy":"34e81c0e-d5e6-478f-8544-2686be295567","delegatedManagedIdentityResourceId":null,"description":null},"id":"/subscriptions/00000000-0000-0000-0000-000000000000/resourceGroups/asotest-rg-mnlufu/providers/Microsoft.Authorization/roleAssignments/71350183-d252-4648-9f93-7993b21f9ba7","type":"Microsoft.Authorization/roleAssignments","name":"71350183-d252-4648-9f93-7993b21f9ba7"}'
    headers:
      Cache-Control:
      - no-cache
      Content-Type:
      - application/json; charset=utf-8
      Expires:
      - "-1"
      Pragma:
      - no-cache
      Set-Cookie:
      - x-ms-gateway-slice=Production; path=/; secure; samesite=none; httponly
      Strict-Transport-Security:
      - max-age=31536000; includeSubDomains
      Vary:
      - Accept-Encoding
      X-Content-Type-Options:
      - nosniff
    status: 200 OK
    code: 200
    duration: ""
- request:
    body: ""
    form: {}
    headers:
      Accept:
      - application/json
      Test-Request-Attempt:
      - "0"
    url: https://management.azure.com/subscriptions/00000000-0000-0000-0000-000000000000/resourceGroups/asotest-rg-mnlufu/providers/Microsoft.Authorization/roleAssignments/71350183-d252-4648-9f93-7993b21f9ba7?api-version=2020-08-01-preview
    method: DELETE
  response:
    body: '{"properties":{"roleDefinitionId":"/subscriptions/00000000-0000-0000-0000-000000000000/providers/Microsoft.Authorization/roleDefinitions/b24988ac-6180-42a0-ab88-20f7382dd24c","principalId":"b4de6890-d9c7-4a70-802b-c2e285c69378","principalType":"ServicePrincipal","scope":"/subscriptions/00000000-0000-0000-0000-000000000000/resourceGroups/asotest-rg-mnlufu","condition":null,"conditionVersion":null,"createdOn":"2001-02-03T04:05:06Z","updatedOn":"2001-02-03T04:05:06Z","createdBy":"34e81c0e-d5e6-478f-8544-2686be295567","updatedBy":"34e81c0e-d5e6-478f-8544-2686be295567","delegatedManagedIdentityResourceId":null,"description":null},"id":"/subscriptions/00000000-0000-0000-0000-000000000000/resourceGroups/asotest-rg-mnlufu/providers/Microsoft.Authorization/roleAssignments/71350183-d252-4648-9f93-7993b21f9ba7","type":"Microsoft.Authorization/roleAssignments","name":"71350183-d252-4648-9f93-7993b21f9ba7"}'
    headers:
      Cache-Control:
      - no-cache
      Content-Type:
      - application/json; charset=utf-8
      Expires:
      - "-1"
      Pragma:
      - no-cache
      Set-Cookie:
      - x-ms-gateway-slice=Production; path=/; secure; samesite=none; httponly
      Strict-Transport-Security:
      - max-age=31536000; includeSubDomains
      Vary:
      - Accept-Encoding
      X-Content-Type-Options:
      - nosniff
    status: 200 OK
    code: 200
    duration: ""
- request:
    body: ""
    form: {}
    headers:
      Accept:
      - application/json
      Test-Request-Attempt:
      - "2"
    url: https://management.azure.com/subscriptions/00000000-0000-0000-0000-000000000000/resourceGroups/asotest-rg-mnlufu/providers/Microsoft.Authorization/roleAssignments/71350183-d252-4648-9f93-7993b21f9ba7?api-version=2020-08-01-preview
    method: GET
  response:
    body: '{"error":{"code":"RoleAssignmentNotFound","message":"The role assignment
      ''71350183-d252-4648-9f93-7993b21f9ba7'' is not found."}}'
    headers:
      Cache-Control:
      - no-cache
      Content-Length:
      - "128"
      Content-Type:
      - application/json; charset=utf-8
      Expires:
      - "-1"
      Pragma:
      - no-cache
      Set-Cookie:
      - x-ms-gateway-slice=Production; path=/; secure; samesite=none; httponly
      Strict-Transport-Security:
      - max-age=31536000; includeSubDomains
      X-Content-Type-Options:
      - nosniff
    status: 404 Not Found
    code: 404
    duration: ""
- request:
    body: ""
    form: {}
    headers:
      Accept:
      - application/json
      Test-Request-Attempt:
      - "3"
    url: https://management.azure.com/subscriptions/00000000-0000-0000-0000-000000000000/resourceGroups/asotest-rg-mnlufu/providers/Microsoft.Authorization/roleAssignments/71350183-d252-4648-9f93-7993b21f9ba7?api-version=2020-08-01-preview
    method: GET
  response:
    body: '{"error":{"code":"RoleAssignmentNotFound","message":"The role assignment
      ''71350183-d252-4648-9f93-7993b21f9ba7'' is not found."}}'
    headers:
      Cache-Control:
      - no-cache
      Content-Length:
      - "128"
      Content-Type:
      - application/json; charset=utf-8
      Expires:
      - "-1"
      Pragma:
      - no-cache
      Set-Cookie:
      - x-ms-gateway-slice=Production; path=/; secure; samesite=none; httponly
      Strict-Transport-Security:
      - max-age=31536000; includeSubDomains
      X-Content-Type-Options:
      - nosniff
    status: 404 Not Found
    code: 404
    duration: ""
- request:
    body: ""
    form: {}
    headers:
      Accept:
      - application/json
      Test-Request-Attempt:
      - "0"
    url: https://management.azure.com/subscriptions/00000000-0000-0000-0000-000000000000/resourceGroups/asotest-rg-mnlufu?api-version=2020-06-01
    method: DELETE
  response:
    body: ""
    headers:
      Cache-Control:
      - no-cache
      Content-Length:
      - "0"
      Expires:
      - "-1"
      Location:
      - https://management.azure.com/subscriptions/00000000-0000-0000-0000-000000000000/operationresults/eyJqb2JJZCI6IlJFU09VUkNFR1JPVVBERUxFVElPTkpPQi1BU09URVNUOjJEUkc6MkRNTkxVRlUtV0VTVFVTMiIsImpvYkxvY2F0aW9uIjoid2VzdHVzMiJ9?api-version=2020-06-01
      Pragma:
      - no-cache
      Retry-After:
      - "15"
      Strict-Transport-Security:
      - max-age=31536000; includeSubDomains
      X-Content-Type-Options:
      - nosniff
    status: 202 Accepted
    code: 202
    duration: ""
- request:
    body: ""
    form: {}
    headers:
      Accept:
      - application/json
      Test-Request-Attempt:
      - "0"
    url: https://management.azure.com/subscriptions/00000000-0000-0000-0000-000000000000/resourceGroups/asotest-rg-mnlufu/providers/Microsoft.ManagedIdentity/userAssignedIdentities/asotest-mi-tbbith?api-version=2018-11-30
    method: DELETE
  response:
    body: ""
    headers:
      Cache-Control:
      - no-cache
      Content-Length:
      - "0"
      Expires:
      - "-1"
      Pragma:
      - no-cache
      Strict-Transport-Security:
      - max-age=31536000; includeSubDomains
      X-Content-Type-Options:
      - nosniff
    status: 200 OK
    code: 200
    duration: ""
- request:
    body: ""
    form: {}
    headers:
      Accept:
      - application/json
      Test-Request-Attempt:
      - "1"
    url: https://management.azure.com/subscriptions/00000000-0000-0000-0000-000000000000/resourceGroups/asotest-rg-mnlufu/providers/Microsoft.ManagedIdentity/userAssignedIdentities/asotest-mi-tbbith?api-version=2018-11-30
    method: GET
  response:
    body: '{"error":{"code":"ResourceNotFound","message":"The Resource ''Microsoft.ManagedIdentity/userAssignedIdentities/asotest-mi-tbbith''
      under resource group ''asotest-rg-mnlufu'' was not found. For more details please
      go to https://aka.ms/ARMResourceNotFoundFix"}}'
    headers:
      Cache-Control:
      - no-cache
      Content-Length:
      - "255"
      Content-Type:
      - application/json; charset=utf-8
      Expires:
      - "-1"
      Pragma:
      - no-cache
      Strict-Transport-Security:
      - max-age=31536000; includeSubDomains
      X-Content-Type-Options:
      - nosniff
      X-Ms-Failure-Cause:
      - gateway
    status: 404 Not Found
    code: 404
    duration: ""
- request:
    body: ""
    form: {}
    headers:
      Accept:
      - application/json
      Test-Request-Attempt:
      - "1"
    url: https://management.azure.com/subscriptions/00000000-0000-0000-0000-000000000000/resourceGroups/asotest-rg-mnlufu?api-version=2020-06-01
    method: GET
  response:
    body: '{"error":{"code":"ResourceGroupNotFound","message":"Resource group ''asotest-rg-mnlufu''
      could not be found."}}'
    headers:
      Cache-Control:
      - no-cache
      Content-Length:
      - "109"
      Content-Type:
      - application/json; charset=utf-8
      Expires:
      - "-1"
      Pragma:
      - no-cache
      Strict-Transport-Security:
      - max-age=31536000; includeSubDomains
      X-Content-Type-Options:
      - nosniff
      X-Ms-Failure-Cause:
      - gateway
    status: 404 Not Found
    code: 404
    duration: ""
