---
version: 1
interactions:
- request:
    body: '{"name":"asotest-rg-chpryc","location":"westus2","tags":{"CreatedAt":"2001-02-03T04:05:06Z"}}'
    form: {}
    headers:
      Accept:
      - application/json
      Content-Length:
      - "93"
      Content-Type:
      - application/json
      Test-Request-Attempt:
      - "0"
      X-Ms-Date:
      - Wed, 20 Oct 2021 18:05:57 GMT
    url: https://management.azure.com/subscriptions/00000000-0000-0000-0000-000000000000/resourceGroups/asotest-rg-chpryc?api-version=2020-06-01
    method: PUT
  response:
    body: '{"id":"/subscriptions/00000000-0000-0000-0000-000000000000/resourceGroups/asotest-rg-chpryc","name":"asotest-rg-chpryc","type":"Microsoft.Resources/resourceGroups","location":"westus2","tags":{"CreatedAt":"2001-02-03T04:05:06Z"},"properties":{"provisioningState":"Succeeded"}}'
    headers:
      Cache-Control:
      - no-cache
      Content-Length:
      - "276"
      Content-Type:
      - application/json; charset=utf-8
      Expires:
      - "-1"
      Pragma:
      - no-cache
      Strict-Transport-Security:
      - max-age=31536000; includeSubDomains
      X-Content-Type-Options:
      - nosniff
    status: 201 Created
    code: 201
    duration: ""
- request:
    body: ""
    form: {}
    headers:
      Accept:
      - application/json
      Test-Request-Attempt:
      - "0"
      X-Ms-Date:
      - Wed, 20 Oct 2021 18:05:57 GMT
    url: https://management.azure.com/subscriptions/00000000-0000-0000-0000-000000000000/resourceGroups/asotest-rg-chpryc?api-version=2020-06-01
    method: GET
  response:
    body: '{"id":"/subscriptions/00000000-0000-0000-0000-000000000000/resourceGroups/asotest-rg-chpryc","name":"asotest-rg-chpryc","type":"Microsoft.Resources/resourceGroups","location":"westus2","tags":{"CreatedAt":"2001-02-03T04:05:06Z"},"properties":{"provisioningState":"Succeeded"}}'
    headers:
      Cache-Control:
      - no-cache
      Content-Type:
      - application/json; charset=utf-8
      Expires:
      - "-1"
      Pragma:
      - no-cache
      Strict-Transport-Security:
      - max-age=31536000; includeSubDomains
      Vary:
      - Accept-Encoding
      X-Content-Type-Options:
      - nosniff
    status: 200 OK
    code: 200
    duration: ""
- request:
    body: '{"location":"westus2","name":"asotest-sbstandard-efjtou","properties":{"zoneRedundant":false},"sku":{"name":"Standard"}}'
    form: {}
    headers:
      Accept:
      - application/json
      Content-Length:
      - "120"
      Content-Type:
      - application/json
      Test-Request-Attempt:
      - "0"
      X-Ms-Date:
      - Wed, 20 Oct 2021 18:06:01 GMT
    url: https://management.azure.com/subscriptions/00000000-0000-0000-0000-000000000000/resourceGroups/asotest-rg-chpryc/providers/Microsoft.ServiceBus/namespaces/asotest-sbstandard-efjtou?api-version=2021-01-01-preview
    method: PUT
  response:
    body: '{"sku":{"name":"Standard","tier":"Standard"},"id":"/subscriptions/00000000-0000-0000-0000-000000000000/resourceGroups/asotest-rg-chpryc/providers/Microsoft.ServiceBus/namespaces/asotest-sbstandard-efjtou","name":"asotest-sbstandard-efjtou","type":"Microsoft.ServiceBus/Namespaces","location":"West
      US 2","tags":{},"properties":{"zoneRedundant":false,"provisioningState":"Created","metricId":"00000000-0000-0000-0000-000000000000:asotest-sbstandard-efjtou","createdAt":"2001-02-03T04:05:06Z","updatedAt":"2001-02-03T04:05:06Z","serviceBusEndpoint":"https://asotest-sbstandard-efjtou.servicebus.windows.net:443/","status":"Activating"}}'
    headers:
      Cache-Control:
      - no-cache
      Content-Type:
      - application/json; charset=utf-8
      Expires:
      - "-1"
      Pragma:
      - no-cache
      Server:
      - Service-Bus-Resource-Provider/CH3
      - Microsoft-HTTPAPI/2.0
      Server-Sb:
      - Service-Bus-Resource-Provider/CH3
      Strict-Transport-Security:
      - max-age=31536000; includeSubDomains
      Vary:
      - Accept-Encoding
      X-Content-Type-Options:
      - nosniff
    status: 200 OK
    code: 200
    duration: ""
- request:
    body: ""
    form: {}
    headers:
      Test-Request-Attempt:
      - "0"
      X-Ms-Date:
      - Wed, 20 Oct 2021 18:06:03 GMT
    url: https://management.azure.com/subscriptions/00000000-0000-0000-0000-000000000000/resourceGroups/asotest-rg-chpryc/providers/Microsoft.ServiceBus/namespaces/asotest-sbstandard-efjtou?api-version=2021-01-01-preview
    method: GET
  response:
    body: '{"sku":{"name":"Standard","tier":"Standard"},"id":"/subscriptions/00000000-0000-0000-0000-000000000000/resourceGroups/asotest-rg-chpryc/providers/Microsoft.ServiceBus/namespaces/asotest-sbstandard-efjtou","name":"asotest-sbstandard-efjtou","type":"Microsoft.ServiceBus/Namespaces","location":"West
      US 2","tags":{},"properties":{"zoneRedundant":false,"provisioningState":"Created","metricId":"00000000-0000-0000-0000-000000000000:asotest-sbstandard-efjtou","createdAt":"2001-02-03T04:05:06Z","updatedAt":"2001-02-03T04:05:06Z","serviceBusEndpoint":"https://asotest-sbstandard-efjtou.servicebus.windows.net:443/","status":"Activating"}}'
    headers:
      Cache-Control:
      - no-cache
      Content-Type:
      - application/json; charset=utf-8
      Expires:
      - "-1"
      Pragma:
      - no-cache
      Server:
      - Service-Bus-Resource-Provider/CH3
      - Microsoft-HTTPAPI/2.0
      Server-Sb:
      - Service-Bus-Resource-Provider/CH3
      Strict-Transport-Security:
      - max-age=31536000; includeSubDomains
      Vary:
      - Accept-Encoding
      X-Content-Type-Options:
      - nosniff
    status: 200 OK
    code: 200
    duration: ""
- request:
    body: ""
    form: {}
    headers:
      Test-Request-Attempt:
      - "1"
      X-Ms-Date:
      - Wed, 20 Oct 2021 18:06:03 GMT
    url: https://management.azure.com/subscriptions/00000000-0000-0000-0000-000000000000/resourceGroups/asotest-rg-chpryc/providers/Microsoft.ServiceBus/namespaces/asotest-sbstandard-efjtou?api-version=2021-01-01-preview
    method: GET
  response:
    body: '{"sku":{"name":"Standard","tier":"Standard"},"id":"/subscriptions/00000000-0000-0000-0000-000000000000/resourceGroups/asotest-rg-chpryc/providers/Microsoft.ServiceBus/namespaces/asotest-sbstandard-efjtou","name":"asotest-sbstandard-efjtou","type":"Microsoft.ServiceBus/Namespaces","location":"West
      US 2","tags":{},"properties":{"zoneRedundant":false,"provisioningState":"Created","metricId":"00000000-0000-0000-0000-000000000000:asotest-sbstandard-efjtou","createdAt":"2001-02-03T04:05:06Z","updatedAt":"2001-02-03T04:05:06Z","serviceBusEndpoint":"https://asotest-sbstandard-efjtou.servicebus.windows.net:443/","status":"Activating"}}'
    headers:
      Cache-Control:
      - no-cache
      Content-Type:
      - application/json; charset=utf-8
      Expires:
      - "-1"
      Pragma:
      - no-cache
      Server:
      - Service-Bus-Resource-Provider/CH3
      - Microsoft-HTTPAPI/2.0
      Server-Sb:
      - Service-Bus-Resource-Provider/CH3
      Strict-Transport-Security:
      - max-age=31536000; includeSubDomains
      Vary:
      - Accept-Encoding
      X-Content-Type-Options:
      - nosniff
    status: 200 OK
    code: 200
    duration: ""
- request:
    body: ""
    form: {}
    headers:
      Test-Request-Attempt:
      - "2"
      X-Ms-Date:
      - Wed, 20 Oct 2021 18:06:03 GMT
    url: https://management.azure.com/subscriptions/00000000-0000-0000-0000-000000000000/resourceGroups/asotest-rg-chpryc/providers/Microsoft.ServiceBus/namespaces/asotest-sbstandard-efjtou?api-version=2021-01-01-preview
    method: GET
  response:
    body: '{"sku":{"name":"Standard","tier":"Standard"},"id":"/subscriptions/00000000-0000-0000-0000-000000000000/resourceGroups/asotest-rg-chpryc/providers/Microsoft.ServiceBus/namespaces/asotest-sbstandard-efjtou","name":"asotest-sbstandard-efjtou","type":"Microsoft.ServiceBus/Namespaces","location":"West
      US 2","tags":{},"properties":{"zoneRedundant":false,"provisioningState":"Created","metricId":"00000000-0000-0000-0000-000000000000:asotest-sbstandard-efjtou","createdAt":"2001-02-03T04:05:06Z","updatedAt":"2001-02-03T04:05:06Z","serviceBusEndpoint":"https://asotest-sbstandard-efjtou.servicebus.windows.net:443/","status":"Activating"}}'
    headers:
      Cache-Control:
      - no-cache
      Content-Type:
      - application/json; charset=utf-8
      Expires:
      - "-1"
      Pragma:
      - no-cache
      Server:
      - Service-Bus-Resource-Provider/CH3
      - Microsoft-HTTPAPI/2.0
      Server-Sb:
      - Service-Bus-Resource-Provider/CH3
      Strict-Transport-Security:
      - max-age=31536000; includeSubDomains
      Vary:
      - Accept-Encoding
      X-Content-Type-Options:
      - nosniff
    status: 200 OK
    code: 200
    duration: ""
- request:
    body: ""
    form: {}
    headers:
      Test-Request-Attempt:
      - "3"
      X-Ms-Date:
      - Wed, 20 Oct 2021 18:06:03 GMT
    url: https://management.azure.com/subscriptions/00000000-0000-0000-0000-000000000000/resourceGroups/asotest-rg-chpryc/providers/Microsoft.ServiceBus/namespaces/asotest-sbstandard-efjtou?api-version=2021-01-01-preview
    method: GET
  response:
    body: '{"sku":{"name":"Standard","tier":"Standard"},"id":"/subscriptions/00000000-0000-0000-0000-000000000000/resourceGroups/asotest-rg-chpryc/providers/Microsoft.ServiceBus/namespaces/asotest-sbstandard-efjtou","name":"asotest-sbstandard-efjtou","type":"Microsoft.ServiceBus/Namespaces","location":"West
      US 2","tags":{},"properties":{"zoneRedundant":false,"provisioningState":"Created","metricId":"00000000-0000-0000-0000-000000000000:asotest-sbstandard-efjtou","createdAt":"2001-02-03T04:05:06Z","updatedAt":"2001-02-03T04:05:06Z","serviceBusEndpoint":"https://asotest-sbstandard-efjtou.servicebus.windows.net:443/","status":"Activating"}}'
    headers:
      Cache-Control:
      - no-cache
      Content-Type:
      - application/json; charset=utf-8
      Expires:
      - "-1"
      Pragma:
      - no-cache
      Server:
      - Service-Bus-Resource-Provider/CH3
      - Microsoft-HTTPAPI/2.0
      Server-Sb:
      - Service-Bus-Resource-Provider/CH3
      Strict-Transport-Security:
      - max-age=31536000; includeSubDomains
      Vary:
      - Accept-Encoding
      X-Content-Type-Options:
      - nosniff
    status: 200 OK
    code: 200
    duration: ""
- request:
    body: ""
    form: {}
    headers:
      Test-Request-Attempt:
      - "4"
      X-Ms-Date:
      - Wed, 20 Oct 2021 18:06:04 GMT
    url: https://management.azure.com/subscriptions/00000000-0000-0000-0000-000000000000/resourceGroups/asotest-rg-chpryc/providers/Microsoft.ServiceBus/namespaces/asotest-sbstandard-efjtou?api-version=2021-01-01-preview
    method: GET
  response:
    body: '{"sku":{"name":"Standard","tier":"Standard"},"id":"/subscriptions/00000000-0000-0000-0000-000000000000/resourceGroups/asotest-rg-chpryc/providers/Microsoft.ServiceBus/namespaces/asotest-sbstandard-efjtou","name":"asotest-sbstandard-efjtou","type":"Microsoft.ServiceBus/Namespaces","location":"West
      US 2","tags":{},"properties":{"zoneRedundant":false,"provisioningState":"Created","metricId":"00000000-0000-0000-0000-000000000000:asotest-sbstandard-efjtou","createdAt":"2001-02-03T04:05:06Z","updatedAt":"2001-02-03T04:05:06Z","serviceBusEndpoint":"https://asotest-sbstandard-efjtou.servicebus.windows.net:443/","status":"Activating"}}'
    headers:
      Cache-Control:
      - no-cache
      Content-Type:
      - application/json; charset=utf-8
      Expires:
      - "-1"
      Pragma:
      - no-cache
      Server:
      - Service-Bus-Resource-Provider/CH3
      - Microsoft-HTTPAPI/2.0
      Server-Sb:
      - Service-Bus-Resource-Provider/CH3
      Strict-Transport-Security:
      - max-age=31536000; includeSubDomains
      Vary:
      - Accept-Encoding
      X-Content-Type-Options:
      - nosniff
    status: 200 OK
    code: 200
    duration: ""
- request:
    body: ""
    form: {}
    headers:
      Test-Request-Attempt:
      - "5"
      X-Ms-Date:
      - Wed, 20 Oct 2021 18:06:04 GMT
    url: https://management.azure.com/subscriptions/00000000-0000-0000-0000-000000000000/resourceGroups/asotest-rg-chpryc/providers/Microsoft.ServiceBus/namespaces/asotest-sbstandard-efjtou?api-version=2021-01-01-preview
    method: GET
  response:
    body: '{"sku":{"name":"Standard","tier":"Standard"},"id":"/subscriptions/00000000-0000-0000-0000-000000000000/resourceGroups/asotest-rg-chpryc/providers/Microsoft.ServiceBus/namespaces/asotest-sbstandard-efjtou","name":"asotest-sbstandard-efjtou","type":"Microsoft.ServiceBus/Namespaces","location":"West
      US 2","tags":{},"properties":{"zoneRedundant":false,"provisioningState":"Created","metricId":"00000000-0000-0000-0000-000000000000:asotest-sbstandard-efjtou","createdAt":"2001-02-03T04:05:06Z","updatedAt":"2001-02-03T04:05:06Z","serviceBusEndpoint":"https://asotest-sbstandard-efjtou.servicebus.windows.net:443/","status":"Activating"}}'
    headers:
      Cache-Control:
      - no-cache
      Content-Type:
      - application/json; charset=utf-8
      Expires:
      - "-1"
      Pragma:
      - no-cache
      Server:
      - Service-Bus-Resource-Provider/CH3
      - Microsoft-HTTPAPI/2.0
      Server-Sb:
      - Service-Bus-Resource-Provider/CH3
      Strict-Transport-Security:
      - max-age=31536000; includeSubDomains
      Vary:
      - Accept-Encoding
      X-Content-Type-Options:
      - nosniff
    status: 200 OK
    code: 200
    duration: ""
- request:
    body: ""
    form: {}
    headers:
      Test-Request-Attempt:
      - "6"
      X-Ms-Date:
      - Wed, 20 Oct 2021 18:06:04 GMT
    url: https://management.azure.com/subscriptions/00000000-0000-0000-0000-000000000000/resourceGroups/asotest-rg-chpryc/providers/Microsoft.ServiceBus/namespaces/asotest-sbstandard-efjtou?api-version=2021-01-01-preview
    method: GET
  response:
    body: '{"sku":{"name":"Standard","tier":"Standard"},"id":"/subscriptions/00000000-0000-0000-0000-000000000000/resourceGroups/asotest-rg-chpryc/providers/Microsoft.ServiceBus/namespaces/asotest-sbstandard-efjtou","name":"asotest-sbstandard-efjtou","type":"Microsoft.ServiceBus/Namespaces","location":"West
      US 2","tags":{},"properties":{"zoneRedundant":false,"provisioningState":"Created","metricId":"00000000-0000-0000-0000-000000000000:asotest-sbstandard-efjtou","createdAt":"2001-02-03T04:05:06Z","updatedAt":"2001-02-03T04:05:06Z","serviceBusEndpoint":"https://asotest-sbstandard-efjtou.servicebus.windows.net:443/","status":"Activating"}}'
    headers:
      Cache-Control:
      - no-cache
      Content-Type:
      - application/json; charset=utf-8
      Expires:
      - "-1"
      Pragma:
      - no-cache
      Server:
      - Service-Bus-Resource-Provider/CH3
      - Microsoft-HTTPAPI/2.0
      Server-Sb:
      - Service-Bus-Resource-Provider/CH3
      Strict-Transport-Security:
      - max-age=31536000; includeSubDomains
      Vary:
      - Accept-Encoding
      X-Content-Type-Options:
      - nosniff
    status: 200 OK
    code: 200
    duration: ""
- request:
    body: ""
    form: {}
    headers:
      Test-Request-Attempt:
      - "7"
      X-Ms-Date:
      - Wed, 20 Oct 2021 18:06:05 GMT
    url: https://management.azure.com/subscriptions/00000000-0000-0000-0000-000000000000/resourceGroups/asotest-rg-chpryc/providers/Microsoft.ServiceBus/namespaces/asotest-sbstandard-efjtou?api-version=2021-01-01-preview
    method: GET
  response:
    body: '{"sku":{"name":"Standard","tier":"Standard"},"id":"/subscriptions/00000000-0000-0000-0000-000000000000/resourceGroups/asotest-rg-chpryc/providers/Microsoft.ServiceBus/namespaces/asotest-sbstandard-efjtou","name":"asotest-sbstandard-efjtou","type":"Microsoft.ServiceBus/Namespaces","location":"West
      US 2","tags":{},"properties":{"zoneRedundant":false,"provisioningState":"Created","metricId":"00000000-0000-0000-0000-000000000000:asotest-sbstandard-efjtou","createdAt":"2001-02-03T04:05:06Z","updatedAt":"2001-02-03T04:05:06Z","serviceBusEndpoint":"https://asotest-sbstandard-efjtou.servicebus.windows.net:443/","status":"Activating"}}'
    headers:
      Cache-Control:
      - no-cache
      Content-Type:
      - application/json; charset=utf-8
      Expires:
      - "-1"
      Pragma:
      - no-cache
      Server:
      - Service-Bus-Resource-Provider/CH3
      - Microsoft-HTTPAPI/2.0
      Server-Sb:
      - Service-Bus-Resource-Provider/CH3
      Strict-Transport-Security:
      - max-age=31536000; includeSubDomains
      Vary:
      - Accept-Encoding
      X-Content-Type-Options:
      - nosniff
    status: 200 OK
    code: 200
    duration: ""
- request:
    body: ""
    form: {}
    headers:
      Test-Request-Attempt:
      - "8"
      X-Ms-Date:
      - Wed, 20 Oct 2021 18:06:06 GMT
    url: https://management.azure.com/subscriptions/00000000-0000-0000-0000-000000000000/resourceGroups/asotest-rg-chpryc/providers/Microsoft.ServiceBus/namespaces/asotest-sbstandard-efjtou?api-version=2021-01-01-preview
    method: GET
  response:
    body: '{"sku":{"name":"Standard","tier":"Standard"},"id":"/subscriptions/00000000-0000-0000-0000-000000000000/resourceGroups/asotest-rg-chpryc/providers/Microsoft.ServiceBus/namespaces/asotest-sbstandard-efjtou","name":"asotest-sbstandard-efjtou","type":"Microsoft.ServiceBus/Namespaces","location":"West
      US 2","tags":{},"properties":{"zoneRedundant":false,"provisioningState":"Created","metricId":"00000000-0000-0000-0000-000000000000:asotest-sbstandard-efjtou","createdAt":"2001-02-03T04:05:06Z","updatedAt":"2001-02-03T04:05:06Z","serviceBusEndpoint":"https://asotest-sbstandard-efjtou.servicebus.windows.net:443/","status":"Activating"}}'
    headers:
      Cache-Control:
      - no-cache
      Content-Type:
      - application/json; charset=utf-8
      Expires:
      - "-1"
      Pragma:
      - no-cache
      Server:
      - Service-Bus-Resource-Provider/CH3
      - Microsoft-HTTPAPI/2.0
      Server-Sb:
      - Service-Bus-Resource-Provider/CH3
      Strict-Transport-Security:
      - max-age=31536000; includeSubDomains
      Vary:
      - Accept-Encoding
      X-Content-Type-Options:
      - nosniff
    status: 200 OK
    code: 200
    duration: ""
- request:
    body: ""
    form: {}
    headers:
      Test-Request-Attempt:
      - "9"
      X-Ms-Date:
      - Wed, 20 Oct 2021 18:06:07 GMT
    url: https://management.azure.com/subscriptions/00000000-0000-0000-0000-000000000000/resourceGroups/asotest-rg-chpryc/providers/Microsoft.ServiceBus/namespaces/asotest-sbstandard-efjtou?api-version=2021-01-01-preview
    method: GET
  response:
    body: '{"sku":{"name":"Standard","tier":"Standard"},"id":"/subscriptions/00000000-0000-0000-0000-000000000000/resourceGroups/asotest-rg-chpryc/providers/Microsoft.ServiceBus/namespaces/asotest-sbstandard-efjtou","name":"asotest-sbstandard-efjtou","type":"Microsoft.ServiceBus/Namespaces","location":"West
      US 2","tags":{},"properties":{"zoneRedundant":false,"provisioningState":"Created","metricId":"00000000-0000-0000-0000-000000000000:asotest-sbstandard-efjtou","createdAt":"2001-02-03T04:05:06Z","updatedAt":"2001-02-03T04:05:06Z","serviceBusEndpoint":"https://asotest-sbstandard-efjtou.servicebus.windows.net:443/","status":"Activating"}}'
    headers:
      Cache-Control:
      - no-cache
      Content-Type:
      - application/json; charset=utf-8
      Expires:
      - "-1"
      Pragma:
      - no-cache
      Server:
      - Service-Bus-Resource-Provider/CH3
      - Microsoft-HTTPAPI/2.0
      Server-Sb:
      - Service-Bus-Resource-Provider/CH3
      Strict-Transport-Security:
      - max-age=31536000; includeSubDomains
      Vary:
      - Accept-Encoding
      X-Content-Type-Options:
      - nosniff
    status: 200 OK
    code: 200
    duration: ""
- request:
    body: ""
    form: {}
    headers:
      Test-Request-Attempt:
      - "10"
      X-Ms-Date:
      - Wed, 20 Oct 2021 18:06:10 GMT
    url: https://management.azure.com/subscriptions/00000000-0000-0000-0000-000000000000/resourceGroups/asotest-rg-chpryc/providers/Microsoft.ServiceBus/namespaces/asotest-sbstandard-efjtou?api-version=2021-01-01-preview
    method: GET
  response:
    body: '{"sku":{"name":"Standard","tier":"Standard"},"id":"/subscriptions/00000000-0000-0000-0000-000000000000/resourceGroups/asotest-rg-chpryc/providers/Microsoft.ServiceBus/namespaces/asotest-sbstandard-efjtou","name":"asotest-sbstandard-efjtou","type":"Microsoft.ServiceBus/Namespaces","location":"West
      US 2","tags":{},"properties":{"zoneRedundant":false,"provisioningState":"Created","metricId":"00000000-0000-0000-0000-000000000000:asotest-sbstandard-efjtou","createdAt":"2001-02-03T04:05:06Z","updatedAt":"2001-02-03T04:05:06Z","serviceBusEndpoint":"https://asotest-sbstandard-efjtou.servicebus.windows.net:443/","status":"Activating"}}'
    headers:
      Cache-Control:
      - no-cache
      Content-Type:
      - application/json; charset=utf-8
      Expires:
      - "-1"
      Pragma:
      - no-cache
      Server:
      - Service-Bus-Resource-Provider/CH3
      - Microsoft-HTTPAPI/2.0
      Server-Sb:
      - Service-Bus-Resource-Provider/CH3
      Strict-Transport-Security:
      - max-age=31536000; includeSubDomains
      Vary:
      - Accept-Encoding
      X-Content-Type-Options:
      - nosniff
    status: 200 OK
    code: 200
    duration: ""
- request:
    body: ""
    form: {}
    headers:
      Test-Request-Attempt:
      - "11"
      X-Ms-Date:
      - Wed, 20 Oct 2021 18:06:15 GMT
    url: https://management.azure.com/subscriptions/00000000-0000-0000-0000-000000000000/resourceGroups/asotest-rg-chpryc/providers/Microsoft.ServiceBus/namespaces/asotest-sbstandard-efjtou?api-version=2021-01-01-preview
    method: GET
  response:
    body: '{"sku":{"name":"Standard","tier":"Standard"},"id":"/subscriptions/00000000-0000-0000-0000-000000000000/resourceGroups/asotest-rg-chpryc/providers/Microsoft.ServiceBus/namespaces/asotest-sbstandard-efjtou","name":"asotest-sbstandard-efjtou","type":"Microsoft.ServiceBus/Namespaces","location":"West
      US 2","tags":{},"properties":{"zoneRedundant":false,"provisioningState":"Created","metricId":"00000000-0000-0000-0000-000000000000:asotest-sbstandard-efjtou","createdAt":"2001-02-03T04:05:06Z","updatedAt":"2001-02-03T04:05:06Z","serviceBusEndpoint":"https://asotest-sbstandard-efjtou.servicebus.windows.net:443/","status":"Activating"}}'
    headers:
      Cache-Control:
      - no-cache
      Content-Type:
      - application/json; charset=utf-8
      Expires:
      - "-1"
      Pragma:
      - no-cache
      Server:
      - Service-Bus-Resource-Provider/CH3
      - Microsoft-HTTPAPI/2.0
      Server-Sb:
      - Service-Bus-Resource-Provider/CH3
      Strict-Transport-Security:
      - max-age=31536000; includeSubDomains
      Vary:
      - Accept-Encoding
      X-Content-Type-Options:
      - nosniff
    status: 200 OK
    code: 200
    duration: ""
- request:
    body: ""
    form: {}
    headers:
      Test-Request-Attempt:
      - "12"
      X-Ms-Date:
      - Wed, 20 Oct 2021 18:06:26 GMT
    url: https://management.azure.com/subscriptions/00000000-0000-0000-0000-000000000000/resourceGroups/asotest-rg-chpryc/providers/Microsoft.ServiceBus/namespaces/asotest-sbstandard-efjtou?api-version=2021-01-01-preview
    method: GET
  response:
    body: '{"sku":{"name":"Standard","tier":"Standard"},"id":"/subscriptions/00000000-0000-0000-0000-000000000000/resourceGroups/asotest-rg-chpryc/providers/Microsoft.ServiceBus/namespaces/asotest-sbstandard-efjtou","name":"asotest-sbstandard-efjtou","type":"Microsoft.ServiceBus/Namespaces","location":"West
      US 2","tags":{},"properties":{"zoneRedundant":false,"provisioningState":"Created","metricId":"00000000-0000-0000-0000-000000000000:asotest-sbstandard-efjtou","createdAt":"2001-02-03T04:05:06Z","updatedAt":"2001-02-03T04:05:06Z","serviceBusEndpoint":"https://asotest-sbstandard-efjtou.servicebus.windows.net:443/","status":"Activating"}}'
    headers:
      Cache-Control:
      - no-cache
      Content-Type:
      - application/json; charset=utf-8
      Expires:
      - "-1"
      Pragma:
      - no-cache
      Server:
      - Service-Bus-Resource-Provider/CH3
      - Microsoft-HTTPAPI/2.0
      Server-Sb:
      - Service-Bus-Resource-Provider/CH3
      Strict-Transport-Security:
      - max-age=31536000; includeSubDomains
      Vary:
      - Accept-Encoding
      X-Content-Type-Options:
      - nosniff
    status: 200 OK
    code: 200
    duration: ""
- request:
    body: ""
    form: {}
    headers:
      Test-Request-Attempt:
      - "13"
      X-Ms-Date:
      - Wed, 20 Oct 2021 18:06:47 GMT
    url: https://management.azure.com/subscriptions/00000000-0000-0000-0000-000000000000/resourceGroups/asotest-rg-chpryc/providers/Microsoft.ServiceBus/namespaces/asotest-sbstandard-efjtou?api-version=2021-01-01-preview
    method: GET
  response:
    body: '{"sku":{"name":"Standard","tier":"Standard"},"id":"/subscriptions/00000000-0000-0000-0000-000000000000/resourceGroups/asotest-rg-chpryc/providers/Microsoft.ServiceBus/namespaces/asotest-sbstandard-efjtou","name":"asotest-sbstandard-efjtou","type":"Microsoft.ServiceBus/Namespaces","location":"West
      US 2","tags":{},"properties":{"zoneRedundant":false,"provisioningState":"Succeeded","metricId":"00000000-0000-0000-0000-000000000000:asotest-sbstandard-efjtou","createdAt":"2001-02-03T04:05:06Z","updatedAt":"2001-02-03T04:05:06Z","serviceBusEndpoint":"https://asotest-sbstandard-efjtou.servicebus.windows.net:443/","status":"Active"}}'
    headers:
      Cache-Control:
      - no-cache
      Content-Type:
      - application/json; charset=utf-8
      Expires:
      - "-1"
      Pragma:
      - no-cache
      Server:
      - Service-Bus-Resource-Provider/CH3
      - Microsoft-HTTPAPI/2.0
      Server-Sb:
      - Service-Bus-Resource-Provider/CH3
      Strict-Transport-Security:
      - max-age=31536000; includeSubDomains
      Vary:
      - Accept-Encoding
      X-Content-Type-Options:
      - nosniff
    status: 200 OK
    code: 200
    duration: ""
- request:
    body: ""
    form: {}
    headers:
      Accept:
      - application/json
      Test-Request-Attempt:
      - "14"
      X-Ms-Date:
      - Wed, 20 Oct 2021 18:06:47 GMT
    url: https://management.azure.com/subscriptions/00000000-0000-0000-0000-000000000000/resourceGroups/asotest-rg-chpryc/providers/Microsoft.ServiceBus/namespaces/asotest-sbstandard-efjtou?api-version=2021-01-01-preview
    method: GET
  response:
    body: '{"sku":{"name":"Standard","tier":"Standard"},"id":"/subscriptions/00000000-0000-0000-0000-000000000000/resourceGroups/asotest-rg-chpryc/providers/Microsoft.ServiceBus/namespaces/asotest-sbstandard-efjtou","name":"asotest-sbstandard-efjtou","type":"Microsoft.ServiceBus/Namespaces","location":"West
      US 2","tags":{},"properties":{"zoneRedundant":false,"provisioningState":"Succeeded","metricId":"00000000-0000-0000-0000-000000000000:asotest-sbstandard-efjtou","createdAt":"2001-02-03T04:05:06Z","updatedAt":"2001-02-03T04:05:06Z","serviceBusEndpoint":"https://asotest-sbstandard-efjtou.servicebus.windows.net:443/","status":"Active"}}'
    headers:
      Cache-Control:
      - no-cache
      Content-Type:
      - application/json; charset=utf-8
      Expires:
      - "-1"
      Pragma:
      - no-cache
      Server:
      - Service-Bus-Resource-Provider/CH3
      - Microsoft-HTTPAPI/2.0
      Server-Sb:
      - Service-Bus-Resource-Provider/CH3
      Strict-Transport-Security:
      - max-age=31536000; includeSubDomains
      Vary:
      - Accept-Encoding
      X-Content-Type-Options:
      - nosniff
    status: 200 OK
    code: 200
    duration: ""
- request:
    body: '{"location":"westus2","name":"asotest-queue-kcqcup","properties":{}}'
    form: {}
    headers:
      Accept:
      - application/json
      Content-Length:
      - "68"
      Content-Type:
      - application/json
      Test-Request-Attempt:
      - "0"
      X-Ms-Date:
      - Wed, 20 Oct 2021 18:09:06 GMT
    url: https://management.azure.com/subscriptions/00000000-0000-0000-0000-000000000000/resourceGroups/asotest-rg-chpryc/providers/Microsoft.ServiceBus/namespaces/asotest-sbstandard-efjtou/queues/asotest-queue-kcqcup?api-version=2021-01-01-preview
    method: PUT
  response:
    body: '{"id":"/subscriptions/00000000-0000-0000-0000-000000000000/resourceGroups/asotest-rg-chpryc/providers/Microsoft.ServiceBus/namespaces/asotest-sbstandard-efjtou/queues/asotest-queue-kcqcup","name":"asotest-queue-kcqcup","type":"Microsoft.ServiceBus/Namespaces/Queues","location":"West
      US 2","properties":{"maxMessageSizeInKilobytes":256,"lockDuration":"PT1M","maxSizeInMegabytes":1024,"requiresDuplicateDetection":false,"requiresSession":false,"defaultMessageTimeToLive":"P10675199DT2H48M5.4775807S","deadLetteringOnMessageExpiration":false,"enableBatchedOperations":true,"duplicateDetectionHistoryTimeWindow":"PT10M","maxDeliveryCount":10,"sizeInBytes":0,"messageCount":0,"status":"Active","autoDeleteOnIdle":"P10675199DT2H48M5.4775807S","enablePartitioning":false,"enableExpress":false,"countDetails":{"activeMessageCount":0,"deadLetterMessageCount":0,"scheduledMessageCount":0,"transferMessageCount":0,"transferDeadLetterMessageCount":0},"createdAt":"2001-02-03T04:05:06Z","updatedAt":"2001-02-03T04:05:06Z","accessedAt":"0001-01-01T00:00:00"}}'
    headers:
      Cache-Control:
      - no-cache
      Content-Type:
      - application/json; charset=utf-8
      Expires:
      - "-1"
      Pragma:
      - no-cache
      Server:
      - Service-Bus-Resource-Provider/CH3
      - Microsoft-HTTPAPI/2.0
      Server-Sb:
      - Service-Bus-Resource-Provider/CH3
      Strict-Transport-Security:
      - max-age=31536000; includeSubDomains
      Vary:
      - Accept-Encoding
      X-Content-Type-Options:
      - nosniff
    status: 200 OK
    code: 200
    duration: ""
- request:
    body: ""
    form: {}
    headers:
      Accept:
      - application/json
      Test-Request-Attempt:
      - "0"
      X-Ms-Date:
      - Wed, 20 Oct 2021 18:09:08 GMT
    url: https://management.azure.com/subscriptions/00000000-0000-0000-0000-000000000000/resourceGroups/asotest-rg-chpryc/providers/Microsoft.ServiceBus/namespaces/asotest-sbstandard-efjtou/queues/asotest-queue-kcqcup?api-version=2021-01-01-preview
    method: GET
  response:
    body: '{"id":"/subscriptions/00000000-0000-0000-0000-000000000000/resourceGroups/asotest-rg-chpryc/providers/Microsoft.ServiceBus/namespaces/asotest-sbstandard-efjtou/queues/asotest-queue-kcqcup","name":"asotest-queue-kcqcup","type":"Microsoft.ServiceBus/Namespaces/Queues","location":"West
      US 2","properties":{"maxMessageSizeInKilobytes":256,"lockDuration":"PT1M","maxSizeInMegabytes":1024,"requiresDuplicateDetection":false,"requiresSession":false,"defaultMessageTimeToLive":"P10675199DT2H48M5.4775807S","deadLetteringOnMessageExpiration":false,"enableBatchedOperations":true,"duplicateDetectionHistoryTimeWindow":"PT10M","maxDeliveryCount":10,"sizeInBytes":0,"messageCount":0,"status":"Active","autoDeleteOnIdle":"P10675199DT2H48M5.4775807S","enablePartitioning":false,"enableExpress":false,"countDetails":{"activeMessageCount":0,"deadLetterMessageCount":0,"scheduledMessageCount":0,"transferMessageCount":0,"transferDeadLetterMessageCount":0},"createdAt":"2001-02-03T04:05:06Z","updatedAt":"2001-02-03T04:05:06Z","accessedAt":"2001-02-03T04:05:06Z"}}'
    headers:
      Cache-Control:
      - no-cache
      Content-Type:
      - application/json; charset=utf-8
      Expires:
      - "-1"
      Pragma:
      - no-cache
      Server:
      - Service-Bus-Resource-Provider/CH3
      - Microsoft-HTTPAPI/2.0
      Server-Sb:
      - Service-Bus-Resource-Provider/CH3
      Strict-Transport-Security:
      - max-age=31536000; includeSubDomains
      Vary:
      - Accept-Encoding
      X-Content-Type-Options:
      - nosniff
    status: 200 OK
    code: 200
    duration: ""
- request:
    body: '{"location":"westus2","name":"asotest-topic-roavdr","properties":{}}'
    form: {}
    headers:
      Accept:
      - application/json
      Content-Length:
      - "68"
      Content-Type:
      - application/json
      Test-Request-Attempt:
      - "0"
      X-Ms-Date:
      - Wed, 20 Oct 2021 18:09:07 GMT
    url: https://management.azure.com/subscriptions/00000000-0000-0000-0000-000000000000/resourceGroups/asotest-rg-chpryc/providers/Microsoft.ServiceBus/namespaces/asotest-sbstandard-efjtou/topics/asotest-topic-roavdr?api-version=2021-01-01-preview
    method: PUT
  response:
    body: '{"id":"/subscriptions/00000000-0000-0000-0000-000000000000/resourceGroups/asotest-rg-chpryc/providers/Microsoft.ServiceBus/namespaces/asotest-sbstandard-efjtou/topics/asotest-topic-roavdr","name":"asotest-topic-roavdr","type":"Microsoft.ServiceBus/Namespaces/Topics","location":"West
      US 2","properties":{"maxMessageSizeInKilobytes":256,"defaultMessageTimeToLive":"P10675199DT2H48M5.4775807S","maxSizeInMegabytes":1024,"requiresDuplicateDetection":false,"duplicateDetectionHistoryTimeWindow":"PT10M","enableBatchedOperations":true,"sizeInBytes":0,"status":"Active","supportOrdering":true,"autoDeleteOnIdle":"P10675199DT2H48M5.4775807S","enablePartitioning":false,"enableExpress":false,"createdAt":"2001-02-03T04:05:06Z","updatedAt":"2001-02-03T04:05:06Z","accessedAt":"0001-01-01T00:00:00","subscriptionCount":0,"countDetails":{"activeMessageCount":0,"deadLetterMessageCount":0,"scheduledMessageCount":0,"transferMessageCount":0,"transferDeadLetterMessageCount":0}}}'
    headers:
      Cache-Control:
      - no-cache
      Content-Type:
      - application/json; charset=utf-8
      Expires:
      - "-1"
      Pragma:
      - no-cache
      Server:
      - Service-Bus-Resource-Provider/CH3
      - Microsoft-HTTPAPI/2.0
      Server-Sb:
      - Service-Bus-Resource-Provider/CH3
      Strict-Transport-Security:
      - max-age=31536000; includeSubDomains
      Vary:
      - Accept-Encoding
      X-Content-Type-Options:
      - nosniff
    status: 200 OK
    code: 200
    duration: ""
- request:
    body: ""
    form: {}
    headers:
      Accept:
      - application/json
      Test-Request-Attempt:
      - "0"
      X-Ms-Date:
      - Wed, 20 Oct 2021 18:09:09 GMT
    url: https://management.azure.com/subscriptions/00000000-0000-0000-0000-000000000000/resourceGroups/asotest-rg-chpryc/providers/Microsoft.ServiceBus/namespaces/asotest-sbstandard-efjtou/topics/asotest-topic-roavdr?api-version=2021-01-01-preview
    method: GET
  response:
    body: '{"id":"/subscriptions/00000000-0000-0000-0000-000000000000/resourceGroups/asotest-rg-chpryc/providers/Microsoft.ServiceBus/namespaces/asotest-sbstandard-efjtou/topics/asotest-topic-roavdr","name":"asotest-topic-roavdr","type":"Microsoft.ServiceBus/Namespaces/Topics","location":"West
      US 2","properties":{"maxMessageSizeInKilobytes":256,"defaultMessageTimeToLive":"P10675199DT2H48M5.4775807S","maxSizeInMegabytes":1024,"requiresDuplicateDetection":false,"duplicateDetectionHistoryTimeWindow":"PT10M","enableBatchedOperations":true,"sizeInBytes":0,"status":"Active","supportOrdering":true,"autoDeleteOnIdle":"P10675199DT2H48M5.4775807S","enablePartitioning":false,"enableExpress":false,"createdAt":"2001-02-03T04:05:06Z","updatedAt":"2001-02-03T04:05:06Z","accessedAt":"2001-02-03T04:05:06Z","subscriptionCount":0,"countDetails":{"activeMessageCount":0,"deadLetterMessageCount":0,"scheduledMessageCount":0,"transferMessageCount":0,"transferDeadLetterMessageCount":0}}}'
    headers:
      Cache-Control:
      - no-cache
      Content-Type:
      - application/json; charset=utf-8
      Expires:
      - "-1"
      Pragma:
      - no-cache
      Server:
      - Service-Bus-Resource-Provider/CH3
      - Microsoft-HTTPAPI/2.0
      Server-Sb:
      - Service-Bus-Resource-Provider/CH3
      Strict-Transport-Security:
      - max-age=31536000; includeSubDomains
      Vary:
      - Accept-Encoding
      X-Content-Type-Options:
      - nosniff
    status: 200 OK
    code: 200
    duration: ""
- request:
    body: ""
    form: {}
    headers:
      Accept:
      - application/json
      Test-Request-Attempt:
      - "0"
      X-Ms-Date:
      - Wed, 20 Oct 2021 18:09:11 GMT
    url: https://management.azure.com/subscriptions/00000000-0000-0000-0000-000000000000/resourceGroups/asotest-rg-chpryc/providers/Microsoft.ServiceBus/namespaces/asotest-sbstandard-efjtou/queues/asotest-queue-kcqcup?api-version=2021-01-01-preview
    method: DELETE
  response:
    body: ""
    headers:
      Cache-Control:
      - no-cache
      Content-Length:
      - "0"
      Expires:
      - "-1"
      Pragma:
      - no-cache
      Server:
      - Service-Bus-Resource-Provider/CH3
      - Microsoft-HTTPAPI/2.0
      Server-Sb:
      - Service-Bus-Resource-Provider/CH3
      Strict-Transport-Security:
      - max-age=31536000; includeSubDomains
      X-Content-Type-Options:
      - nosniff
    status: 200 OK
    code: 200
    duration: ""
- request:
    body: ""
    form: {}
    headers:
      Accept:
      - application/json
      Test-Request-Attempt:
      - "1"
      X-Ms-Date:
      - Wed, 20 Oct 2021 18:09:12 GMT
    url: https://management.azure.com/subscriptions/00000000-0000-0000-0000-000000000000/resourceGroups/asotest-rg-chpryc/providers/Microsoft.ServiceBus/namespaces/asotest-sbstandard-efjtou/queues/asotest-queue-kcqcup?api-version=2021-01-01-preview
    method: GET
  response:
    body: '{"error":{"message":"The requested resource asotest-queue-kcqcup does not
      exist. CorrelationId: b3d7c5f5-21ff-44cc-b1c6-efff70f0b876","code":"NotFound"}}'
    headers:
      Cache-Control:
      - no-cache
      Content-Length:
      - "153"
      Content-Type:
      - application/json; charset=utf-8
      Expires:
      - "-1"
      Pragma:
      - no-cache
      Server:
      - Service-Bus-Resource-Provider/CH3
      - Microsoft-HTTPAPI/2.0
      Server-Sb:
      - Service-Bus-Resource-Provider/CH3
      Strict-Transport-Security:
      - max-age=31536000; includeSubDomains
      X-Content-Type-Options:
      - nosniff
    status: 404 Not Found
    code: 404
    duration: ""
- request:
    body: ""
    form: {}
    headers:
      Accept:
      - application/json
      Test-Request-Attempt:
      - "0"
      X-Ms-Date:
      - Wed, 20 Oct 2021 18:09:12 GMT
    url: https://management.azure.com/subscriptions/00000000-0000-0000-0000-000000000000/resourceGroups/asotest-rg-chpryc/providers/Microsoft.ServiceBus/namespaces/asotest-sbstandard-efjtou/topics/asotest-topic-roavdr?api-version=2021-01-01-preview
    method: DELETE
  response:
    body: ""
    headers:
      Cache-Control:
      - no-cache
      Content-Length:
      - "0"
      Expires:
      - "-1"
      Pragma:
      - no-cache
      Server:
      - Service-Bus-Resource-Provider/CH3
      - Microsoft-HTTPAPI/2.0
      Server-Sb:
      - Service-Bus-Resource-Provider/CH3
      Strict-Transport-Security:
      - max-age=31536000; includeSubDomains
      X-Content-Type-Options:
      - nosniff
    status: 200 OK
    code: 200
    duration: ""
- request:
    body: ""
    form: {}
    headers:
      Accept:
      - application/json
      Test-Request-Attempt:
      - "1"
      X-Ms-Date:
      - Wed, 20 Oct 2021 18:09:13 GMT
    url: https://management.azure.com/subscriptions/00000000-0000-0000-0000-000000000000/resourceGroups/asotest-rg-chpryc/providers/Microsoft.ServiceBus/namespaces/asotest-sbstandard-efjtou/topics/asotest-topic-roavdr?api-version=2021-01-01-preview
    method: GET
  response:
    body: '{"error":{"message":"The requested resource asotest-topic-roavdr does not
      exist. CorrelationId: 6f41b801-6ffb-4793-9d89-ae13ae81c713","code":"NotFound"}}'
    headers:
      Cache-Control:
      - no-cache
      Content-Length:
      - "153"
      Content-Type:
      - application/json; charset=utf-8
      Expires:
      - "-1"
      Pragma:
      - no-cache
      Server:
      - Service-Bus-Resource-Provider/CH3
      - Microsoft-HTTPAPI/2.0
      Server-Sb:
      - Service-Bus-Resource-Provider/CH3
      Strict-Transport-Security:
      - max-age=31536000; includeSubDomains
      X-Content-Type-Options:
      - nosniff
    status: 404 Not Found
    code: 404
    duration: ""
- request:
    body: ""
    form: {}
    headers:
      Accept:
      - application/json
      Test-Request-Attempt:
      - "0"
      X-Ms-Date:
      - Wed, 20 Oct 2021 18:10:17 GMT
    url: https://management.azure.com/subscriptions/00000000-0000-0000-0000-000000000000/resourceGroups/asotest-rg-chpryc/providers/Microsoft.ServiceBus/namespaces/asotest-sbstandard-efjtou?api-version=2021-01-01-preview
    method: DELETE
  response:
    body: ""
    headers:
      Cache-Control:
      - no-cache
      Content-Length:
      - "0"
      Expires:
      - "-1"
      Location:
      - https://management.azure.com/subscriptions/00000000-0000-0000-0000-000000000000/resourceGroups/asotest-rg-chpryc/providers/Microsoft.ServiceBus/namespaces/asotest-sbstandard-efjtou/operationresults/asotest-sbstandard-efjtou?api-version=2021-01-01-preview
      Pragma:
      - no-cache
      Server:
      - Service-Bus-Resource-Provider/CH3
      - Microsoft-HTTPAPI/2.0
      Server-Sb:
      - Service-Bus-Resource-Provider/CH3
      Strict-Transport-Security:
      - max-age=31536000; includeSubDomains
      X-Content-Type-Options:
      - nosniff
    status: 202 Accepted
    code: 202
    duration: ""
- request:
    body: ""
    form: {}
    headers:
      Accept:
      - application/json
      Test-Request-Attempt:
      - "15"
      X-Ms-Date:
      - Wed, 20 Oct 2021 18:10:19 GMT
    url: https://management.azure.com/subscriptions/00000000-0000-0000-0000-000000000000/resourceGroups/asotest-rg-chpryc/providers/Microsoft.ServiceBus/namespaces/asotest-sbstandard-efjtou?api-version=2021-01-01-preview
    method: GET
  response:
    body: '{"sku":{"name":"Standard","tier":"Standard"},"id":"/subscriptions/00000000-0000-0000-0000-000000000000/resourceGroups/asotest-rg-chpryc/providers/Microsoft.ServiceBus/namespaces/asotest-sbstandard-efjtou","name":"asotest-sbstandard-efjtou","type":"Microsoft.ServiceBus/Namespaces","location":"West
      US 2","tags":{},"properties":{"zoneRedundant":false,"provisioningState":"Succeeded","metricId":"00000000-0000-0000-0000-000000000000:asotest-sbstandard-efjtou","createdAt":"2001-02-03T04:05:06Z","updatedAt":"2001-02-03T04:05:06Z","serviceBusEndpoint":"https://asotest-sbstandard-efjtou.servicebus.windows.net:443/","status":"Removing"}}'
    headers:
      Cache-Control:
      - no-cache
      Content-Type:
      - application/json; charset=utf-8
      Expires:
      - "-1"
      Pragma:
      - no-cache
      Server:
      - Service-Bus-Resource-Provider/CH3
      - Microsoft-HTTPAPI/2.0
      Server-Sb:
      - Service-Bus-Resource-Provider/CH3
      Strict-Transport-Security:
      - max-age=31536000; includeSubDomains
      Vary:
      - Accept-Encoding
      X-Content-Type-Options:
      - nosniff
    status: 200 OK
    code: 200
    duration: ""
- request:
    body: ""
    form: {}
    headers:
      Accept:
      - application/json
      Test-Request-Attempt:
      - "16"
      X-Ms-Date:
      - Wed, 20 Oct 2021 18:10:20 GMT
    url: https://management.azure.com/subscriptions/00000000-0000-0000-0000-000000000000/resourceGroups/asotest-rg-chpryc/providers/Microsoft.ServiceBus/namespaces/asotest-sbstandard-efjtou?api-version=2021-01-01-preview
    method: GET
  response:
    body: '{"sku":{"name":"Standard","tier":"Standard"},"id":"/subscriptions/00000000-0000-0000-0000-000000000000/resourceGroups/asotest-rg-chpryc/providers/Microsoft.ServiceBus/namespaces/asotest-sbstandard-efjtou","name":"asotest-sbstandard-efjtou","type":"Microsoft.ServiceBus/Namespaces","location":"West
      US 2","tags":{},"properties":{"zoneRedundant":false,"provisioningState":"Succeeded","metricId":"00000000-0000-0000-0000-000000000000:asotest-sbstandard-efjtou","createdAt":"2001-02-03T04:05:06Z","updatedAt":"2001-02-03T04:05:06Z","serviceBusEndpoint":"https://asotest-sbstandard-efjtou.servicebus.windows.net:443/","status":"Removing"}}'
    headers:
      Cache-Control:
      - no-cache
      Content-Type:
      - application/json; charset=utf-8
      Expires:
      - "-1"
      Pragma:
      - no-cache
      Server:
      - Service-Bus-Resource-Provider/CH3
      - Microsoft-HTTPAPI/2.0
      Server-Sb:
      - Service-Bus-Resource-Provider/CH3
      Strict-Transport-Security:
      - max-age=31536000; includeSubDomains
      Vary:
      - Accept-Encoding
      X-Content-Type-Options:
      - nosniff
    status: 200 OK
    code: 200
    duration: ""
- request:
    body: ""
    form: {}
    headers:
      Accept:
      - application/json
      Test-Request-Attempt:
      - "17"
      X-Ms-Date:
      - Wed, 20 Oct 2021 18:10:20 GMT
    url: https://management.azure.com/subscriptions/00000000-0000-0000-0000-000000000000/resourceGroups/asotest-rg-chpryc/providers/Microsoft.ServiceBus/namespaces/asotest-sbstandard-efjtou?api-version=2021-01-01-preview
    method: GET
  response:
    body: '{"sku":{"name":"Standard","tier":"Standard"},"id":"/subscriptions/00000000-0000-0000-0000-000000000000/resourceGroups/asotest-rg-chpryc/providers/Microsoft.ServiceBus/namespaces/asotest-sbstandard-efjtou","name":"asotest-sbstandard-efjtou","type":"Microsoft.ServiceBus/Namespaces","location":"West
      US 2","tags":{},"properties":{"zoneRedundant":false,"provisioningState":"Succeeded","metricId":"00000000-0000-0000-0000-000000000000:asotest-sbstandard-efjtou","createdAt":"2001-02-03T04:05:06Z","updatedAt":"2001-02-03T04:05:06Z","serviceBusEndpoint":"https://asotest-sbstandard-efjtou.servicebus.windows.net:443/","status":"Removing"}}'
    headers:
      Cache-Control:
      - no-cache
      Content-Type:
      - application/json; charset=utf-8
      Expires:
      - "-1"
      Pragma:
      - no-cache
      Server:
      - Service-Bus-Resource-Provider/CH3
      - Microsoft-HTTPAPI/2.0
      Server-Sb:
      - Service-Bus-Resource-Provider/CH3
      Strict-Transport-Security:
      - max-age=31536000; includeSubDomains
      Vary:
      - Accept-Encoding
      X-Content-Type-Options:
      - nosniff
    status: 200 OK
    code: 200
    duration: ""
- request:
    body: ""
    form: {}
    headers:
      Accept:
      - application/json
      Test-Request-Attempt:
      - "18"
      X-Ms-Date:
      - Wed, 20 Oct 2021 18:10:20 GMT
    url: https://management.azure.com/subscriptions/00000000-0000-0000-0000-000000000000/resourceGroups/asotest-rg-chpryc/providers/Microsoft.ServiceBus/namespaces/asotest-sbstandard-efjtou?api-version=2021-01-01-preview
    method: GET
  response:
    body: '{"sku":{"name":"Standard","tier":"Standard"},"id":"/subscriptions/00000000-0000-0000-0000-000000000000/resourceGroups/asotest-rg-chpryc/providers/Microsoft.ServiceBus/namespaces/asotest-sbstandard-efjtou","name":"asotest-sbstandard-efjtou","type":"Microsoft.ServiceBus/Namespaces","location":"West
      US 2","tags":{},"properties":{"zoneRedundant":false,"provisioningState":"Succeeded","metricId":"00000000-0000-0000-0000-000000000000:asotest-sbstandard-efjtou","createdAt":"2001-02-03T04:05:06Z","updatedAt":"2001-02-03T04:05:06Z","serviceBusEndpoint":"https://asotest-sbstandard-efjtou.servicebus.windows.net:443/","status":"Removing"}}'
    headers:
      Cache-Control:
      - no-cache
      Content-Type:
      - application/json; charset=utf-8
      Expires:
      - "-1"
      Pragma:
      - no-cache
      Server:
      - Service-Bus-Resource-Provider/CH3
      - Microsoft-HTTPAPI/2.0
      Server-Sb:
      - Service-Bus-Resource-Provider/CH3
      Strict-Transport-Security:
      - max-age=31536000; includeSubDomains
      Vary:
      - Accept-Encoding
      X-Content-Type-Options:
      - nosniff
    status: 200 OK
    code: 200
    duration: ""
- request:
    body: ""
    form: {}
    headers:
      Accept:
      - application/json
      Test-Request-Attempt:
      - "19"
      X-Ms-Date:
      - Wed, 20 Oct 2021 18:10:20 GMT
    url: https://management.azure.com/subscriptions/00000000-0000-0000-0000-000000000000/resourceGroups/asotest-rg-chpryc/providers/Microsoft.ServiceBus/namespaces/asotest-sbstandard-efjtou?api-version=2021-01-01-preview
    method: GET
  response:
    body: '{"sku":{"name":"Standard","tier":"Standard"},"id":"/subscriptions/00000000-0000-0000-0000-000000000000/resourceGroups/asotest-rg-chpryc/providers/Microsoft.ServiceBus/namespaces/asotest-sbstandard-efjtou","name":"asotest-sbstandard-efjtou","type":"Microsoft.ServiceBus/Namespaces","location":"West
      US 2","tags":{},"properties":{"zoneRedundant":false,"provisioningState":"Succeeded","metricId":"00000000-0000-0000-0000-000000000000:asotest-sbstandard-efjtou","createdAt":"2001-02-03T04:05:06Z","updatedAt":"2001-02-03T04:05:06Z","serviceBusEndpoint":"https://asotest-sbstandard-efjtou.servicebus.windows.net:443/","status":"Removing"}}'
    headers:
      Cache-Control:
      - no-cache
      Content-Type:
      - application/json; charset=utf-8
      Expires:
      - "-1"
      Pragma:
      - no-cache
      Server:
      - Service-Bus-Resource-Provider/CH3
      - Microsoft-HTTPAPI/2.0
      Server-Sb:
      - Service-Bus-Resource-Provider/CH3
      Strict-Transport-Security:
      - max-age=31536000; includeSubDomains
      Vary:
      - Accept-Encoding
      X-Content-Type-Options:
      - nosniff
    status: 200 OK
    code: 200
    duration: ""
- request:
    body: ""
    form: {}
    headers:
      Accept:
      - application/json
      Test-Request-Attempt:
      - "20"
      X-Ms-Date:
      - Wed, 20 Oct 2021 18:10:21 GMT
    url: https://management.azure.com/subscriptions/00000000-0000-0000-0000-000000000000/resourceGroups/asotest-rg-chpryc/providers/Microsoft.ServiceBus/namespaces/asotest-sbstandard-efjtou?api-version=2021-01-01-preview
    method: GET
  response:
    body: '{"sku":{"name":"Standard","tier":"Standard"},"id":"/subscriptions/00000000-0000-0000-0000-000000000000/resourceGroups/asotest-rg-chpryc/providers/Microsoft.ServiceBus/namespaces/asotest-sbstandard-efjtou","name":"asotest-sbstandard-efjtou","type":"Microsoft.ServiceBus/Namespaces","location":"West
      US 2","tags":{},"properties":{"zoneRedundant":false,"provisioningState":"Succeeded","metricId":"00000000-0000-0000-0000-000000000000:asotest-sbstandard-efjtou","createdAt":"2001-02-03T04:05:06Z","updatedAt":"2001-02-03T04:05:06Z","serviceBusEndpoint":"https://asotest-sbstandard-efjtou.servicebus.windows.net:443/","status":"Removing"}}'
    headers:
      Cache-Control:
      - no-cache
      Content-Type:
      - application/json; charset=utf-8
      Expires:
      - "-1"
      Pragma:
      - no-cache
      Server:
      - Service-Bus-Resource-Provider/CH3
      - Microsoft-HTTPAPI/2.0
      Server-Sb:
      - Service-Bus-Resource-Provider/CH3
      Strict-Transport-Security:
      - max-age=31536000; includeSubDomains
      Vary:
      - Accept-Encoding
      X-Content-Type-Options:
      - nosniff
    status: 200 OK
    code: 200
    duration: ""
- request:
    body: ""
    form: {}
    headers:
      Accept:
      - application/json
      Test-Request-Attempt:
      - "21"
      X-Ms-Date:
      - Wed, 20 Oct 2021 18:10:21 GMT
    url: https://management.azure.com/subscriptions/00000000-0000-0000-0000-000000000000/resourceGroups/asotest-rg-chpryc/providers/Microsoft.ServiceBus/namespaces/asotest-sbstandard-efjtou?api-version=2021-01-01-preview
    method: GET
  response:
    body: '{"sku":{"name":"Standard","tier":"Standard"},"id":"/subscriptions/00000000-0000-0000-0000-000000000000/resourceGroups/asotest-rg-chpryc/providers/Microsoft.ServiceBus/namespaces/asotest-sbstandard-efjtou","name":"asotest-sbstandard-efjtou","type":"Microsoft.ServiceBus/Namespaces","location":"West
      US 2","tags":{},"properties":{"zoneRedundant":false,"provisioningState":"Succeeded","metricId":"00000000-0000-0000-0000-000000000000:asotest-sbstandard-efjtou","createdAt":"2001-02-03T04:05:06Z","updatedAt":"2001-02-03T04:05:06Z","serviceBusEndpoint":"https://asotest-sbstandard-efjtou.servicebus.windows.net:443/","status":"Removing"}}'
    headers:
      Cache-Control:
      - no-cache
      Content-Type:
      - application/json; charset=utf-8
      Expires:
      - "-1"
      Pragma:
      - no-cache
      Server:
      - Service-Bus-Resource-Provider/CH3
      - Microsoft-HTTPAPI/2.0
      Server-Sb:
      - Service-Bus-Resource-Provider/CH3
      Strict-Transport-Security:
      - max-age=31536000; includeSubDomains
      Vary:
      - Accept-Encoding
      X-Content-Type-Options:
      - nosniff
    status: 200 OK
    code: 200
    duration: ""
- request:
    body: ""
    form: {}
    headers:
      Accept:
      - application/json
      Test-Request-Attempt:
      - "22"
      X-Ms-Date:
      - Wed, 20 Oct 2021 18:10:22 GMT
    url: https://management.azure.com/subscriptions/00000000-0000-0000-0000-000000000000/resourceGroups/asotest-rg-chpryc/providers/Microsoft.ServiceBus/namespaces/asotest-sbstandard-efjtou?api-version=2021-01-01-preview
    method: GET
  response:
    body: '{"sku":{"name":"Standard","tier":"Standard"},"id":"/subscriptions/00000000-0000-0000-0000-000000000000/resourceGroups/asotest-rg-chpryc/providers/Microsoft.ServiceBus/namespaces/asotest-sbstandard-efjtou","name":"asotest-sbstandard-efjtou","type":"Microsoft.ServiceBus/Namespaces","location":"West
      US 2","tags":{},"properties":{"zoneRedundant":false,"provisioningState":"Succeeded","metricId":"00000000-0000-0000-0000-000000000000:asotest-sbstandard-efjtou","createdAt":"2001-02-03T04:05:06Z","updatedAt":"2001-02-03T04:05:06Z","serviceBusEndpoint":"https://asotest-sbstandard-efjtou.servicebus.windows.net:443/","status":"Removing"}}'
    headers:
      Cache-Control:
      - no-cache
      Content-Type:
      - application/json; charset=utf-8
      Expires:
      - "-1"
      Pragma:
      - no-cache
      Server:
      - Service-Bus-Resource-Provider/CH3
      - Microsoft-HTTPAPI/2.0
      Server-Sb:
      - Service-Bus-Resource-Provider/CH3
      Strict-Transport-Security:
      - max-age=31536000; includeSubDomains
      Vary:
      - Accept-Encoding
      X-Content-Type-Options:
      - nosniff
    status: 200 OK
    code: 200
    duration: ""
- request:
    body: ""
    form: {}
    headers:
      Accept:
      - application/json
      Test-Request-Attempt:
      - "23"
      X-Ms-Date:
      - Wed, 20 Oct 2021 18:10:24 GMT
    url: https://management.azure.com/subscriptions/00000000-0000-0000-0000-000000000000/resourceGroups/asotest-rg-chpryc/providers/Microsoft.ServiceBus/namespaces/asotest-sbstandard-efjtou?api-version=2021-01-01-preview
    method: GET
  response:
    body: '{"sku":{"name":"Standard","tier":"Standard"},"id":"/subscriptions/00000000-0000-0000-0000-000000000000/resourceGroups/asotest-rg-chpryc/providers/Microsoft.ServiceBus/namespaces/asotest-sbstandard-efjtou","name":"asotest-sbstandard-efjtou","type":"Microsoft.ServiceBus/Namespaces","location":"West
      US 2","tags":{},"properties":{"zoneRedundant":false,"provisioningState":"Succeeded","metricId":"00000000-0000-0000-0000-000000000000:asotest-sbstandard-efjtou","createdAt":"2001-02-03T04:05:06Z","updatedAt":"2001-02-03T04:05:06Z","serviceBusEndpoint":"https://asotest-sbstandard-efjtou.servicebus.windows.net:443/","status":"Removing"}}'
    headers:
      Cache-Control:
      - no-cache
      Content-Type:
      - application/json; charset=utf-8
      Expires:
      - "-1"
      Pragma:
      - no-cache
      Server:
      - Service-Bus-Resource-Provider/CH3
      - Microsoft-HTTPAPI/2.0
      Server-Sb:
      - Service-Bus-Resource-Provider/CH3
      Strict-Transport-Security:
      - max-age=31536000; includeSubDomains
      Vary:
      - Accept-Encoding
      X-Content-Type-Options:
      - nosniff
    status: 200 OK
    code: 200
    duration: ""
- request:
    body: ""
    form: {}
    headers:
      Accept:
      - application/json
      Test-Request-Attempt:
      - "24"
      X-Ms-Date:
      - Wed, 20 Oct 2021 18:10:27 GMT
    url: https://management.azure.com/subscriptions/00000000-0000-0000-0000-000000000000/resourceGroups/asotest-rg-chpryc/providers/Microsoft.ServiceBus/namespaces/asotest-sbstandard-efjtou?api-version=2021-01-01-preview
    method: GET
  response:
    body: '{"sku":{"name":"Standard","tier":"Standard"},"id":"/subscriptions/00000000-0000-0000-0000-000000000000/resourceGroups/asotest-rg-chpryc/providers/Microsoft.ServiceBus/namespaces/asotest-sbstandard-efjtou","name":"asotest-sbstandard-efjtou","type":"Microsoft.ServiceBus/Namespaces","location":"West
      US 2","tags":{},"properties":{"zoneRedundant":false,"provisioningState":"Succeeded","metricId":"00000000-0000-0000-0000-000000000000:asotest-sbstandard-efjtou","createdAt":"2001-02-03T04:05:06Z","updatedAt":"2001-02-03T04:05:06Z","serviceBusEndpoint":"https://asotest-sbstandard-efjtou.servicebus.windows.net:443/","status":"Removing"}}'
    headers:
      Cache-Control:
      - no-cache
      Content-Type:
      - application/json; charset=utf-8
      Expires:
      - "-1"
      Pragma:
      - no-cache
      Server:
      - Service-Bus-Resource-Provider/CH3
      - Microsoft-HTTPAPI/2.0
      Server-Sb:
      - Service-Bus-Resource-Provider/CH3
      Strict-Transport-Security:
      - max-age=31536000; includeSubDomains
      Vary:
      - Accept-Encoding
      X-Content-Type-Options:
      - nosniff
    status: 200 OK
    code: 200
    duration: ""
- request:
    body: ""
    form: {}
    headers:
      Accept:
      - application/json
      Test-Request-Attempt:
      - "25"
      X-Ms-Date:
      - Wed, 20 Oct 2021 18:10:32 GMT
    url: https://management.azure.com/subscriptions/00000000-0000-0000-0000-000000000000/resourceGroups/asotest-rg-chpryc/providers/Microsoft.ServiceBus/namespaces/asotest-sbstandard-efjtou?api-version=2021-01-01-preview
    method: GET
  response:
    body: '{"sku":{"name":"Standard","tier":"Standard"},"id":"/subscriptions/00000000-0000-0000-0000-000000000000/resourceGroups/asotest-rg-chpryc/providers/Microsoft.ServiceBus/namespaces/asotest-sbstandard-efjtou","name":"asotest-sbstandard-efjtou","type":"Microsoft.ServiceBus/Namespaces","location":"West
      US 2","tags":{},"properties":{"zoneRedundant":false,"provisioningState":"Succeeded","metricId":"00000000-0000-0000-0000-000000000000:asotest-sbstandard-efjtou","createdAt":"2001-02-03T04:05:06Z","updatedAt":"2001-02-03T04:05:06Z","serviceBusEndpoint":"https://asotest-sbstandard-efjtou.servicebus.windows.net:443/","status":"Removing"}}'
    headers:
      Cache-Control:
      - no-cache
      Content-Type:
      - application/json; charset=utf-8
      Expires:
      - "-1"
      Pragma:
      - no-cache
      Server:
      - Service-Bus-Resource-Provider/CH3
      - Microsoft-HTTPAPI/2.0
      Server-Sb:
      - Service-Bus-Resource-Provider/CH3
      Strict-Transport-Security:
      - max-age=31536000; includeSubDomains
      Vary:
      - Accept-Encoding
      X-Content-Type-Options:
      - nosniff
    status: 200 OK
    code: 200
    duration: ""
- request:
    body: ""
    form: {}
    headers:
      Accept:
      - application/json
      Test-Request-Attempt:
      - "26"
      X-Ms-Date:
      - Wed, 20 Oct 2021 18:10:43 GMT
    url: https://management.azure.com/subscriptions/00000000-0000-0000-0000-000000000000/resourceGroups/asotest-rg-chpryc/providers/Microsoft.ServiceBus/namespaces/asotest-sbstandard-efjtou?api-version=2021-01-01-preview
    method: GET
  response:
    body: '{"error":{"message":"Namespace does not exist. CorrelationId: 1a41313b-d03c-40a1-989e-b4acffba59e0","code":"NotFound"}}'
    headers:
      Cache-Control:
      - no-cache
      Content-Length:
      - "119"
      Content-Type:
      - application/json; charset=utf-8
      Expires:
      - "-1"
      Pragma:
      - no-cache
      Server:
      - Service-Bus-Resource-Provider/CH3
      - Microsoft-HTTPAPI/2.0
      Server-Sb:
      - Service-Bus-Resource-Provider/CH3
      Strict-Transport-Security:
      - max-age=31536000; includeSubDomains
      X-Content-Type-Options:
      - nosniff
    status: 404 Not Found
    code: 404
    duration: ""
- request:
    body: ""
    form: {}
    headers:
      Accept:
      - application/json
      Test-Request-Attempt:
      - "27"
      X-Ms-Date:
      - Wed, 20 Oct 2021 18:10:47 GMT
    url: https://management.azure.com/subscriptions/00000000-0000-0000-0000-000000000000/resourceGroups/asotest-rg-chpryc/providers/Microsoft.ServiceBus/namespaces/asotest-sbstandard-efjtou?api-version=2021-01-01-preview
    method: GET
  response:
    body: '{"error":{"message":"Namespace does not exist. CorrelationId: d6cd847d-2621-40cd-895f-b912c2ce2078","code":"NotFound"}}'
    headers:
      Cache-Control:
      - no-cache
      Content-Length:
      - "119"
      Content-Type:
      - application/json; charset=utf-8
      Expires:
      - "-1"
      Pragma:
      - no-cache
      Server:
      - Service-Bus-Resource-Provider/CH3
      - Microsoft-HTTPAPI/2.0
      Server-Sb:
      - Service-Bus-Resource-Provider/CH3
      Strict-Transport-Security:
      - max-age=31536000; includeSubDomains
      X-Content-Type-Options:
      - nosniff
    status: 404 Not Found
    code: 404
    duration: ""
- request:
    body: ""
    form: {}
    headers:
      Accept:
      - application/json
      Test-Request-Attempt:
      - "0"
      X-Ms-Date:
      - Wed, 20 Oct 2021 18:10:47 GMT
    url: https://management.azure.com/subscriptions/00000000-0000-0000-0000-000000000000/resourceGroups/asotest-rg-chpryc?api-version=2020-06-01
    method: DELETE
  response:
    body: ""
    headers:
      Cache-Control:
      - no-cache
      Content-Length:
      - "0"
      Expires:
      - "-1"
      Location:
      - https://management.azure.com/subscriptions/00000000-0000-0000-0000-000000000000/operationresults/eyJqb2JJZCI6IlJFU09VUkNFR1JPVVBERUxFVElPTkpPQi1BU09URVNUOjJEUkc6MkRDSFBSWUMtV0VTVFVTMiIsImpvYkxvY2F0aW9uIjoid2VzdHVzMiJ9?api-version=2020-06-01
      Pragma:
      - no-cache
      Retry-After:
      - "15"
      Strict-Transport-Security:
      - max-age=31536000; includeSubDomains
      X-Content-Type-Options:
      - nosniff
    status: 202 Accepted
    code: 202
    duration: ""
- request:
    body: ""
    form: {}
    headers:
      Accept:
      - application/json
      Test-Request-Attempt:
      - "1"
      X-Ms-Date:
      - Wed, 20 Oct 2021 18:11:03 GMT
    url: https://management.azure.com/subscriptions/00000000-0000-0000-0000-000000000000/resourceGroups/asotest-rg-chpryc?api-version=2020-06-01
    method: GET
  response:
    body: '{"id":"/subscriptions/00000000-0000-0000-0000-000000000000/resourceGroups/asotest-rg-chpryc","name":"asotest-rg-chpryc","type":"Microsoft.Resources/resourceGroups","location":"westus2","tags":{"CreatedAt":"2001-02-03T04:05:06Z"},"properties":{"provisioningState":"Deleting"}}'
    headers:
      Cache-Control:
      - no-cache
      Content-Type:
      - application/json; charset=utf-8
      Expires:
      - "-1"
      Pragma:
      - no-cache
      Strict-Transport-Security:
      - max-age=31536000; includeSubDomains
      Vary:
      - Accept-Encoding
      X-Content-Type-Options:
      - nosniff
    status: 200 OK
    code: 200
    duration: ""
- request:
    body: ""
    form: {}
    headers:
      Accept:
      - application/json
      Test-Request-Attempt:
      - "2"
      X-Ms-Date:
      - Wed, 20 Oct 2021 18:11:03 GMT
    url: https://management.azure.com/subscriptions/00000000-0000-0000-0000-000000000000/resourceGroups/asotest-rg-chpryc?api-version=2020-06-01
    method: GET
  response:
    body: '{"id":"/subscriptions/00000000-0000-0000-0000-000000000000/resourceGroups/asotest-rg-chpryc","name":"asotest-rg-chpryc","type":"Microsoft.Resources/resourceGroups","location":"westus2","tags":{"CreatedAt":"2001-02-03T04:05:06Z"},"properties":{"provisioningState":"Deleting"}}'
    headers:
      Cache-Control:
      - no-cache
      Content-Type:
      - application/json; charset=utf-8
      Expires:
      - "-1"
      Pragma:
      - no-cache
      Strict-Transport-Security:
      - max-age=31536000; includeSubDomains
      Vary:
      - Accept-Encoding
      X-Content-Type-Options:
      - nosniff
    status: 200 OK
    code: 200
    duration: ""
- request:
    body: ""
    form: {}
    headers:
      Accept:
      - application/json
      Test-Request-Attempt:
      - "3"
      X-Ms-Date:
      - Wed, 20 Oct 2021 18:11:03 GMT
    url: https://management.azure.com/subscriptions/00000000-0000-0000-0000-000000000000/resourceGroups/asotest-rg-chpryc?api-version=2020-06-01
    method: GET
  response:
    body: '{"id":"/subscriptions/00000000-0000-0000-0000-000000000000/resourceGroups/asotest-rg-chpryc","name":"asotest-rg-chpryc","type":"Microsoft.Resources/resourceGroups","location":"westus2","tags":{"CreatedAt":"2001-02-03T04:05:06Z"},"properties":{"provisioningState":"Deleting"}}'
    headers:
      Cache-Control:
      - no-cache
      Content-Type:
      - application/json; charset=utf-8
      Expires:
      - "-1"
      Pragma:
      - no-cache
      Strict-Transport-Security:
      - max-age=31536000; includeSubDomains
      Vary:
      - Accept-Encoding
      X-Content-Type-Options:
      - nosniff
    status: 200 OK
    code: 200
    duration: ""
- request:
    body: ""
    form: {}
    headers:
      Accept:
      - application/json
      Test-Request-Attempt:
      - "4"
      X-Ms-Date:
      - Wed, 20 Oct 2021 18:11:03 GMT
    url: https://management.azure.com/subscriptions/00000000-0000-0000-0000-000000000000/resourceGroups/asotest-rg-chpryc?api-version=2020-06-01
    method: GET
  response:
    body: '{"id":"/subscriptions/00000000-0000-0000-0000-000000000000/resourceGroups/asotest-rg-chpryc","name":"asotest-rg-chpryc","type":"Microsoft.Resources/resourceGroups","location":"westus2","tags":{"CreatedAt":"2001-02-03T04:05:06Z"},"properties":{"provisioningState":"Deleting"}}'
    headers:
      Cache-Control:
      - no-cache
      Content-Type:
      - application/json; charset=utf-8
      Expires:
      - "-1"
      Pragma:
      - no-cache
      Strict-Transport-Security:
      - max-age=31536000; includeSubDomains
      Vary:
      - Accept-Encoding
      X-Content-Type-Options:
      - nosniff
    status: 200 OK
    code: 200
    duration: ""
- request:
    body: ""
    form: {}
    headers:
      Accept:
      - application/json
      Test-Request-Attempt:
      - "5"
      X-Ms-Date:
      - Wed, 20 Oct 2021 18:11:04 GMT
    url: https://management.azure.com/subscriptions/00000000-0000-0000-0000-000000000000/resourceGroups/asotest-rg-chpryc?api-version=2020-06-01
    method: GET
  response:
    body: '{"id":"/subscriptions/00000000-0000-0000-0000-000000000000/resourceGroups/asotest-rg-chpryc","name":"asotest-rg-chpryc","type":"Microsoft.Resources/resourceGroups","location":"westus2","tags":{"CreatedAt":"2001-02-03T04:05:06Z"},"properties":{"provisioningState":"Deleting"}}'
    headers:
      Cache-Control:
      - no-cache
      Content-Type:
      - application/json; charset=utf-8
      Expires:
      - "-1"
      Pragma:
      - no-cache
      Strict-Transport-Security:
      - max-age=31536000; includeSubDomains
      Vary:
      - Accept-Encoding
      X-Content-Type-Options:
      - nosniff
    status: 200 OK
    code: 200
    duration: ""
- request:
    body: ""
    form: {}
    headers:
      Accept:
      - application/json
      Test-Request-Attempt:
      - "6"
      X-Ms-Date:
      - Wed, 20 Oct 2021 18:11:04 GMT
    url: https://management.azure.com/subscriptions/00000000-0000-0000-0000-000000000000/resourceGroups/asotest-rg-chpryc?api-version=2020-06-01
    method: GET
  response:
    body: '{"id":"/subscriptions/00000000-0000-0000-0000-000000000000/resourceGroups/asotest-rg-chpryc","name":"asotest-rg-chpryc","type":"Microsoft.Resources/resourceGroups","location":"westus2","tags":{"CreatedAt":"2001-02-03T04:05:06Z"},"properties":{"provisioningState":"Deleting"}}'
    headers:
      Cache-Control:
      - no-cache
      Content-Type:
      - application/json; charset=utf-8
      Expires:
      - "-1"
      Pragma:
      - no-cache
      Strict-Transport-Security:
      - max-age=31536000; includeSubDomains
      Vary:
      - Accept-Encoding
      X-Content-Type-Options:
      - nosniff
    status: 200 OK
    code: 200
    duration: ""
- request:
    body: ""
    form: {}
    headers:
      Accept:
      - application/json
      Test-Request-Attempt:
      - "7"
      X-Ms-Date:
      - Wed, 20 Oct 2021 18:11:04 GMT
    url: https://management.azure.com/subscriptions/00000000-0000-0000-0000-000000000000/resourceGroups/asotest-rg-chpryc?api-version=2020-06-01
    method: GET
  response:
    body: '{"id":"/subscriptions/00000000-0000-0000-0000-000000000000/resourceGroups/asotest-rg-chpryc","name":"asotest-rg-chpryc","type":"Microsoft.Resources/resourceGroups","location":"westus2","tags":{"CreatedAt":"2001-02-03T04:05:06Z"},"properties":{"provisioningState":"Deleting"}}'
    headers:
      Cache-Control:
      - no-cache
      Content-Type:
      - application/json; charset=utf-8
      Expires:
      - "-1"
      Pragma:
      - no-cache
      Strict-Transport-Security:
      - max-age=31536000; includeSubDomains
      Vary:
      - Accept-Encoding
      X-Content-Type-Options:
      - nosniff
    status: 200 OK
    code: 200
    duration: ""
- request:
    body: ""
    form: {}
    headers:
      Accept:
      - application/json
      Test-Request-Attempt:
      - "8"
      X-Ms-Date:
      - Wed, 20 Oct 2021 18:11:04 GMT
    url: https://management.azure.com/subscriptions/00000000-0000-0000-0000-000000000000/resourceGroups/asotest-rg-chpryc?api-version=2020-06-01
    method: GET
  response:
    body: '{"id":"/subscriptions/00000000-0000-0000-0000-000000000000/resourceGroups/asotest-rg-chpryc","name":"asotest-rg-chpryc","type":"Microsoft.Resources/resourceGroups","location":"westus2","tags":{"CreatedAt":"2001-02-03T04:05:06Z"},"properties":{"provisioningState":"Deleting"}}'
    headers:
      Cache-Control:
      - no-cache
      Content-Type:
      - application/json; charset=utf-8
      Expires:
      - "-1"
      Pragma:
      - no-cache
      Strict-Transport-Security:
      - max-age=31536000; includeSubDomains
      Vary:
      - Accept-Encoding
      X-Content-Type-Options:
      - nosniff
    status: 200 OK
    code: 200
    duration: ""
- request:
    body: ""
    form: {}
    headers:
      Accept:
      - application/json
      Test-Request-Attempt:
      - "9"
      X-Ms-Date:
      - Wed, 20 Oct 2021 18:11:05 GMT
    url: https://management.azure.com/subscriptions/00000000-0000-0000-0000-000000000000/resourceGroups/asotest-rg-chpryc?api-version=2020-06-01
    method: GET
  response:
    body: '{"id":"/subscriptions/00000000-0000-0000-0000-000000000000/resourceGroups/asotest-rg-chpryc","name":"asotest-rg-chpryc","type":"Microsoft.Resources/resourceGroups","location":"westus2","tags":{"CreatedAt":"2001-02-03T04:05:06Z"},"properties":{"provisioningState":"Deleting"}}'
    headers:
      Cache-Control:
      - no-cache
      Content-Type:
      - application/json; charset=utf-8
      Expires:
      - "-1"
      Pragma:
      - no-cache
      Strict-Transport-Security:
      - max-age=31536000; includeSubDomains
      Vary:
      - Accept-Encoding
      X-Content-Type-Options:
      - nosniff
    status: 200 OK
    code: 200
    duration: ""
- request:
    body: ""
    form: {}
    headers:
      Accept:
      - application/json
      Test-Request-Attempt:
      - "10"
      X-Ms-Date:
      - Wed, 20 Oct 2021 18:11:06 GMT
    url: https://management.azure.com/subscriptions/00000000-0000-0000-0000-000000000000/resourceGroups/asotest-rg-chpryc?api-version=2020-06-01
    method: GET
  response:
    body: '{"id":"/subscriptions/00000000-0000-0000-0000-000000000000/resourceGroups/asotest-rg-chpryc","name":"asotest-rg-chpryc","type":"Microsoft.Resources/resourceGroups","location":"westus2","tags":{"CreatedAt":"2001-02-03T04:05:06Z"},"properties":{"provisioningState":"Deleting"}}'
    headers:
      Cache-Control:
      - no-cache
      Content-Type:
      - application/json; charset=utf-8
      Expires:
      - "-1"
      Pragma:
      - no-cache
      Strict-Transport-Security:
      - max-age=31536000; includeSubDomains
      Vary:
      - Accept-Encoding
      X-Content-Type-Options:
      - nosniff
    status: 200 OK
    code: 200
    duration: ""
- request:
    body: ""
    form: {}
    headers:
      Accept:
      - application/json
      Test-Request-Attempt:
      - "11"
      X-Ms-Date:
      - Wed, 20 Oct 2021 18:11:09 GMT
    url: https://management.azure.com/subscriptions/00000000-0000-0000-0000-000000000000/resourceGroups/asotest-rg-chpryc?api-version=2020-06-01
    method: GET
  response:
    body: '{"id":"/subscriptions/00000000-0000-0000-0000-000000000000/resourceGroups/asotest-rg-chpryc","name":"asotest-rg-chpryc","type":"Microsoft.Resources/resourceGroups","location":"westus2","tags":{"CreatedAt":"2001-02-03T04:05:06Z"},"properties":{"provisioningState":"Deleting"}}'
    headers:
      Cache-Control:
      - no-cache
      Content-Type:
      - application/json; charset=utf-8
      Expires:
      - "-1"
      Pragma:
      - no-cache
      Strict-Transport-Security:
      - max-age=31536000; includeSubDomains
      Vary:
      - Accept-Encoding
      X-Content-Type-Options:
      - nosniff
    status: 200 OK
    code: 200
    duration: ""
- request:
    body: ""
    form: {}
    headers:
      Accept:
      - application/json
      Test-Request-Attempt:
      - "12"
      X-Ms-Date:
      - Wed, 20 Oct 2021 18:11:14 GMT
    url: https://management.azure.com/subscriptions/00000000-0000-0000-0000-000000000000/resourceGroups/asotest-rg-chpryc?api-version=2020-06-01
    method: GET
  response:
    body: '{"id":"/subscriptions/00000000-0000-0000-0000-000000000000/resourceGroups/asotest-rg-chpryc","name":"asotest-rg-chpryc","type":"Microsoft.Resources/resourceGroups","location":"westus2","tags":{"CreatedAt":"2001-02-03T04:05:06Z"},"properties":{"provisioningState":"Deleting"}}'
    headers:
      Cache-Control:
      - no-cache
      Content-Type:
      - application/json; charset=utf-8
      Expires:
      - "-1"
      Pragma:
      - no-cache
      Strict-Transport-Security:
      - max-age=31536000; includeSubDomains
      Vary:
      - Accept-Encoding
      X-Content-Type-Options:
      - nosniff
    status: 200 OK
    code: 200
    duration: ""
- request:
    body: ""
    form: {}
    headers:
      Accept:
      - application/json
      Test-Request-Attempt:
      - "13"
      X-Ms-Date:
      - Wed, 20 Oct 2021 18:11:24 GMT
    url: https://management.azure.com/subscriptions/00000000-0000-0000-0000-000000000000/resourceGroups/asotest-rg-chpryc?api-version=2020-06-01
    method: GET
  response:
    body: '{"id":"/subscriptions/00000000-0000-0000-0000-000000000000/resourceGroups/asotest-rg-chpryc","name":"asotest-rg-chpryc","type":"Microsoft.Resources/resourceGroups","location":"westus2","tags":{"CreatedAt":"2001-02-03T04:05:06Z"},"properties":{"provisioningState":"Deleting"}}'
    headers:
      Cache-Control:
      - no-cache
      Content-Type:
      - application/json; charset=utf-8
      Expires:
      - "-1"
      Pragma:
      - no-cache
      Strict-Transport-Security:
      - max-age=31536000; includeSubDomains
      Vary:
      - Accept-Encoding
      X-Content-Type-Options:
      - nosniff
    status: 200 OK
    code: 200
    duration: ""
- request:
    body: ""
    form: {}
    headers:
      Accept:
      - application/json
      Test-Request-Attempt:
      - "14"
      X-Ms-Date:
      - Wed, 20 Oct 2021 18:11:45 GMT
    url: https://management.azure.com/subscriptions/00000000-0000-0000-0000-000000000000/resourceGroups/asotest-rg-chpryc?api-version=2020-06-01
    method: GET
  response:
    body: '{"id":"/subscriptions/00000000-0000-0000-0000-000000000000/resourceGroups/asotest-rg-chpryc","name":"asotest-rg-chpryc","type":"Microsoft.Resources/resourceGroups","location":"westus2","tags":{"CreatedAt":"2001-02-03T04:05:06Z"},"properties":{"provisioningState":"Deleting"}}'
    headers:
      Cache-Control:
      - no-cache
      Content-Type:
      - application/json; charset=utf-8
      Expires:
      - "-1"
      Pragma:
      - no-cache
      Strict-Transport-Security:
      - max-age=31536000; includeSubDomains
      Vary:
      - Accept-Encoding
      X-Content-Type-Options:
      - nosniff
    status: 200 OK
    code: 200
    duration: ""
- request:
    body: ""
    form: {}
    headers:
      Accept:
      - application/json
      Test-Request-Attempt:
      - "15"
      X-Ms-Date:
      - Wed, 20 Oct 2021 18:12:26 GMT
    url: https://management.azure.com/subscriptions/00000000-0000-0000-0000-000000000000/resourceGroups/asotest-rg-chpryc?api-version=2020-06-01
    method: GET
  response:
    body: '{"error":{"code":"ResourceGroupNotFound","message":"Resource group ''asotest-rg-chpryc''
      could not be found."}}'
    headers:
      Cache-Control:
      - no-cache
      Content-Length:
      - "109"
      Content-Type:
      - application/json; charset=utf-8
      Expires:
      - "-1"
      Pragma:
      - no-cache
      Strict-Transport-Security:
      - max-age=31536000; includeSubDomains
      X-Content-Type-Options:
      - nosniff
      X-Ms-Failure-Cause:
      - gateway
    status: 404 Not Found
    code: 404
    duration: ""
