---
version: 1
interactions:
- request:
    body: '{"name":"asotest-rg-nxtznz","location":"westus2","tags":{"CreatedAt":"2001-02-03T04:05:06Z"}}'
    form: {}
    headers:
      Accept:
      - application/json
      Content-Length:
      - "93"
      Content-Type:
      - application/json
      Test-Request-Attempt:
      - "0"
    url: https://management.azure.com/subscriptions/00000000-0000-0000-0000-000000000000/resourceGroups/asotest-rg-nxtznz?api-version=2020-06-01
    method: PUT
  response:
    body: '{"id":"/subscriptions/00000000-0000-0000-0000-000000000000/resourceGroups/asotest-rg-nxtznz","name":"asotest-rg-nxtznz","type":"Microsoft.Resources/resourceGroups","location":"westus2","tags":{"CreatedAt":"2001-02-03T04:05:06Z"},"properties":{"provisioningState":"Succeeded"}}'
    headers:
      Cache-Control:
      - no-cache
      Content-Type:
      - application/json; charset=utf-8
      Expires:
      - "-1"
      Pragma:
      - no-cache
      Strict-Transport-Security:
      - max-age=31536000; includeSubDomains
      Vary:
      - Accept-Encoding
      X-Content-Type-Options:
      - nosniff
    status: 200 OK
    code: 200
    duration: ""
- request:
    body: ""
    form: {}
    headers:
      Accept:
      - application/json
      Test-Request-Attempt:
      - "0"
    url: https://management.azure.com/subscriptions/00000000-0000-0000-0000-000000000000/resourceGroups/asotest-rg-nxtznz?api-version=2020-06-01
    method: GET
  response:
    body: '{"id":"/subscriptions/00000000-0000-0000-0000-000000000000/resourceGroups/asotest-rg-nxtznz","name":"asotest-rg-nxtznz","type":"Microsoft.Resources/resourceGroups","location":"westus2","tags":{"CreatedAt":"2001-02-03T04:05:06Z"},"properties":{"provisioningState":"Succeeded"}}'
    headers:
      Cache-Control:
      - no-cache
      Content-Type:
      - application/json; charset=utf-8
      Expires:
      - "-1"
      Pragma:
      - no-cache
      Strict-Transport-Security:
      - max-age=31536000; includeSubDomains
      Vary:
      - Accept-Encoding
      X-Content-Type-Options:
      - nosniff
    status: 200 OK
    code: 200
    duration: ""
- request:
    body: '{"location":"eastus","name":"asotest-postgresql-cqrtxz","properties":{"administratorLogin":"myadmin","administratorLoginPassword":"{PASSWORD}","storage":{"storageSizeGB":128},"version":"13"},"sku":{"name":"Standard_D4s_v3","tier":"GeneralPurpose"}}'
    form: {}
    headers:
      Accept:
      - application/json
      Content-Length:
      - "252"
      Content-Type:
      - application/json
      Test-Request-Attempt:
      - "0"
    url: https://management.azure.com/subscriptions/00000000-0000-0000-0000-000000000000/resourceGroups/asotest-rg-nxtznz/providers/Microsoft.DBforPostgreSQL/flexibleServers/asotest-postgresql-cqrtxz?api-version=2021-06-01
    method: PUT
  response:
    body: '{"operation":"UpsertServerManagementOperationV2","startTime":"2001-02-03T04:05:06Z"}'
    headers:
      Azure-Asyncoperation:
      - https://management.azure.com/subscriptions/00000000-0000-0000-0000-000000000000/providers/Microsoft.DBforPostgreSQL/locations/eastus/azureAsyncOperation/ff49331b-4f3b-4f5b-9151-df4acb8bb1dd?api-version=2021-06-01
      Cache-Control:
      - no-cache
      Content-Length:
      - "88"
      Content-Type:
      - application/json; charset=utf-8
      Expires:
      - "-1"
      Location:
      - https://management.azure.com/subscriptions/00000000-0000-0000-0000-000000000000/providers/Microsoft.DBforPostgreSQL/locations/eastus/operationResults/ff49331b-4f3b-4f5b-9151-df4acb8bb1dd?api-version=2021-06-01
      Pragma:
      - no-cache
      Retry-After:
      - "60"
      Server:
      - Microsoft-HTTPAPI/2.0
      Strict-Transport-Security:
      - max-age=31536000; includeSubDomains
      X-Content-Type-Options:
      - nosniff
    status: 202 Accepted
    code: 202
    duration: ""
- request:
    body: ""
    form: {}
    headers:
      Test-Request-Attempt:
      - "0"
    url: https://management.azure.com/subscriptions/00000000-0000-0000-0000-000000000000/providers/Microsoft.DBforPostgreSQL/locations/eastus/azureAsyncOperation/ff49331b-4f3b-4f5b-9151-df4acb8bb1dd?api-version=2021-06-01
    method: GET
  response:
    body: '{"name":"ff49331b-4f3b-4f5b-9151-df4acb8bb1dd","status":"Succeeded","startTime":"2001-02-03T04:05:06Z"}'
    headers:
      Cache-Control:
      - no-cache
      Content-Type:
      - application/json; charset=utf-8
      Expires:
      - "-1"
      Pragma:
      - no-cache
      Retry-After:
      - "60"
      Server:
      - Microsoft-HTTPAPI/2.0
      Strict-Transport-Security:
      - max-age=31536000; includeSubDomains
      Vary:
      - Accept-Encoding
      X-Content-Type-Options:
      - nosniff
    status: 200 OK
    code: 200
    duration: ""
- request:
    body: ""
    form: {}
    headers:
      Test-Request-Attempt:
      - "0"
    url: https://management.azure.com/subscriptions/00000000-0000-0000-0000-000000000000/resourceGroups/asotest-rg-nxtznz/providers/Microsoft.DBforPostgreSQL/flexibleServers/asotest-postgresql-cqrtxz?api-version=2021-06-01
    method: GET
  response:
    body: '{"sku":{"name":"Standard_D4s_v3","tier":"GeneralPurpose"},"properties":{"fullyQualifiedDomainName":"asotest-postgresql-cqrtxz.postgres.database.azure.com","version":"13","minorVersion":"7","administratorLogin":"myadmin","state":"Ready","availabilityZone":"1","storage":{"storageSizeGB":128},"backup":{"backupRetentionDays":7,"geoRedundantBackup":"Disabled","earliestRestoreDate":"2022-08-12T23:00:40.9959901+00:00"},"network":{"publicNetworkAccess":"Enabled"},"highAvailability":{"mode":"Disabled","state":"NotEnabled"},"maintenanceWindow":{"customWindow":"Enabled","dayOfWeek":5,"startHour":0,"startMinute":0}},"location":"East
      US","id":"/subscriptions/00000000-0000-0000-0000-000000000000/resourceGroups/asotest-rg-nxtznz/providers/Microsoft.DBforPostgreSQL/flexibleServers/asotest-postgresql-cqrtxz","name":"asotest-postgresql-cqrtxz","type":"Microsoft.DBforPostgreSQL/flexibleServers"}'
    headers:
      Cache-Control:
      - no-cache
      Content-Type:
      - application/json; charset=utf-8
      Expires:
      - "-1"
      Pragma:
      - no-cache
      Server:
      - Microsoft-HTTPAPI/2.0
      Strict-Transport-Security:
      - max-age=31536000; includeSubDomains
      Vary:
      - Accept-Encoding
      X-Content-Type-Options:
      - nosniff
    status: 200 OK
    code: 200
    duration: ""
- request:
    body: ""
    form: {}
    headers:
      Accept:
      - application/json
      Test-Request-Attempt:
      - "1"
    url: https://management.azure.com/subscriptions/00000000-0000-0000-0000-000000000000/resourceGroups/asotest-rg-nxtznz/providers/Microsoft.DBforPostgreSQL/flexibleServers/asotest-postgresql-cqrtxz?api-version=2021-06-01
    method: GET
  response:
    body: '{"sku":{"name":"Standard_D4s_v3","tier":"GeneralPurpose"},"properties":{"fullyQualifiedDomainName":"asotest-postgresql-cqrtxz.postgres.database.azure.com","version":"13","minorVersion":"7","administratorLogin":"myadmin","state":"Ready","availabilityZone":"1","storage":{"storageSizeGB":128},"backup":{"backupRetentionDays":7,"geoRedundantBackup":"Disabled","earliestRestoreDate":"2022-08-12T23:00:40.9959901+00:00"},"network":{"publicNetworkAccess":"Enabled"},"highAvailability":{"mode":"Disabled","state":"NotEnabled"},"maintenanceWindow":{"customWindow":"Enabled","dayOfWeek":5,"startHour":0,"startMinute":0}},"location":"East
      US","id":"/subscriptions/00000000-0000-0000-0000-000000000000/resourceGroups/asotest-rg-nxtznz/providers/Microsoft.DBforPostgreSQL/flexibleServers/asotest-postgresql-cqrtxz","name":"asotest-postgresql-cqrtxz","type":"Microsoft.DBforPostgreSQL/flexibleServers"}'
    headers:
      Cache-Control:
      - no-cache
      Content-Type:
      - application/json; charset=utf-8
      Expires:
      - "-1"
      Pragma:
      - no-cache
      Server:
      - Microsoft-HTTPAPI/2.0
      Strict-Transport-Security:
      - max-age=31536000; includeSubDomains
      Vary:
      - Accept-Encoding
      X-Content-Type-Options:
      - nosniff
    status: 200 OK
    code: 200
    duration: ""
- request:
    body: '{"location":"eastus","name":"asotest-postgresql-cqrtxz","properties":{"administratorLogin":"myadmin","administratorLoginPassword":"{PASSWORD}","maintenanceWindow":{"customWindow":"enabled","dayOfWeek":5},"storage":{"storageSizeGB":128},"version":"13"},"sku":{"name":"Standard_D4s_v3","tier":"GeneralPurpose"}}'
    form: {}
    headers:
      Accept:
      - application/json
      Content-Length:
      - "313"
      Content-Type:
      - application/json
      Test-Request-Attempt:
      - "1"
    url: https://management.azure.com/subscriptions/00000000-0000-0000-0000-000000000000/resourceGroups/asotest-rg-nxtznz/providers/Microsoft.DBforPostgreSQL/flexibleServers/asotest-postgresql-cqrtxz?api-version=2021-06-01
    method: PUT
  response:
    body: '{"operation":"UpsertServerManagementOperationV2","startTime":"2001-02-03T04:05:06Z"}'
    headers:
      Azure-Asyncoperation:
      - https://management.azure.com/subscriptions/00000000-0000-0000-0000-000000000000/providers/Microsoft.DBforPostgreSQL/locations/eastus/azureAsyncOperation/7f5b7ce0-8f2a-4dc7-b64a-94a6d282cb50?api-version=2021-06-01
      Cache-Control:
      - no-cache
      Content-Length:
      - "87"
      Content-Type:
      - application/json; charset=utf-8
      Expires:
      - "-1"
      Location:
      - https://management.azure.com/subscriptions/00000000-0000-0000-0000-000000000000/providers/Microsoft.DBforPostgreSQL/locations/eastus/operationResults/7f5b7ce0-8f2a-4dc7-b64a-94a6d282cb50?api-version=2021-06-01
      Pragma:
      - no-cache
      Retry-After:
      - "60"
      Server:
      - Microsoft-HTTPAPI/2.0
      Strict-Transport-Security:
      - max-age=31536000; includeSubDomains
      X-Content-Type-Options:
      - nosniff
    status: 202 Accepted
    code: 202
    duration: ""
- request:
    body: ""
    form: {}
    headers:
      Test-Request-Attempt:
      - "0"
    url: https://management.azure.com/subscriptions/00000000-0000-0000-0000-000000000000/providers/Microsoft.DBforPostgreSQL/locations/eastus/azureAsyncOperation/7f5b7ce0-8f2a-4dc7-b64a-94a6d282cb50?api-version=2021-06-01
    method: GET
  response:
    body: '{"name":"7f5b7ce0-8f2a-4dc7-b64a-94a6d282cb50","status":"Succeeded","startTime":"2001-02-03T04:05:06Z"}'
    headers:
      Cache-Control:
      - no-cache
      Content-Type:
      - application/json; charset=utf-8
      Expires:
      - "-1"
      Pragma:
      - no-cache
      Retry-After:
      - "60"
      Server:
      - Microsoft-HTTPAPI/2.0
      Strict-Transport-Security:
      - max-age=31536000; includeSubDomains
      Vary:
      - Accept-Encoding
      X-Content-Type-Options:
      - nosniff
    status: 200 OK
    code: 200
    duration: ""
- request:
    body: ""
    form: {}
    headers:
      Test-Request-Attempt:
      - "2"
    url: https://management.azure.com/subscriptions/00000000-0000-0000-0000-000000000000/resourceGroups/asotest-rg-nxtznz/providers/Microsoft.DBforPostgreSQL/flexibleServers/asotest-postgresql-cqrtxz?api-version=2021-06-01
    method: GET
  response:
    body: '{"sku":{"name":"Standard_D4s_v3","tier":"GeneralPurpose"},"properties":{"fullyQualifiedDomainName":"asotest-postgresql-cqrtxz.postgres.database.azure.com","version":"13","minorVersion":"7","administratorLogin":"myadmin","state":"Ready","availabilityZone":"1","storage":{"storageSizeGB":128},"backup":{"backupRetentionDays":7,"geoRedundantBackup":"Disabled","earliestRestoreDate":"2022-08-12T23:00:40.9959901+00:00"},"network":{"publicNetworkAccess":"Enabled"},"highAvailability":{"mode":"Disabled","state":"NotEnabled"},"maintenanceWindow":{"customWindow":"Enabled","dayOfWeek":5,"startHour":0,"startMinute":0}},"location":"East
      US","id":"/subscriptions/00000000-0000-0000-0000-000000000000/resourceGroups/asotest-rg-nxtznz/providers/Microsoft.DBforPostgreSQL/flexibleServers/asotest-postgresql-cqrtxz","name":"asotest-postgresql-cqrtxz","type":"Microsoft.DBforPostgreSQL/flexibleServers"}'
    headers:
      Cache-Control:
      - no-cache
      Content-Type:
      - application/json; charset=utf-8
      Expires:
      - "-1"
      Pragma:
      - no-cache
      Server:
      - Microsoft-HTTPAPI/2.0
      Strict-Transport-Security:
      - max-age=31536000; includeSubDomains
      Vary:
      - Accept-Encoding
      X-Content-Type-Options:
      - nosniff
    status: 200 OK
    code: 200
    duration: ""
- request:
    body: ""
    form: {}
    headers:
      Accept:
      - application/json
      Test-Request-Attempt:
      - "3"
    url: https://management.azure.com/subscriptions/00000000-0000-0000-0000-000000000000/resourceGroups/asotest-rg-nxtznz/providers/Microsoft.DBforPostgreSQL/flexibleServers/asotest-postgresql-cqrtxz?api-version=2021-06-01
    method: GET
  response:
    body: '{"sku":{"name":"Standard_D4s_v3","tier":"GeneralPurpose"},"properties":{"fullyQualifiedDomainName":"asotest-postgresql-cqrtxz.postgres.database.azure.com","version":"13","minorVersion":"7","administratorLogin":"myadmin","state":"Ready","availabilityZone":"1","storage":{"storageSizeGB":128},"backup":{"backupRetentionDays":7,"geoRedundantBackup":"Disabled","earliestRestoreDate":"2022-08-12T23:00:40.9959901+00:00"},"network":{"publicNetworkAccess":"Enabled"},"highAvailability":{"mode":"Disabled","state":"NotEnabled"},"maintenanceWindow":{"customWindow":"Enabled","dayOfWeek":5,"startHour":0,"startMinute":0}},"location":"East
      US","id":"/subscriptions/00000000-0000-0000-0000-000000000000/resourceGroups/asotest-rg-nxtznz/providers/Microsoft.DBforPostgreSQL/flexibleServers/asotest-postgresql-cqrtxz","name":"asotest-postgresql-cqrtxz","type":"Microsoft.DBforPostgreSQL/flexibleServers"}'
    headers:
      Cache-Control:
      - no-cache
      Content-Type:
      - application/json; charset=utf-8
      Expires:
      - "-1"
      Pragma:
      - no-cache
      Server:
      - Microsoft-HTTPAPI/2.0
      Strict-Transport-Security:
      - max-age=31536000; includeSubDomains
      Vary:
      - Accept-Encoding
      X-Content-Type-Options:
      - nosniff
    status: 200 OK
    code: 200
    duration: ""
- request:
    body: '{"name":"asotest-db-yxuvcz","properties":{"charset":"utf8"}}'
    form: {}
    headers:
      Accept:
      - application/json
      Content-Length:
      - "60"
      Content-Type:
      - application/json
      Test-Request-Attempt:
      - "0"
    url: https://management.azure.com/subscriptions/00000000-0000-0000-0000-000000000000/resourceGroups/asotest-rg-nxtznz/providers/Microsoft.DBforPostgreSQL/flexibleServers/asotest-postgresql-cqrtxz/databases/asotest-db-yxuvcz?api-version=2021-06-01
    method: PUT
  response:
    body: '{"operation":"UpsertServerDatabaseManagementOperation","startTime":"2001-02-03T04:05:06Z"}'
    headers:
      Azure-Asyncoperation:
      - https://management.azure.com/subscriptions/00000000-0000-0000-0000-000000000000/providers/Microsoft.DBforPostgreSQL/locations/eastus/azureAsyncOperation/f38e5b94-daba-4493-8592-101cdb79d4da?api-version=2021-06-01
      Cache-Control:
      - no-cache
      Content-Length:
      - "94"
      Content-Type:
      - application/json; charset=utf-8
      Expires:
      - "-1"
      Location:
      - https://management.azure.com/subscriptions/00000000-0000-0000-0000-000000000000/providers/Microsoft.DBforPostgreSQL/locations/eastus/operationResults/f38e5b94-daba-4493-8592-101cdb79d4da?api-version=2021-06-01
      Pragma:
      - no-cache
      Retry-After:
      - "10"
      Server:
      - Microsoft-HTTPAPI/2.0
      Strict-Transport-Security:
      - max-age=31536000; includeSubDomains
      X-Content-Type-Options:
      - nosniff
    status: 202 Accepted
    code: 202
    duration: ""
- request:
    body: ""
    form: {}
    headers:
      Test-Request-Attempt:
      - "0"
    url: https://management.azure.com/subscriptions/00000000-0000-0000-0000-000000000000/providers/Microsoft.DBforPostgreSQL/locations/eastus/azureAsyncOperation/f38e5b94-daba-4493-8592-101cdb79d4da?api-version=2021-06-01
    method: GET
  response:
    body: '{"name":"f38e5b94-daba-4493-8592-101cdb79d4da","status":"Succeeded","startTime":"2001-02-03T04:05:06Z"}'
    headers:
      Cache-Control:
      - no-cache
      Content-Type:
      - application/json; charset=utf-8
      Expires:
      - "-1"
      Pragma:
      - no-cache
      Retry-After:
      - "10"
      Server:
      - Microsoft-HTTPAPI/2.0
      Strict-Transport-Security:
      - max-age=31536000; includeSubDomains
      Vary:
      - Accept-Encoding
      X-Content-Type-Options:
      - nosniff
    status: 200 OK
    code: 200
    duration: ""
- request:
    body: ""
    form: {}
    headers:
      Test-Request-Attempt:
      - "0"
    url: https://management.azure.com/subscriptions/00000000-0000-0000-0000-000000000000/resourceGroups/asotest-rg-nxtznz/providers/Microsoft.DBforPostgreSQL/flexibleServers/asotest-postgresql-cqrtxz/databases/asotest-db-yxuvcz?api-version=2021-06-01
    method: GET
  response:
    body: '{"properties":{"charset":"UTF8","collation":"en_US.utf8"},"id":"/subscriptions/00000000-0000-0000-0000-000000000000/resourceGroups/asotest-rg-nxtznz/providers/Microsoft.DBforPostgreSQL/flexibleServers/asotest-postgresql-cqrtxz/databases/asotest-db-yxuvcz","name":"asotest-db-yxuvcz","type":"Microsoft.DBforPostgreSQL/flexibleServers/databases"}'
    headers:
      Cache-Control:
      - no-cache
      Content-Type:
      - application/json; charset=utf-8
      Expires:
      - "-1"
      Pragma:
      - no-cache
      Server:
      - Microsoft-HTTPAPI/2.0
      Strict-Transport-Security:
      - max-age=31536000; includeSubDomains
      Vary:
      - Accept-Encoding
      X-Content-Type-Options:
      - nosniff
    status: 200 OK
    code: 200
    duration: ""
- request:
    body: ""
    form: {}
    headers:
      Accept:
      - application/json
      Test-Request-Attempt:
      - "1"
    url: https://management.azure.com/subscriptions/00000000-0000-0000-0000-000000000000/resourceGroups/asotest-rg-nxtznz/providers/Microsoft.DBforPostgreSQL/flexibleServers/asotest-postgresql-cqrtxz/databases/asotest-db-yxuvcz?api-version=2021-06-01
    method: GET
  response:
    body: '{"properties":{"charset":"UTF8","collation":"en_US.utf8"},"id":"/subscriptions/00000000-0000-0000-0000-000000000000/resourceGroups/asotest-rg-nxtznz/providers/Microsoft.DBforPostgreSQL/flexibleServers/asotest-postgresql-cqrtxz/databases/asotest-db-yxuvcz","name":"asotest-db-yxuvcz","type":"Microsoft.DBforPostgreSQL/flexibleServers/databases"}'
    headers:
      Cache-Control:
      - no-cache
      Content-Type:
      - application/json; charset=utf-8
      Expires:
      - "-1"
      Pragma:
      - no-cache
      Server:
      - Microsoft-HTTPAPI/2.0
      Strict-Transport-Security:
      - max-age=31536000; includeSubDomains
      Vary:
      - Accept-Encoding
      X-Content-Type-Options:
      - nosniff
    status: 200 OK
    code: 200
    duration: ""
- request:
    body: ""
    form: {}
    headers:
      Accept:
      - application/json
      Test-Request-Attempt:
      - "0"
    url: https://management.azure.com/subscriptions/00000000-0000-0000-0000-000000000000/resourceGroups/asotest-rg-nxtznz/providers/Microsoft.DBforPostgreSQL/flexibleServers/asotest-postgresql-cqrtxz/databases/asotest-db-yxuvcz?api-version=2021-06-01
    method: DELETE
  response:
    body: '{"operation":"DropServerDatabaseManagementOperation","startTime":"2001-02-03T04:05:06Z"}'
    headers:
      Azure-Asyncoperation:
      - https://management.azure.com/subscriptions/00000000-0000-0000-0000-000000000000/providers/Microsoft.DBforPostgreSQL/locations/eastus/azureAsyncOperation/2d8f1c3a-561e-4387-bf57-2debfbdc24da?api-version=2021-06-01
      Cache-Control:
      - no-cache
      Content-Length:
      - "92"
      Content-Type:
      - application/json; charset=utf-8
      Expires:
      - "-1"
      Location:
      - https://management.azure.com/subscriptions/00000000-0000-0000-0000-000000000000/providers/Microsoft.DBforPostgreSQL/locations/eastus/operationResults/2d8f1c3a-561e-4387-bf57-2debfbdc24da?api-version=2021-06-01
      Pragma:
      - no-cache
      Retry-After:
      - "10"
      Server:
      - Microsoft-HTTPAPI/2.0
      Strict-Transport-Security:
      - max-age=31536000; includeSubDomains
      X-Content-Type-Options:
      - nosniff
    status: 202 Accepted
    code: 202
    duration: ""
- request:
    body: ""
    form: {}
    headers:
      Test-Request-Attempt:
      - "0"
    url: https://management.azure.com/subscriptions/00000000-0000-0000-0000-000000000000/providers/Microsoft.DBforPostgreSQL/locations/eastus/azureAsyncOperation/2d8f1c3a-561e-4387-bf57-2debfbdc24da?api-version=2021-06-01
    method: GET
  response:
    body: '{"name":"2d8f1c3a-561e-4387-bf57-2debfbdc24da","status":"Succeeded","startTime":"2001-02-03T04:05:06Z"}'
    headers:
      Cache-Control:
      - no-cache
      Content-Type:
      - application/json; charset=utf-8
      Expires:
      - "-1"
      Pragma:
      - no-cache
      Retry-After:
      - "10"
      Server:
      - Microsoft-HTTPAPI/2.0
      Strict-Transport-Security:
      - max-age=31536000; includeSubDomains
      Vary:
      - Accept-Encoding
      X-Content-Type-Options:
      - nosniff
    status: 200 OK
    code: 200
    duration: ""
- request:
    body: '{"name":"pgaudit.log","properties":{"source":"user-override","value":"READ"}}'
    form: {}
    headers:
      Accept:
      - application/json
      Content-Length:
      - "77"
      Content-Type:
      - application/json
      Test-Request-Attempt:
      - "0"
    url: https://management.azure.com/subscriptions/00000000-0000-0000-0000-000000000000/resourceGroups/asotest-rg-nxtznz/providers/Microsoft.DBforPostgreSQL/flexibleServers/asotest-postgresql-cqrtxz/configurations/pgaudit.log?api-version=2021-06-01
    method: PUT
  response:
    body: '{"operation":"UpdateConfigurationManagementOperation","startTime":"2001-02-03T04:05:06Z"}'
    headers:
      Azure-Asyncoperation:
      - https://management.azure.com/subscriptions/00000000-0000-0000-0000-000000000000/providers/Microsoft.DBforPostgreSQL/locations/eastus/azureAsyncOperation/fa1a46bb-5aa3-44ab-87ad-b7f4032ad38e?api-version=2021-06-01
      Cache-Control:
      - no-cache
      Content-Length:
      - "93"
      Content-Type:
      - application/json; charset=utf-8
      Expires:
      - "-1"
      Location:
      - https://management.azure.com/subscriptions/00000000-0000-0000-0000-000000000000/providers/Microsoft.DBforPostgreSQL/locations/eastus/operationResults/fa1a46bb-5aa3-44ab-87ad-b7f4032ad38e?api-version=2021-06-01
      Pragma:
      - no-cache
      Retry-After:
      - "10"
      Server:
      - Microsoft-HTTPAPI/2.0
      Strict-Transport-Security:
      - max-age=31536000; includeSubDomains
      X-Content-Type-Options:
      - nosniff
    status: 202 Accepted
    code: 202
    duration: ""
- request:
    body: '{"name":"asotest-fwrule-zwkvnq","properties":{"endIpAddress":"1.2.3.4","startIpAddress":"1.2.3.4"}}'
    form: {}
    headers:
      Accept:
      - application/json
      Content-Length:
      - "99"
      Content-Type:
      - application/json
      Test-Request-Attempt:
      - "0"
    url: https://management.azure.com/subscriptions/00000000-0000-0000-0000-000000000000/resourceGroups/asotest-rg-nxtznz/providers/Microsoft.DBforPostgreSQL/flexibleServers/asotest-postgresql-cqrtxz/firewallRules/asotest-fwrule-zwkvnq?api-version=2021-06-01
    method: PUT
  response:
    body: '{"operation":"UpsertServerFirewallRulesManagementOperation","startTime":"2001-02-03T04:05:06Z"}'
    headers:
      Azure-Asyncoperation:
      - https://management.azure.com/subscriptions/00000000-0000-0000-0000-000000000000/providers/Microsoft.DBforPostgreSQL/locations/eastus/azureAsyncOperation/4f9718cf-acb1-4831-956d-32d69f9d593a?api-version=2021-06-01
      Cache-Control:
      - no-cache
      Content-Length:
      - "98"
      Content-Type:
      - application/json; charset=utf-8
      Expires:
      - "-1"
      Location:
      - https://management.azure.com/subscriptions/00000000-0000-0000-0000-000000000000/providers/Microsoft.DBforPostgreSQL/locations/eastus/operationResults/4f9718cf-acb1-4831-956d-32d69f9d593a?api-version=2021-06-01
      Pragma:
      - no-cache
      Retry-After:
      - "60"
      Server:
      - Microsoft-HTTPAPI/2.0
      Strict-Transport-Security:
      - max-age=31536000; includeSubDomains
      X-Content-Type-Options:
      - nosniff
    status: 202 Accepted
    code: 202
    duration: ""
- request:
    body: ""
    form: {}
    headers:
      Test-Request-Attempt:
      - "0"
    url: https://management.azure.com/subscriptions/00000000-0000-0000-0000-000000000000/providers/Microsoft.DBforPostgreSQL/locations/eastus/azureAsyncOperation/fa1a46bb-5aa3-44ab-87ad-b7f4032ad38e?api-version=2021-06-01
    method: GET
  response:
    body: '{"name":"fa1a46bb-5aa3-44ab-87ad-b7f4032ad38e","status":"Succeeded","startTime":"2001-02-03T04:05:06Z"}'
    headers:
      Cache-Control:
      - no-cache
      Content-Type:
      - application/json; charset=utf-8
      Expires:
      - "-1"
      Pragma:
      - no-cache
      Retry-After:
      - "10"
      Server:
      - Microsoft-HTTPAPI/2.0
      Strict-Transport-Security:
      - max-age=31536000; includeSubDomains
      Vary:
      - Accept-Encoding
      X-Content-Type-Options:
      - nosniff
    status: 200 OK
    code: 200
    duration: ""
- request:
    body: ""
    form: {}
    headers:
      Test-Request-Attempt:
      - "0"
    url: https://management.azure.com/subscriptions/00000000-0000-0000-0000-000000000000/resourceGroups/asotest-rg-nxtznz/providers/Microsoft.DBforPostgreSQL/flexibleServers/asotest-postgresql-cqrtxz/configurations/pgaudit.log?api-version=2021-06-01
    method: GET
  response:
    body: '{"properties":{"value":"READ","description":"Specifies which classes of
      statements will be logged by session audit logging.","defaultValue":"none","dataType":"Set","allowedValues":"none,read,write,function,role,ddl,misc,all","source":"user-override","isDynamicConfig":true,"isReadOnly":false,"isConfigPendingRestart":false,"documentationLink":"https://github.com/pgaudit/pgaudit/blob/master/README.md"},"id":"/subscriptions/00000000-0000-0000-0000-000000000000/resourceGroups/asotest-rg-nxtznz/providers/Microsoft.DBforPostgreSQL/flexibleServers/asotest-postgresql-cqrtxz/configurations/pgaudit.log","name":"pgaudit.log","type":"Microsoft.DBforPostgreSQL/flexibleServers/configurations"}'
    headers:
      Cache-Control:
      - no-cache
      Content-Type:
      - application/json; charset=utf-8
      Expires:
      - "-1"
      Pragma:
      - no-cache
      Server:
      - Microsoft-HTTPAPI/2.0
      Strict-Transport-Security:
      - max-age=31536000; includeSubDomains
      Vary:
      - Accept-Encoding
      X-Content-Type-Options:
      - nosniff
    status: 200 OK
    code: 200
    duration: ""
- request:
    body: ""
    form: {}
    headers:
      Test-Request-Attempt:
      - "0"
    url: https://management.azure.com/subscriptions/00000000-0000-0000-0000-000000000000/providers/Microsoft.DBforPostgreSQL/locations/eastus/azureAsyncOperation/4f9718cf-acb1-4831-956d-32d69f9d593a?api-version=2021-06-01
    method: GET
  response:
    body: '{"name":"4f9718cf-acb1-4831-956d-32d69f9d593a","status":"InProgress","startTime":"2001-02-03T04:05:06Z"}'
    headers:
      Cache-Control:
      - no-cache
      Content-Type:
      - application/json; charset=utf-8
      Expires:
      - "-1"
      Pragma:
      - no-cache
      Retry-After:
      - "60"
      Server:
      - Microsoft-HTTPAPI/2.0
      Strict-Transport-Security:
      - max-age=31536000; includeSubDomains
      Vary:
      - Accept-Encoding
      X-Content-Type-Options:
      - nosniff
    status: 200 OK
    code: 200
    duration: ""
- request:
    body: ""
    form: {}
    headers:
      Accept:
      - application/json
      Test-Request-Attempt:
      - "1"
    url: https://management.azure.com/subscriptions/00000000-0000-0000-0000-000000000000/resourceGroups/asotest-rg-nxtznz/providers/Microsoft.DBforPostgreSQL/flexibleServers/asotest-postgresql-cqrtxz/configurations/pgaudit.log?api-version=2021-06-01
    method: GET
  response:
    body: '{"properties":{"value":"READ","description":"Specifies which classes of
      statements will be logged by session audit logging.","defaultValue":"none","dataType":"Set","allowedValues":"none,read,write,function,role,ddl,misc,all","source":"user-override","isDynamicConfig":true,"isReadOnly":false,"isConfigPendingRestart":false,"documentationLink":"https://github.com/pgaudit/pgaudit/blob/master/README.md"},"id":"/subscriptions/00000000-0000-0000-0000-000000000000/resourceGroups/asotest-rg-nxtznz/providers/Microsoft.DBforPostgreSQL/flexibleServers/asotest-postgresql-cqrtxz/configurations/pgaudit.log","name":"pgaudit.log","type":"Microsoft.DBforPostgreSQL/flexibleServers/configurations"}'
    headers:
      Cache-Control:
      - no-cache
      Content-Type:
      - application/json; charset=utf-8
      Expires:
      - "-1"
      Pragma:
      - no-cache
      Server:
      - Microsoft-HTTPAPI/2.0
      Strict-Transport-Security:
      - max-age=31536000; includeSubDomains
      Vary:
      - Accept-Encoding
      X-Content-Type-Options:
      - nosniff
    status: 200 OK
    code: 200
    duration: ""
- request:
    body: ""
    form: {}
    headers:
      Test-Request-Attempt:
      - "1"
    url: https://management.azure.com/subscriptions/00000000-0000-0000-0000-000000000000/providers/Microsoft.DBforPostgreSQL/locations/eastus/azureAsyncOperation/4f9718cf-acb1-4831-956d-32d69f9d593a?api-version=2021-06-01
    method: GET
  response:
    body: '{"name":"4f9718cf-acb1-4831-956d-32d69f9d593a","status":"Succeeded","startTime":"2001-02-03T04:05:06Z"}'
    headers:
      Cache-Control:
      - no-cache
      Content-Type:
      - application/json; charset=utf-8
      Expires:
      - "-1"
      Pragma:
      - no-cache
      Retry-After:
      - "60"
      Server:
      - Microsoft-HTTPAPI/2.0
      Strict-Transport-Security:
      - max-age=31536000; includeSubDomains
      Vary:
      - Accept-Encoding
      X-Content-Type-Options:
      - nosniff
    status: 200 OK
    code: 200
    duration: ""
- request:
    body: ""
    form: {}
    headers:
      Test-Request-Attempt:
      - "0"
    url: https://management.azure.com/subscriptions/00000000-0000-0000-0000-000000000000/resourceGroups/asotest-rg-nxtznz/providers/Microsoft.DBforPostgreSQL/flexibleServers/asotest-postgresql-cqrtxz/firewallRules/asotest-fwrule-zwkvnq?api-version=2021-06-01
    method: GET
  response:
    body: '{"properties":{"startIpAddress":"1.2.3.4","endIpAddress":"1.2.3.4"},"id":"/subscriptions/00000000-0000-0000-0000-000000000000/resourceGroups/asotest-rg-nxtznz/providers/Microsoft.DBforPostgreSQL/flexibleServers/asotest-postgresql-cqrtxz/firewallRules/asotest-fwrule-zwkvnq","name":"asotest-fwrule-zwkvnq","type":"Microsoft.DBforPostgreSQL/flexibleServers/firewallRules"}'
    headers:
      Cache-Control:
      - no-cache
      Content-Type:
      - application/json; charset=utf-8
      Expires:
      - "-1"
      Pragma:
      - no-cache
      Server:
      - Microsoft-HTTPAPI/2.0
      Strict-Transport-Security:
      - max-age=31536000; includeSubDomains
      Vary:
      - Accept-Encoding
      X-Content-Type-Options:
      - nosniff
    status: 200 OK
    code: 200
    duration: ""
- request:
    body: ""
    form: {}
    headers:
      Accept:
      - application/json
      Test-Request-Attempt:
      - "1"
    url: https://management.azure.com/subscriptions/00000000-0000-0000-0000-000000000000/resourceGroups/asotest-rg-nxtznz/providers/Microsoft.DBforPostgreSQL/flexibleServers/asotest-postgresql-cqrtxz/firewallRules/asotest-fwrule-zwkvnq?api-version=2021-06-01
    method: GET
  response:
    body: '{"properties":{"startIpAddress":"1.2.3.4","endIpAddress":"1.2.3.4"},"id":"/subscriptions/00000000-0000-0000-0000-000000000000/resourceGroups/asotest-rg-nxtznz/providers/Microsoft.DBforPostgreSQL/flexibleServers/asotest-postgresql-cqrtxz/firewallRules/asotest-fwrule-zwkvnq","name":"asotest-fwrule-zwkvnq","type":"Microsoft.DBforPostgreSQL/flexibleServers/firewallRules"}'
    headers:
      Cache-Control:
      - no-cache
      Content-Type:
      - application/json; charset=utf-8
      Expires:
      - "-1"
      Pragma:
      - no-cache
      Server:
      - Microsoft-HTTPAPI/2.0
      Strict-Transport-Security:
      - max-age=31536000; includeSubDomains
      Vary:
      - Accept-Encoding
      X-Content-Type-Options:
      - nosniff
    status: 200 OK
    code: 200
    duration: ""
- request:
    body: ""
    form: {}
    headers:
      Accept:
      - application/json
      Test-Request-Attempt:
      - "0"
    url: https://management.azure.com/subscriptions/00000000-0000-0000-0000-000000000000/resourceGroups/asotest-rg-nxtznz/providers/Microsoft.DBforPostgreSQL/flexibleServers/asotest-postgresql-cqrtxz/firewallRules/asotest-fwrule-zwkvnq?api-version=2021-06-01
    method: DELETE
  response:
    body: '{"operation":"DropServerFirewallRulesManagementOperation","startTime":"2001-02-03T04:05:06Z"}'
    headers:
      Azure-Asyncoperation:
      - https://management.azure.com/subscriptions/00000000-0000-0000-0000-000000000000/providers/Microsoft.DBforPostgreSQL/locations/eastus/azureAsyncOperation/10862be8-f7f4-4e79-be91-c9068fb52737?api-version=2021-06-01
      Cache-Control:
      - no-cache
      Content-Length:
      - "96"
      Content-Type:
      - application/json; charset=utf-8
      Expires:
      - "-1"
      Location:
      - https://management.azure.com/subscriptions/00000000-0000-0000-0000-000000000000/providers/Microsoft.DBforPostgreSQL/locations/eastus/operationResults/10862be8-f7f4-4e79-be91-c9068fb52737?api-version=2021-06-01
      Pragma:
      - no-cache
      Retry-After:
      - "60"
      Server:
      - Microsoft-HTTPAPI/2.0
      Strict-Transport-Security:
      - max-age=31536000; includeSubDomains
      X-Content-Type-Options:
      - nosniff
    status: 202 Accepted
    code: 202
    duration: ""
- request:
    body: ""
    form: {}
    headers:
      Test-Request-Attempt:
      - "0"
    url: https://management.azure.com/subscriptions/00000000-0000-0000-0000-000000000000/providers/Microsoft.DBforPostgreSQL/locations/eastus/azureAsyncOperation/10862be8-f7f4-4e79-be91-c9068fb52737?api-version=2021-06-01
    method: GET
  response:
    body: '{"name":"10862be8-f7f4-4e79-be91-c9068fb52737","status":"Succeeded","startTime":"2001-02-03T04:05:06Z"}'
    headers:
      Cache-Control:
      - no-cache
      Content-Type:
      - application/json; charset=utf-8
      Expires:
      - "-1"
      Pragma:
      - no-cache
      Retry-After:
      - "60"
      Server:
      - Microsoft-HTTPAPI/2.0
      Strict-Transport-Security:
      - max-age=31536000; includeSubDomains
      Vary:
      - Accept-Encoding
      X-Content-Type-Options:
      - nosniff
    status: 200 OK
    code: 200
    duration: ""
- request:
    body: ""
    form: {}
    headers:
      Accept:
      - application/json
      Test-Request-Attempt:
      - "0"
    url: https://management.azure.com/subscriptions/00000000-0000-0000-0000-000000000000/resourceGroups/asotest-rg-nxtznz/providers/Microsoft.DBforPostgreSQL/flexibleServers/asotest-postgresql-cqrtxz?api-version=2021-06-01
    method: DELETE
  response:
    body: '{"operation":"DropServerManagementOperation","startTime":"2001-02-03T04:05:06Z"}'
    headers:
      Azure-Asyncoperation:
      - https://management.azure.com/subscriptions/00000000-0000-0000-0000-000000000000/providers/Microsoft.DBforPostgreSQL/locations/East%20US/azureAsyncOperation/9fea00f5-fe01-4add-8a58-00c40f1e5567?api-version=2021-06-01
      Cache-Control:
      - no-cache
      Content-Length:
      - "84"
      Content-Type:
      - application/json; charset=utf-8
      Expires:
      - "-1"
      Location:
      - https://management.azure.com/subscriptions/00000000-0000-0000-0000-000000000000/providers/Microsoft.DBforPostgreSQL/locations/East%20US/operationResults/9fea00f5-fe01-4add-8a58-00c40f1e5567?api-version=2021-06-01
      Pragma:
      - no-cache
      Retry-After:
      - "15"
      Server:
      - Microsoft-HTTPAPI/2.0
      Strict-Transport-Security:
      - max-age=31536000; includeSubDomains
      X-Content-Type-Options:
      - nosniff
    status: 202 Accepted
    code: 202
    duration: ""
- request:
    body: ""
    form: {}
    headers:
      Test-Request-Attempt:
      - "0"
    url: https://management.azure.com/subscriptions/00000000-0000-0000-0000-000000000000/providers/Microsoft.DBforPostgreSQL/locations/East%20US/azureAsyncOperation/9fea00f5-fe01-4add-8a58-00c40f1e5567?api-version=2021-06-01
    method: GET
  response:
    body: '{"name":"9fea00f5-fe01-4add-8a58-00c40f1e5567","status":"InProgress","startTime":"2001-02-03T04:05:06Z"}'
    headers:
      Cache-Control:
      - no-cache
      Content-Type:
      - application/json; charset=utf-8
      Expires:
      - "-1"
      Pragma:
      - no-cache
      Retry-After:
      - "15"
      Server:
      - Microsoft-HTTPAPI/2.0
      Strict-Transport-Security:
      - max-age=31536000; includeSubDomains
      Vary:
      - Accept-Encoding
      X-Content-Type-Options:
      - nosniff
    status: 200 OK
    code: 200
    duration: ""
- request:
    body: ""
    form: {}
    headers:
      Test-Request-Attempt:
      - "1"
    url: https://management.azure.com/subscriptions/00000000-0000-0000-0000-000000000000/providers/Microsoft.DBforPostgreSQL/locations/East%20US/azureAsyncOperation/9fea00f5-fe01-4add-8a58-00c40f1e5567?api-version=2021-06-01
    method: GET
  response:
    body: '{"name":"9fea00f5-fe01-4add-8a58-00c40f1e5567","status":"InProgress","startTime":"2001-02-03T04:05:06Z"}'
    headers:
      Cache-Control:
      - no-cache
      Content-Type:
      - application/json; charset=utf-8
      Expires:
      - "-1"
      Pragma:
      - no-cache
      Retry-After:
      - "15"
      Server:
      - Microsoft-HTTPAPI/2.0
      Strict-Transport-Security:
      - max-age=31536000; includeSubDomains
      Vary:
      - Accept-Encoding
      X-Content-Type-Options:
      - nosniff
    status: 200 OK
    code: 200
    duration: ""
- request:
    body: ""
    form: {}
    headers:
      Test-Request-Attempt:
      - "2"
    url: https://management.azure.com/subscriptions/00000000-0000-0000-0000-000000000000/providers/Microsoft.DBforPostgreSQL/locations/East%20US/azureAsyncOperation/9fea00f5-fe01-4add-8a58-00c40f1e5567?api-version=2021-06-01
    method: GET
  response:
    body: '{"name":"9fea00f5-fe01-4add-8a58-00c40f1e5567","status":"Succeeded","startTime":"2001-02-03T04:05:06Z"}'
    headers:
      Cache-Control:
      - no-cache
      Content-Type:
      - application/json; charset=utf-8
      Expires:
      - "-1"
      Pragma:
      - no-cache
      Retry-After:
      - "15"
      Server:
      - Microsoft-HTTPAPI/2.0
      Strict-Transport-Security:
      - max-age=31536000; includeSubDomains
      Vary:
      - Accept-Encoding
      X-Content-Type-Options:
      - nosniff
    status: 200 OK
    code: 200
    duration: ""
- request:
    body: ""
    form: {}
    headers:
      Accept:
      - application/json
      Test-Request-Attempt:
      - "4"
    url: https://management.azure.com/subscriptions/00000000-0000-0000-0000-000000000000/resourceGroups/asotest-rg-nxtznz/providers/Microsoft.DBforPostgreSQL/flexibleServers/asotest-postgresql-cqrtxz?api-version=2021-06-01
    method: GET
  response:
    body: '{"error":{"code":"ResourceNotFound","message":"The Resource ''Microsoft.DBforPostgreSQL/flexibleServers/asotest-postgresql-cqrtxz''
      under resource group ''asotest-rg-nxtznz'' was not found. For more details please
      go to https://aka.ms/ARMResourceNotFoundFix"}}'
    headers:
      Cache-Control:
      - no-cache
      Content-Length:
      - "256"
      Content-Type:
      - application/json; charset=utf-8
      Expires:
      - "-1"
      Pragma:
      - no-cache
      Strict-Transport-Security:
      - max-age=31536000; includeSubDomains
      X-Content-Type-Options:
      - nosniff
      X-Ms-Failure-Cause:
      - gateway
    status: 404 Not Found
    code: 404
    duration: ""
- request:
    body: ""
    form: {}
    headers:
      Accept:
      - application/json
      Test-Request-Attempt:
      - "0"
    url: https://management.azure.com/subscriptions/00000000-0000-0000-0000-000000000000/resourceGroups/asotest-rg-nxtznz?api-version=2020-06-01
    method: DELETE
  response:
    body: ""
    headers:
      Cache-Control:
      - no-cache
      Content-Length:
      - "0"
      Expires:
      - "-1"
      Location:
      - https://management.azure.com/subscriptions/00000000-0000-0000-0000-000000000000/operationresults/eyJqb2JJZCI6IlJFU09VUkNFR1JPVVBERUxFVElPTkpPQi1BU09URVNUOjJEUkc6MkROWFRaTlotV0VTVFVTMiIsImpvYkxvY2F0aW9uIjoid2VzdHVzMiJ9?api-version=2020-06-01
      Pragma:
      - no-cache
      Retry-After:
      - "15"
      Strict-Transport-Security:
      - max-age=31536000; includeSubDomains
      X-Content-Type-Options:
      - nosniff
    status: 202 Accepted
    code: 202
    duration: ""
- request:
    body: ""
    form: {}
    headers:
      Test-Request-Attempt:
      - "0"
    url: https://management.azure.com/subscriptions/00000000-0000-0000-0000-000000000000/operationresults/eyJqb2JJZCI6IlJFU09VUkNFR1JPVVBERUxFVElPTkpPQi1BU09URVNUOjJEUkc6MkROWFRaTlotV0VTVFVTMiIsImpvYkxvY2F0aW9uIjoid2VzdHVzMiJ9?api-version=2020-06-01
    method: GET
  response:
    body: ""
    headers:
      Cache-Control:
      - no-cache
      Content-Length:
      - "0"
      Expires:
      - "-1"
      Pragma:
      - no-cache
      Strict-Transport-Security:
      - max-age=31536000; includeSubDomains
      X-Content-Type-Options:
      - nosniff
    status: 200 OK
    code: 200
    duration: ""
