---
version: 1
interactions:
- request:
    body: '{"name":"asotest-rg-cxpjch","location":"westus2","tags":{"CreatedAt":"2001-02-03T04:05:06Z"}}'
    form: {}
    headers:
      Accept:
      - application/json
      Content-Length:
      - "93"
      Content-Type:
      - application/json
      Test-Request-Attempt:
      - "0"
    url: https://management.azure.com/subscriptions/00000000-0000-0000-0000-000000000000/resourceGroups/asotest-rg-cxpjch?api-version=2020-06-01
    method: PUT
  response:
    body: '{"id":"/subscriptions/00000000-0000-0000-0000-000000000000/resourceGroups/asotest-rg-cxpjch","name":"asotest-rg-cxpjch","type":"Microsoft.Resources/resourceGroups","location":"westus2","tags":{"CreatedAt":"2001-02-03T04:05:06Z"},"properties":{"provisioningState":"Succeeded"}}'
    headers:
      Cache-Control:
      - no-cache
      Content-Length:
      - "276"
      Content-Type:
      - application/json; charset=utf-8
      Expires:
      - "-1"
      Pragma:
      - no-cache
      Strict-Transport-Security:
      - max-age=31536000; includeSubDomains
      X-Content-Type-Options:
      - nosniff
    status: 201 Created
    code: 201
    duration: ""
- request:
    body: ""
    form: {}
    headers:
      Accept:
      - application/json
      Test-Request-Attempt:
      - "0"
    url: https://management.azure.com/subscriptions/00000000-0000-0000-0000-000000000000/resourceGroups/asotest-rg-cxpjch?api-version=2020-06-01
    method: GET
  response:
    body: '{"id":"/subscriptions/00000000-0000-0000-0000-000000000000/resourceGroups/asotest-rg-cxpjch","name":"asotest-rg-cxpjch","type":"Microsoft.Resources/resourceGroups","location":"westus2","tags":{"CreatedAt":"2001-02-03T04:05:06Z"},"properties":{"provisioningState":"Succeeded"}}'
    headers:
      Cache-Control:
      - no-cache
      Content-Type:
      - application/json; charset=utf-8
      Expires:
      - "-1"
      Pragma:
      - no-cache
      Strict-Transport-Security:
      - max-age=31536000; includeSubDomains
      Vary:
      - Accept-Encoding
      X-Content-Type-Options:
      - nosniff
    status: 200 OK
    code: 200
    duration: ""
- request:
    body: '{"location":"westus2","name":"asotest-vn-houphb","properties":{"addressSpace":{"addressPrefixes":["10.1.0.0/16"]}}}'
    form: {}
    headers:
      Accept:
      - application/json
      Content-Length:
      - "115"
      Content-Type:
      - application/json
      Test-Request-Attempt:
      - "0"
    url: https://management.azure.com/subscriptions/00000000-0000-0000-0000-000000000000/resourceGroups/asotest-rg-cxpjch/providers/Microsoft.Network/virtualNetworks/asotest-vn-houphb?api-version=2020-11-01
    method: PUT
  response:
    body: "{\r\n  \"name\": \"asotest-vn-houphb\",\r\n  \"id\": \"/subscriptions/00000000-0000-0000-0000-000000000000/resourceGroups/asotest-rg-cxpjch/providers/Microsoft.Network/virtualNetworks/asotest-vn-houphb\",\r\n
      \ \"etag\": \"W/\\\"6f6d0689-4dea-4af1-922e-c0805c9e6574\\\"\",\r\n  \"type\":
      \"Microsoft.Network/virtualNetworks\",\r\n  \"location\": \"westus2\",\r\n  \"properties\":
      {\r\n    \"provisioningState\": \"Updating\",\r\n    \"resourceGuid\": \"64dd896c-7e56-459f-b521-e098361ba69b\",\r\n
      \   \"addressSpace\": {\r\n      \"addressPrefixes\": [\r\n        \"10.1.0.0/16\"\r\n
      \     ]\r\n    },\r\n    \"subnets\": [],\r\n    \"virtualNetworkPeerings\":
      [],\r\n    \"enableDdosProtection\": false\r\n  }\r\n}"
    headers:
      Azure-Asyncnotification:
      - Enabled
      Azure-Asyncoperation:
      - https://management.azure.com/subscriptions/00000000-0000-0000-0000-000000000000/providers/Microsoft.Network/locations/westus2/operations/4ccf0c59-3193-4385-ba04-f9e570e7294d?api-version=2020-11-01
      Cache-Control:
      - no-cache
      Content-Length:
      - "630"
      Content-Type:
      - application/json; charset=utf-8
      Expires:
      - "-1"
      Pragma:
      - no-cache
      Retry-After:
      - "3"
      Server:
      - Microsoft-HTTPAPI/2.0
      - Microsoft-HTTPAPI/2.0
      Strict-Transport-Security:
      - max-age=31536000; includeSubDomains
      X-Content-Type-Options:
      - nosniff
    status: 201 Created
    code: 201
    duration: ""
- request:
    body: '{"location":"westus2","name":"asotest-vn-cydhjo","properties":{"addressSpace":{"addressPrefixes":["10.0.0.0/16"]}}}'
    form: {}
    headers:
      Accept:
      - application/json
      Content-Length:
      - "115"
      Content-Type:
      - application/json
      Test-Request-Attempt:
      - "0"
    url: https://management.azure.com/subscriptions/00000000-0000-0000-0000-000000000000/resourceGroups/asotest-rg-cxpjch/providers/Microsoft.Network/virtualNetworks/asotest-vn-cydhjo?api-version=2020-11-01
    method: PUT
  response:
    body: "{\r\n  \"name\": \"asotest-vn-cydhjo\",\r\n  \"id\": \"/subscriptions/00000000-0000-0000-0000-000000000000/resourceGroups/asotest-rg-cxpjch/providers/Microsoft.Network/virtualNetworks/asotest-vn-cydhjo\",\r\n
      \ \"etag\": \"W/\\\"a28030e9-d2fd-4f75-9ed5-18363657cd37\\\"\",\r\n  \"type\":
      \"Microsoft.Network/virtualNetworks\",\r\n  \"location\": \"westus2\",\r\n  \"properties\":
      {\r\n    \"provisioningState\": \"Updating\",\r\n    \"resourceGuid\": \"63018f0e-0d3b-4c3c-b62e-41f42138e4c4\",\r\n
      \   \"addressSpace\": {\r\n      \"addressPrefixes\": [\r\n        \"10.0.0.0/16\"\r\n
      \     ]\r\n    },\r\n    \"subnets\": [],\r\n    \"virtualNetworkPeerings\":
      [],\r\n    \"enableDdosProtection\": false\r\n  }\r\n}"
    headers:
      Azure-Asyncnotification:
      - Enabled
      Azure-Asyncoperation:
      - https://management.azure.com/subscriptions/00000000-0000-0000-0000-000000000000/providers/Microsoft.Network/locations/westus2/operations/a584343c-92e9-4700-bf67-a4d21de572c0?api-version=2020-11-01
      Cache-Control:
      - no-cache
      Content-Length:
      - "630"
      Content-Type:
      - application/json; charset=utf-8
      Expires:
      - "-1"
      Pragma:
      - no-cache
      Retry-After:
      - "3"
      Server:
      - Microsoft-HTTPAPI/2.0
      - Microsoft-HTTPAPI/2.0
      Strict-Transport-Security:
      - max-age=31536000; includeSubDomains
      X-Content-Type-Options:
      - nosniff
    status: 201 Created
    code: 201
    duration: ""
- request:
    body: ""
    form: {}
    headers:
      Test-Request-Attempt:
      - "0"
    url: https://management.azure.com/subscriptions/00000000-0000-0000-0000-000000000000/providers/Microsoft.Network/locations/westus2/operations/4ccf0c59-3193-4385-ba04-f9e570e7294d?api-version=2020-11-01
    method: GET
  response:
    body: "{\r\n  \"status\": \"InProgress\"\r\n}"
    headers:
      Cache-Control:
      - no-cache
      Content-Type:
      - application/json; charset=utf-8
      Expires:
      - "-1"
      Pragma:
      - no-cache
      Retry-After:
      - "10"
      Server:
      - Microsoft-HTTPAPI/2.0
      - Microsoft-HTTPAPI/2.0
      Strict-Transport-Security:
      - max-age=31536000; includeSubDomains
      Vary:
      - Accept-Encoding
      X-Content-Type-Options:
      - nosniff
    status: 200 OK
    code: 200
    duration: ""
- request:
    body: ""
    form: {}
    headers:
      Test-Request-Attempt:
      - "0"
    url: https://management.azure.com/subscriptions/00000000-0000-0000-0000-000000000000/providers/Microsoft.Network/locations/westus2/operations/a584343c-92e9-4700-bf67-a4d21de572c0?api-version=2020-11-01
    method: GET
  response:
    body: "{\r\n  \"status\": \"Succeeded\"\r\n}"
    headers:
      Cache-Control:
      - no-cache
      Content-Type:
      - application/json; charset=utf-8
      Expires:
      - "-1"
      Pragma:
      - no-cache
      Server:
      - Microsoft-HTTPAPI/2.0
      - Microsoft-HTTPAPI/2.0
      Strict-Transport-Security:
      - max-age=31536000; includeSubDomains
      Vary:
      - Accept-Encoding
      X-Content-Type-Options:
      - nosniff
    status: 200 OK
    code: 200
    duration: ""
- request:
    body: ""
    form: {}
    headers:
      Accept:
      - application/json
      Test-Request-Attempt:
      - "0"
    url: https://management.azure.com/subscriptions/00000000-0000-0000-0000-000000000000/resourceGroups/asotest-rg-cxpjch/providers/Microsoft.Network/virtualNetworks/asotest-vn-cydhjo?api-version=2020-11-01
    method: GET
  response:
    body: "{\r\n  \"name\": \"asotest-vn-cydhjo\",\r\n  \"id\": \"/subscriptions/00000000-0000-0000-0000-000000000000/resourceGroups/asotest-rg-cxpjch/providers/Microsoft.Network/virtualNetworks/asotest-vn-cydhjo\",\r\n
      \ \"etag\": \"W/\\\"c024c593-911d-45a4-aa23-5dc83ad5a31e\\\"\",\r\n  \"type\":
      \"Microsoft.Network/virtualNetworks\",\r\n  \"location\": \"westus2\",\r\n  \"properties\":
      {\r\n    \"provisioningState\": \"Succeeded\",\r\n    \"resourceGuid\": \"63018f0e-0d3b-4c3c-b62e-41f42138e4c4\",\r\n
      \   \"addressSpace\": {\r\n      \"addressPrefixes\": [\r\n        \"10.0.0.0/16\"\r\n
      \     ]\r\n    },\r\n    \"subnets\": [],\r\n    \"virtualNetworkPeerings\":
      [],\r\n    \"enableDdosProtection\": false\r\n  }\r\n}"
    headers:
      Cache-Control:
      - no-cache
      Content-Type:
      - application/json; charset=utf-8
      Etag:
      - W/"c024c593-911d-45a4-aa23-5dc83ad5a31e"
      Expires:
      - "-1"
      Pragma:
      - no-cache
      Server:
      - Microsoft-HTTPAPI/2.0
      - Microsoft-HTTPAPI/2.0
      Strict-Transport-Security:
      - max-age=31536000; includeSubDomains
      Vary:
      - Accept-Encoding
      X-Content-Type-Options:
      - nosniff
    status: 200 OK
    code: 200
    duration: ""
- request:
    body: ""
    form: {}
    headers:
      Test-Request-Attempt:
      - "1"
    url: https://management.azure.com/subscriptions/00000000-0000-0000-0000-000000000000/providers/Microsoft.Network/locations/westus2/operations/4ccf0c59-3193-4385-ba04-f9e570e7294d?api-version=2020-11-01
    method: GET
  response:
    body: "{\r\n  \"status\": \"Succeeded\"\r\n}"
    headers:
      Cache-Control:
      - no-cache
      Content-Type:
      - application/json; charset=utf-8
      Expires:
      - "-1"
      Pragma:
      - no-cache
      Server:
      - Microsoft-HTTPAPI/2.0
      - Microsoft-HTTPAPI/2.0
      Strict-Transport-Security:
      - max-age=31536000; includeSubDomains
      Vary:
      - Accept-Encoding
      X-Content-Type-Options:
      - nosniff
    status: 200 OK
    code: 200
    duration: ""
- request:
    body: ""
    form: {}
    headers:
      Accept:
      - application/json
      Test-Request-Attempt:
      - "0"
    url: https://management.azure.com/subscriptions/00000000-0000-0000-0000-000000000000/resourceGroups/asotest-rg-cxpjch/providers/Microsoft.Network/virtualNetworks/asotest-vn-houphb?api-version=2020-11-01
    method: GET
  response:
    body: "{\r\n  \"name\": \"asotest-vn-houphb\",\r\n  \"id\": \"/subscriptions/00000000-0000-0000-0000-000000000000/resourceGroups/asotest-rg-cxpjch/providers/Microsoft.Network/virtualNetworks/asotest-vn-houphb\",\r\n
      \ \"etag\": \"W/\\\"4ffa3d11-61ca-4084-b7aa-211da90a315c\\\"\",\r\n  \"type\":
      \"Microsoft.Network/virtualNetworks\",\r\n  \"location\": \"westus2\",\r\n  \"properties\":
      {\r\n    \"provisioningState\": \"Succeeded\",\r\n    \"resourceGuid\": \"64dd896c-7e56-459f-b521-e098361ba69b\",\r\n
      \   \"addressSpace\": {\r\n      \"addressPrefixes\": [\r\n        \"10.1.0.0/16\"\r\n
      \     ]\r\n    },\r\n    \"subnets\": [],\r\n    \"virtualNetworkPeerings\":
      [],\r\n    \"enableDdosProtection\": false\r\n  }\r\n}"
    headers:
      Cache-Control:
      - no-cache
      Content-Type:
      - application/json; charset=utf-8
      Etag:
      - W/"4ffa3d11-61ca-4084-b7aa-211da90a315c"
      Expires:
      - "-1"
      Pragma:
      - no-cache
      Server:
      - Microsoft-HTTPAPI/2.0
      - Microsoft-HTTPAPI/2.0
      Strict-Transport-Security:
      - max-age=31536000; includeSubDomains
      Vary:
      - Accept-Encoding
      X-Content-Type-Options:
      - nosniff
    status: 200 OK
    code: 200
    duration: ""
- request:
    body: '{"name":"asotest-vgateway-welibk","properties":{"remoteVirtualNetwork":{"id":"/subscriptions/00000000-0000-0000-0000-000000000000/resourceGroups/asotest-rg-cxpjch/providers/Microsoft.Network/virtualNetworks/asotest-vn-houphb"}}}'
    form: {}
    headers:
      Accept:
      - application/json
      Content-Length:
      - "228"
      Content-Type:
      - application/json
      Test-Request-Attempt:
      - "0"
    url: https://management.azure.com/subscriptions/00000000-0000-0000-0000-000000000000/resourceGroups/asotest-rg-cxpjch/providers/Microsoft.Network/virtualNetworks/asotest-vn-cydhjo/virtualNetworkPeerings/asotest-vgateway-welibk?api-version=2020-11-01
    method: PUT
  response:
    body: "{\r\n  \"name\": \"asotest-vgateway-welibk\",\r\n  \"id\": \"/subscriptions/00000000-0000-0000-0000-000000000000/resourceGroups/asotest-rg-cxpjch/providers/Microsoft.Network/virtualNetworks/asotest-vn-cydhjo/virtualNetworkPeerings/asotest-vgateway-welibk\",\r\n
      \ \"etag\": \"W/\\\"50ff9446-c98e-4a5a-a25c-278180579779\\\"\",\r\n  \"properties\":
      {\r\n    \"provisioningState\": \"Updating\",\r\n    \"resourceGuid\": \"07dc0662-736d-09a3-030f-a16c1723425f\",\r\n
      \   \"peeringState\": \"Initiated\",\r\n    \"remoteVirtualNetwork\": {\r\n
      \     \"id\": \"/subscriptions/00000000-0000-0000-0000-000000000000/resourceGroups/asotest-rg-cxpjch/providers/Microsoft.Network/virtualNetworks/asotest-vn-houphb\"\r\n
      \   },\r\n    \"allowVirtualNetworkAccess\": true,\r\n    \"allowForwardedTraffic\":
      false,\r\n    \"allowGatewayTransit\": false,\r\n    \"useRemoteGateways\":
      false,\r\n    \"doNotVerifyRemoteGateways\": false,\r\n    \"remoteAddressSpace\":
      {\r\n      \"addressPrefixes\": [\r\n        \"10.1.0.0/16\"\r\n      ]\r\n
      \   },\r\n    \"routeServiceVips\": {}\r\n  },\r\n  \"type\": \"Microsoft.Network/virtualNetworks/virtualNetworkPeerings\"\r\n}"
    headers:
      Azure-Asyncoperation:
      - https://management.azure.com/subscriptions/00000000-0000-0000-0000-000000000000/providers/Microsoft.Network/locations/westus2/operations/c4281d1b-8542-4ceb-ad54-c159d2ac82fd?api-version=2020-11-01
      Cache-Control:
      - no-cache
      Content-Length:
      - "1045"
      Content-Type:
      - application/json; charset=utf-8
      Expires:
      - "-1"
      Pragma:
      - no-cache
      Retry-After:
      - "10"
      Server:
      - Microsoft-HTTPAPI/2.0
      - Microsoft-HTTPAPI/2.0
      Strict-Transport-Security:
      - max-age=31536000; includeSubDomains
      X-Content-Type-Options:
      - nosniff
    status: 201 Created
    code: 201
    duration: ""
- request:
    body: ""
    form: {}
    headers:
      Test-Request-Attempt:
      - "0"
    url: https://management.azure.com/subscriptions/00000000-0000-0000-0000-000000000000/providers/Microsoft.Network/locations/westus2/operations/c4281d1b-8542-4ceb-ad54-c159d2ac82fd?api-version=2020-11-01
    method: GET
  response:
    body: "{\r\n  \"status\": \"Succeeded\"\r\n}"
    headers:
      Cache-Control:
      - no-cache
      Content-Type:
      - application/json; charset=utf-8
      Expires:
      - "-1"
      Pragma:
      - no-cache
      Server:
      - Microsoft-HTTPAPI/2.0
      - Microsoft-HTTPAPI/2.0
      Strict-Transport-Security:
      - max-age=31536000; includeSubDomains
      Vary:
      - Accept-Encoding
      X-Content-Type-Options:
      - nosniff
    status: 200 OK
    code: 200
    duration: ""
- request:
    body: ""
    form: {}
    headers:
      Accept:
      - application/json
      Test-Request-Attempt:
      - "0"
    url: https://management.azure.com/subscriptions/00000000-0000-0000-0000-000000000000/resourceGroups/asotest-rg-cxpjch/providers/Microsoft.Network/virtualNetworks/asotest-vn-cydhjo/virtualNetworkPeerings/asotest-vgateway-welibk?api-version=2020-11-01
    method: GET
  response:
    body: "{\r\n  \"name\": \"asotest-vgateway-welibk\",\r\n  \"id\": \"/subscriptions/00000000-0000-0000-0000-000000000000/resourceGroups/asotest-rg-cxpjch/providers/Microsoft.Network/virtualNetworks/asotest-vn-cydhjo/virtualNetworkPeerings/asotest-vgateway-welibk\",\r\n
      \ \"etag\": \"W/\\\"d6b9d2fe-2cd7-4eb1-ba75-57a0884c417d\\\"\",\r\n  \"properties\":
      {\r\n    \"provisioningState\": \"Succeeded\",\r\n    \"resourceGuid\": \"07dc0662-736d-09a3-030f-a16c1723425f\",\r\n
      \   \"peeringState\": \"Initiated\",\r\n    \"remoteVirtualNetwork\": {\r\n
      \     \"id\": \"/subscriptions/00000000-0000-0000-0000-000000000000/resourceGroups/asotest-rg-cxpjch/providers/Microsoft.Network/virtualNetworks/asotest-vn-houphb\"\r\n
      \   },\r\n    \"allowVirtualNetworkAccess\": true,\r\n    \"allowForwardedTraffic\":
      false,\r\n    \"allowGatewayTransit\": false,\r\n    \"useRemoteGateways\":
      false,\r\n    \"doNotVerifyRemoteGateways\": false,\r\n    \"remoteAddressSpace\":
      {\r\n      \"addressPrefixes\": [\r\n        \"10.1.0.0/16\"\r\n      ]\r\n
      \   },\r\n    \"routeServiceVips\": {}\r\n  },\r\n  \"type\": \"Microsoft.Network/virtualNetworks/virtualNetworkPeerings\"\r\n}"
    headers:
      Cache-Control:
      - no-cache
      Content-Type:
      - application/json; charset=utf-8
      Etag:
      - W/"d6b9d2fe-2cd7-4eb1-ba75-57a0884c417d"
      Expires:
      - "-1"
      Pragma:
      - no-cache
      Server:
      - Microsoft-HTTPAPI/2.0
      - Microsoft-HTTPAPI/2.0
      Strict-Transport-Security:
      - max-age=31536000; includeSubDomains
      Vary:
      - Accept-Encoding
      X-Content-Type-Options:
      - nosniff
    status: 200 OK
    code: 200
    duration: ""
- request:
    body: '{"location":"westus2","name":"asotest-vn-cydhjo","properties":{"addressSpace":{"addressPrefixes":["10.0.0.0/16"]}},"tags":{"taters":"boil
      ''em, mash ''em, stick ''em in a stew"}}'
    form: {}
    headers:
      Accept:
      - application/json
      Content-Length:
      - "175"
      Content-Type:
      - application/json
      Test-Request-Attempt:
      - "1"
    url: https://management.azure.com/subscriptions/00000000-0000-0000-0000-000000000000/resourceGroups/asotest-rg-cxpjch/providers/Microsoft.Network/virtualNetworks/asotest-vn-cydhjo?api-version=2020-11-01
    method: PUT
  response:
    body: "{\r\n  \"name\": \"asotest-vn-cydhjo\",\r\n  \"id\": \"/subscriptions/00000000-0000-0000-0000-000000000000/resourceGroups/asotest-rg-cxpjch/providers/Microsoft.Network/virtualNetworks/asotest-vn-cydhjo\",\r\n
      \ \"etag\": \"W/\\\"c34bef14-406f-4f06-b0c5-4eafa667458b\\\"\",\r\n  \"type\":
      \"Microsoft.Network/virtualNetworks\",\r\n  \"location\": \"westus2\",\r\n  \"tags\":
      {\r\n    \"taters\": \"boil 'em, mash 'em, stick 'em in a stew\"\r\n  },\r\n
      \ \"properties\": {\r\n    \"provisioningState\": \"Succeeded\",\r\n    \"resourceGuid\":
      \"63018f0e-0d3b-4c3c-b62e-41f42138e4c4\",\r\n    \"addressSpace\": {\r\n      \"addressPrefixes\":
      [\r\n        \"10.0.0.0/16\"\r\n      ]\r\n    },\r\n    \"subnets\": [],\r\n
      \   \"virtualNetworkPeerings\": [\r\n      {\r\n        \"name\": \"asotest-vgateway-welibk\",\r\n
      \       \"id\": \"/subscriptions/00000000-0000-0000-0000-000000000000/resourceGroups/asotest-rg-cxpjch/providers/Microsoft.Network/virtualNetworks/asotest-vn-cydhjo/virtualNetworkPeerings/asotest-vgateway-welibk\",\r\n
      \       \"etag\": \"W/\\\"c34bef14-406f-4f06-b0c5-4eafa667458b\\\"\",\r\n        \"properties\":
      {\r\n          \"provisioningState\": \"Succeeded\",\r\n          \"resourceGuid\":
      \"07dc0662-736d-09a3-030f-a16c1723425f\",\r\n          \"peeringState\": \"Initiated\",\r\n
      \         \"remoteVirtualNetwork\": {\r\n            \"id\": \"/subscriptions/00000000-0000-0000-0000-000000000000/resourceGroups/asotest-rg-cxpjch/providers/Microsoft.Network/virtualNetworks/asotest-vn-houphb\"\r\n
      \         },\r\n          \"allowVirtualNetworkAccess\": true,\r\n          \"allowForwardedTraffic\":
      false,\r\n          \"allowGatewayTransit\": false,\r\n          \"useRemoteGateways\":
      false,\r\n          \"doNotVerifyRemoteGateways\": false,\r\n          \"remoteAddressSpace\":
      {\r\n            \"addressPrefixes\": [\r\n              \"10.1.0.0/16\"\r\n
      \           ]\r\n          },\r\n          \"routeServiceVips\": {}\r\n        },\r\n
      \       \"type\": \"Microsoft.Network/virtualNetworks/virtualNetworkPeerings\"\r\n
      \     }\r\n    ],\r\n    \"enableDdosProtection\": false\r\n  }\r\n}"
    headers:
      Azure-Asyncnotification:
      - Enabled
      Azure-Asyncoperation:
      - https://management.azure.com/subscriptions/00000000-0000-0000-0000-000000000000/providers/Microsoft.Network/locations/westus2/operations/70710285-3cd6-45d1-80a8-f793fd95e3d4?api-version=2020-11-01
      Cache-Control:
      - no-cache
      Content-Type:
      - application/json; charset=utf-8
      Expires:
      - "-1"
      Pragma:
      - no-cache
      Server:
      - Microsoft-HTTPAPI/2.0
      - Microsoft-HTTPAPI/2.0
      Strict-Transport-Security:
      - max-age=31536000; includeSubDomains
      Vary:
      - Accept-Encoding
      X-Content-Type-Options:
      - nosniff
    status: 200 OK
    code: 200
    duration: ""
- request:
    body: ""
    form: {}
    headers:
      Test-Request-Attempt:
      - "0"
    url: https://management.azure.com/subscriptions/00000000-0000-0000-0000-000000000000/providers/Microsoft.Network/locations/westus2/operations/70710285-3cd6-45d1-80a8-f793fd95e3d4?api-version=2020-11-01
    method: GET
  response:
    body: "{\r\n  \"status\": \"Succeeded\"\r\n}"
    headers:
      Cache-Control:
      - no-cache
      Content-Type:
      - application/json; charset=utf-8
      Expires:
      - "-1"
      Pragma:
      - no-cache
      Server:
      - Microsoft-HTTPAPI/2.0
      - Microsoft-HTTPAPI/2.0
      Strict-Transport-Security:
      - max-age=31536000; includeSubDomains
      Vary:
      - Accept-Encoding
      X-Content-Type-Options:
      - nosniff
    status: 200 OK
    code: 200
    duration: ""
- request:
    body: ""
    form: {}
    headers:
      Accept:
      - application/json
      Test-Request-Attempt:
      - "1"
    url: https://management.azure.com/subscriptions/00000000-0000-0000-0000-000000000000/resourceGroups/asotest-rg-cxpjch/providers/Microsoft.Network/virtualNetworks/asotest-vn-cydhjo?api-version=2020-11-01
    method: GET
  response:
    body: "{\r\n  \"name\": \"asotest-vn-cydhjo\",\r\n  \"id\": \"/subscriptions/00000000-0000-0000-0000-000000000000/resourceGroups/asotest-rg-cxpjch/providers/Microsoft.Network/virtualNetworks/asotest-vn-cydhjo\",\r\n
      \ \"etag\": \"W/\\\"c34bef14-406f-4f06-b0c5-4eafa667458b\\\"\",\r\n  \"type\":
      \"Microsoft.Network/virtualNetworks\",\r\n  \"location\": \"westus2\",\r\n  \"tags\":
      {\r\n    \"taters\": \"boil 'em, mash 'em, stick 'em in a stew\"\r\n  },\r\n
      \ \"properties\": {\r\n    \"provisioningState\": \"Succeeded\",\r\n    \"resourceGuid\":
      \"63018f0e-0d3b-4c3c-b62e-41f42138e4c4\",\r\n    \"addressSpace\": {\r\n      \"addressPrefixes\":
      [\r\n        \"10.0.0.0/16\"\r\n      ]\r\n    },\r\n    \"subnets\": [],\r\n
      \   \"virtualNetworkPeerings\": [\r\n      {\r\n        \"name\": \"asotest-vgateway-welibk\",\r\n
      \       \"id\": \"/subscriptions/00000000-0000-0000-0000-000000000000/resourceGroups/asotest-rg-cxpjch/providers/Microsoft.Network/virtualNetworks/asotest-vn-cydhjo/virtualNetworkPeerings/asotest-vgateway-welibk\",\r\n
      \       \"etag\": \"W/\\\"c34bef14-406f-4f06-b0c5-4eafa667458b\\\"\",\r\n        \"properties\":
      {\r\n          \"provisioningState\": \"Succeeded\",\r\n          \"resourceGuid\":
      \"07dc0662-736d-09a3-030f-a16c1723425f\",\r\n          \"peeringState\": \"Initiated\",\r\n
      \         \"remoteVirtualNetwork\": {\r\n            \"id\": \"/subscriptions/00000000-0000-0000-0000-000000000000/resourceGroups/asotest-rg-cxpjch/providers/Microsoft.Network/virtualNetworks/asotest-vn-houphb\"\r\n
      \         },\r\n          \"allowVirtualNetworkAccess\": true,\r\n          \"allowForwardedTraffic\":
      false,\r\n          \"allowGatewayTransit\": false,\r\n          \"useRemoteGateways\":
      false,\r\n          \"doNotVerifyRemoteGateways\": false,\r\n          \"remoteAddressSpace\":
      {\r\n            \"addressPrefixes\": [\r\n              \"10.1.0.0/16\"\r\n
      \           ]\r\n          },\r\n          \"routeServiceVips\": {}\r\n        },\r\n
      \       \"type\": \"Microsoft.Network/virtualNetworks/virtualNetworkPeerings\"\r\n
      \     }\r\n    ],\r\n    \"enableDdosProtection\": false\r\n  }\r\n}"
    headers:
      Cache-Control:
      - no-cache
      Content-Type:
      - application/json; charset=utf-8
      Etag:
      - W/"c34bef14-406f-4f06-b0c5-4eafa667458b"
      Expires:
      - "-1"
      Pragma:
      - no-cache
      Server:
      - Microsoft-HTTPAPI/2.0
      - Microsoft-HTTPAPI/2.0
      Strict-Transport-Security:
      - max-age=31536000; includeSubDomains
      Vary:
      - Accept-Encoding
      X-Content-Type-Options:
      - nosniff
    status: 200 OK
    code: 200
    duration: ""
- request:
    body: ""
    form: {}
    headers:
      Accept:
      - application/json
      Test-Request-Attempt:
      - "1"
    url: https://management.azure.com/subscriptions/00000000-0000-0000-0000-000000000000/resourceGroups/asotest-rg-cxpjch/providers/Microsoft.Network/virtualNetworks/asotest-vn-cydhjo/virtualNetworkPeerings/asotest-vgateway-welibk?api-version=2020-11-01
    method: GET
  response:
    body: "{\r\n  \"name\": \"asotest-vgateway-welibk\",\r\n  \"id\": \"/subscriptions/00000000-0000-0000-0000-000000000000/resourceGroups/asotest-rg-cxpjch/providers/Microsoft.Network/virtualNetworks/asotest-vn-cydhjo/virtualNetworkPeerings/asotest-vgateway-welibk\",\r\n
      \ \"etag\": \"W/\\\"c34bef14-406f-4f06-b0c5-4eafa667458b\\\"\",\r\n  \"properties\":
      {\r\n    \"provisioningState\": \"Succeeded\",\r\n    \"resourceGuid\": \"07dc0662-736d-09a3-030f-a16c1723425f\",\r\n
      \   \"peeringState\": \"Initiated\",\r\n    \"remoteVirtualNetwork\": {\r\n
      \     \"id\": \"/subscriptions/00000000-0000-0000-0000-000000000000/resourceGroups/asotest-rg-cxpjch/providers/Microsoft.Network/virtualNetworks/asotest-vn-houphb\"\r\n
      \   },\r\n    \"allowVirtualNetworkAccess\": true,\r\n    \"allowForwardedTraffic\":
      false,\r\n    \"allowGatewayTransit\": false,\r\n    \"useRemoteGateways\":
      false,\r\n    \"doNotVerifyRemoteGateways\": false,\r\n    \"remoteAddressSpace\":
      {\r\n      \"addressPrefixes\": [\r\n        \"10.1.0.0/16\"\r\n      ]\r\n
      \   },\r\n    \"routeServiceVips\": {}\r\n  },\r\n  \"type\": \"Microsoft.Network/virtualNetworks/virtualNetworkPeerings\"\r\n}"
    headers:
      Cache-Control:
      - no-cache
      Content-Type:
      - application/json; charset=utf-8
      Etag:
      - W/"c34bef14-406f-4f06-b0c5-4eafa667458b"
      Expires:
      - "-1"
      Pragma:
      - no-cache
      Server:
      - Microsoft-HTTPAPI/2.0
      - Microsoft-HTTPAPI/2.0
      Strict-Transport-Security:
      - max-age=31536000; includeSubDomains
      Vary:
      - Accept-Encoding
      X-Content-Type-Options:
      - nosniff
    status: 200 OK
    code: 200
    duration: ""
- request:
    body: ""
    form: {}
    headers:
      Accept:
      - application/json
      Test-Request-Attempt:
      - "0"
    url: https://management.azure.com/subscriptions/00000000-0000-0000-0000-000000000000/resourceGroups/asotest-rg-cxpjch/providers/Microsoft.Network/virtualNetworks/asotest-vn-cydhjo/virtualNetworkPeerings/asotest-vgateway-welibk?api-version=2020-11-01
    method: DELETE
  response:
    body: ""
    headers:
      Azure-Asyncoperation:
      - https://management.azure.com/subscriptions/00000000-0000-0000-0000-000000000000/providers/Microsoft.Network/locations/westus2/operations/6a700eaf-b5d7-4340-8760-4723cb2c7ccc?api-version=2020-11-01
      Cache-Control:
      - no-cache
      Content-Length:
      - "0"
      Expires:
      - "-1"
      Location:
      - https://management.azure.com/subscriptions/00000000-0000-0000-0000-000000000000/providers/Microsoft.Network/locations/westus2/operationResults/6a700eaf-b5d7-4340-8760-4723cb2c7ccc?api-version=2020-11-01
      Pragma:
      - no-cache
      Retry-After:
      - "10"
      Server:
      - Microsoft-HTTPAPI/2.0
      - Microsoft-HTTPAPI/2.0
      Strict-Transport-Security:
      - max-age=31536000; includeSubDomains
      X-Content-Type-Options:
      - nosniff
    status: 202 Accepted
    code: 202
    duration: ""
- request:
    body: ""
    form: {}
    headers:
      Accept:
      - application/json
      Test-Request-Attempt:
      - "0"
    url: https://management.azure.com/subscriptions/00000000-0000-0000-0000-000000000000/resourceGroups/asotest-rg-cxpjch/providers/Microsoft.Network/virtualNetworks/asotest-vn-houphb?api-version=2020-11-01
    method: DELETE
  response:
    body: ""
    headers:
      Azure-Asyncnotification:
      - Enabled
      Azure-Asyncoperation:
      - https://management.azure.com/subscriptions/00000000-0000-0000-0000-000000000000/providers/Microsoft.Network/locations/westus2/operations/aa65b72c-eb55-49eb-bbc3-33a7b76979d1?api-version=2020-11-01
      Cache-Control:
      - no-cache
      Content-Length:
      - "0"
      Expires:
      - "-1"
      Location:
      - https://management.azure.com/subscriptions/00000000-0000-0000-0000-000000000000/providers/Microsoft.Network/locations/westus2/operationResults/aa65b72c-eb55-49eb-bbc3-33a7b76979d1?api-version=2020-11-01
      Pragma:
      - no-cache
      Retry-After:
      - "10"
      Server:
      - Microsoft-HTTPAPI/2.0
      - Microsoft-HTTPAPI/2.0
      Strict-Transport-Security:
      - max-age=31536000; includeSubDomains
      X-Content-Type-Options:
      - nosniff
    status: 202 Accepted
    code: 202
    duration: ""
- request:
    body: ""
    form: {}
    headers:
      Accept:
      - application/json
      Test-Request-Attempt:
      - "0"
    url: https://management.azure.com/subscriptions/00000000-0000-0000-0000-000000000000/resourceGroups/asotest-rg-cxpjch/providers/Microsoft.Network/virtualNetworks/asotest-vn-cydhjo?api-version=2020-11-01
    method: DELETE
  response:
    body: ""
    headers:
      Azure-Asyncnotification:
      - Enabled
      Azure-Asyncoperation:
      - https://management.azure.com/subscriptions/00000000-0000-0000-0000-000000000000/providers/Microsoft.Network/locations/westus2/operations/45618cc0-f44f-4941-aa68-8fa9d81d2582?api-version=2020-11-01
      Cache-Control:
      - no-cache
      Content-Length:
      - "0"
      Expires:
      - "-1"
      Location:
      - https://management.azure.com/subscriptions/00000000-0000-0000-0000-000000000000/providers/Microsoft.Network/locations/westus2/operationResults/45618cc0-f44f-4941-aa68-8fa9d81d2582?api-version=2020-11-01
      Pragma:
      - no-cache
      Retry-After:
      - "10"
      Server:
      - Microsoft-HTTPAPI/2.0
      - Microsoft-HTTPAPI/2.0
      Strict-Transport-Security:
      - max-age=31536000; includeSubDomains
      X-Content-Type-Options:
      - nosniff
    status: 202 Accepted
    code: 202
    duration: ""
- request:
    body: ""
    form: {}
    headers:
      Accept:
      - application/json
      Test-Request-Attempt:
      - "0"
    url: https://management.azure.com/subscriptions/00000000-0000-0000-0000-000000000000/resourceGroups/asotest-rg-cxpjch?api-version=2020-06-01
    method: DELETE
  response:
    body: ""
    headers:
      Cache-Control:
      - no-cache
      Content-Length:
      - "0"
      Expires:
      - "-1"
      Location:
      - https://management.azure.com/subscriptions/00000000-0000-0000-0000-000000000000/operationresults/eyJqb2JJZCI6IlJFU09VUkNFR1JPVVBERUxFVElPTkpPQi1BU09URVNUOjJEUkc6MkRDWFBKQ0gtV0VTVFVTMiIsImpvYkxvY2F0aW9uIjoid2VzdHVzMiJ9?api-version=2020-06-01
      Pragma:
      - no-cache
      Retry-After:
      - "15"
      Strict-Transport-Security:
      - max-age=31536000; includeSubDomains
      X-Content-Type-Options:
      - nosniff
    status: 202 Accepted
    code: 202
    duration: ""
- request:
    body: ""
    form: {}
    headers:
      Accept:
      - application/json
      Test-Request-Attempt:
      - "2"
    url: https://management.azure.com/subscriptions/00000000-0000-0000-0000-000000000000/resourceGroups/asotest-rg-cxpjch/providers/Microsoft.Network/virtualNetworks/asotest-vn-cydhjo/virtualNetworkPeerings/asotest-vgateway-welibk?api-version=2020-11-01
    method: GET
  response:
    body: '{"error":{"code":"ResourceNotFound","message":"The Resource ''Microsoft.Network/virtualNetworks/asotest-vn-cydhjo''
      under resource group ''asotest-rg-cxpjch'' was not found. For more details please
      go to https://aka.ms/ARMResourceNotFoundFix"}}'
    headers:
      Cache-Control:
      - no-cache
      Content-Length:
      - "240"
      Content-Type:
      - application/json; charset=utf-8
      Expires:
      - "-1"
      Pragma:
      - no-cache
      Strict-Transport-Security:
      - max-age=31536000; includeSubDomains
      X-Content-Type-Options:
      - nosniff
      X-Ms-Failure-Cause:
      - gateway
    status: 404 Not Found
    code: 404
    duration: ""
- request:
    body: ""
    form: {}
    headers:
      Accept:
      - application/json
      Test-Request-Attempt:
      - "1"
    url: https://management.azure.com/subscriptions/00000000-0000-0000-0000-000000000000/resourceGroups/asotest-rg-cxpjch/providers/Microsoft.Network/virtualNetworks/asotest-vn-houphb?api-version=2020-11-01
    method: GET
  response:
    body: '{"error":{"code":"ResourceNotFound","message":"The Resource ''Microsoft.Network/virtualNetworks/asotest-vn-houphb''
      under resource group ''asotest-rg-cxpjch'' was not found. For more details please
      go to https://aka.ms/ARMResourceNotFoundFix"}}'
    headers:
      Cache-Control:
      - no-cache
      Content-Length:
      - "240"
      Content-Type:
      - application/json; charset=utf-8
      Expires:
      - "-1"
      Pragma:
      - no-cache
      Strict-Transport-Security:
      - max-age=31536000; includeSubDomains
      X-Content-Type-Options:
      - nosniff
      X-Ms-Failure-Cause:
      - gateway
    status: 404 Not Found
    code: 404
    duration: ""
- request:
    body: ""
    form: {}
    headers:
      Accept:
      - application/json
      Test-Request-Attempt:
      - "2"
    url: https://management.azure.com/subscriptions/00000000-0000-0000-0000-000000000000/resourceGroups/asotest-rg-cxpjch/providers/Microsoft.Network/virtualNetworks/asotest-vn-cydhjo?api-version=2020-11-01
    method: GET
  response:
    body: '{"error":{"code":"ResourceNotFound","message":"The Resource ''Microsoft.Network/virtualNetworks/asotest-vn-cydhjo''
      under resource group ''asotest-rg-cxpjch'' was not found. For more details please
      go to https://aka.ms/ARMResourceNotFoundFix"}}'
    headers:
      Cache-Control:
      - no-cache
      Content-Length:
      - "240"
      Content-Type:
      - application/json; charset=utf-8
      Expires:
      - "-1"
      Pragma:
      - no-cache
      Strict-Transport-Security:
      - max-age=31536000; includeSubDomains
      X-Content-Type-Options:
      - nosniff
      X-Ms-Failure-Cause:
      - gateway
    status: 404 Not Found
    code: 404
    duration: ""
- request:
    body: ""
    form: {}
    headers:
      Accept:
      - application/json
      Test-Request-Attempt:
      - "1"
    url: https://management.azure.com/subscriptions/00000000-0000-0000-0000-000000000000/resourceGroups/asotest-rg-cxpjch?api-version=2020-06-01
    method: GET
  response:
    body: '{"error":{"code":"ResourceGroupNotFound","message":"Resource group ''asotest-rg-cxpjch''
      could not be found."}}'
    headers:
      Cache-Control:
      - no-cache
      Content-Length:
      - "109"
      Content-Type:
      - application/json; charset=utf-8
      Expires:
      - "-1"
      Pragma:
      - no-cache
      Strict-Transport-Security:
      - max-age=31536000; includeSubDomains
      X-Content-Type-Options:
      - nosniff
      X-Ms-Failure-Cause:
      - gateway
    status: 404 Not Found
    code: 404
    duration: ""
