---
version: 1
interactions:
- request:
    body: '{"location":"westus2","name":"asotest-rg-exjzry","tags":{"CreatedAt":"2001-02-03T04:05:06Z"}}'
    form: {}
    headers:
      Accept:
      - application/json
      Content-Length:
      - "93"
      Content-Type:
      - application/json
      Test-Request-Attempt:
      - "0"
    url: https://management.azure.com/subscriptions/00000000-0000-0000-0000-000000000000/resourceGroups/asotest-rg-exjzry?api-version=2020-06-01
    method: PUT
  response:
    body: '{"id":"/subscriptions/00000000-0000-0000-0000-000000000000/resourceGroups/asotest-rg-exjzry","name":"asotest-rg-exjzry","type":"Microsoft.Resources/resourceGroups","location":"westus2","tags":{"CreatedAt":"2001-02-03T04:05:06Z"},"properties":{"provisioningState":"Succeeded"}}'
    headers:
      Cache-Control:
      - no-cache
      Content-Length:
      - "276"
      Content-Type:
      - application/json; charset=utf-8
      Expires:
      - "-1"
      Pragma:
      - no-cache
      Strict-Transport-Security:
      - max-age=31536000; includeSubDomains
      X-Content-Type-Options:
      - nosniff
    status: 201 Created
    code: 201
    duration: ""
- request:
    body: ""
    form: {}
    headers:
      Accept:
      - application/json
      Test-Request-Attempt:
      - "0"
    url: https://management.azure.com/subscriptions/00000000-0000-0000-0000-000000000000/resourceGroups/asotest-rg-exjzry?api-version=2020-06-01
    method: GET
  response:
    body: '{"id":"/subscriptions/00000000-0000-0000-0000-000000000000/resourceGroups/asotest-rg-exjzry","name":"asotest-rg-exjzry","type":"Microsoft.Resources/resourceGroups","location":"westus2","tags":{"CreatedAt":"2001-02-03T04:05:06Z"},"properties":{"provisioningState":"Succeeded"}}'
    headers:
      Cache-Control:
      - no-cache
      Content-Type:
      - application/json; charset=utf-8
      Expires:
      - "-1"
      Pragma:
      - no-cache
      Strict-Transport-Security:
      - max-age=31536000; includeSubDomains
      Vary:
      - Accept-Encoding
      X-Content-Type-Options:
      - nosniff
    status: 200 OK
    code: 200
    duration: ""
- request:
    body: '{"identity":{"type":"SystemAssigned"},"location":"westus2","name":"asotest-asotestbackupvault-ausjak","properties":{"monitoringSettings":{"azureMonitorAlertSettings":{"alertsForAllJobFailures":"Enabled"}},"storageSettings":[{"datastoreType":"VaultStore","type":"LocallyRedundant"}]},"tags":{"cheese":"blue"}}'
    form: {}
    headers:
      Accept:
      - application/json
      Content-Length:
      - "308"
      Content-Type:
      - application/json
      Test-Request-Attempt:
      - "0"
    url: https://management.azure.com/subscriptions/00000000-0000-0000-0000-000000000000/resourceGroups/asotest-rg-exjzry/providers/Microsoft.DataProtection/backupVaults/asotest-asotestbackupvault-ausjak?api-version=2023-01-01
    method: PUT
  response:
    body: '{"location":"westus2","tags":{"cheese":"blue"},"identity":{"type":"SystemAssigned","principalId":"4bffbb05-0a29-45e5-9691-aca43677ea40","tenantId":"00000000-0000-0000-0000-000000000000"},"properties":{"provisioningState":"Provisioning","storageSettings":[{"datastoreType":"VaultStore","type":"LocallyRedundant"}],"isVaultProtectedByResourceGuard":false,"monitoringSettings":{"azureMonitorAlertSettings":{"alertsForAllJobFailures":"Enabled"}},"securitySettings":{"softDeleteSettings":{"state":"On","retentionDurationInDays":14.0}}},"id":"/subscriptions/00000000-0000-0000-0000-000000000000/resourceGroups/asotest-rg-exjzry/providers/Microsoft.DataProtection/backupVaults/asotest-asotestbackupvault-ausjak","name":"asotest-asotestbackupvault-ausjak","type":"Microsoft.DataProtection/backupVaults"}'
    headers:
      Azure-Asyncoperation:
      - https://management.azure.com/subscriptions/00000000-0000-0000-0000-000000000000/resourceGroups/asotest-rg-exjzry/providers/Microsoft.DataProtection/backupVaults/asotest-asotestbackupvault-ausjak/operationStatus/MTZkZDk1MTQtZWM2ZC00YWJiLTkzYWYtNWEwYzgyNjZjOWE3OzI3NTQwMGRlLTNkYWYtNDNmYS1hNjhmLTlkNjQzZTJhYzFhZA==?api-version=2023-01-01
      Cache-Control:
      - no-cache
      Content-Length:
      - "795"
      Content-Type:
      - application/json; charset=utf-8
      Expires:
      - "-1"
      Pragma:
      - no-cache
      Retry-After:
      - "10"
      Server:
      - Kestrel
      Strict-Transport-Security:
      - max-age=31536000; includeSubDomains
      X-Content-Type-Options:
      - nosniff
      X-Ms-Arm-Resource-System-Data:
      - '{"createdBy":"7778604e-f3cc-465b-9575-2b7bdc6f5184","createdByType":"Application","createdAt":"2023-06-19T10:36:00.2789274Z","lastModifiedBy":"7778604e-f3cc-465b-9575-2b7bdc6f5184","lastModifiedByType":"Application","lastModifiedAt":"2023-06-19T10:36:00.2789274Z"}'
      X-Ms-Ratelimit-Remaining-Subscription-Resource-Requests:
      - "99"
    status: 201 Created
    code: 201
    duration: ""
- request:
    body: ""
    form: {}
    headers:
      Test-Request-Attempt:
      - "0"
    url: https://management.azure.com/subscriptions/00000000-0000-0000-0000-000000000000/resourceGroups/asotest-rg-exjzry/providers/Microsoft.DataProtection/backupVaults/asotest-asotestbackupvault-ausjak/operationStatus/MTZkZDk1MTQtZWM2ZC00YWJiLTkzYWYtNWEwYzgyNjZjOWE3OzI3NTQwMGRlLTNkYWYtNDNmYS1hNjhmLTlkNjQzZTJhYzFhZA==?api-version=2023-01-01
    method: GET
  response:
    body: '{"id":"/subscriptions/00000000-0000-0000-0000-000000000000/resourceGroups/asotest-rg-exjzry/providers/Microsoft.DataProtection/backupVaults/asotest-asotestbackupvault-au{KEY}=","name":"{KEY}","status":"Succeeded","startTime":"2001-02-03T04:05:06Z","endTime":"2001-02-03T04:05:06Z"}'
    headers:
      Cache-Control:
      - no-cache
      Content-Type:
      - application/json; charset=utf-8
      Expires:
      - "-1"
      Pragma:
      - no-cache
      Server:
      - Kestrel
      Strict-Transport-Security:
      - max-age=31536000; includeSubDomains
      Vary:
      - Accept-Encoding
      X-Content-Type-Options:
      - nosniff
      X-Ms-Ratelimit-Remaining-Subscription-Resource-Requests:
      - "999"
    status: 200 OK
    code: 200
    duration: ""
- request:
    body: ""
    form: {}
    headers:
      Test-Request-Attempt:
      - "0"
    url: https://management.azure.com/subscriptions/00000000-0000-0000-0000-000000000000/resourceGroups/asotest-rg-exjzry/providers/Microsoft.DataProtection/backupVaults/asotest-asotestbackupvault-ausjak?api-version=2023-01-01
    method: GET
  response:
    body: '{"location":"westus2","tags":{"cheese":"blue"},"identity":{"type":"SystemAssigned","principalId":"4bffbb05-0a29-45e5-9691-aca43677ea40","tenantId":"00000000-0000-0000-0000-000000000000"},"properties":{"provisioningState":"Succeeded","storageSettings":[{"datastoreType":"VaultStore","type":"LocallyRedundant"}],"isVaultProtectedByResourceGuard":false,"monitoringSettings":{"azureMonitorAlertSettings":{"alertsForAllJobFailures":"Enabled"}},"securitySettings":{"softDeleteSettings":{"state":"On","retentionDurationInDays":14.0}}},"id":"/subscriptions/00000000-0000-0000-0000-000000000000/resourceGroups/asotest-rg-exjzry/providers/Microsoft.DataProtection/backupVaults/asotest-asotestbackupvault-ausjak","name":"asotest-asotestbackupvault-ausjak","type":"Microsoft.DataProtection/backupVaults"}'
    headers:
      Cache-Control:
      - no-cache
      Content-Type:
      - application/json; charset=utf-8
      Expires:
      - "-1"
      Pragma:
      - no-cache
      Server:
      - Kestrel
      Strict-Transport-Security:
      - max-age=31536000; includeSubDomains
      Vary:
      - Accept-Encoding
      X-Content-Type-Options:
      - nosniff
      X-Ms-Ratelimit-Remaining-Subscription-Resource-Requests:
      - "499"
    status: 200 OK
    code: 200
    duration: ""
- request:
    body: ""
    form: {}
    headers:
      Accept:
      - application/json
      Test-Request-Attempt:
      - "1"
    url: https://management.azure.com/subscriptions/00000000-0000-0000-0000-000000000000/resourceGroups/asotest-rg-exjzry/providers/Microsoft.DataProtection/backupVaults/asotest-asotestbackupvault-ausjak?api-version=2023-01-01
    method: GET
  response:
    body: '{"location":"westus2","tags":{"cheese":"blue"},"identity":{"type":"SystemAssigned","principalId":"4bffbb05-0a29-45e5-9691-aca43677ea40","tenantId":"00000000-0000-0000-0000-000000000000"},"properties":{"provisioningState":"Succeeded","storageSettings":[{"datastoreType":"VaultStore","type":"LocallyRedundant"}],"isVaultProtectedByResourceGuard":false,"monitoringSettings":{"azureMonitorAlertSettings":{"alertsForAllJobFailures":"Enabled"}},"securitySettings":{"softDeleteSettings":{"state":"On","retentionDurationInDays":14.0}}},"id":"/subscriptions/00000000-0000-0000-0000-000000000000/resourceGroups/asotest-rg-exjzry/providers/Microsoft.DataProtection/backupVaults/asotest-asotestbackupvault-ausjak","name":"asotest-asotestbackupvault-ausjak","type":"Microsoft.DataProtection/backupVaults"}'
    headers:
      Cache-Control:
      - no-cache
      Content-Type:
      - application/json; charset=utf-8
      Expires:
      - "-1"
      Pragma:
      - no-cache
      Server:
      - Kestrel
      Strict-Transport-Security:
      - max-age=31536000; includeSubDomains
      Vary:
      - Accept-Encoding
      X-Content-Type-Options:
      - nosniff
      X-Ms-Ratelimit-Remaining-Subscription-Resource-Requests:
      - "498"
    status: 200 OK
    code: 200
    duration: ""
- request:
    body: '{"name":"asotest-asotestbackuppolicy-jtingf","properties":{"datasourceTypes":["Microsoft.ContainerService/managedClusters"],"objectType":"BackupPolicy","policyRules":[{"backupParameters":{"backupType":"Incremental","objectType":"AzureBackupParams"},"dataStore":{"dataStoreType":"OperationalStore","objectType":"DataStoreInfoBase"},"name":"BackupHourly","objectType":"AzureBackupRule","trigger":{"objectType":"ScheduleBasedTriggerContext","schedule":{"repeatingTimeIntervals":["R/2023-06-07T10:26:32+00:00/PT4H"],"timeZone":"UTC"},"taggingCriteria":[{"isDefault":true,"tagInfo":{"tagName":"Default"},"taggingPriority":99}]}},{"isDefault":true,"lifecycles":[{"deleteAfter":{"duration":"P9D","objectType":"AbsoluteDeleteOption"},"sourceDataStore":{"dataStoreType":"OperationalStore","objectType":"DataStoreInfoBase"}}],"name":"Default","objectType":"AzureRetentionRule"}]}}'
    form: {}
    headers:
      Accept:
      - application/json
      Content-Length:
      - "870"
      Content-Type:
      - application/json
      Test-Request-Attempt:
      - "0"
    url: https://management.azure.com/subscriptions/00000000-0000-0000-0000-000000000000/resourceGroups/asotest-rg-exjzry/providers/Microsoft.DataProtection/backupVaults/asotest-asotestbackupvault-ausjak/backupPolicies/asotest-asotestbackuppolicy-jtingf?api-version=2023-01-01
    method: PUT
  response:
    body: '{"properties":{"policyRules":[{"backupParameters":{"backupType":"Incremental","objectType":"AzureBackupParams"},"trigger":{"schedule":{"repeatingTimeIntervals":["R/2023-06-07T10:26:32+00:00/PT4H"],"timeZone":"UTC"},"taggingCriteria":[{"tagInfo":{"tagName":"Default","id":"Default_"},"taggingPriority":99,"isDefault":true}],"objectType":"ScheduleBasedTriggerContext"},"dataStore":{"dataStoreType":"OperationalStore","objectType":"DataStoreInfoBase"},"name":"BackupHourly","objectType":"AzureBackupRule"},{"lifecycles":[{"deleteAfter":{"objectType":"AbsoluteDeleteOption","duration":"P9D"},"sourceDataStore":{"dataStoreType":"OperationalStore","objectType":"DataStoreInfoBase"}}],"isDefault":true,"name":"Default","objectType":"AzureRetentionRule"}],"datasourceTypes":["Microsoft.ContainerService/managedClusters"],"objectType":"BackupPolicy"},"id":"/subscriptions/00000000-0000-0000-0000-000000000000/resourceGroups/asotest-rg-exjzry/providers/Microsoft.DataProtection/backupVaults/asotest-asotestbackupvault-ausjak/backupPolicies/asotest-asotestbackuppolicy-jtingf","name":"asotest-asotestbackuppolicy-jtingf","type":"Microsoft.DataProtection/backupVaults/backupPolicies"}'
    headers:
      Cache-Control:
      - no-cache
      Content-Type:
      - application/json; charset=utf-8
      Expires:
      - "-1"
      Pragma:
      - no-cache
      Server:
      - Kestrel
      Strict-Transport-Security:
      - max-age=31536000; includeSubDomains
      Vary:
      - Accept-Encoding
      X-Content-Type-Options:
      - nosniff
      X-Ms-Ratelimit-Remaining-Subscription-Resource-Requests:
      - "199"
    status: 200 OK
    code: 200
    duration: ""
- request:
    body: ""
    form: {}
    headers:
      Accept:
      - application/json
      Test-Request-Attempt:
      - "0"
    url: https://management.azure.com/subscriptions/00000000-0000-0000-0000-000000000000/resourceGroups/asotest-rg-exjzry/providers/Microsoft.DataProtection/backupVaults/asotest-asotestbackupvault-ausjak/backupPolicies/asotest-asotestbackuppolicy-jtingf?api-version=2023-01-01
    method: GET
  response:
    body: '{"properties":{"policyRules":[{"backupParameters":{"backupType":"Incremental","objectType":"AzureBackupParams"},"trigger":{"schedule":{"repeatingTimeIntervals":["R/2023-06-07T10:26:32+00:00/PT4H"],"timeZone":"UTC"},"taggingCriteria":[{"tagInfo":{"tagName":"Default","id":"Default_"},"taggingPriority":99,"isDefault":true}],"objectType":"ScheduleBasedTriggerContext"},"dataStore":{"dataStoreType":"OperationalStore","objectType":"DataStoreInfoBase"},"name":"BackupHourly","objectType":"AzureBackupRule"},{"lifecycles":[{"deleteAfter":{"objectType":"AbsoluteDeleteOption","duration":"P9D"},"sourceDataStore":{"dataStoreType":"OperationalStore","objectType":"DataStoreInfoBase"}}],"isDefault":true,"name":"Default","objectType":"AzureRetentionRule"}],"datasourceTypes":["Microsoft.ContainerService/managedClusters"],"objectType":"BackupPolicy"},"id":"/subscriptions/00000000-0000-0000-0000-000000000000/resourceGroups/asotest-rg-exjzry/providers/Microsoft.DataProtection/backupVaults/asotest-asotestbackupvault-ausjak/backupPolicies/asotest-asotestbackuppolicy-jtingf","name":"asotest-asotestbackuppolicy-jtingf","type":"Microsoft.DataProtection/backupVaults/backupPolicies"}'
    headers:
      Cache-Control:
      - no-cache
      Content-Type:
      - application/json; charset=utf-8
      Expires:
      - "-1"
      Pragma:
      - no-cache
      Server:
      - Kestrel
      Strict-Transport-Security:
      - max-age=31536000; includeSubDomains
      Vary:
      - Accept-Encoding
      X-Content-Type-Options:
      - nosniff
      X-Ms-Ratelimit-Remaining-Subscription-Resource-Requests:
      - "199"
    status: 200 OK
    code: 200
    duration: ""
- request:
    body: ""
    form: {}
    headers:
      Accept:
      - application/json
      Test-Request-Attempt:
      - "0"
    url: https://management.azure.com/subscriptions/00000000-0000-0000-0000-000000000000/resourceGroups/asotest-rg-exjzry/providers/Microsoft.DataProtection/backupVaults/asotest-asotestbackupvault-ausjak/backupPolicies/asotest-asotestbackuppolicy-jtingf?api-version=2023-01-01
    method: DELETE
  response:
    body: ""
    headers:
      Cache-Control:
      - no-cache
      Content-Length:
      - "0"
      Expires:
      - "-1"
      Pragma:
      - no-cache
      Server:
      - Kestrel
      Strict-Transport-Security:
      - max-age=31536000; includeSubDomains
      X-Content-Type-Options:
      - nosniff
      X-Ms-Ratelimit-Remaining-Subscription-Resource-Requests:
      - "49"
    status: 200 OK
    code: 200
    duration: ""
- request:
    body: ""
    form: {}
    headers:
      Accept:
      - application/json
      Test-Request-Attempt:
      - "1"
    url: https://management.azure.com/subscriptions/00000000-0000-0000-0000-000000000000/resourceGroups/asotest-rg-exjzry/providers/Microsoft.DataProtection/backupVaults/asotest-asotestbackupvault-ausjak/backupPolicies/asotest-asotestbackuppolicy-jtingf?api-version=2023-01-01
    method: GET
  response:
    body: '{"error":{"code":"UserErrorGenericResourceNotFound","message":"Azure resource
      does not exist. Please make sure required resources exist. If the issue persists,
      contact Microsoft support.","target":null,"details":null,"innerError":null}}'
    headers:
      Cache-Control:
      - no-cache
      Content-Language:
      - en-US
      Content-Length:
      - "236"
      Content-Type:
      - application/json
      Expires:
      - "-1"
      Pragma:
      - no-cache
      Server:
      - Kestrel
      Strict-Transport-Security:
      - max-age=31536000; includeSubDomains
      X-Content-Type-Options:
      - nosniff
      X-Ms-Error-Code:
      - UserErrorGenericResourceNotFound
      X-Ms-Ratelimit-Remaining-Subscription-Resource-Requests:
      - "198"
    status: 404 Not Found
    code: 404
    duration: ""
- request:
    body: ""
    form: {}
    headers:
      Accept:
      - application/json
      Test-Request-Attempt:
      - "0"
    url: https://management.azure.com/subscriptions/00000000-0000-0000-0000-000000000000/resourceGroups/asotest-rg-exjzry?api-version=2020-06-01
    method: DELETE
  response:
    body: ""
    headers:
      Cache-Control:
      - no-cache
      Content-Length:
      - "0"
      Expires:
      - "-1"
      Location:
      - https://management.azure.com/subscriptions/00000000-0000-0000-0000-000000000000/operationresults/eyJqb2JJZCI6IlJFU09VUkNFR1JPVVBERUxFVElPTkpPQi1BU09URVNUOjJEUkc6MkRFWEpaUlktV0VTVFVTMiIsImpvYkxvY2F0aW9uIjoid2VzdHVzMiJ9?api-version=2020-06-01
      Pragma:
      - no-cache
      Retry-After:
      - "15"
      Strict-Transport-Security:
      - max-age=31536000; includeSubDomains
      X-Content-Type-Options:
      - nosniff
    status: 202 Accepted
    code: 202
    duration: ""
- request:
    body: ""
    form: {}
    headers:
      Test-Request-Attempt:
      - "0"
    url: https://management.azure.com/subscriptions/00000000-0000-0000-0000-000000000000/operationresults/eyJqb2JJZCI6IlJFU09VUkNFR1JPVVBERUxFVElPTkpPQi1BU09URVNUOjJEUkc6MkRFWEpaUlktV0VTVFVTMiIsImpvYkxvY2F0aW9uIjoid2VzdHVzMiJ9?api-version=2020-06-01
    method: GET
  response:
    body: ""
    headers:
      Cache-Control:
      - no-cache
      Content-Length:
      - "0"
      Expires:
      - "-1"
      Location:
      - https://management.azure.com/subscriptions/00000000-0000-0000-0000-000000000000/operationresults/eyJqb2JJZCI6IlJFU09VUkNFR1JPVVBERUxFVElPTkpPQi1BU09URVNUOjJEUkc6MkRFWEpaUlktV0VTVFVTMiIsImpvYkxvY2F0aW9uIjoid2VzdHVzMiJ9?api-version=2020-06-01
      Pragma:
      - no-cache
      Retry-After:
      - "15"
      Strict-Transport-Security:
      - max-age=31536000; includeSubDomains
      X-Content-Type-Options:
      - nosniff
    status: 202 Accepted
    code: 202
    duration: ""
- request:
    body: ""
    form: {}
    headers:
      Test-Request-Attempt:
      - "1"
    url: https://management.azure.com/subscriptions/00000000-0000-0000-0000-000000000000/operationresults/eyJqb2JJZCI6IlJFU09VUkNFR1JPVVBERUxFVElPTkpPQi1BU09URVNUOjJEUkc6MkRFWEpaUlktV0VTVFVTMiIsImpvYkxvY2F0aW9uIjoid2VzdHVzMiJ9?api-version=2020-06-01
    method: GET
  response:
    body: ""
    headers:
      Cache-Control:
      - no-cache
      Content-Length:
      - "0"
      Expires:
      - "-1"
      Location:
      - https://management.azure.com/subscriptions/00000000-0000-0000-0000-000000000000/operationresults/eyJqb2JJZCI6IlJFU09VUkNFR1JPVVBERUxFVElPTkpPQi1BU09URVNUOjJEUkc6MkRFWEpaUlktV0VTVFVTMiIsImpvYkxvY2F0aW9uIjoid2VzdHVzMiJ9?api-version=2020-06-01
      Pragma:
      - no-cache
      Retry-After:
      - "15"
      Strict-Transport-Security:
      - max-age=31536000; includeSubDomains
      X-Content-Type-Options:
      - nosniff
    status: 202 Accepted
    code: 202
    duration: ""
- request:
    body: ""
    form: {}
    headers:
      Test-Request-Attempt:
      - "2"
    url: https://management.azure.com/subscriptions/00000000-0000-0000-0000-000000000000/operationresults/eyJqb2JJZCI6IlJFU09VUkNFR1JPVVBERUxFVElPTkpPQi1BU09URVNUOjJEUkc6MkRFWEpaUlktV0VTVFVTMiIsImpvYkxvY2F0aW9uIjoid2VzdHVzMiJ9?api-version=2020-06-01
    method: GET
  response:
    body: ""
    headers:
      Cache-Control:
      - no-cache
      Content-Length:
      - "0"
      Expires:
      - "-1"
      Location:
      - https://management.azure.com/subscriptions/00000000-0000-0000-0000-000000000000/operationresults/eyJqb2JJZCI6IlJFU09VUkNFR1JPVVBERUxFVElPTkpPQi1BU09URVNUOjJEUkc6MkRFWEpaUlktV0VTVFVTMiIsImpvYkxvY2F0aW9uIjoid2VzdHVzMiJ9?api-version=2020-06-01
      Pragma:
      - no-cache
      Retry-After:
      - "15"
      Strict-Transport-Security:
      - max-age=31536000; includeSubDomains
      X-Content-Type-Options:
      - nosniff
    status: 202 Accepted
    code: 202
    duration: ""
- request:
    body: ""
    form: {}
    headers:
      Test-Request-Attempt:
      - "3"
    url: https://management.azure.com/subscriptions/00000000-0000-0000-0000-000000000000/operationresults/eyJqb2JJZCI6IlJFU09VUkNFR1JPVVBERUxFVElPTkpPQi1BU09URVNUOjJEUkc6MkRFWEpaUlktV0VTVFVTMiIsImpvYkxvY2F0aW9uIjoid2VzdHVzMiJ9?api-version=2020-06-01
    method: GET
  response:
    body: ""
    headers:
      Cache-Control:
      - no-cache
      Content-Length:
      - "0"
      Expires:
      - "-1"
      Location:
      - https://management.azure.com/subscriptions/00000000-0000-0000-0000-000000000000/operationresults/eyJqb2JJZCI6IlJFU09VUkNFR1JPVVBERUxFVElPTkpPQi1BU09URVNUOjJEUkc6MkRFWEpaUlktV0VTVFVTMiIsImpvYkxvY2F0aW9uIjoid2VzdHVzMiJ9?api-version=2020-06-01
      Pragma:
      - no-cache
      Retry-After:
      - "15"
      Strict-Transport-Security:
      - max-age=31536000; includeSubDomains
      X-Content-Type-Options:
      - nosniff
    status: 202 Accepted
    code: 202
    duration: ""
- request:
    body: ""
    form: {}
    headers:
      Test-Request-Attempt:
      - "4"
    url: https://management.azure.com/subscriptions/00000000-0000-0000-0000-000000000000/operationresults/eyJqb2JJZCI6IlJFU09VUkNFR1JPVVBERUxFVElPTkpPQi1BU09URVNUOjJEUkc6MkRFWEpaUlktV0VTVFVTMiIsImpvYkxvY2F0aW9uIjoid2VzdHVzMiJ9?api-version=2020-06-01
    method: GET
  response:
    body: ""
    headers:
      Cache-Control:
      - no-cache
      Content-Length:
      - "0"
      Expires:
      - "-1"
      Pragma:
      - no-cache
      Strict-Transport-Security:
      - max-age=31536000; includeSubDomains
      X-Content-Type-Options:
      - nosniff
    status: 200 OK
    code: 200
    duration: ""
- request:
    body: ""
    form: {}
    headers:
      Accept:
      - application/json
      Test-Request-Attempt:
      - "0"
    url: https://management.azure.com/subscriptions/00000000-0000-0000-0000-000000000000/resourceGroups/asotest-rg-exjzry/providers/Microsoft.DataProtection/backupVaults/asotest-asotestbackupvault-ausjak?api-version=2023-01-01
    method: DELETE
  response:
    body: '{"error":{"code":"ResourceGroupNotFound","message":"Resource group ''asotest-rg-exjzry''
      could not be found."}}'
    headers:
      Cache-Control:
      - no-cache
      Content-Length:
      - "109"
      Content-Type:
      - application/json; charset=utf-8
      Expires:
      - "-1"
      Pragma:
      - no-cache
      Strict-Transport-Security:
      - max-age=31536000; includeSubDomains
      X-Content-Type-Options:
      - nosniff
      X-Ms-Failure-Cause:
      - gateway
    status: 404 Not Found
    code: 404
    duration: ""
