---
version: 1
interactions:
- request:
    body: '{"location":"westus2","name":"asotest-rg-mpunbm","tags":{"CreatedAt":"2001-02-03T04:05:06Z"}}'
    form: {}
    headers:
      Accept:
      - application/json
      Content-Length:
      - "93"
      Content-Type:
      - application/json
      Test-Request-Attempt:
      - "0"
    url: https://management.azure.com/subscriptions/00000000-0000-0000-0000-000000000000/resourceGroups/asotest-rg-mpunbm?api-version=2020-06-01
    method: PUT
  response:
    body: '{"id":"/subscriptions/00000000-0000-0000-0000-000000000000/resourceGroups/asotest-rg-mpunbm","name":"asotest-rg-mpunbm","type":"Microsoft.Resources/resourceGroups","location":"westus2","tags":{"CreatedAt":"2001-02-03T04:05:06Z"},"properties":{"provisioningState":"Succeeded"}}'
    headers:
      Cache-Control:
      - no-cache
      Content-Length:
      - "276"
      Content-Type:
      - application/json; charset=utf-8
    status: 201 Created
    code: 201
    duration: ""
- request:
    body: ""
    form: {}
    headers:
      Accept:
      - application/json
      Test-Request-Attempt:
      - "0"
    url: https://management.azure.com/subscriptions/00000000-0000-0000-0000-000000000000/resourceGroups/asotest-rg-mpunbm?api-version=2020-06-01
    method: GET
  response:
    body: '{"id":"/subscriptions/00000000-0000-0000-0000-000000000000/resourceGroups/asotest-rg-mpunbm","name":"asotest-rg-mpunbm","type":"Microsoft.Resources/resourceGroups","location":"westus2","tags":{"CreatedAt":"2001-02-03T04:05:06Z"},"properties":{"provisioningState":"Succeeded"}}'
    headers:
      Cache-Control:
      - no-cache
      Content-Type:
      - application/json; charset=utf-8
    status: 200 OK
    code: 200
    duration: ""
- request:
    body: '{"name":"asotest-quota-gicqir","properties":{"limit":{"limitObjectType":"LimitValue","value":100},"name":{"value":"cores"},"resourceType":"cores"}}'
    form: {}
    headers:
      Accept:
      - application/json
      Content-Length:
      - "134"
      Content-Type:
      - application/json
      Test-Request-Attempt:
      - "0"
    url: https://management.azure.com/subscriptions/00000000-0000-0000-0000-000000000000/resourceGroups/asotest-rg-mpunbm/providers/Microsoft.Quota/quotas/asotest-quota-gicqir?api-version=2025-09-01
    method: PUT
  response:
    body: '{"id":"/subscriptions/00000000-0000-0000-0000-000000000000/resourceGroups/asotest-rg-mpunbm/providers/Microsoft.Quota/quotas/asotest-quota-gicqir","name":"asotest-quota-gicqir","type":"Microsoft.Quota/quotas","properties":{"name":{"value":"cores"},"resourceType":"cores","limit":{"limitObjectType":"LimitValue","limitType":"Independent","value":100},"isQuotaApplicable":true,"unit":"Count"}}'
    headers:
      Cache-Control:
      - no-cache
      Content-Length:
      - "312"
      Content-Type:
      - application/json; charset=utf-8
    status: 200 OK
    code: 200
    duration: ""
- request:
    body: ""
    form: {}
    headers:
      Accept:
      - application/json
      Test-Request-Attempt:
      - "0"
    url: https://management.azure.com/subscriptions/00000000-0000-0000-0000-000000000000/resourceGroups/asotest-rg-mpunbm/providers/Microsoft.Quota/quotas/asotest-quota-gicqir?api-version=2025-09-01
    method: GET
  response:
    body: '{"id":"/subscriptions/00000000-0000-0000-0000-000000000000/resourceGroups/asotest-rg-mpunbm/providers/Microsoft.Quota/quotas/asotest-quota-gicqir","name":"asotest-quota-gicqir","type":"Microsoft.Quota/quotas","properties":{"name":{"value":"cores"},"resourceType":"cores","limit":{"limitObjectType":"LimitValue","limitType":"Independent","value":100},"isQuotaApplicable":true,"unit":"Count"}}'
    headers:
      Cache-Control:
      - no-cache
      Content-Type:
      - application/json; charset=utf-8
    status: 200 OK
    code: 200
    duration: ""
- request:
    body: ""
    form: {}
    headers:
      Accept:
      - application/json
      Test-Request-Attempt:
      - "0"
    url: https://management.azure.com/subscriptions/00000000-0000-0000-0000-000000000000/resourceGroups/asotest-rg-mpunbm/providers/Microsoft.Quota/quotas/asotest-quota-gicqir?api-version=2025-09-01
    method: GET
  response:
    body: '{"id":"/subscriptions/00000000-0000-0000-0000-000000000000/resourceGroups/asotest-rg-mpunbm/providers/Microsoft.Quota/quotas/asotest-quota-gicqir","name":"asotest-quota-gicqir","type":"Microsoft.Quota/quotas","properties":{"name":{"value":"cores"},"resourceType":"cores","limit":{"limitObjectType":"LimitValue","limitType":"Independent","value":100},"isQuotaApplicable":true,"unit":"Count"}}'
    headers:
      Cache-Control:
      - no-cache
      Content-Type:
      - application/json; charset=utf-8
    status: 200 OK
    code: 200
    duration: ""
- request:
    body: '{"name":"asotest-quota-gicqir","properties":{"limit":{"limitObjectType":"LimitValue","value":200},"name":{"value":"cores"},"resourceType":"cores"}}'
    form: {}
    headers:
      Accept:
      - application/json
      Content-Length:
      - "134"
      Content-Type:
      - application/json
      Test-Request-Attempt:
      - "1"
    url: https://management.azure.com/subscriptions/00000000-0000-0000-0000-000000000000/resourceGroups/asotest-rg-mpunbm/providers/Microsoft.Quota/quotas/asotest-quota-gicqir?api-version=2025-09-01
    method: PUT
  response:
    body: '{"id":"/subscriptions/00000000-0000-0000-0000-000000000000/resourceGroups/asotest-rg-mpunbm/providers/Microsoft.Quota/quotas/asotest-quota-gicqir","name":"asotest-quota-gicqir","type":"Microsoft.Quota/quotas","properties":{"name":{"value":"cores"},"resourceType":"cores","limit":{"limitObjectType":"LimitValue","limitType":"Independent","value":200},"isQuotaApplicable":true,"unit":"Count"}}'
    headers:
      Cache-Control:
      - no-cache
      Content-Length:
      - "312"
      Content-Type:
      - application/json; charset=utf-8
    status: 200 OK
    code: 200
    duration: ""
- request:
    body: ""
    form: {}
    headers:
      Accept:
      - application/json
      Test-Request-Attempt:
      - "1"
    url: https://management.azure.com/subscriptions/00000000-0000-0000-0000-000000000000/resourceGroups/asotest-rg-mpunbm/providers/Microsoft.Quota/quotas/asotest-quota-gicqir?api-version=2025-09-01
    method: GET
  response:
    body: '{"id":"/subscriptions/00000000-0000-0000-0000-000000000000/resourceGroups/asotest-rg-mpunbm/providers/Microsoft.Quota/quotas/asotest-quota-gicqir","name":"asotest-quota-gicqir","type":"Microsoft.Quota/quotas","properties":{"name":{"value":"cores"},"resourceType":"cores","limit":{"limitObjectType":"LimitValue","limitType":"Independent","value":200},"isQuotaApplicable":true,"unit":"Count"}}'
    headers:
      Cache-Control:
      - no-cache
      Content-Type:
      - application/json; charset=utf-8
    status: 200 OK
    code: 200
    duration: ""
- request:
    body: ""
    form: {}
    headers:
      Accept:
      - application/json
      Test-Request-Attempt:
      - "0"
    url: https://management.azure.com/subscriptions/00000000-0000-0000-0000-000000000000/resourceGroups/asotest-rg-mpunbm/providers/Microsoft.Quota/quotas/asotest-quota-gicqir?api-version=2025-09-01
    method: DELETE
  response:
    body: ""
    headers:
      Cache-Control:
      - no-cache
    status: 204 No Content
    code: 204
    duration: ""
- request:
    body: ""
    form: {}
    headers:
      Accept:
      - application/json
      Test-Request-Attempt:
      - "0"
    url: https://management.azure.com/subscriptions/00000000-0000-0000-0000-000000000000/resourceGroups/asotest-rg-mpunbm/providers/Microsoft.Quota/quotas/asotest-quota-gicqir?api-version=2025-09-01
    method: GET
  response:
    body: ""
    headers:
      Cache-Control:
      - no-cache
    status: 404 Not Found
    code: 404
    duration: ""
- request:
    body: ""
    form: {}
    headers:
      Accept:
      - application/json
      Test-Request-Attempt:
      - "2"
    url: https://management.azure.com/subscriptions/00000000-0000-0000-0000-000000000000/resourceGroups/asotest-rg-mpunbm/providers/Microsoft.Quota/quotas/asotest-quota-gicqir?api-version=2025-09-01
    method: GET
  response:
    body: ""
    headers:
      Cache-Control:
      - no-cache
    status: 404 Not Found
    code: 404
    duration: ""
- request:
    body: ""
    form: {}
    headers:
      Accept:
      - application/json
      Test-Request-Attempt:
      - "0"
    url: https://management.azure.com/subscriptions/00000000-0000-0000-0000-000000000000/resourceGroups/asotest-rg-mpunbm?api-version=2020-06-01
    method: DELETE
  response:
    body: ""
    headers:
      Cache-Control:
      - no-cache
    status: 204 No Content
    code: 204
    duration: ""
