---
version: 1
interactions:
- request:
    body: '{"name":"asotest-rg-pkgwpu","location":"westus2","tags":{"CreatedAt":"2001-02-03T04:05:06Z"}}'
    form: {}
    headers:
      Accept:
      - application/json
      Content-Length:
      - "93"
      Content-Type:
      - application/json
      Test-Request-Attempt:
      - "0"
    url: https://management.azure.com/subscriptions/00000000-0000-0000-0000-000000000000/resourceGroups/asotest-rg-pkgwpu?api-version=2020-06-01
    method: PUT
  response:
    body: '{"id":"/subscriptions/00000000-0000-0000-0000-000000000000/resourceGroups/asotest-rg-pkgwpu","name":"asotest-rg-pkgwpu","type":"Microsoft.Resources/resourceGroups","location":"westus2","tags":{"CreatedAt":"2001-02-03T04:05:06Z"},"properties":{"provisioningState":"Succeeded"}}'
    headers:
      Cache-Control:
      - no-cache
      Content-Length:
      - "276"
      Content-Type:
      - application/json; charset=utf-8
      Expires:
      - "-1"
      Pragma:
      - no-cache
      Strict-Transport-Security:
      - max-age=31536000; includeSubDomains
      X-Content-Type-Options:
      - nosniff
    status: 201 Created
    code: 201
    duration: ""
- request:
    body: ""
    form: {}
    headers:
      Accept:
      - application/json
      Test-Request-Attempt:
      - "0"
    url: https://management.azure.com/subscriptions/00000000-0000-0000-0000-000000000000/resourceGroups/asotest-rg-pkgwpu?api-version=2020-06-01
    method: GET
  response:
    body: '{"id":"/subscriptions/00000000-0000-0000-0000-000000000000/resourceGroups/asotest-rg-pkgwpu","name":"asotest-rg-pkgwpu","type":"Microsoft.Resources/resourceGroups","location":"westus2","tags":{"CreatedAt":"2001-02-03T04:05:06Z"},"properties":{"provisioningState":"Succeeded"}}'
    headers:
      Cache-Control:
      - no-cache
      Content-Type:
      - application/json; charset=utf-8
      Expires:
      - "-1"
      Pragma:
      - no-cache
      Strict-Transport-Security:
      - max-age=31536000; includeSubDomains
      Vary:
      - Accept-Encoding
      X-Content-Type-Options:
      - nosniff
    status: 200 OK
    code: 200
    duration: ""
- request:
    body: '{"location":"westus2","name":"asotest-publicip-mcdjgt","properties":{"publicIPAllocationMethod":"Static"},"sku":{"name":"Standard"}}'
    form: {}
    headers:
      Accept:
      - application/json
      Content-Length:
      - "132"
      Content-Type:
      - application/json
      Test-Request-Attempt:
      - "0"
    url: https://management.azure.com/subscriptions/00000000-0000-0000-0000-000000000000/resourceGroups/asotest-rg-pkgwpu/providers/Microsoft.Network/publicIPAddresses/asotest-publicip-mcdjgt?api-version=2020-11-01
    method: PUT
  response:
    body: "{\r\n  \"name\": \"asotest-publicip-mcdjgt\",\r\n  \"id\": \"/subscriptions/00000000-0000-0000-0000-000000000000/resourceGroups/asotest-rg-pkgwpu/providers/Microsoft.Network/publicIPAddresses/asotest-publicip-mcdjgt\",\r\n
      \ \"etag\": \"W/\\\"4370aa44-77ce-4b74-a24c-767903d6cf25\\\"\",\r\n  \"location\":
      \"westus2\",\r\n  \"properties\": {\r\n    \"provisioningState\": \"Updating\",\r\n
      \   \"resourceGuid\": \"2d9eb132-b4dd-4e81-9361-09c7a3f837f5\",\r\n    \"publicIPAddressVersion\":
      \"IPv4\",\r\n    \"publicIPAllocationMethod\": \"Static\",\r\n    \"idleTimeoutInMinutes\":
      4,\r\n    \"ipTags\": []\r\n  },\r\n  \"type\": \"Microsoft.Network/publicIPAddresses\",\r\n
      \ \"sku\": {\r\n    \"name\": \"Standard\",\r\n    \"tier\": \"Regional\"\r\n
      \ }\r\n}"
    headers:
      Azure-Asyncnotification:
      - Enabled
      Azure-Asyncoperation:
      - https://management.azure.com/subscriptions/00000000-0000-0000-0000-000000000000/providers/Microsoft.Network/locations/westus2/operations/420d9883-1a82-4907-bffb-8fcd7b5658e3?api-version=2020-11-01
      Cache-Control:
      - no-cache
      Content-Length:
      - "664"
      Content-Type:
      - application/json; charset=utf-8
      Expires:
      - "-1"
      Pragma:
      - no-cache
      Retry-After:
      - "1"
      Server:
      - Microsoft-HTTPAPI/2.0
      - Microsoft-HTTPAPI/2.0
      Strict-Transport-Security:
      - max-age=31536000; includeSubDomains
      X-Content-Type-Options:
      - nosniff
    status: 201 Created
    code: 201
    duration: ""
- request:
    body: ""
    form: {}
    headers:
      Test-Request-Attempt:
      - "0"
    url: https://management.azure.com/subscriptions/00000000-0000-0000-0000-000000000000/providers/Microsoft.Network/locations/westus2/operations/420d9883-1a82-4907-bffb-8fcd7b5658e3?api-version=2020-11-01
    method: GET
  response:
    body: "{\r\n  \"status\": \"Succeeded\"\r\n}"
    headers:
      Cache-Control:
      - no-cache
      Content-Type:
      - application/json; charset=utf-8
      Expires:
      - "-1"
      Pragma:
      - no-cache
      Server:
      - Microsoft-HTTPAPI/2.0
      - Microsoft-HTTPAPI/2.0
      Strict-Transport-Security:
      - max-age=31536000; includeSubDomains
      Vary:
      - Accept-Encoding
      X-Content-Type-Options:
      - nosniff
    status: 200 OK
    code: 200
    duration: ""
- request:
    body: ""
    form: {}
    headers:
      Test-Request-Attempt:
      - "0"
    url: https://management.azure.com/subscriptions/00000000-0000-0000-0000-000000000000/resourceGroups/asotest-rg-pkgwpu/providers/Microsoft.Network/publicIPAddresses/asotest-publicip-mcdjgt?api-version=2020-11-01
    method: GET
  response:
    body: "{\r\n  \"name\": \"asotest-publicip-mcdjgt\",\r\n  \"id\": \"/subscriptions/00000000-0000-0000-0000-000000000000/resourceGroups/asotest-rg-pkgwpu/providers/Microsoft.Network/publicIPAddresses/asotest-publicip-mcdjgt\",\r\n
      \ \"etag\": \"W/\\\"8ede2110-b3c7-4b06-a8ed-7816292fe900\\\"\",\r\n  \"location\":
      \"westus2\",\r\n  \"properties\": {\r\n    \"provisioningState\": \"Succeeded\",\r\n
      \   \"resourceGuid\": \"2d9eb132-b4dd-4e81-9361-09c7a3f837f5\",\r\n    \"ipAddress\":
      \"20.112.74.171\",\r\n    \"publicIPAddressVersion\": \"IPv4\",\r\n    \"publicIPAllocationMethod\":
      \"Static\",\r\n    \"idleTimeoutInMinutes\": 4,\r\n    \"ipTags\": []\r\n  },\r\n
      \ \"type\": \"Microsoft.Network/publicIPAddresses\",\r\n  \"sku\": {\r\n    \"name\":
      \"Standard\",\r\n    \"tier\": \"Regional\"\r\n  }\r\n}"
    headers:
      Cache-Control:
      - no-cache
      Content-Type:
      - application/json; charset=utf-8
      Etag:
      - W/"8ede2110-b3c7-4b06-a8ed-7816292fe900"
      Expires:
      - "-1"
      Pragma:
      - no-cache
      Server:
      - Microsoft-HTTPAPI/2.0
      - Microsoft-HTTPAPI/2.0
      Strict-Transport-Security:
      - max-age=31536000; includeSubDomains
      Vary:
      - Accept-Encoding
      X-Content-Type-Options:
      - nosniff
    status: 200 OK
    code: 200
    duration: ""
- request:
    body: ""
    form: {}
    headers:
      Accept:
      - application/json
      Test-Request-Attempt:
      - "1"
    url: https://management.azure.com/subscriptions/00000000-0000-0000-0000-000000000000/resourceGroups/asotest-rg-pkgwpu/providers/Microsoft.Network/publicIPAddresses/asotest-publicip-mcdjgt?api-version=2020-11-01
    method: GET
  response:
    body: "{\r\n  \"name\": \"asotest-publicip-mcdjgt\",\r\n  \"id\": \"/subscriptions/00000000-0000-0000-0000-000000000000/resourceGroups/asotest-rg-pkgwpu/providers/Microsoft.Network/publicIPAddresses/asotest-publicip-mcdjgt\",\r\n
      \ \"etag\": \"W/\\\"8ede2110-b3c7-4b06-a8ed-7816292fe900\\\"\",\r\n  \"location\":
      \"westus2\",\r\n  \"properties\": {\r\n    \"provisioningState\": \"Succeeded\",\r\n
      \   \"resourceGuid\": \"2d9eb132-b4dd-4e81-9361-09c7a3f837f5\",\r\n    \"ipAddress\":
      \"20.112.74.171\",\r\n    \"publicIPAddressVersion\": \"IPv4\",\r\n    \"publicIPAllocationMethod\":
      \"Static\",\r\n    \"idleTimeoutInMinutes\": 4,\r\n    \"ipTags\": []\r\n  },\r\n
      \ \"type\": \"Microsoft.Network/publicIPAddresses\",\r\n  \"sku\": {\r\n    \"name\":
      \"Standard\",\r\n    \"tier\": \"Regional\"\r\n  }\r\n}"
    headers:
      Cache-Control:
      - no-cache
      Content-Type:
      - application/json; charset=utf-8
      Etag:
      - W/"8ede2110-b3c7-4b06-a8ed-7816292fe900"
      Expires:
      - "-1"
      Pragma:
      - no-cache
      Server:
      - Microsoft-HTTPAPI/2.0
      - Microsoft-HTTPAPI/2.0
      Strict-Transport-Security:
      - max-age=31536000; includeSubDomains
      Vary:
      - Accept-Encoding
      X-Content-Type-Options:
      - nosniff
    status: 200 OK
    code: 200
    duration: ""
- request:
    body: '{"location":"westus2","name":"asotest-loadbalancer-rjcndm","properties":{"frontendIPConfigurations":[{"name":"LoadBalancerFrontend","properties":{"publicIPAddress":{"id":"/subscriptions/00000000-0000-0000-0000-000000000000/resourceGroups/asotest-rg-pkgwpu/providers/Microsoft.Network/publicIPAddresses/asotest-publicip-mcdjgt"}}}],"inboundNatPools":[{"name":"MyFancyNatPool","properties":{"backendPort":22,"frontendIPConfiguration":{"id":"/subscriptions/00000000-0000-0000-0000-000000000000/resourceGroups/asotest-rg-pkgwpu/providers/Microsoft.Network/loadBalancers/asotest-loadbalancer-rjcndm/frontendIPConfigurations/LoadBalancerFrontend"},"frontendPortRangeEnd":51000,"frontendPortRangeStart":50000,"protocol":"Tcp"}}]},"sku":{"name":"Standard"}}'
    form: {}
    headers:
      Accept:
      - application/json
      Content-Length:
      - "749"
      Content-Type:
      - application/json
      Test-Request-Attempt:
      - "0"
    url: https://management.azure.com/subscriptions/00000000-0000-0000-0000-000000000000/resourceGroups/asotest-rg-pkgwpu/providers/Microsoft.Network/loadBalancers/asotest-loadbalancer-rjcndm?api-version=2020-11-01
    method: PUT
  response:
    body: "{\r\n  \"name\": \"asotest-loadbalancer-rjcndm\",\r\n  \"id\": \"/subscriptions/00000000-0000-0000-0000-000000000000/resourceGroups/asotest-rg-pkgwpu/providers/Microsoft.Network/loadBalancers/asotest-loadbalancer-rjcndm\",\r\n
      \ \"etag\": \"W/\\\"94226495-d6be-4c47-9109-bcfbcd5c4266\\\"\",\r\n  \"type\":
      \"Microsoft.Network/loadBalancers\",\r\n  \"location\": \"westus2\",\r\n  \"properties\":
      {\r\n    \"provisioningState\": \"Succeeded\",\r\n    \"resourceGuid\": \"c365b4e5-86f9-454c-8ae6-306a212fec6c\",\r\n
      \   \"frontendIPConfigurations\": [\r\n      {\r\n        \"name\": \"LoadBalancerFrontend\",\r\n
      \       \"id\": \"/subscriptions/00000000-0000-0000-0000-000000000000/resourceGroups/asotest-rg-pkgwpu/providers/Microsoft.Network/loadBalancers/asotest-loadbalancer-rjcndm/frontendIPConfigurations/LoadBalancerFrontend\",\r\n
      \       \"etag\": \"W/\\\"94226495-d6be-4c47-9109-bcfbcd5c4266\\\"\",\r\n        \"type\":
      \"Microsoft.Network/loadBalancers/frontendIPConfigurations\",\r\n        \"properties\":
      {\r\n          \"provisioningState\": \"Succeeded\",\r\n          \"privateIPAllocationMethod\":
      \"Dynamic\",\r\n          \"publicIPAddress\": {\r\n            \"id\": \"/subscriptions/00000000-0000-0000-0000-000000000000/resourceGroups/asotest-rg-pkgwpu/providers/Microsoft.Network/publicIPAddresses/asotest-publicip-mcdjgt\"\r\n
      \         },\r\n          \"inboundNatPools\": [\r\n            {\r\n              \"id\":
      \"/subscriptions/00000000-0000-0000-0000-000000000000/resourceGroups/asotest-rg-pkgwpu/providers/Microsoft.Network/loadBalancers/asotest-loadbalancer-rjcndm/inboundNatPools/MyFancyNatPool\"\r\n
      \           }\r\n          ]\r\n        }\r\n      }\r\n    ],\r\n    \"backendAddressPools\":
      [],\r\n    \"loadBalancingRules\": [],\r\n    \"probes\": [],\r\n    \"inboundNatRules\":
      [],\r\n    \"outboundRules\": [],\r\n    \"inboundNatPools\": [\r\n      {\r\n
      \       \"name\": \"MyFancyNatPool\",\r\n        \"id\": \"/subscriptions/00000000-0000-0000-0000-000000000000/resourceGroups/asotest-rg-pkgwpu/providers/Microsoft.Network/loadBalancers/asotest-loadbalancer-rjcndm/inboundNatPools/MyFancyNatPool\",\r\n
      \       \"etag\": \"W/\\\"94226495-d6be-4c47-9109-bcfbcd5c4266\\\"\",\r\n        \"properties\":
      {\r\n          \"provisioningState\": \"Succeeded\",\r\n          \"frontendPortRangeStart\":
      50000,\r\n          \"frontendPortRangeEnd\": 51000,\r\n          \"backendPort\":
      22,\r\n          \"protocol\": \"Tcp\",\r\n          \"idleTimeoutInMinutes\":
      4,\r\n          \"enableFloatingIP\": false,\r\n          \"enableDestinationServiceEndpoint\":
      false,\r\n          \"enableTcpReset\": false,\r\n          \"allowBackendPortConflict\":
      false,\r\n          \"frontendIPConfiguration\": {\r\n            \"id\": \"/subscriptions/00000000-0000-0000-0000-000000000000/resourceGroups/asotest-rg-pkgwpu/providers/Microsoft.Network/loadBalancers/asotest-loadbalancer-rjcndm/frontendIPConfigurations/LoadBalancerFrontend\"\r\n
      \         }\r\n        },\r\n        \"type\": \"Microsoft.Network/loadBalancers/inboundNatPools\"\r\n
      \     }\r\n    ]\r\n  },\r\n  \"sku\": {\r\n    \"name\": \"Standard\",\r\n
      \   \"tier\": \"Regional\"\r\n  }\r\n}"
    headers:
      Azure-Asyncnotification:
      - Enabled
      Azure-Asyncoperation:
      - https://management.azure.com/subscriptions/00000000-0000-0000-0000-000000000000/providers/Microsoft.Network/locations/westus2/operations/ad2645fd-b289-4c69-b971-93ec30d734a4?api-version=2020-11-01
      Cache-Control:
      - no-cache
      Content-Length:
      - "2903"
      Content-Type:
      - application/json; charset=utf-8
      Expires:
      - "-1"
      Pragma:
      - no-cache
      Server:
      - Microsoft-HTTPAPI/2.0
      - Microsoft-HTTPAPI/2.0
      Strict-Transport-Security:
      - max-age=31536000; includeSubDomains
      X-Content-Type-Options:
      - nosniff
    status: 201 Created
    code: 201
    duration: ""
- request:
    body: ""
    form: {}
    headers:
      Accept:
      - application/json
      Test-Request-Attempt:
      - "0"
    url: https://management.azure.com/subscriptions/00000000-0000-0000-0000-000000000000/resourceGroups/asotest-rg-pkgwpu/providers/Microsoft.Network/loadBalancers/asotest-loadbalancer-rjcndm?api-version=2020-11-01
    method: GET
  response:
    body: "{\r\n  \"name\": \"asotest-loadbalancer-rjcndm\",\r\n  \"id\": \"/subscriptions/00000000-0000-0000-0000-000000000000/resourceGroups/asotest-rg-pkgwpu/providers/Microsoft.Network/loadBalancers/asotest-loadbalancer-rjcndm\",\r\n
      \ \"etag\": \"W/\\\"94226495-d6be-4c47-9109-bcfbcd5c4266\\\"\",\r\n  \"type\":
      \"Microsoft.Network/loadBalancers\",\r\n  \"location\": \"westus2\",\r\n  \"properties\":
      {\r\n    \"provisioningState\": \"Succeeded\",\r\n    \"resourceGuid\": \"c365b4e5-86f9-454c-8ae6-306a212fec6c\",\r\n
      \   \"frontendIPConfigurations\": [\r\n      {\r\n        \"name\": \"LoadBalancerFrontend\",\r\n
      \       \"id\": \"/subscriptions/00000000-0000-0000-0000-000000000000/resourceGroups/asotest-rg-pkgwpu/providers/Microsoft.Network/loadBalancers/asotest-loadbalancer-rjcndm/frontendIPConfigurations/LoadBalancerFrontend\",\r\n
      \       \"etag\": \"W/\\\"94226495-d6be-4c47-9109-bcfbcd5c4266\\\"\",\r\n        \"type\":
      \"Microsoft.Network/loadBalancers/frontendIPConfigurations\",\r\n        \"properties\":
      {\r\n          \"provisioningState\": \"Succeeded\",\r\n          \"privateIPAllocationMethod\":
      \"Dynamic\",\r\n          \"publicIPAddress\": {\r\n            \"id\": \"/subscriptions/00000000-0000-0000-0000-000000000000/resourceGroups/asotest-rg-pkgwpu/providers/Microsoft.Network/publicIPAddresses/asotest-publicip-mcdjgt\"\r\n
      \         },\r\n          \"inboundNatPools\": [\r\n            {\r\n              \"id\":
      \"/subscriptions/00000000-0000-0000-0000-000000000000/resourceGroups/asotest-rg-pkgwpu/providers/Microsoft.Network/loadBalancers/asotest-loadbalancer-rjcndm/inboundNatPools/MyFancyNatPool\"\r\n
      \           }\r\n          ]\r\n        }\r\n      }\r\n    ],\r\n    \"backendAddressPools\":
      [],\r\n    \"loadBalancingRules\": [],\r\n    \"probes\": [],\r\n    \"inboundNatRules\":
      [],\r\n    \"outboundRules\": [],\r\n    \"inboundNatPools\": [\r\n      {\r\n
      \       \"name\": \"MyFancyNatPool\",\r\n        \"id\": \"/subscriptions/00000000-0000-0000-0000-000000000000/resourceGroups/asotest-rg-pkgwpu/providers/Microsoft.Network/loadBalancers/asotest-loadbalancer-rjcndm/inboundNatPools/MyFancyNatPool\",\r\n
      \       \"etag\": \"W/\\\"94226495-d6be-4c47-9109-bcfbcd5c4266\\\"\",\r\n        \"properties\":
      {\r\n          \"provisioningState\": \"Succeeded\",\r\n          \"frontendPortRangeStart\":
      50000,\r\n          \"frontendPortRangeEnd\": 51000,\r\n          \"backendPort\":
      22,\r\n          \"protocol\": \"Tcp\",\r\n          \"idleTimeoutInMinutes\":
      4,\r\n          \"enableFloatingIP\": false,\r\n          \"enableDestinationServiceEndpoint\":
      false,\r\n          \"enableTcpReset\": false,\r\n          \"allowBackendPortConflict\":
      false,\r\n          \"frontendIPConfiguration\": {\r\n            \"id\": \"/subscriptions/00000000-0000-0000-0000-000000000000/resourceGroups/asotest-rg-pkgwpu/providers/Microsoft.Network/loadBalancers/asotest-loadbalancer-rjcndm/frontendIPConfigurations/LoadBalancerFrontend\"\r\n
      \         }\r\n        },\r\n        \"type\": \"Microsoft.Network/loadBalancers/inboundNatPools\"\r\n
      \     }\r\n    ]\r\n  },\r\n  \"sku\": {\r\n    \"name\": \"Standard\",\r\n
      \   \"tier\": \"Regional\"\r\n  }\r\n}"
    headers:
      Cache-Control:
      - no-cache
      Content-Type:
      - application/json; charset=utf-8
      Etag:
      - W/"94226495-d6be-4c47-9109-bcfbcd5c4266"
      Expires:
      - "-1"
      Pragma:
      - no-cache
      Server:
      - Microsoft-HTTPAPI/2.0
      - Microsoft-HTTPAPI/2.0
      Strict-Transport-Security:
      - max-age=31536000; includeSubDomains
      Vary:
      - Accept-Encoding
      X-Content-Type-Options:
      - nosniff
    status: 200 OK
    code: 200
    duration: ""
- request:
    body: ""
    form: {}
    headers:
      Accept:
      - application/json
      Test-Request-Attempt:
      - "0"
    url: https://management.azure.com/subscriptions/00000000-0000-0000-0000-000000000000/resourceGroups/asotest-rg-pkgwpu/providers/Microsoft.Network/loadBalancers/asotest-loadbalancer-rjcndm?api-version=2020-11-01
    method: DELETE
  response:
    body: ""
    headers:
      Azure-Asyncnotification:
      - Enabled
      Azure-Asyncoperation:
      - https://management.azure.com/subscriptions/00000000-0000-0000-0000-000000000000/providers/Microsoft.Network/locations/westus2/operations/35bdad16-b182-4f38-9c43-e6290b1209d0?api-version=2020-11-01
      Cache-Control:
      - no-cache
      Content-Length:
      - "0"
      Expires:
      - "-1"
      Location:
      - https://management.azure.com/subscriptions/00000000-0000-0000-0000-000000000000/providers/Microsoft.Network/locations/westus2/operationResults/35bdad16-b182-4f38-9c43-e6290b1209d0?api-version=2020-11-01
      Pragma:
      - no-cache
      Retry-After:
      - "10"
      Server:
      - Microsoft-HTTPAPI/2.0
      - Microsoft-HTTPAPI/2.0
      Strict-Transport-Security:
      - max-age=31536000; includeSubDomains
      X-Content-Type-Options:
      - nosniff
    status: 202 Accepted
    code: 202
    duration: ""
- request:
    body: ""
    form: {}
    headers:
      Test-Request-Attempt:
      - "0"
    url: https://management.azure.com/subscriptions/00000000-0000-0000-0000-000000000000/providers/Microsoft.Network/locations/westus2/operations/35bdad16-b182-4f38-9c43-e6290b1209d0?api-version=2020-11-01
    method: GET
  response:
    body: "{\r\n  \"status\": \"Succeeded\"\r\n}"
    headers:
      Cache-Control:
      - no-cache
      Content-Type:
      - application/json; charset=utf-8
      Expires:
      - "-1"
      Pragma:
      - no-cache
      Server:
      - Microsoft-HTTPAPI/2.0
      - Microsoft-HTTPAPI/2.0
      Strict-Transport-Security:
      - max-age=31536000; includeSubDomains
      Vary:
      - Accept-Encoding
      X-Content-Type-Options:
      - nosniff
    status: 200 OK
    code: 200
    duration: ""
- request:
    body: ""
    form: {}
    headers:
      Accept:
      - application/json
      Test-Request-Attempt:
      - "1"
    url: https://management.azure.com/subscriptions/00000000-0000-0000-0000-000000000000/resourceGroups/asotest-rg-pkgwpu/providers/Microsoft.Network/loadBalancers/asotest-loadbalancer-rjcndm?api-version=2020-11-01
    method: GET
  response:
    body: '{"error":{"code":"ResourceNotFound","message":"The Resource ''Microsoft.Network/loadBalancers/asotest-loadbalancer-rjcndm''
      under resource group ''asotest-rg-pkgwpu'' was not found. For more details please
      go to https://aka.ms/ARMResourceNotFoundFix"}}'
    headers:
      Cache-Control:
      - no-cache
      Content-Length:
      - "248"
      Content-Type:
      - application/json; charset=utf-8
      Expires:
      - "-1"
      Pragma:
      - no-cache
      Strict-Transport-Security:
      - max-age=31536000; includeSubDomains
      X-Content-Type-Options:
      - nosniff
      X-Ms-Failure-Cause:
      - gateway
    status: 404 Not Found
    code: 404
    duration: ""
- request:
    body: ""
    form: {}
    headers:
      Accept:
      - application/json
      Test-Request-Attempt:
      - "0"
    url: https://management.azure.com/subscriptions/00000000-0000-0000-0000-000000000000/resourceGroups/asotest-rg-pkgwpu?api-version=2020-06-01
    method: DELETE
  response:
    body: ""
    headers:
      Cache-Control:
      - no-cache
      Content-Length:
      - "0"
      Expires:
      - "-1"
      Location:
      - https://management.azure.com/subscriptions/00000000-0000-0000-0000-000000000000/operationresults/eyJqb2JJZCI6IlJFU09VUkNFR1JPVVBERUxFVElPTkpPQi1BU09URVNUOjJEUkc6MkRQS0dXUFUtV0VTVFVTMiIsImpvYkxvY2F0aW9uIjoid2VzdHVzMiJ9?api-version=2020-06-01
      Pragma:
      - no-cache
      Retry-After:
      - "15"
      Strict-Transport-Security:
      - max-age=31536000; includeSubDomains
      X-Content-Type-Options:
      - nosniff
    status: 202 Accepted
    code: 202
    duration: ""
- request:
    body: ""
    form: {}
    headers:
      Test-Request-Attempt:
      - "0"
    url: https://management.azure.com/subscriptions/00000000-0000-0000-0000-000000000000/operationresults/eyJqb2JJZCI6IlJFU09VUkNFR1JPVVBERUxFVElPTkpPQi1BU09URVNUOjJEUkc6MkRQS0dXUFUtV0VTVFVTMiIsImpvYkxvY2F0aW9uIjoid2VzdHVzMiJ9?api-version=2020-06-01
    method: GET
  response:
    body: ""
    headers:
      Cache-Control:
      - no-cache
      Content-Length:
      - "0"
      Expires:
      - "-1"
      Location:
      - https://management.azure.com/subscriptions/00000000-0000-0000-0000-000000000000/operationresults/eyJqb2JJZCI6IlJFU09VUkNFR1JPVVBERUxFVElPTkpPQi1BU09URVNUOjJEUkc6MkRQS0dXUFUtV0VTVFVTMiIsImpvYkxvY2F0aW9uIjoid2VzdHVzMiJ9?api-version=2020-06-01
      Pragma:
      - no-cache
      Retry-After:
      - "15"
      Strict-Transport-Security:
      - max-age=31536000; includeSubDomains
      X-Content-Type-Options:
      - nosniff
    status: 202 Accepted
    code: 202
    duration: ""
- request:
    body: ""
    form: {}
    headers:
      Test-Request-Attempt:
      - "1"
    url: https://management.azure.com/subscriptions/00000000-0000-0000-0000-000000000000/operationresults/eyJqb2JJZCI6IlJFU09VUkNFR1JPVVBERUxFVElPTkpPQi1BU09URVNUOjJEUkc6MkRQS0dXUFUtV0VTVFVTMiIsImpvYkxvY2F0aW9uIjoid2VzdHVzMiJ9?api-version=2020-06-01
    method: GET
  response:
    body: ""
    headers:
      Cache-Control:
      - no-cache
      Content-Length:
      - "0"
      Expires:
      - "-1"
      Location:
      - https://management.azure.com/subscriptions/00000000-0000-0000-0000-000000000000/operationresults/eyJqb2JJZCI6IlJFU09VUkNFR1JPVVBERUxFVElPTkpPQi1BU09URVNUOjJEUkc6MkRQS0dXUFUtV0VTVFVTMiIsImpvYkxvY2F0aW9uIjoid2VzdHVzMiJ9?api-version=2020-06-01
      Pragma:
      - no-cache
      Retry-After:
      - "15"
      Strict-Transport-Security:
      - max-age=31536000; includeSubDomains
      X-Content-Type-Options:
      - nosniff
    status: 202 Accepted
    code: 202
    duration: ""
- request:
    body: ""
    form: {}
    headers:
      Test-Request-Attempt:
      - "2"
    url: https://management.azure.com/subscriptions/00000000-0000-0000-0000-000000000000/operationresults/eyJqb2JJZCI6IlJFU09VUkNFR1JPVVBERUxFVElPTkpPQi1BU09URVNUOjJEUkc6MkRQS0dXUFUtV0VTVFVTMiIsImpvYkxvY2F0aW9uIjoid2VzdHVzMiJ9?api-version=2020-06-01
    method: GET
  response:
    body: ""
    headers:
      Cache-Control:
      - no-cache
      Content-Length:
      - "0"
      Expires:
      - "-1"
      Location:
      - https://management.azure.com/subscriptions/00000000-0000-0000-0000-000000000000/operationresults/eyJqb2JJZCI6IlJFU09VUkNFR1JPVVBERUxFVElPTkpPQi1BU09URVNUOjJEUkc6MkRQS0dXUFUtV0VTVFVTMiIsImpvYkxvY2F0aW9uIjoid2VzdHVzMiJ9?api-version=2020-06-01
      Pragma:
      - no-cache
      Retry-After:
      - "15"
      Strict-Transport-Security:
      - max-age=31536000; includeSubDomains
      X-Content-Type-Options:
      - nosniff
    status: 202 Accepted
    code: 202
    duration: ""
- request:
    body: ""
    form: {}
    headers:
      Test-Request-Attempt:
      - "3"
    url: https://management.azure.com/subscriptions/00000000-0000-0000-0000-000000000000/operationresults/eyJqb2JJZCI6IlJFU09VUkNFR1JPVVBERUxFVElPTkpPQi1BU09URVNUOjJEUkc6MkRQS0dXUFUtV0VTVFVTMiIsImpvYkxvY2F0aW9uIjoid2VzdHVzMiJ9?api-version=2020-06-01
    method: GET
  response:
    body: ""
    headers:
      Cache-Control:
      - no-cache
      Content-Length:
      - "0"
      Expires:
      - "-1"
      Location:
      - https://management.azure.com/subscriptions/00000000-0000-0000-0000-000000000000/operationresults/eyJqb2JJZCI6IlJFU09VUkNFR1JPVVBERUxFVElPTkpPQi1BU09URVNUOjJEUkc6MkRQS0dXUFUtV0VTVFVTMiIsImpvYkxvY2F0aW9uIjoid2VzdHVzMiJ9?api-version=2020-06-01
      Pragma:
      - no-cache
      Retry-After:
      - "15"
      Strict-Transport-Security:
      - max-age=31536000; includeSubDomains
      X-Content-Type-Options:
      - nosniff
    status: 202 Accepted
    code: 202
    duration: ""
- request:
    body: ""
    form: {}
    headers:
      Test-Request-Attempt:
      - "4"
    url: https://management.azure.com/subscriptions/00000000-0000-0000-0000-000000000000/operationresults/eyJqb2JJZCI6IlJFU09VUkNFR1JPVVBERUxFVElPTkpPQi1BU09URVNUOjJEUkc6MkRQS0dXUFUtV0VTVFVTMiIsImpvYkxvY2F0aW9uIjoid2VzdHVzMiJ9?api-version=2020-06-01
    method: GET
  response:
    body: ""
    headers:
      Cache-Control:
      - no-cache
      Content-Length:
      - "0"
      Expires:
      - "-1"
      Pragma:
      - no-cache
      Strict-Transport-Security:
      - max-age=31536000; includeSubDomains
      X-Content-Type-Options:
      - nosniff
    status: 200 OK
    code: 200
    duration: ""
