---
version: 1
interactions:
- request:
    body: '{"name":"asotest-rg-wivpom","location":"westus2","tags":{"CreatedAt":"2001-02-03T04:05:06Z"}}'
    form: {}
    headers:
      Accept:
      - application/json
      Content-Length:
      - "93"
      Content-Type:
      - application/json
      Test-Request-Attempt:
      - "0"
    url: https://management.azure.com/subscriptions/00000000-0000-0000-0000-000000000000/resourceGroups/asotest-rg-wivpom?api-version=2020-06-01
    method: PUT
  response:
    body: '{"id":"/subscriptions/00000000-0000-0000-0000-000000000000/resourceGroups/asotest-rg-wivpom","name":"asotest-rg-wivpom","type":"Microsoft.Resources/resourceGroups","location":"westus2","tags":{"CreatedAt":"2001-02-03T04:05:06Z"},"properties":{"provisioningState":"Succeeded"}}'
    headers:
      Cache-Control:
      - no-cache
      Content-Length:
      - "276"
      Content-Type:
      - application/json; charset=utf-8
      Expires:
      - "-1"
      Pragma:
      - no-cache
      Strict-Transport-Security:
      - max-age=31536000; includeSubDomains
      X-Content-Type-Options:
      - nosniff
    status: 201 Created
    code: 201
    duration: ""
- request:
    body: ""
    form: {}
    headers:
      Accept:
      - application/json
      Test-Request-Attempt:
      - "0"
    url: https://management.azure.com/subscriptions/00000000-0000-0000-0000-000000000000/resourceGroups/asotest-rg-wivpom?api-version=2020-06-01
    method: GET
  response:
    body: '{"id":"/subscriptions/00000000-0000-0000-0000-000000000000/resourceGroups/asotest-rg-wivpom","name":"asotest-rg-wivpom","type":"Microsoft.Resources/resourceGroups","location":"westus2","tags":{"CreatedAt":"2001-02-03T04:05:06Z"},"properties":{"provisioningState":"Succeeded"}}'
    headers:
      Cache-Control:
      - no-cache
      Content-Type:
      - application/json; charset=utf-8
      Expires:
      - "-1"
      Pragma:
      - no-cache
      Strict-Transport-Security:
      - max-age=31536000; includeSubDomains
      Vary:
      - Accept-Encoding
      X-Content-Type-Options:
      - nosniff
    status: 200 OK
    code: 200
    duration: ""
- request:
    body: '{"location":"westus2","name":"asotest-domain-hhrlbw","properties":{"publicNetworkAccess":"Enabled"}}'
    form: {}
    headers:
      Accept:
      - application/json
      Content-Length:
      - "100"
      Content-Type:
      - application/json
      Test-Request-Attempt:
      - "0"
    url: https://management.azure.com/subscriptions/00000000-0000-0000-0000-000000000000/resourceGroups/asotest-rg-wivpom/providers/Microsoft.EventGrid/domains/asotest-domain-hhrlbw?api-version=2020-06-01
    method: PUT
  response:
    body: '{"properties":{"provisioningState":"Creating","endpoint":null,"publicNetworkAccess":"Enabled"},"systemData":null,"location":"westus2","tags":null,"id":"/subscriptions/00000000-0000-0000-0000-000000000000/resourceGroups/asotest-rg-wivpom/providers/Microsoft.EventGrid/domains/asotest-domain-hhrlbw","name":"asotest-domain-hhrlbw","type":"Microsoft.EventGrid/domains"}'
    headers:
      Azure-Asyncoperation:
      - https://management.azure.com/subscriptions/00000000-0000-0000-0000-000000000000/providers/Microsoft.EventGrid/locations/westus2/operationsStatus/12A36A31-EF09-4754-9ED3-D7500FD82C8A?api-version=2020-06-01
      Cache-Control:
      - no-cache
      Content-Length:
      - "366"
      Content-Type:
      - application/json; charset=utf-8
      Expires:
      - "-1"
      Pragma:
      - no-cache
      Retry-After:
      - "10"
      Server:
      - Microsoft-HTTPAPI/2.0
      Strict-Transport-Security:
      - max-age=31536000; includeSubDomains
      X-Content-Type-Options:
      - nosniff
    status: 201 Created
    code: 201
    duration: ""
- request:
    body: '{"kind":"StorageV2","location":"westus2","name":"asotestdesthiehck","properties":{"accessTier":"Hot"},"sku":{"name":"Standard_LRS"}}'
    form: {}
    headers:
      Accept:
      - application/json
      Content-Length:
      - "132"
      Content-Type:
      - application/json
      Test-Request-Attempt:
      - "0"
    url: https://management.azure.com/subscriptions/00000000-0000-0000-0000-000000000000/resourceGroups/asotest-rg-wivpom/providers/Microsoft.Storage/storageAccounts/asotestdesthiehck?api-version=2021-04-01
    method: PUT
  response:
    body: ""
    headers:
      Cache-Control:
      - no-cache
      Content-Length:
      - "0"
      Content-Type:
      - text/plain; charset=utf-8
      Expires:
      - "-1"
      Location:
      - https://management.azure.com/subscriptions/00000000-0000-0000-0000-000000000000/providers/Microsoft.Storage/locations/westus2/asyncoperations/e627af84-7287-44be-9e41-e9d24532c05f?monitor=true&api-version=2021-04-01
      Pragma:
      - no-cache
      Retry-After:
      - "17"
      Server:
      - Microsoft-Azure-Storage-Resource-Provider/1.0,Microsoft-HTTPAPI/2.0 Microsoft-HTTPAPI/2.0
      Strict-Transport-Security:
      - max-age=31536000; includeSubDomains
      X-Content-Type-Options:
      - nosniff
    status: 202 Accepted
    code: 202
    duration: ""
- request:
    body: ""
    form: {}
    headers:
      Test-Request-Attempt:
      - "0"
    url: https://management.azure.com/subscriptions/00000000-0000-0000-0000-000000000000/providers/Microsoft.EventGrid/locations/westus2/operationsStatus/12A36A31-EF09-4754-9ED3-D7500FD82C8A?api-version=2020-06-01
    method: GET
  response:
    body: '{"id":"https://management.azure.com/subscriptions/00000000-0000-0000-0000-000000000000/providers/Microsoft.EventGrid/locations/westus2/operationsStatus/12A36A31-EF09-4754-9ED3-D7500FD82C8A?api-version=2020-06-01","name":"12a36a31-ef09-4754-9ed3-d7500fd82c8a","status":"Succeeded"}'
    headers:
      Cache-Control:
      - no-cache
      Content-Type:
      - application/json; charset=utf-8
      Expires:
      - "-1"
      Pragma:
      - no-cache
      Server:
      - Microsoft-HTTPAPI/2.0
      Strict-Transport-Security:
      - max-age=31536000; includeSubDomains
      Vary:
      - Accept-Encoding
      X-Content-Type-Options:
      - nosniff
    status: 200 OK
    code: 200
    duration: ""
- request:
    body: ""
    form: {}
    headers:
      Test-Request-Attempt:
      - "0"
    url: https://management.azure.com/subscriptions/00000000-0000-0000-0000-000000000000/resourceGroups/asotest-rg-wivpom/providers/Microsoft.EventGrid/domains/asotest-domain-hhrlbw?api-version=2020-06-01
    method: GET
  response:
    body: '{"properties":{"provisioningState":"Succeeded","endpoint":"https://asotest-domain-hhrlbw.westus2-1.eventgrid.azure.net/api/events","inputSchema":"EventGridSchema","metricResourceId":"3d785908-08da-4a2d-ab5d-c067f2de0e70","publicNetworkAccess":"Enabled"},"systemData":null,"location":"westus2","tags":null,"id":"/subscriptions/00000000-0000-0000-0000-000000000000/resourceGroups/asotest-rg-wivpom/providers/Microsoft.EventGrid/domains/asotest-domain-hhrlbw","name":"asotest-domain-hhrlbw","type":"Microsoft.EventGrid/domains"}'
    headers:
      Cache-Control:
      - no-cache
      Content-Type:
      - application/json; charset=utf-8
      Expires:
      - "-1"
      Pragma:
      - no-cache
      Server:
      - Microsoft-HTTPAPI/2.0
      Strict-Transport-Security:
      - max-age=31536000; includeSubDomains
      Vary:
      - Accept-Encoding
      X-Content-Type-Options:
      - nosniff
    status: 200 OK
    code: 200
    duration: ""
- request:
    body: ""
    form: {}
    headers:
      Accept:
      - application/json
      Test-Request-Attempt:
      - "1"
    url: https://management.azure.com/subscriptions/00000000-0000-0000-0000-000000000000/resourceGroups/asotest-rg-wivpom/providers/Microsoft.EventGrid/domains/asotest-domain-hhrlbw?api-version=2020-06-01
    method: GET
  response:
    body: '{"properties":{"provisioningState":"Succeeded","endpoint":"https://asotest-domain-hhrlbw.westus2-1.eventgrid.azure.net/api/events","inputSchema":"EventGridSchema","metricResourceId":"3d785908-08da-4a2d-ab5d-c067f2de0e70","publicNetworkAccess":"Enabled"},"systemData":null,"location":"westus2","tags":null,"id":"/subscriptions/00000000-0000-0000-0000-000000000000/resourceGroups/asotest-rg-wivpom/providers/Microsoft.EventGrid/domains/asotest-domain-hhrlbw","name":"asotest-domain-hhrlbw","type":"Microsoft.EventGrid/domains"}'
    headers:
      Cache-Control:
      - no-cache
      Content-Type:
      - application/json; charset=utf-8
      Expires:
      - "-1"
      Pragma:
      - no-cache
      Server:
      - Microsoft-HTTPAPI/2.0
      Strict-Transport-Security:
      - max-age=31536000; includeSubDomains
      Vary:
      - Accept-Encoding
      X-Content-Type-Options:
      - nosniff
    status: 200 OK
    code: 200
    duration: ""
- request:
    body: ""
    form: {}
    headers:
      Test-Request-Attempt:
      - "0"
    url: https://management.azure.com/subscriptions/00000000-0000-0000-0000-000000000000/providers/Microsoft.Storage/locations/westus2/asyncoperations/e627af84-7287-44be-9e41-e9d24532c05f?monitor=true&api-version=2021-04-01
    method: GET
  response:
    body: ""
    headers:
      Cache-Control:
      - no-cache
      Content-Length:
      - "0"
      Content-Type:
      - text/plain; charset=utf-8
      Expires:
      - "-1"
      Location:
      - https://management.azure.com/subscriptions/00000000-0000-0000-0000-000000000000/providers/Microsoft.Storage/locations/westus2/asyncoperations/e627af84-7287-44be-9e41-e9d24532c05f?monitor=true&api-version=2021-04-01
      Pragma:
      - no-cache
      Retry-After:
      - "17"
      Server:
      - Microsoft-Azure-Storage-Resource-Provider/1.0,Microsoft-HTTPAPI/2.0 Microsoft-HTTPAPI/2.0
      Strict-Transport-Security:
      - max-age=31536000; includeSubDomains
      X-Content-Type-Options:
      - nosniff
    status: 202 Accepted
    code: 202
    duration: ""
- request:
    body: ""
    form: {}
    headers:
      Test-Request-Attempt:
      - "1"
    url: https://management.azure.com/subscriptions/00000000-0000-0000-0000-000000000000/providers/Microsoft.Storage/locations/westus2/asyncoperations/e627af84-7287-44be-9e41-e9d24532c05f?monitor=true&api-version=2021-04-01
    method: GET
  response:
    body: ""
    headers:
      Cache-Control:
      - no-cache
      Content-Length:
      - "0"
      Content-Type:
      - text/plain; charset=utf-8
      Expires:
      - "-1"
      Location:
      - https://management.azure.com/subscriptions/00000000-0000-0000-0000-000000000000/providers/Microsoft.Storage/locations/westus2/asyncoperations/e627af84-7287-44be-9e41-e9d24532c05f?monitor=true&api-version=2021-04-01
      Pragma:
      - no-cache
      Retry-After:
      - "3"
      Server:
      - Microsoft-Azure-Storage-Resource-Provider/1.0,Microsoft-HTTPAPI/2.0 Microsoft-HTTPAPI/2.0
      Strict-Transport-Security:
      - max-age=31536000; includeSubDomains
      X-Content-Type-Options:
      - nosniff
    status: 202 Accepted
    code: 202
    duration: ""
- request:
    body: ""
    form: {}
    headers:
      Test-Request-Attempt:
      - "2"
    url: https://management.azure.com/subscriptions/00000000-0000-0000-0000-000000000000/providers/Microsoft.Storage/locations/westus2/asyncoperations/e627af84-7287-44be-9e41-e9d24532c05f?monitor=true&api-version=2021-04-01
    method: GET
  response:
    body: '{"sku":{"name":"Standard_LRS","tier":"Standard"},"kind":"StorageV2","id":"/subscriptions/00000000-0000-0000-0000-000000000000/resourceGroups/asotest-rg-wivpom/providers/Microsoft.Storage/storageAccounts/asotestdesthiehck","name":"asotestdesthiehck","type":"Microsoft.Storage/storageAccounts","location":"westus2","tags":{},"properties":{"keyCreationTime":{"key1":"2001-02-03T04:05:06Z","key2":"2001-02-03T04:05:06Z"},"privateEndpointConnections":[],"networkAcls":{"bypass":"AzureServices","virtualNetworkRules":[],"ipRules":[],"defaultAction":"Allow"},"supportsHttpsTrafficOnly":true,"encryption":{"services":{"file":{"keyType":"Account","enabled":true,"lastEnabledTime":"2001-02-03T04:05:06Z"},"blob":{"keyType":"Account","enabled":true,"lastEnabledTime":"2001-02-03T04:05:06Z"}},"keySource":"Microsoft.Storage"},"accessTier":"Hot","provisioningState":"Succeeded","creationTime":"2001-02-03T04:05:06Z","primaryEndpoints":{"dfs":"https://asotestdesthiehck.dfs.core.windows.net/","web":"https://asotestdesthiehck.z5.web.core.windows.net/","blob":"https://asotestdesthiehck.blob.core.windows.net/","queue":"https://asotestdesthiehck.queue.core.windows.net/","table":"https://asotestdesthiehck.table.core.windows.net/","file":"https://asotestdesthiehck.file.core.windows.net/"},"primaryLocation":"westus2","statusOfPrimary":"available"}}'
    headers:
      Cache-Control:
      - no-cache
      Content-Type:
      - application/json
      Expires:
      - "-1"
      Pragma:
      - no-cache
      Server:
      - Microsoft-Azure-Storage-Resource-Provider/1.0,Microsoft-HTTPAPI/2.0 Microsoft-HTTPAPI/2.0
      Strict-Transport-Security:
      - max-age=31536000; includeSubDomains
      Vary:
      - Accept-Encoding
      X-Content-Type-Options:
      - nosniff
    status: 200 OK
    code: 200
    duration: ""
- request:
    body: ""
    form: {}
    headers:
      Accept:
      - application/json
      Test-Request-Attempt:
      - "0"
    url: https://management.azure.com/subscriptions/00000000-0000-0000-0000-000000000000/resourceGroups/asotest-rg-wivpom/providers/Microsoft.Storage/storageAccounts/asotestdesthiehck?api-version=2021-04-01
    method: GET
  response:
    body: '{"sku":{"name":"Standard_LRS","tier":"Standard"},"kind":"StorageV2","id":"/subscriptions/00000000-0000-0000-0000-000000000000/resourceGroups/asotest-rg-wivpom/providers/Microsoft.Storage/storageAccounts/asotestdesthiehck","name":"asotestdesthiehck","type":"Microsoft.Storage/storageAccounts","location":"westus2","tags":{},"properties":{"keyCreationTime":{"key1":"2001-02-03T04:05:06Z","key2":"2001-02-03T04:05:06Z"},"privateEndpointConnections":[],"networkAcls":{"bypass":"AzureServices","virtualNetworkRules":[],"ipRules":[],"defaultAction":"Allow"},"supportsHttpsTrafficOnly":true,"encryption":{"services":{"file":{"keyType":"Account","enabled":true,"lastEnabledTime":"2001-02-03T04:05:06Z"},"blob":{"keyType":"Account","enabled":true,"lastEnabledTime":"2001-02-03T04:05:06Z"}},"keySource":"Microsoft.Storage"},"accessTier":"Hot","provisioningState":"Succeeded","creationTime":"2001-02-03T04:05:06Z","primaryEndpoints":{"dfs":"https://asotestdesthiehck.dfs.core.windows.net/","web":"https://asotestdesthiehck.z5.web.core.windows.net/","blob":"https://asotestdesthiehck.blob.core.windows.net/","queue":"https://asotestdesthiehck.queue.core.windows.net/","table":"https://asotestdesthiehck.table.core.windows.net/","file":"https://asotestdesthiehck.file.core.windows.net/"},"primaryLocation":"westus2","statusOfPrimary":"available"}}'
    headers:
      Cache-Control:
      - no-cache
      Content-Type:
      - application/json
      Expires:
      - "-1"
      Pragma:
      - no-cache
      Server:
      - Microsoft-Azure-Storage-Resource-Provider/1.0,Microsoft-HTTPAPI/2.0 Microsoft-HTTPAPI/2.0
      Strict-Transport-Security:
      - max-age=31536000; includeSubDomains
      Vary:
      - Accept-Encoding
      X-Content-Type-Options:
      - nosniff
    status: 200 OK
    code: 200
    duration: ""
- request:
    body: '{"name":"default"}'
    form: {}
    headers:
      Accept:
      - application/json
      Content-Length:
      - "18"
      Content-Type:
      - application/json
      Test-Request-Attempt:
      - "0"
    url: https://management.azure.com/subscriptions/00000000-0000-0000-0000-000000000000/resourceGroups/asotest-rg-wivpom/providers/Microsoft.Storage/storageAccounts/asotestdesthiehck/queueServices/default?api-version=2021-04-01
    method: PUT
  response:
    body: '{"name":"default"}'
    headers:
      Cache-Control:
      - no-cache
      Content-Type:
      - application/json
      Expires:
      - "-1"
      Pragma:
      - no-cache
      Server:
      - Microsoft-Azure-Storage-Resource-Provider/1.0,Microsoft-HTTPAPI/2.0 Microsoft-HTTPAPI/2.0
      Strict-Transport-Security:
      - max-age=31536000; includeSubDomains
      Vary:
      - Accept-Encoding
      X-Content-Type-Options:
      - nosniff
    status: 200 OK
    code: 200
    duration: ""
- request:
    body: ""
    form: {}
    headers:
      Accept:
      - application/json
      Test-Request-Attempt:
      - "0"
    url: https://management.azure.com/subscriptions/00000000-0000-0000-0000-000000000000/resourceGroups/asotest-rg-wivpom/providers/Microsoft.Storage/storageAccounts/asotestdesthiehck/queueServices/default?api-version=2021-04-01
    method: GET
  response:
    body: '{"id":"/subscriptions/00000000-0000-0000-0000-000000000000/resourceGroups/asotest-rg-wivpom/providers/Microsoft.Storage/storageAccounts/asotestdesthiehck/queueServices/default","name":"default","type":"Microsoft.Storage/storageAccounts/queueServices","properties":{"cors":{"corsRules":[]}}}'
    headers:
      Cache-Control:
      - no-cache
      Content-Type:
      - application/json
      Expires:
      - "-1"
      Pragma:
      - no-cache
      Server:
      - Microsoft-Azure-Storage-Resource-Provider/1.0,Microsoft-HTTPAPI/2.0 Microsoft-HTTPAPI/2.0
      Strict-Transport-Security:
      - max-age=31536000; includeSubDomains
      Vary:
      - Accept-Encoding
      X-Content-Type-Options:
      - nosniff
    status: 200 OK
    code: 200
    duration: ""
- request:
    body: '{"name":"asotest-dest-queue-pygufe"}'
    form: {}
    headers:
      Accept:
      - application/json
      Content-Length:
      - "36"
      Content-Type:
      - application/json
      Test-Request-Attempt:
      - "0"
    url: https://management.azure.com/subscriptions/00000000-0000-0000-0000-000000000000/resourceGroups/asotest-rg-wivpom/providers/Microsoft.Storage/storageAccounts/asotestdesthiehck/queueServices/default/queues/asotest-dest-queue-pygufe?api-version=2021-04-01
    method: PUT
  response:
    body: '{"id":"/subscriptions/00000000-0000-0000-0000-000000000000/resourceGroups/asotest-rg-wivpom/providers/Microsoft.Storage/storageAccounts/asotestdesthiehck/queueServices/default/queues/asotest-dest-queue-pygufe","name":"asotest-dest-queue-pygufe","type":"Microsoft.Storage/storageAccounts/queueServices/queues","properties":{"metadata":{}}}'
    headers:
      Cache-Control:
      - no-cache
      Content-Type:
      - application/json
      Expires:
      - "-1"
      Pragma:
      - no-cache
      Server:
      - Microsoft-Azure-Storage-Resource-Provider/1.0,Microsoft-HTTPAPI/2.0 Microsoft-HTTPAPI/2.0
      Strict-Transport-Security:
      - max-age=31536000; includeSubDomains
      Vary:
      - Accept-Encoding
      X-Content-Type-Options:
      - nosniff
    status: 200 OK
    code: 200
    duration: ""
- request:
    body: ""
    form: {}
    headers:
      Accept:
      - application/json
      Test-Request-Attempt:
      - "0"
    url: https://management.azure.com/subscriptions/00000000-0000-0000-0000-000000000000/resourceGroups/asotest-rg-wivpom/providers/Microsoft.Storage/storageAccounts/asotestdesthiehck/queueServices/default/queues/asotest-dest-queue-pygufe?api-version=2021-04-01
    method: GET
  response:
    body: '{"id":"/subscriptions/00000000-0000-0000-0000-000000000000/resourceGroups/asotest-rg-wivpom/providers/Microsoft.Storage/storageAccounts/asotestdesthiehck/queueServices/default/queues/asotest-dest-queue-pygufe","name":"asotest-dest-queue-pygufe","type":"Microsoft.Storage/storageAccounts/queueServices/queues","properties":{"metadata":{},"approximateMessageCount":0}}'
    headers:
      Cache-Control:
      - no-cache
      Content-Type:
      - application/json
      Expires:
      - "-1"
      Pragma:
      - no-cache
      Server:
      - Microsoft-Azure-Storage-Resource-Provider/1.0,Microsoft-HTTPAPI/2.0 Microsoft-HTTPAPI/2.0
      Strict-Transport-Security:
      - max-age=31536000; includeSubDomains
      Vary:
      - Accept-Encoding
      X-Content-Type-Options:
      - nosniff
    status: 200 OK
    code: 200
    duration: ""
- request:
    body: '{"name":"asotest-topic-sxmzyw"}'
    form: {}
    headers:
      Accept:
      - application/json
      Content-Length:
      - "31"
      Content-Type:
      - application/json
      Test-Request-Attempt:
      - "0"
    url: https://management.azure.com/subscriptions/00000000-0000-0000-0000-000000000000/resourceGroups/asotest-rg-wivpom/providers/Microsoft.EventGrid/domains/asotest-domain-hhrlbw/topics/asotest-topic-sxmzyw?api-version=2020-06-01
    method: PUT
  response:
    body: '{"properties":{"provisioningState":"Creating"},"systemData":null,"id":"/subscriptions/00000000-0000-0000-0000-000000000000/resourceGroups/asotest-rg-wivpom/providers/Microsoft.EventGrid/domains/asotest-domain-hhrlbw/topics/asotest-topic-sxmzyw","name":"asotest-topic-sxmzyw","type":"Microsoft.EventGrid/domains/topics"}'
    headers:
      Azure-Asyncoperation:
      - https://management.azure.com/subscriptions/00000000-0000-0000-0000-000000000000/providers/Microsoft.EventGrid/locations/westus2/operationsStatus/2CC0D17C-9895-4FFD-857F-EFD52D7495F3?api-version=2020-06-01
      Cache-Control:
      - no-cache
      Content-Length:
      - "319"
      Content-Type:
      - application/json; charset=utf-8
      Expires:
      - "-1"
      Pragma:
      - no-cache
      Retry-After:
      - "10"
      Server:
      - Microsoft-HTTPAPI/2.0
      Strict-Transport-Security:
      - max-age=31536000; includeSubDomains
      X-Content-Type-Options:
      - nosniff
    status: 201 Created
    code: 201
    duration: ""
- request:
    body: '{"name":"asotest-sub-phsdqj","properties":{"destination":{"endpointType":"StorageQueue","properties":{"queueName":"asotest-dest-queue-pygufe","resourceId":"/subscriptions/00000000-0000-0000-0000-000000000000/resourceGroups/asotest-rg-wivpom/providers/Microsoft.Storage/storageAccounts/asotestdesthiehck"}}}}'
    form: {}
    headers:
      Accept:
      - application/json
      Content-Length:
      - "307"
      Content-Type:
      - application/json
      Test-Request-Attempt:
      - "0"
    url: https://management.azure.com/subscriptions/00000000-0000-0000-0000-000000000000/resourceGroups/asotest-rg-wivpom/providers/Microsoft.EventGrid/domains/asotest-domain-hhrlbw/providers/Microsoft.EventGrid/eventSubscriptions/asotest-sub-phsdqj?api-version=2020-06-01
    method: PUT
  response:
    body: '{"properties":{"topic":"/subscriptions/00000000-0000-0000-0000-000000000000/resourceGroups/asotest-rg-wivpom/providers/microsoft.eventgrid/domains/asotest-domain-hhrlbw","provisioningState":"Creating","destination":{"properties":{"resourceId":"/subscriptions/00000000-0000-0000-0000-000000000000/resourceGroups/asotest-rg-wivpom/providers/Microsoft.Storage/storageAccounts/asotestdesthiehck","queueName":"asotest-dest-queue-pygufe"},"endpointType":"StorageQueue"},"filter":{"subjectBeginsWith":"","subjectEndsWith":""},"labels":null,"retryPolicy":{"maxDeliveryAttempts":30,"eventTimeToLiveInMinutes":1440}},"systemData":null,"id":"/subscriptions/00000000-0000-0000-0000-000000000000/resourceGroups/asotest-rg-wivpom/providers/Microsoft.EventGrid/domains/asotest-domain-hhrlbw/providers/Microsoft.EventGrid/eventSubscriptions/asotest-sub-phsdqj","name":"asotest-sub-phsdqj","type":"Microsoft.EventGrid/eventSubscriptions"}'
    headers:
      Azure-Asyncoperation:
      - https://management.azure.com/subscriptions/00000000-0000-0000-0000-000000000000/providers/Microsoft.EventGrid/locations/westus2/operationsStatus/7B02794F-D08A-428E-A805-8719D75FBB51?api-version=2020-06-01
      Cache-Control:
      - no-cache
      Content-Length:
      - "921"
      Content-Type:
      - application/json; charset=utf-8
      Expires:
      - "-1"
      Pragma:
      - no-cache
      Retry-After:
      - "10"
      Server:
      - Microsoft-HTTPAPI/2.0
      Strict-Transport-Security:
      - max-age=31536000; includeSubDomains
      X-Content-Type-Options:
      - nosniff
      X-Ms-Ratelimit-Remaining-Subscription-Resource-Requests:
      - "899"
    status: 201 Created
    code: 201
    duration: ""
- request:
    body: ""
    form: {}
    headers:
      Test-Request-Attempt:
      - "0"
    url: https://management.azure.com/subscriptions/00000000-0000-0000-0000-000000000000/providers/Microsoft.EventGrid/locations/westus2/operationsStatus/2CC0D17C-9895-4FFD-857F-EFD52D7495F3?api-version=2020-06-01
    method: GET
  response:
    body: '{"id":"https://management.azure.com/subscriptions/00000000-0000-0000-0000-000000000000/providers/Microsoft.EventGrid/locations/westus2/operationsStatus/2CC0D17C-9895-4FFD-857F-EFD52D7495F3?api-version=2020-06-01","name":"2cc0d17c-9895-4ffd-857f-efd52d7495f3","status":"Succeeded"}'
    headers:
      Cache-Control:
      - no-cache
      Content-Type:
      - application/json; charset=utf-8
      Expires:
      - "-1"
      Pragma:
      - no-cache
      Server:
      - Microsoft-HTTPAPI/2.0
      Strict-Transport-Security:
      - max-age=31536000; includeSubDomains
      Vary:
      - Accept-Encoding
      X-Content-Type-Options:
      - nosniff
    status: 200 OK
    code: 200
    duration: ""
- request:
    body: ""
    form: {}
    headers:
      Test-Request-Attempt:
      - "0"
    url: https://management.azure.com/subscriptions/00000000-0000-0000-0000-000000000000/providers/Microsoft.EventGrid/locations/westus2/operationsStatus/7B02794F-D08A-428E-A805-8719D75FBB51?api-version=2020-06-01
    method: GET
  response:
    body: '{"id":"https://management.azure.com/subscriptions/00000000-0000-0000-0000-000000000000/providers/Microsoft.EventGrid/locations/westus2/operationsStatus/7B02794F-D08A-428E-A805-8719D75FBB51?api-version=2020-06-01","name":"7b02794f-d08a-428e-a805-8719d75fbb51","status":"Succeeded"}'
    headers:
      Cache-Control:
      - no-cache
      Content-Type:
      - application/json; charset=utf-8
      Expires:
      - "-1"
      Pragma:
      - no-cache
      Server:
      - Microsoft-HTTPAPI/2.0
      Strict-Transport-Security:
      - max-age=31536000; includeSubDomains
      Vary:
      - Accept-Encoding
      X-Content-Type-Options:
      - nosniff
    status: 200 OK
    code: 200
    duration: ""
- request:
    body: ""
    form: {}
    headers:
      Test-Request-Attempt:
      - "0"
    url: https://management.azure.com/subscriptions/00000000-0000-0000-0000-000000000000/resourceGroups/asotest-rg-wivpom/providers/Microsoft.EventGrid/domains/asotest-domain-hhrlbw/topics/asotest-topic-sxmzyw?api-version=2020-06-01
    method: GET
  response:
    body: '{"properties":{"provisioningState":"Succeeded"},"systemData":null,"id":"/subscriptions/00000000-0000-0000-0000-000000000000/resourceGroups/asotest-rg-wivpom/providers/Microsoft.EventGrid/domains/asotest-domain-hhrlbw/topics/asotest-topic-sxmzyw","name":"asotest-topic-sxmzyw","type":"Microsoft.EventGrid/domains/topics"}'
    headers:
      Cache-Control:
      - no-cache
      Content-Type:
      - application/json; charset=utf-8
      Expires:
      - "-1"
      Pragma:
      - no-cache
      Server:
      - Microsoft-HTTPAPI/2.0
      Strict-Transport-Security:
      - max-age=31536000; includeSubDomains
      Vary:
      - Accept-Encoding
      X-Content-Type-Options:
      - nosniff
      X-Ms-Ratelimit-Remaining-Subscription-Resource-Requests:
      - "899"
    status: 200 OK
    code: 200
    duration: ""
- request:
    body: ""
    form: {}
    headers:
      Test-Request-Attempt:
      - "0"
    url: https://management.azure.com/subscriptions/00000000-0000-0000-0000-000000000000/resourceGroups/asotest-rg-wivpom/providers/Microsoft.EventGrid/domains/asotest-domain-hhrlbw/providers/Microsoft.EventGrid/eventSubscriptions/asotest-sub-phsdqj?api-version=2020-06-01
    method: GET
  response:
    body: '{"properties":{"topic":"/subscriptions/00000000-0000-0000-0000-000000000000/resourceGroups/asotest-rg-wivpom/providers/microsoft.eventgrid/domains/asotest-domain-hhrlbw","provisioningState":"Succeeded","destination":{"properties":{"resourceId":"/subscriptions/00000000-0000-0000-0000-000000000000/resourceGroups/asotest-rg-wivpom/providers/Microsoft.Storage/storageAccounts/asotestdesthiehck","queueName":"asotest-dest-queue-pygufe"},"endpointType":"StorageQueue"},"filter":{"subjectBeginsWith":"","subjectEndsWith":""},"labels":null,"eventDeliverySchema":"EventGridSchema","retryPolicy":{"maxDeliveryAttempts":30,"eventTimeToLiveInMinutes":1440}},"systemData":null,"id":"/subscriptions/00000000-0000-0000-0000-000000000000/resourceGroups/asotest-rg-wivpom/providers/Microsoft.EventGrid/domains/asotest-domain-hhrlbw/providers/Microsoft.EventGrid/eventSubscriptions/asotest-sub-phsdqj","name":"asotest-sub-phsdqj","type":"Microsoft.EventGrid/eventSubscriptions"}'
    headers:
      Cache-Control:
      - no-cache
      Content-Type:
      - application/json; charset=utf-8
      Expires:
      - "-1"
      Pragma:
      - no-cache
      Server:
      - Microsoft-HTTPAPI/2.0
      Strict-Transport-Security:
      - max-age=31536000; includeSubDomains
      Vary:
      - Accept-Encoding
      X-Content-Type-Options:
      - nosniff
    status: 200 OK
    code: 200
    duration: ""
- request:
    body: ""
    form: {}
    headers:
      Accept:
      - application/json
      Test-Request-Attempt:
      - "1"
    url: https://management.azure.com/subscriptions/00000000-0000-0000-0000-000000000000/resourceGroups/asotest-rg-wivpom/providers/Microsoft.EventGrid/domains/asotest-domain-hhrlbw/topics/asotest-topic-sxmzyw?api-version=2020-06-01
    method: GET
  response:
    body: '{"properties":{"provisioningState":"Succeeded"},"systemData":null,"id":"/subscriptions/00000000-0000-0000-0000-000000000000/resourceGroups/asotest-rg-wivpom/providers/Microsoft.EventGrid/domains/asotest-domain-hhrlbw/topics/asotest-topic-sxmzyw","name":"asotest-topic-sxmzyw","type":"Microsoft.EventGrid/domains/topics"}'
    headers:
      Cache-Control:
      - no-cache
      Content-Type:
      - application/json; charset=utf-8
      Expires:
      - "-1"
      Pragma:
      - no-cache
      Server:
      - Microsoft-HTTPAPI/2.0
      Strict-Transport-Security:
      - max-age=31536000; includeSubDomains
      Vary:
      - Accept-Encoding
      X-Content-Type-Options:
      - nosniff
      X-Ms-Ratelimit-Remaining-Subscription-Resource-Requests:
      - "898"
    status: 200 OK
    code: 200
    duration: ""
- request:
    body: ""
    form: {}
    headers:
      Accept:
      - application/json
      Test-Request-Attempt:
      - "1"
    url: https://management.azure.com/subscriptions/00000000-0000-0000-0000-000000000000/resourceGroups/asotest-rg-wivpom/providers/Microsoft.EventGrid/domains/asotest-domain-hhrlbw/providers/Microsoft.EventGrid/eventSubscriptions/asotest-sub-phsdqj?api-version=2020-06-01
    method: GET
  response:
    body: '{"properties":{"topic":"/subscriptions/00000000-0000-0000-0000-000000000000/resourceGroups/asotest-rg-wivpom/providers/microsoft.eventgrid/domains/asotest-domain-hhrlbw","provisioningState":"Succeeded","destination":{"properties":{"resourceId":"/subscriptions/00000000-0000-0000-0000-000000000000/resourceGroups/asotest-rg-wivpom/providers/Microsoft.Storage/storageAccounts/asotestdesthiehck","queueName":"asotest-dest-queue-pygufe"},"endpointType":"StorageQueue"},"filter":{"subjectBeginsWith":"","subjectEndsWith":""},"labels":null,"eventDeliverySchema":"EventGridSchema","retryPolicy":{"maxDeliveryAttempts":30,"eventTimeToLiveInMinutes":1440}},"systemData":null,"id":"/subscriptions/00000000-0000-0000-0000-000000000000/resourceGroups/asotest-rg-wivpom/providers/Microsoft.EventGrid/domains/asotest-domain-hhrlbw/providers/Microsoft.EventGrid/eventSubscriptions/asotest-sub-phsdqj","name":"asotest-sub-phsdqj","type":"Microsoft.EventGrid/eventSubscriptions"}'
    headers:
      Cache-Control:
      - no-cache
      Content-Type:
      - application/json; charset=utf-8
      Expires:
      - "-1"
      Pragma:
      - no-cache
      Server:
      - Microsoft-HTTPAPI/2.0
      Strict-Transport-Security:
      - max-age=31536000; includeSubDomains
      Vary:
      - Accept-Encoding
      X-Content-Type-Options:
      - nosniff
    status: 200 OK
    code: 200
    duration: ""
- request:
    body: '{"name":"asotest-sub-kfqaic","properties":{"destination":{"endpointType":"StorageQueue","properties":{"queueName":"asotest-dest-queue-pygufe","resourceId":"/subscriptions/00000000-0000-0000-0000-000000000000/resourceGroups/asotest-rg-wivpom/providers/Microsoft.Storage/storageAccounts/asotestdesthiehck"}}}}'
    form: {}
    headers:
      Accept:
      - application/json
      Content-Length:
      - "307"
      Content-Type:
      - application/json
      Test-Request-Attempt:
      - "0"
    url: https://management.azure.com/subscriptions/00000000-0000-0000-0000-000000000000/resourceGroups/asotest-rg-wivpom/providers/Microsoft.EventGrid/domains/asotest-domain-hhrlbw/topics/asotest-topic-sxmzyw/providers/Microsoft.EventGrid/eventSubscriptions/asotest-sub-kfqaic?api-version=2020-06-01
    method: PUT
  response:
    body: '{"properties":{"topic":"/subscriptions/00000000-0000-0000-0000-000000000000/resourceGroups/asotest-rg-wivpom/providers/microsoft.eventgrid/domains/asotest-domain-hhrlbw/topics/asotest-topic-sxmzyw","provisioningState":"Creating","destination":{"properties":{"resourceId":"/subscriptions/00000000-0000-0000-0000-000000000000/resourceGroups/asotest-rg-wivpom/providers/Microsoft.Storage/storageAccounts/asotestdesthiehck","queueName":"asotest-dest-queue-pygufe"},"endpointType":"StorageQueue"},"filter":{"subjectBeginsWith":"","subjectEndsWith":""},"labels":null,"retryPolicy":{"maxDeliveryAttempts":30,"eventTimeToLiveInMinutes":1440}},"systemData":null,"id":"/subscriptions/00000000-0000-0000-0000-000000000000/resourceGroups/asotest-rg-wivpom/providers/Microsoft.EventGrid/domains/asotest-domain-hhrlbw/topics/asotest-topic-sxmzyw/providers/Microsoft.EventGrid/eventSubscriptions/asotest-sub-kfqaic","name":"asotest-sub-kfqaic","type":"Microsoft.EventGrid/eventSubscriptions"}'
    headers:
      Azure-Asyncoperation:
      - https://management.azure.com/subscriptions/00000000-0000-0000-0000-000000000000/providers/Microsoft.EventGrid/locations/westus2/operationsStatus/AE69020A-E469-42B1-870E-2BFD3A025033?api-version=2020-06-01
      Cache-Control:
      - no-cache
      Content-Length:
      - "977"
      Content-Type:
      - application/json; charset=utf-8
      Expires:
      - "-1"
      Pragma:
      - no-cache
      Retry-After:
      - "10"
      Server:
      - Microsoft-HTTPAPI/2.0
      Strict-Transport-Security:
      - max-age=31536000; includeSubDomains
      X-Content-Type-Options:
      - nosniff
      X-Ms-Ratelimit-Remaining-Subscription-Resource-Requests:
      - "898"
    status: 201 Created
    code: 201
    duration: ""
- request:
    body: ""
    form: {}
    headers:
      Test-Request-Attempt:
      - "0"
    url: https://management.azure.com/subscriptions/00000000-0000-0000-0000-000000000000/providers/Microsoft.EventGrid/locations/westus2/operationsStatus/AE69020A-E469-42B1-870E-2BFD3A025033?api-version=2020-06-01
    method: GET
  response:
    body: '{"id":"https://management.azure.com/subscriptions/00000000-0000-0000-0000-000000000000/providers/Microsoft.EventGrid/locations/westus2/operationsStatus/AE69020A-E469-42B1-870E-2BFD3A025033?api-version=2020-06-01","name":"ae69020a-e469-42b1-870e-2bfd3a025033","status":"Succeeded"}'
    headers:
      Cache-Control:
      - no-cache
      Content-Type:
      - application/json; charset=utf-8
      Expires:
      - "-1"
      Pragma:
      - no-cache
      Server:
      - Microsoft-HTTPAPI/2.0
      Strict-Transport-Security:
      - max-age=31536000; includeSubDomains
      Vary:
      - Accept-Encoding
      X-Content-Type-Options:
      - nosniff
    status: 200 OK
    code: 200
    duration: ""
- request:
    body: ""
    form: {}
    headers:
      Test-Request-Attempt:
      - "0"
    url: https://management.azure.com/subscriptions/00000000-0000-0000-0000-000000000000/resourceGroups/asotest-rg-wivpom/providers/Microsoft.EventGrid/domains/asotest-domain-hhrlbw/topics/asotest-topic-sxmzyw/providers/Microsoft.EventGrid/eventSubscriptions/asotest-sub-kfqaic?api-version=2020-06-01
    method: GET
  response:
    body: '{"properties":{"topic":"/subscriptions/00000000-0000-0000-0000-000000000000/resourceGroups/asotest-rg-wivpom/providers/microsoft.eventgrid/domains/asotest-domain-hhrlbw/topics/asotest-topic-sxmzyw","provisioningState":"Succeeded","destination":{"properties":{"resourceId":"/subscriptions/00000000-0000-0000-0000-000000000000/resourceGroups/asotest-rg-wivpom/providers/Microsoft.Storage/storageAccounts/asotestdesthiehck","queueName":"asotest-dest-queue-pygufe"},"endpointType":"StorageQueue"},"filter":{"subjectBeginsWith":"","subjectEndsWith":""},"labels":null,"eventDeliverySchema":"EventGridSchema","retryPolicy":{"maxDeliveryAttempts":30,"eventTimeToLiveInMinutes":1440}},"systemData":null,"id":"/subscriptions/00000000-0000-0000-0000-000000000000/resourceGroups/asotest-rg-wivpom/providers/Microsoft.EventGrid/domains/asotest-domain-hhrlbw/topics/asotest-topic-sxmzyw/providers/Microsoft.EventGrid/eventSubscriptions/asotest-sub-kfqaic","name":"asotest-sub-kfqaic","type":"Microsoft.EventGrid/eventSubscriptions"}'
    headers:
      Cache-Control:
      - no-cache
      Content-Type:
      - application/json; charset=utf-8
      Expires:
      - "-1"
      Pragma:
      - no-cache
      Server:
      - Microsoft-HTTPAPI/2.0
      Strict-Transport-Security:
      - max-age=31536000; includeSubDomains
      Vary:
      - Accept-Encoding
      X-Content-Type-Options:
      - nosniff
    status: 200 OK
    code: 200
    duration: ""
- request:
    body: ""
    form: {}
    headers:
      Accept:
      - application/json
      Test-Request-Attempt:
      - "1"
    url: https://management.azure.com/subscriptions/00000000-0000-0000-0000-000000000000/resourceGroups/asotest-rg-wivpom/providers/Microsoft.EventGrid/domains/asotest-domain-hhrlbw/topics/asotest-topic-sxmzyw/providers/Microsoft.EventGrid/eventSubscriptions/asotest-sub-kfqaic?api-version=2020-06-01
    method: GET
  response:
    body: '{"properties":{"topic":"/subscriptions/00000000-0000-0000-0000-000000000000/resourceGroups/asotest-rg-wivpom/providers/microsoft.eventgrid/domains/asotest-domain-hhrlbw/topics/asotest-topic-sxmzyw","provisioningState":"Succeeded","destination":{"properties":{"resourceId":"/subscriptions/00000000-0000-0000-0000-000000000000/resourceGroups/asotest-rg-wivpom/providers/Microsoft.Storage/storageAccounts/asotestdesthiehck","queueName":"asotest-dest-queue-pygufe"},"endpointType":"StorageQueue"},"filter":{"subjectBeginsWith":"","subjectEndsWith":""},"labels":null,"eventDeliverySchema":"EventGridSchema","retryPolicy":{"maxDeliveryAttempts":30,"eventTimeToLiveInMinutes":1440}},"systemData":null,"id":"/subscriptions/00000000-0000-0000-0000-000000000000/resourceGroups/asotest-rg-wivpom/providers/Microsoft.EventGrid/domains/asotest-domain-hhrlbw/topics/asotest-topic-sxmzyw/providers/Microsoft.EventGrid/eventSubscriptions/asotest-sub-kfqaic","name":"asotest-sub-kfqaic","type":"Microsoft.EventGrid/eventSubscriptions"}'
    headers:
      Cache-Control:
      - no-cache
      Content-Type:
      - application/json; charset=utf-8
      Expires:
      - "-1"
      Pragma:
      - no-cache
      Server:
      - Microsoft-HTTPAPI/2.0
      Strict-Transport-Security:
      - max-age=31536000; includeSubDomains
      Vary:
      - Accept-Encoding
      X-Content-Type-Options:
      - nosniff
    status: 200 OK
    code: 200
    duration: ""
- request:
    body: ""
    form: {}
    headers:
      Accept:
      - application/json
      Test-Request-Attempt:
      - "0"
    url: https://management.azure.com/subscriptions/00000000-0000-0000-0000-000000000000/resourceGroups/asotest-rg-wivpom/providers/Microsoft.EventGrid/domains/asotest-domain-hhrlbw?api-version=2020-06-01
    method: DELETE
  response:
    body: ""
    headers:
      Azure-Asyncoperation:
      - https://management.azure.com/subscriptions/00000000-0000-0000-0000-000000000000/providers/Microsoft.EventGrid/locations/westus2/operationsStatus/F157C2B5-8FA6-4B44-9333-DE3471541337?api-version=2020-06-01
      Cache-Control:
      - no-cache
      Content-Length:
      - "0"
      Expires:
      - "-1"
      Location:
      - https://management.azure.com/subscriptions/00000000-0000-0000-0000-000000000000/providers/Microsoft.EventGrid/locations/westus2/operationResults/F157C2B5-8FA6-4B44-9333-DE3471541337?api-version=2020-06-01
      Pragma:
      - no-cache
      Retry-After:
      - "10"
      Server:
      - Microsoft-HTTPAPI/2.0
      Strict-Transport-Security:
      - max-age=31536000; includeSubDomains
      X-Content-Type-Options:
      - nosniff
    status: 202 Accepted
    code: 202
    duration: ""
- request:
    body: ""
    form: {}
    headers:
      Test-Request-Attempt:
      - "0"
    url: https://management.azure.com/subscriptions/00000000-0000-0000-0000-000000000000/providers/Microsoft.EventGrid/locations/westus2/operationsStatus/F157C2B5-8FA6-4B44-9333-DE3471541337?api-version=2020-06-01
    method: GET
  response:
    body: '{"id":"https://management.azure.com/subscriptions/00000000-0000-0000-0000-000000000000/providers/Microsoft.EventGrid/locations/westus2/operationsStatus/F157C2B5-8FA6-4B44-9333-DE3471541337?api-version=2020-06-01","name":"f157c2b5-8fa6-4b44-9333-de3471541337","status":"Succeeded"}'
    headers:
      Cache-Control:
      - no-cache
      Content-Type:
      - application/json; charset=utf-8
      Expires:
      - "-1"
      Pragma:
      - no-cache
      Server:
      - Microsoft-HTTPAPI/2.0
      Strict-Transport-Security:
      - max-age=31536000; includeSubDomains
      Vary:
      - Accept-Encoding
      X-Content-Type-Options:
      - nosniff
    status: 200 OK
    code: 200
    duration: ""
- request:
    body: ""
    form: {}
    headers:
      Accept:
      - application/json
      Test-Request-Attempt:
      - "2"
    url: https://management.azure.com/subscriptions/00000000-0000-0000-0000-000000000000/resourceGroups/asotest-rg-wivpom/providers/Microsoft.EventGrid/domains/asotest-domain-hhrlbw?api-version=2020-06-01
    method: GET
  response:
    body: '{"error":{"code":"ResourceNotFound","message":"The Resource ''Microsoft.EventGrid/domains/asotest-domain-hhrlbw''
      under resource group ''asotest-rg-wivpom'' was not found. For more details please
      go to https://aka.ms/ARMResourceNotFoundFix"}}'
    headers:
      Cache-Control:
      - no-cache
      Content-Length:
      - "238"
      Content-Type:
      - application/json; charset=utf-8
      Expires:
      - "-1"
      Pragma:
      - no-cache
      Strict-Transport-Security:
      - max-age=31536000; includeSubDomains
      X-Content-Type-Options:
      - nosniff
      X-Ms-Failure-Cause:
      - gateway
    status: 404 Not Found
    code: 404
    duration: ""
- request:
    body: ""
    form: {}
    headers:
      Accept:
      - application/json
      Test-Request-Attempt:
      - "0"
    url: https://management.azure.com/subscriptions/00000000-0000-0000-0000-000000000000/resourceGroups/asotest-rg-wivpom?api-version=2020-06-01
    method: DELETE
  response:
    body: ""
    headers:
      Cache-Control:
      - no-cache
      Content-Length:
      - "0"
      Expires:
      - "-1"
      Location:
      - https://management.azure.com/subscriptions/00000000-0000-0000-0000-000000000000/operationresults/eyJqb2JJZCI6IlJFU09VUkNFR1JPVVBERUxFVElPTkpPQi1BU09URVNUOjJEUkc6MkRXSVZQT00tV0VTVFVTMiIsImpvYkxvY2F0aW9uIjoid2VzdHVzMiJ9?api-version=2020-06-01
      Pragma:
      - no-cache
      Retry-After:
      - "15"
      Strict-Transport-Security:
      - max-age=31536000; includeSubDomains
      X-Content-Type-Options:
      - nosniff
    status: 202 Accepted
    code: 202
    duration: ""
- request:
    body: ""
    form: {}
    headers:
      Test-Request-Attempt:
      - "0"
    url: https://management.azure.com/subscriptions/00000000-0000-0000-0000-000000000000/operationresults/eyJqb2JJZCI6IlJFU09VUkNFR1JPVVBERUxFVElPTkpPQi1BU09URVNUOjJEUkc6MkRXSVZQT00tV0VTVFVTMiIsImpvYkxvY2F0aW9uIjoid2VzdHVzMiJ9?api-version=2020-06-01
    method: GET
  response:
    body: ""
    headers:
      Cache-Control:
      - no-cache
      Content-Length:
      - "0"
      Expires:
      - "-1"
      Location:
      - https://management.azure.com/subscriptions/00000000-0000-0000-0000-000000000000/operationresults/eyJqb2JJZCI6IlJFU09VUkNFR1JPVVBERUxFVElPTkpPQi1BU09URVNUOjJEUkc6MkRXSVZQT00tV0VTVFVTMiIsImpvYkxvY2F0aW9uIjoid2VzdHVzMiJ9?api-version=2020-06-01
      Pragma:
      - no-cache
      Retry-After:
      - "15"
      Strict-Transport-Security:
      - max-age=31536000; includeSubDomains
      X-Content-Type-Options:
      - nosniff
    status: 202 Accepted
    code: 202
    duration: ""
- request:
    body: ""
    form: {}
    headers:
      Test-Request-Attempt:
      - "1"
    url: https://management.azure.com/subscriptions/00000000-0000-0000-0000-000000000000/operationresults/eyJqb2JJZCI6IlJFU09VUkNFR1JPVVBERUxFVElPTkpPQi1BU09URVNUOjJEUkc6MkRXSVZQT00tV0VTVFVTMiIsImpvYkxvY2F0aW9uIjoid2VzdHVzMiJ9?api-version=2020-06-01
    method: GET
  response:
    body: ""
    headers:
      Cache-Control:
      - no-cache
      Content-Length:
      - "0"
      Expires:
      - "-1"
      Location:
      - https://management.azure.com/subscriptions/00000000-0000-0000-0000-000000000000/operationresults/eyJqb2JJZCI6IlJFU09VUkNFR1JPVVBERUxFVElPTkpPQi1BU09URVNUOjJEUkc6MkRXSVZQT00tV0VTVFVTMiIsImpvYkxvY2F0aW9uIjoid2VzdHVzMiJ9?api-version=2020-06-01
      Pragma:
      - no-cache
      Retry-After:
      - "15"
      Strict-Transport-Security:
      - max-age=31536000; includeSubDomains
      X-Content-Type-Options:
      - nosniff
    status: 202 Accepted
    code: 202
    duration: ""
- request:
    body: ""
    form: {}
    headers:
      Test-Request-Attempt:
      - "2"
    url: https://management.azure.com/subscriptions/00000000-0000-0000-0000-000000000000/operationresults/eyJqb2JJZCI6IlJFU09VUkNFR1JPVVBERUxFVElPTkpPQi1BU09URVNUOjJEUkc6MkRXSVZQT00tV0VTVFVTMiIsImpvYkxvY2F0aW9uIjoid2VzdHVzMiJ9?api-version=2020-06-01
    method: GET
  response:
    body: ""
    headers:
      Cache-Control:
      - no-cache
      Content-Length:
      - "0"
      Expires:
      - "-1"
      Location:
      - https://management.azure.com/subscriptions/00000000-0000-0000-0000-000000000000/operationresults/eyJqb2JJZCI6IlJFU09VUkNFR1JPVVBERUxFVElPTkpPQi1BU09URVNUOjJEUkc6MkRXSVZQT00tV0VTVFVTMiIsImpvYkxvY2F0aW9uIjoid2VzdHVzMiJ9?api-version=2020-06-01
      Pragma:
      - no-cache
      Retry-After:
      - "15"
      Strict-Transport-Security:
      - max-age=31536000; includeSubDomains
      X-Content-Type-Options:
      - nosniff
    status: 202 Accepted
    code: 202
    duration: ""
- request:
    body: ""
    form: {}
    headers:
      Test-Request-Attempt:
      - "3"
    url: https://management.azure.com/subscriptions/00000000-0000-0000-0000-000000000000/operationresults/eyJqb2JJZCI6IlJFU09VUkNFR1JPVVBERUxFVElPTkpPQi1BU09URVNUOjJEUkc6MkRXSVZQT00tV0VTVFVTMiIsImpvYkxvY2F0aW9uIjoid2VzdHVzMiJ9?api-version=2020-06-01
    method: GET
  response:
    body: ""
    headers:
      Cache-Control:
      - no-cache
      Content-Length:
      - "0"
      Expires:
      - "-1"
      Pragma:
      - no-cache
      Strict-Transport-Security:
      - max-age=31536000; includeSubDomains
      X-Content-Type-Options:
      - nosniff
    status: 200 OK
    code: 200
    duration: ""
