---
version: 1
interactions:
- request:
    body: '{"name":"asotest-rg-kxcndt","location":"westus2","tags":{"CreatedAt":"2001-02-03T04:05:06Z"}}'
    form: {}
    headers:
      Accept:
      - application/json
      Content-Length:
      - "93"
      Content-Type:
      - application/json
      Test-Request-Attempt:
      - "0"
    url: https://management.azure.com/subscriptions/00000000-0000-0000-0000-000000000000/resourceGroups/asotest-rg-kxcndt?api-version=2020-06-01
    method: PUT
  response:
    body: '{"id":"/subscriptions/00000000-0000-0000-0000-000000000000/resourceGroups/asotest-rg-kxcndt","name":"asotest-rg-kxcndt","type":"Microsoft.Resources/resourceGroups","location":"westus2","tags":{"CreatedAt":"2001-02-03T04:05:06Z"},"properties":{"provisioningState":"Succeeded"}}'
    headers:
      Cache-Control:
      - no-cache
      Content-Length:
      - "276"
      Content-Type:
      - application/json; charset=utf-8
      Expires:
      - "-1"
      Pragma:
      - no-cache
      Strict-Transport-Security:
      - max-age=31536000; includeSubDomains
      X-Content-Type-Options:
      - nosniff
    status: 201 Created
    code: 201
    duration: ""
- request:
    body: ""
    form: {}
    headers:
      Accept:
      - application/json
      Test-Request-Attempt:
      - "0"
    url: https://management.azure.com/subscriptions/00000000-0000-0000-0000-000000000000/resourceGroups/asotest-rg-kxcndt?api-version=2020-06-01
    method: GET
  response:
    body: '{"id":"/subscriptions/00000000-0000-0000-0000-000000000000/resourceGroups/asotest-rg-kxcndt","name":"asotest-rg-kxcndt","type":"Microsoft.Resources/resourceGroups","location":"westus2","tags":{"CreatedAt":"2001-02-03T04:05:06Z"},"properties":{"provisioningState":"Succeeded"}}'
    headers:
      Cache-Control:
      - no-cache
      Content-Type:
      - application/json; charset=utf-8
      Expires:
      - "-1"
      Pragma:
      - no-cache
      Strict-Transport-Security:
      - max-age=31536000; includeSubDomains
      Vary:
      - Accept-Encoding
      X-Content-Type-Options:
      - nosniff
    status: 200 OK
    code: 200
    duration: ""
- request:
    body: ""
    form: {}
    headers:
      Accept:
      - application/json
      Test-Request-Attempt:
      - "0"
    url: https://management.azure.com/subscriptions/00000000-0000-0000-0000-000000000000/resourceGroups/asotest-rg-kxcndt/providers/Microsoft.ContainerService/managedClusters/asotest-mc-dlzkpe?api-version=2021-05-01
    method: GET
  response:
    body: '{"error":{"code":"ResourceNotFound","message":"The Resource ''Microsoft.ContainerService/managedClusters/asotest-mc-dlzkpe''
      under resource group ''asotest-rg-kxcndt'' was not found. For more details please
      go to https://aka.ms/ARMResourceNotFoundFix"}}'
    headers:
      Cache-Control:
      - no-cache
      Content-Length:
      - "249"
      Content-Type:
      - application/json; charset=utf-8
      Expires:
      - "-1"
      Pragma:
      - no-cache
      Strict-Transport-Security:
      - max-age=31536000; includeSubDomains
      X-Content-Type-Options:
      - nosniff
      X-Ms-Failure-Cause:
      - gateway
    status: 404 Not Found
    code: 404
    duration: ""
- request:
    body: '{"identity":{"type":"SystemAssigned"},"location":"westus3","name":"asotest-mc-dlzkpe","properties":{"agentPoolProfiles":[{"count":1,"mode":"System","name":"ap1","osType":"Linux","vmSize":"Standard_DS2_v2"}],"dnsPrefix":"aso","linuxProfile":{"adminUsername":"adminUser","ssh":{"publicKeys":[{"keyData":"ssh-rsa
      {KEY}\n"}]}}}}'
    form: {}
    headers:
      Accept:
      - application/json
      Content-Length:
      - "691"
      Content-Type:
      - application/json
      Test-Request-Attempt:
      - "0"
    url: https://management.azure.com/subscriptions/00000000-0000-0000-0000-000000000000/resourceGroups/asotest-rg-kxcndt/providers/Microsoft.ContainerService/managedClusters/asotest-mc-dlzkpe?api-version=2021-05-01
    method: PUT
  response:
    body: |-
      {
        "id": "/subscriptions/00000000-0000-0000-0000-000000000000/resourcegroups/asotest-rg-kxcndt/providers/Microsoft.ContainerService/managedClusters/asotest-mc-dlzkpe",
        "location": "westus3",
        "name": "asotest-mc-dlzkpe",
        "type": "Microsoft.ContainerService/ManagedClusters",
        "properties": {
         "provisioningState": "Creating",
         "powerState": {
          "code": "Running"
         },
         "kubernetesVersion": "1.24.6",
         "dnsPrefix": "aso",
         "fqdn": "aso-4034333b.hcp.westus3.azmk8s.io",
         "azurePortalFQDN": "aso-4034333b.portal.hcp.westus3.azmk8s.io",
         "agentPoolProfiles": [
          {
           "name": "ap1",
           "count": 1,
           "vmSize": "Standard_DS2_v2",
           "osDiskSizeGB": 128,
           "osDiskType": "Managed",
           "kubeletDiskType": "OS",
           "maxPods": 110,
           "type": "VirtualMachineScaleSets",
           "provisioningState": "Creating",
           "powerState": {
            "code": "Running"
           },
           "orchestratorVersion": "1.24.6",
           "mode": "System",
           "osType": "Linux",
           "osSKU": "Ubuntu",
           "nodeImageVersion": "AKSUbuntu-1804gen2containerd-2022.12.19",
           "enableFIPS": false
          }
         ],
         "linuxProfile": {
          "adminUsername": "adminUser",
          "ssh": {
           "publicKeys": [
            {
             "keyData": "ssh-rsa {KEY}\n"
            }
           ]
          }
         },
         "servicePrincipalProfile": {
          "clientId": "msi"
         },
         "nodeResourceGroup": "MC_asotest-rg-kxcndt_asotest-mc-dlzkpe_westus3",
         "enableRBAC": true,
         "networkProfile": {
          "networkPlugin": "kubenet",
          "loadBalancerSku": "standard",
          "loadBalancerProfile": {
           "managedOutboundIPs": {
            "count": 1
           }
          },
          "podCidr": "10.244.0.0/16",
          "serviceCidr": "10.0.0.0/16",
          "dnsServiceIP": "10.0.0.10",
          "dockerBridgeCidr": "172.17.0.1/16",
          "outboundType": "loadBalancer"
         },
         "maxAgentPools": 100
        },
        "identity": {
         "type": "SystemAssigned",
         "principalId": "c90c4ffd-29cc-4aea-8fb3-3020a46d58ab",
         "tenantId": "00000000-0000-0000-0000-000000000000"
        },
        "sku": {
         "name": "Basic",
         "tier": "Free"
        }
       }
    headers:
      Azure-Asyncoperation:
      - https://management.azure.com/subscriptions/00000000-0000-0000-0000-000000000000/providers/Microsoft.ContainerService/locations/westus3/operations/bbb3edbb-a03f-4ac8-8bf5-f8bc31de916c?api-version=2016-03-30
      Cache-Control:
      - no-cache
      Content-Length:
      - "2400"
      Content-Type:
      - application/json
      Expires:
      - "-1"
      Pragma:
      - no-cache
      Server:
      - nginx
      Strict-Transport-Security:
      - max-age=31536000; includeSubDomains
      X-Content-Type-Options:
      - nosniff
    status: 201 Created
    code: 201
    duration: ""
- request:
    body: ""
    form: {}
    headers:
      Test-Request-Attempt:
      - "0"
    url: https://management.azure.com/subscriptions/00000000-0000-0000-0000-000000000000/providers/Microsoft.ContainerService/locations/westus3/operations/bbb3edbb-a03f-4ac8-8bf5-f8bc31de916c?api-version=2016-03-30
    method: GET
  response:
    body: |-
      {
        "name": "bbedb3bb-3fa0-c84a-8bf5-f8bc31de916c",
        "status": "InProgress",
        "startTime": "2001-02-03T04:05:06Z"
       }
    headers:
      Cache-Control:
      - no-cache
      Content-Type:
      - application/json
      Expires:
      - "-1"
      Pragma:
      - no-cache
      Server:
      - nginx
      Strict-Transport-Security:
      - max-age=31536000; includeSubDomains
      Vary:
      - Accept-Encoding
      X-Content-Type-Options:
      - nosniff
    status: 200 OK
    code: 200
    duration: ""
- request:
    body: ""
    form: {}
    headers:
      Test-Request-Attempt:
      - "1"
    url: https://management.azure.com/subscriptions/00000000-0000-0000-0000-000000000000/providers/Microsoft.ContainerService/locations/westus3/operations/bbb3edbb-a03f-4ac8-8bf5-f8bc31de916c?api-version=2016-03-30
    method: GET
  response:
    body: |-
      {
        "name": "bbedb3bb-3fa0-c84a-8bf5-f8bc31de916c",
        "status": "InProgress",
        "startTime": "2001-02-03T04:05:06Z"
       }
    headers:
      Cache-Control:
      - no-cache
      Content-Type:
      - application/json
      Expires:
      - "-1"
      Pragma:
      - no-cache
      Server:
      - nginx
      Strict-Transport-Security:
      - max-age=31536000; includeSubDomains
      Vary:
      - Accept-Encoding
      X-Content-Type-Options:
      - nosniff
    status: 200 OK
    code: 200
    duration: ""
- request:
    body: ""
    form: {}
    headers:
      Test-Request-Attempt:
      - "2"
    url: https://management.azure.com/subscriptions/00000000-0000-0000-0000-000000000000/providers/Microsoft.ContainerService/locations/westus3/operations/bbb3edbb-a03f-4ac8-8bf5-f8bc31de916c?api-version=2016-03-30
    method: GET
  response:
    body: |-
      {
        "name": "bbedb3bb-3fa0-c84a-8bf5-f8bc31de916c",
        "status": "InProgress",
        "startTime": "2001-02-03T04:05:06Z"
       }
    headers:
      Cache-Control:
      - no-cache
      Content-Type:
      - application/json
      Expires:
      - "-1"
      Pragma:
      - no-cache
      Server:
      - nginx
      Strict-Transport-Security:
      - max-age=31536000; includeSubDomains
      Vary:
      - Accept-Encoding
      X-Content-Type-Options:
      - nosniff
    status: 200 OK
    code: 200
    duration: ""
- request:
    body: ""
    form: {}
    headers:
      Test-Request-Attempt:
      - "3"
    url: https://management.azure.com/subscriptions/00000000-0000-0000-0000-000000000000/providers/Microsoft.ContainerService/locations/westus3/operations/bbb3edbb-a03f-4ac8-8bf5-f8bc31de916c?api-version=2016-03-30
    method: GET
  response:
    body: |-
      {
        "name": "bbedb3bb-3fa0-c84a-8bf5-f8bc31de916c",
        "status": "InProgress",
        "startTime": "2001-02-03T04:05:06Z"
       }
    headers:
      Cache-Control:
      - no-cache
      Content-Type:
      - application/json
      Expires:
      - "-1"
      Pragma:
      - no-cache
      Server:
      - nginx
      Strict-Transport-Security:
      - max-age=31536000; includeSubDomains
      Vary:
      - Accept-Encoding
      X-Content-Type-Options:
      - nosniff
    status: 200 OK
    code: 200
    duration: ""
- request:
    body: ""
    form: {}
    headers:
      Test-Request-Attempt:
      - "4"
    url: https://management.azure.com/subscriptions/00000000-0000-0000-0000-000000000000/providers/Microsoft.ContainerService/locations/westus3/operations/bbb3edbb-a03f-4ac8-8bf5-f8bc31de916c?api-version=2016-03-30
    method: GET
  response:
    body: |-
      {
        "name": "bbedb3bb-3fa0-c84a-8bf5-f8bc31de916c",
        "status": "InProgress",
        "startTime": "2001-02-03T04:05:06Z"
       }
    headers:
      Cache-Control:
      - no-cache
      Content-Type:
      - application/json
      Expires:
      - "-1"
      Pragma:
      - no-cache
      Server:
      - nginx
      Strict-Transport-Security:
      - max-age=31536000; includeSubDomains
      Vary:
      - Accept-Encoding
      X-Content-Type-Options:
      - nosniff
    status: 200 OK
    code: 200
    duration: ""
- request:
    body: ""
    form: {}
    headers:
      Test-Request-Attempt:
      - "5"
    url: https://management.azure.com/subscriptions/00000000-0000-0000-0000-000000000000/providers/Microsoft.ContainerService/locations/westus3/operations/bbb3edbb-a03f-4ac8-8bf5-f8bc31de916c?api-version=2016-03-30
    method: GET
  response:
    body: |-
      {
        "name": "bbedb3bb-3fa0-c84a-8bf5-f8bc31de916c",
        "status": "InProgress",
        "startTime": "2001-02-03T04:05:06Z"
       }
    headers:
      Cache-Control:
      - no-cache
      Content-Type:
      - application/json
      Expires:
      - "-1"
      Pragma:
      - no-cache
      Server:
      - nginx
      Strict-Transport-Security:
      - max-age=31536000; includeSubDomains
      Vary:
      - Accept-Encoding
      X-Content-Type-Options:
      - nosniff
    status: 200 OK
    code: 200
    duration: ""
- request:
    body: ""
    form: {}
    headers:
      Test-Request-Attempt:
      - "6"
    url: https://management.azure.com/subscriptions/00000000-0000-0000-0000-000000000000/providers/Microsoft.ContainerService/locations/westus3/operations/bbb3edbb-a03f-4ac8-8bf5-f8bc31de916c?api-version=2016-03-30
    method: GET
  response:
    body: |-
      {
        "name": "bbedb3bb-3fa0-c84a-8bf5-f8bc31de916c",
        "status": "InProgress",
        "startTime": "2001-02-03T04:05:06Z"
       }
    headers:
      Cache-Control:
      - no-cache
      Content-Type:
      - application/json
      Expires:
      - "-1"
      Pragma:
      - no-cache
      Server:
      - nginx
      Strict-Transport-Security:
      - max-age=31536000; includeSubDomains
      Vary:
      - Accept-Encoding
      X-Content-Type-Options:
      - nosniff
    status: 200 OK
    code: 200
    duration: ""
- request:
    body: ""
    form: {}
    headers:
      Test-Request-Attempt:
      - "7"
    url: https://management.azure.com/subscriptions/00000000-0000-0000-0000-000000000000/providers/Microsoft.ContainerService/locations/westus3/operations/bbb3edbb-a03f-4ac8-8bf5-f8bc31de916c?api-version=2016-03-30
    method: GET
  response:
    body: |-
      {
        "name": "bbedb3bb-3fa0-c84a-8bf5-f8bc31de916c",
        "status": "InProgress",
        "startTime": "2001-02-03T04:05:06Z"
       }
    headers:
      Cache-Control:
      - no-cache
      Content-Type:
      - application/json
      Expires:
      - "-1"
      Pragma:
      - no-cache
      Server:
      - nginx
      Strict-Transport-Security:
      - max-age=31536000; includeSubDomains
      Vary:
      - Accept-Encoding
      X-Content-Type-Options:
      - nosniff
    status: 200 OK
    code: 200
    duration: ""
- request:
    body: ""
    form: {}
    headers:
      Test-Request-Attempt:
      - "8"
    url: https://management.azure.com/subscriptions/00000000-0000-0000-0000-000000000000/providers/Microsoft.ContainerService/locations/westus3/operations/bbb3edbb-a03f-4ac8-8bf5-f8bc31de916c?api-version=2016-03-30
    method: GET
  response:
    body: |-
      {
        "name": "bbedb3bb-3fa0-c84a-8bf5-f8bc31de916c",
        "status": "InProgress",
        "startTime": "2001-02-03T04:05:06Z"
       }
    headers:
      Cache-Control:
      - no-cache
      Content-Type:
      - application/json
      Expires:
      - "-1"
      Pragma:
      - no-cache
      Server:
      - nginx
      Strict-Transport-Security:
      - max-age=31536000; includeSubDomains
      Vary:
      - Accept-Encoding
      X-Content-Type-Options:
      - nosniff
    status: 200 OK
    code: 200
    duration: ""
- request:
    body: ""
    form: {}
    headers:
      Test-Request-Attempt:
      - "9"
    url: https://management.azure.com/subscriptions/00000000-0000-0000-0000-000000000000/providers/Microsoft.ContainerService/locations/westus3/operations/bbb3edbb-a03f-4ac8-8bf5-f8bc31de916c?api-version=2016-03-30
    method: GET
  response:
    body: |-
      {
        "name": "bbedb3bb-3fa0-c84a-8bf5-f8bc31de916c",
        "status": "Succeeded",
        "startTime": "2001-02-03T04:05:06Z",
        "endTime": "2001-02-03T04:05:06Z"
       }
    headers:
      Cache-Control:
      - no-cache
      Content-Type:
      - application/json
      Expires:
      - "-1"
      Pragma:
      - no-cache
      Server:
      - nginx
      Strict-Transport-Security:
      - max-age=31536000; includeSubDomains
      Vary:
      - Accept-Encoding
      X-Content-Type-Options:
      - nosniff
    status: 200 OK
    code: 200
    duration: ""
- request:
    body: ""
    form: {}
    headers:
      Test-Request-Attempt:
      - "1"
    url: https://management.azure.com/subscriptions/00000000-0000-0000-0000-000000000000/resourceGroups/asotest-rg-kxcndt/providers/Microsoft.ContainerService/managedClusters/asotest-mc-dlzkpe?api-version=2021-05-01
    method: GET
  response:
    body: |-
      {
        "id": "/subscriptions/00000000-0000-0000-0000-000000000000/resourcegroups/asotest-rg-kxcndt/providers/Microsoft.ContainerService/managedClusters/asotest-mc-dlzkpe",
        "location": "westus3",
        "name": "asotest-mc-dlzkpe",
        "type": "Microsoft.ContainerService/ManagedClusters",
        "properties": {
         "provisioningState": "Succeeded",
         "powerState": {
          "code": "Running"
         },
         "kubernetesVersion": "1.24.6",
         "dnsPrefix": "aso",
         "fqdn": "aso-4034333b.hcp.westus3.azmk8s.io",
         "azurePortalFQDN": "aso-4034333b.portal.hcp.westus3.azmk8s.io",
         "agentPoolProfiles": [
          {
           "name": "ap1",
           "count": 1,
           "vmSize": "Standard_DS2_v2",
           "osDiskSizeGB": 128,
           "osDiskType": "Managed",
           "kubeletDiskType": "OS",
           "maxPods": 110,
           "type": "VirtualMachineScaleSets",
           "provisioningState": "Succeeded",
           "powerState": {
            "code": "Running"
           },
           "orchestratorVersion": "1.24.6",
           "mode": "System",
           "osType": "Linux",
           "osSKU": "Ubuntu",
           "nodeImageVersion": "AKSUbuntu-1804gen2containerd-2022.12.19",
           "enableFIPS": false
          }
         ],
         "linuxProfile": {
          "adminUsername": "adminUser",
          "ssh": {
           "publicKeys": [
            {
             "keyData": "ssh-rsa {KEY}\n"
            }
           ]
          }
         },
         "servicePrincipalProfile": {
          "clientId": "msi"
         },
         "nodeResourceGroup": "MC_asotest-rg-kxcndt_asotest-mc-dlzkpe_westus3",
         "enableRBAC": true,
         "networkProfile": {
          "networkPlugin": "kubenet",
          "loadBalancerSku": "Standard",
          "loadBalancerProfile": {
           "managedOutboundIPs": {
            "count": 1
           },
           "effectiveOutboundIPs": [
            {
             "id": "/subscriptions/00000000-0000-0000-0000-000000000000/resourceGroups/MC_asotest-rg-kxcndt_asotest-mc-dlzkpe_westus3/providers/Microsoft.Network/publicIPAddresses/f8a3ca38-f555-46da-a05a-76525fee6e1d"
            }
           ]
          },
          "podCidr": "10.244.0.0/16",
          "serviceCidr": "10.0.0.0/16",
          "dnsServiceIP": "10.0.0.10",
          "dockerBridgeCidr": "172.17.0.1/16",
          "outboundType": "loadBalancer"
         },
         "maxAgentPools": 100,
         "identityProfile": {
          "kubeletidentity": {
           "resourceId": "/subscriptions/00000000-0000-0000-0000-000000000000/resourcegroups/MC_asotest-rg-kxcndt_asotest-mc-dlzkpe_westus3/providers/Microsoft.ManagedIdentity/userAssignedIdentities/asotest-mc-dlzkpe-agentpool",
           "clientId": "50f70507-d53f-4d8f-83a7-fb97086c2da8",
           "objectId": "369cec5d-2a7e-4bbb-89db-8b145d28c92d"
          }
         }
        },
        "identity": {
         "type": "SystemAssigned",
         "principalId": "c90c4ffd-29cc-4aea-8fb3-3020a46d58ab",
         "tenantId": "00000000-0000-0000-0000-000000000000"
        },
        "sku": {
         "name": "Basic",
         "tier": "Free"
        }
       }
    headers:
      Cache-Control:
      - no-cache
      Content-Type:
      - application/json
      Expires:
      - "-1"
      Pragma:
      - no-cache
      Server:
      - nginx
      Strict-Transport-Security:
      - max-age=31536000; includeSubDomains
      Vary:
      - Accept-Encoding
      X-Content-Type-Options:
      - nosniff
    status: 200 OK
    code: 200
    duration: ""
- request:
    body: ""
    form: {}
    headers:
      Accept:
      - application/json
      Test-Request-Attempt:
      - "2"
    url: https://management.azure.com/subscriptions/00000000-0000-0000-0000-000000000000/resourceGroups/asotest-rg-kxcndt/providers/Microsoft.ContainerService/managedClusters/asotest-mc-dlzkpe?api-version=2021-05-01
    method: GET
  response:
    body: |-
      {
        "id": "/subscriptions/00000000-0000-0000-0000-000000000000/resourcegroups/asotest-rg-kxcndt/providers/Microsoft.ContainerService/managedClusters/asotest-mc-dlzkpe",
        "location": "westus3",
        "name": "asotest-mc-dlzkpe",
        "type": "Microsoft.ContainerService/ManagedClusters",
        "properties": {
         "provisioningState": "Succeeded",
         "powerState": {
          "code": "Running"
         },
         "kubernetesVersion": "1.24.6",
         "dnsPrefix": "aso",
         "fqdn": "aso-4034333b.hcp.westus3.azmk8s.io",
         "azurePortalFQDN": "aso-4034333b.portal.hcp.westus3.azmk8s.io",
         "agentPoolProfiles": [
          {
           "name": "ap1",
           "count": 1,
           "vmSize": "Standard_DS2_v2",
           "osDiskSizeGB": 128,
           "osDiskType": "Managed",
           "kubeletDiskType": "OS",
           "maxPods": 110,
           "type": "VirtualMachineScaleSets",
           "provisioningState": "Succeeded",
           "powerState": {
            "code": "Running"
           },
           "orchestratorVersion": "1.24.6",
           "mode": "System",
           "osType": "Linux",
           "osSKU": "Ubuntu",
           "nodeImageVersion": "AKSUbuntu-1804gen2containerd-2022.12.19",
           "enableFIPS": false
          }
         ],
         "linuxProfile": {
          "adminUsername": "adminUser",
          "ssh": {
           "publicKeys": [
            {
             "keyData": "ssh-rsa {KEY}\n"
            }
           ]
          }
         },
         "servicePrincipalProfile": {
          "clientId": "msi"
         },
         "nodeResourceGroup": "MC_asotest-rg-kxcndt_asotest-mc-dlzkpe_westus3",
         "enableRBAC": true,
         "networkProfile": {
          "networkPlugin": "kubenet",
          "loadBalancerSku": "Standard",
          "loadBalancerProfile": {
           "managedOutboundIPs": {
            "count": 1
           },
           "effectiveOutboundIPs": [
            {
             "id": "/subscriptions/00000000-0000-0000-0000-000000000000/resourceGroups/MC_asotest-rg-kxcndt_asotest-mc-dlzkpe_westus3/providers/Microsoft.Network/publicIPAddresses/f8a3ca38-f555-46da-a05a-76525fee6e1d"
            }
           ]
          },
          "podCidr": "10.244.0.0/16",
          "serviceCidr": "10.0.0.0/16",
          "dnsServiceIP": "10.0.0.10",
          "dockerBridgeCidr": "172.17.0.1/16",
          "outboundType": "loadBalancer"
         },
         "maxAgentPools": 100,
         "identityProfile": {
          "kubeletidentity": {
           "resourceId": "/subscriptions/00000000-0000-0000-0000-000000000000/resourcegroups/MC_asotest-rg-kxcndt_asotest-mc-dlzkpe_westus3/providers/Microsoft.ManagedIdentity/userAssignedIdentities/asotest-mc-dlzkpe-agentpool",
           "clientId": "50f70507-d53f-4d8f-83a7-fb97086c2da8",
           "objectId": "369cec5d-2a7e-4bbb-89db-8b145d28c92d"
          }
         }
        },
        "identity": {
         "type": "SystemAssigned",
         "principalId": "c90c4ffd-29cc-4aea-8fb3-3020a46d58ab",
         "tenantId": "00000000-0000-0000-0000-000000000000"
        },
        "sku": {
         "name": "Basic",
         "tier": "Free"
        }
       }
    headers:
      Cache-Control:
      - no-cache
      Content-Type:
      - application/json
      Expires:
      - "-1"
      Pragma:
      - no-cache
      Server:
      - nginx
      Strict-Transport-Security:
      - max-age=31536000; includeSubDomains
      Vary:
      - Accept-Encoding
      X-Content-Type-Options:
      - nosniff
    status: 200 OK
    code: 200
    duration: ""
- request:
    body: ""
    form: {}
    headers:
      Accept:
      - application/json
      Test-Request-Attempt:
      - "3"
    url: https://management.azure.com/subscriptions/00000000-0000-0000-0000-000000000000/resourceGroups/asotest-rg-kxcndt/providers/Microsoft.ContainerService/managedClusters/asotest-mc-dlzkpe?api-version=2021-05-01
    method: GET
  response:
    body: |-
      {
        "id": "/subscriptions/00000000-0000-0000-0000-000000000000/resourcegroups/asotest-rg-kxcndt/providers/Microsoft.ContainerService/managedClusters/asotest-mc-dlzkpe",
        "location": "westus3",
        "name": "asotest-mc-dlzkpe",
        "type": "Microsoft.ContainerService/ManagedClusters",
        "properties": {
         "provisioningState": "Succeeded",
         "powerState": {
          "code": "Running"
         },
         "kubernetesVersion": "1.24.6",
         "dnsPrefix": "aso",
         "fqdn": "aso-4034333b.hcp.westus3.azmk8s.io",
         "azurePortalFQDN": "aso-4034333b.portal.hcp.westus3.azmk8s.io",
         "agentPoolProfiles": [
          {
           "name": "ap1",
           "count": 1,
           "vmSize": "Standard_DS2_v2",
           "osDiskSizeGB": 128,
           "osDiskType": "Managed",
           "kubeletDiskType": "OS",
           "maxPods": 110,
           "type": "VirtualMachineScaleSets",
           "provisioningState": "Succeeded",
           "powerState": {
            "code": "Running"
           },
           "orchestratorVersion": "1.24.6",
           "mode": "System",
           "osType": "Linux",
           "osSKU": "Ubuntu",
           "nodeImageVersion": "AKSUbuntu-1804gen2containerd-2022.12.19",
           "enableFIPS": false
          }
         ],
         "linuxProfile": {
          "adminUsername": "adminUser",
          "ssh": {
           "publicKeys": [
            {
             "keyData": "ssh-rsa {KEY}\n"
            }
           ]
          }
         },
         "servicePrincipalProfile": {
          "clientId": "msi"
         },
         "nodeResourceGroup": "MC_asotest-rg-kxcndt_asotest-mc-dlzkpe_westus3",
         "enableRBAC": true,
         "networkProfile": {
          "networkPlugin": "kubenet",
          "loadBalancerSku": "Standard",
          "loadBalancerProfile": {
           "managedOutboundIPs": {
            "count": 1
           },
           "effectiveOutboundIPs": [
            {
             "id": "/subscriptions/00000000-0000-0000-0000-000000000000/resourceGroups/MC_asotest-rg-kxcndt_asotest-mc-dlzkpe_westus3/providers/Microsoft.Network/publicIPAddresses/f8a3ca38-f555-46da-a05a-76525fee6e1d"
            }
           ]
          },
          "podCidr": "10.244.0.0/16",
          "serviceCidr": "10.0.0.0/16",
          "dnsServiceIP": "10.0.0.10",
          "dockerBridgeCidr": "172.17.0.1/16",
          "outboundType": "loadBalancer"
         },
         "maxAgentPools": 100,
         "identityProfile": {
          "kubeletidentity": {
           "resourceId": "/subscriptions/00000000-0000-0000-0000-000000000000/resourcegroups/MC_asotest-rg-kxcndt_asotest-mc-dlzkpe_westus3/providers/Microsoft.ManagedIdentity/userAssignedIdentities/asotest-mc-dlzkpe-agentpool",
           "clientId": "50f70507-d53f-4d8f-83a7-fb97086c2da8",
           "objectId": "369cec5d-2a7e-4bbb-89db-8b145d28c92d"
          }
         }
        },
        "identity": {
         "type": "SystemAssigned",
         "principalId": "c90c4ffd-29cc-4aea-8fb3-3020a46d58ab",
         "tenantId": "00000000-0000-0000-0000-000000000000"
        },
        "sku": {
         "name": "Basic",
         "tier": "Free"
        }
       }
    headers:
      Cache-Control:
      - no-cache
      Content-Type:
      - application/json
      Expires:
      - "-1"
      Pragma:
      - no-cache
      Server:
      - nginx
      Strict-Transport-Security:
      - max-age=31536000; includeSubDomains
      Vary:
      - Accept-Encoding
      X-Content-Type-Options:
      - nosniff
    status: 200 OK
    code: 200
    duration: ""
- request:
    body: '{"identity":{"type":"SystemAssigned"},"location":"westus3","name":"asotest-mc-dlzkpe","properties":{"agentPoolProfiles":[{"count":1,"mode":"System","name":"ap1","osType":"Linux","vmSize":"Standard_DS2_v2"}],"dnsPrefix":"aso","linuxProfile":{"adminUsername":"adminUser","ssh":{"publicKeys":[{"keyData":"ssh-rsa
      {KEY}\n"}]}}},"sku":{"name":"Basic","tier":"Paid"}}'
    form: {}
    headers:
      Accept:
      - application/json
      Content-Length:
      - "728"
      Content-Type:
      - application/json
      Test-Request-Attempt:
      - "1"
    url: https://management.azure.com/subscriptions/00000000-0000-0000-0000-000000000000/resourceGroups/asotest-rg-kxcndt/providers/Microsoft.ContainerService/managedClusters/asotest-mc-dlzkpe?api-version=2021-05-01
    method: PUT
  response:
    body: |-
      {
        "id": "/subscriptions/00000000-0000-0000-0000-000000000000/resourcegroups/asotest-rg-kxcndt/providers/Microsoft.ContainerService/managedClusters/asotest-mc-dlzkpe",
        "location": "westus3",
        "name": "asotest-mc-dlzkpe",
        "type": "Microsoft.ContainerService/ManagedClusters",
        "properties": {
         "provisioningState": "Updating",
         "powerState": {
          "code": "Running"
         },
         "kubernetesVersion": "1.24.6",
         "dnsPrefix": "aso",
         "fqdn": "aso-4034333b.hcp.westus3.azmk8s.io",
         "azurePortalFQDN": "aso-4034333b.portal.hcp.westus3.azmk8s.io",
         "agentPoolProfiles": [
          {
           "name": "ap1",
           "count": 1,
           "vmSize": "Standard_DS2_v2",
           "osDiskSizeGB": 128,
           "osDiskType": "Managed",
           "kubeletDiskType": "OS",
           "maxPods": 110,
           "type": "VirtualMachineScaleSets",
           "provisioningState": "Updating",
           "powerState": {
            "code": "Running"
           },
           "orchestratorVersion": "1.24.6",
           "mode": "System",
           "osType": "Linux",
           "osSKU": "Ubuntu",
           "nodeImageVersion": "AKSUbuntu-1804gen2containerd-2022.12.19",
           "enableFIPS": false
          }
         ],
         "linuxProfile": {
          "adminUsername": "adminUser",
          "ssh": {
           "publicKeys": [
            {
             "keyData": "ssh-rsa {KEY}\n"
            }
           ]
          }
         },
         "servicePrincipalProfile": {
          "clientId": "msi"
         },
         "nodeResourceGroup": "MC_asotest-rg-kxcndt_asotest-mc-dlzkpe_westus3",
         "enableRBAC": true,
         "networkProfile": {
          "networkPlugin": "kubenet",
          "loadBalancerSku": "Standard",
          "loadBalancerProfile": {
           "managedOutboundIPs": {
            "count": 1
           },
           "effectiveOutboundIPs": [
            {
             "id": "/subscriptions/00000000-0000-0000-0000-000000000000/resourceGroups/MC_asotest-rg-kxcndt_asotest-mc-dlzkpe_westus3/providers/Microsoft.Network/publicIPAddresses/f8a3ca38-f555-46da-a05a-76525fee6e1d"
            }
           ]
          },
          "podCidr": "10.244.0.0/16",
          "serviceCidr": "10.0.0.0/16",
          "dnsServiceIP": "10.0.0.10",
          "dockerBridgeCidr": "172.17.0.1/16",
          "outboundType": "loadBalancer"
         },
         "maxAgentPools": 100,
         "identityProfile": {
          "kubeletidentity": {
           "resourceId": "/subscriptions/00000000-0000-0000-0000-000000000000/resourcegroups/MC_asotest-rg-kxcndt_asotest-mc-dlzkpe_westus3/providers/Microsoft.ManagedIdentity/userAssignedIdentities/asotest-mc-dlzkpe-agentpool",
           "clientId": "50f70507-d53f-4d8f-83a7-fb97086c2da8",
           "objectId": "369cec5d-2a7e-4bbb-89db-8b145d28c92d"
          }
         }
        },
        "identity": {
         "type": "SystemAssigned",
         "principalId": "c90c4ffd-29cc-4aea-8fb3-3020a46d58ab",
         "tenantId": "00000000-0000-0000-0000-000000000000"
        },
        "sku": {
         "name": "Basic",
         "tier": "Paid"
        }
       }
    headers:
      Azure-Asyncoperation:
      - https://management.azure.com/subscriptions/00000000-0000-0000-0000-000000000000/providers/Microsoft.ContainerService/locations/westus3/operations/6222abd4-f07f-4662-b1a5-5ce5c3efc81c?api-version=2016-03-30
      Cache-Control:
      - no-cache
      Content-Type:
      - application/json
      Expires:
      - "-1"
      Pragma:
      - no-cache
      Server:
      - nginx
      Strict-Transport-Security:
      - max-age=31536000; includeSubDomains
      Vary:
      - Accept-Encoding
      X-Content-Type-Options:
      - nosniff
    status: 200 OK
    code: 200
    duration: ""
- request:
    body: ""
    form: {}
    headers:
      Test-Request-Attempt:
      - "0"
    url: https://management.azure.com/subscriptions/00000000-0000-0000-0000-000000000000/providers/Microsoft.ContainerService/locations/westus3/operations/6222abd4-f07f-4662-b1a5-5ce5c3efc81c?api-version=2016-03-30
    method: GET
  response:
    body: |-
      {
        "name": "d4ab2262-7ff0-6246-b1a5-5ce5c3efc81c",
        "status": "InProgress",
        "startTime": "2001-02-03T04:05:06Z"
       }
    headers:
      Cache-Control:
      - no-cache
      Content-Type:
      - application/json
      Expires:
      - "-1"
      Pragma:
      - no-cache
      Server:
      - nginx
      Strict-Transport-Security:
      - max-age=31536000; includeSubDomains
      Vary:
      - Accept-Encoding
      X-Content-Type-Options:
      - nosniff
    status: 200 OK
    code: 200
    duration: ""
- request:
    body: ""
    form: {}
    headers:
      Test-Request-Attempt:
      - "1"
    url: https://management.azure.com/subscriptions/00000000-0000-0000-0000-000000000000/providers/Microsoft.ContainerService/locations/westus3/operations/6222abd4-f07f-4662-b1a5-5ce5c3efc81c?api-version=2016-03-30
    method: GET
  response:
    body: |-
      {
        "name": "d4ab2262-7ff0-6246-b1a5-5ce5c3efc81c",
        "status": "InProgress",
        "startTime": "2001-02-03T04:05:06Z"
       }
    headers:
      Cache-Control:
      - no-cache
      Content-Type:
      - application/json
      Expires:
      - "-1"
      Pragma:
      - no-cache
      Server:
      - nginx
      Strict-Transport-Security:
      - max-age=31536000; includeSubDomains
      Vary:
      - Accept-Encoding
      X-Content-Type-Options:
      - nosniff
    status: 200 OK
    code: 200
    duration: ""
- request:
    body: ""
    form: {}
    headers:
      Test-Request-Attempt:
      - "2"
    url: https://management.azure.com/subscriptions/00000000-0000-0000-0000-000000000000/providers/Microsoft.ContainerService/locations/westus3/operations/6222abd4-f07f-4662-b1a5-5ce5c3efc81c?api-version=2016-03-30
    method: GET
  response:
    body: |-
      {
        "name": "d4ab2262-7ff0-6246-b1a5-5ce5c3efc81c",
        "status": "InProgress",
        "startTime": "2001-02-03T04:05:06Z"
       }
    headers:
      Cache-Control:
      - no-cache
      Content-Type:
      - application/json
      Expires:
      - "-1"
      Pragma:
      - no-cache
      Server:
      - nginx
      Strict-Transport-Security:
      - max-age=31536000; includeSubDomains
      Vary:
      - Accept-Encoding
      X-Content-Type-Options:
      - nosniff
    status: 200 OK
    code: 200
    duration: ""
- request:
    body: ""
    form: {}
    headers:
      Test-Request-Attempt:
      - "3"
    url: https://management.azure.com/subscriptions/00000000-0000-0000-0000-000000000000/providers/Microsoft.ContainerService/locations/westus3/operations/6222abd4-f07f-4662-b1a5-5ce5c3efc81c?api-version=2016-03-30
    method: GET
  response:
    body: |-
      {
        "name": "d4ab2262-7ff0-6246-b1a5-5ce5c3efc81c",
        "status": "InProgress",
        "startTime": "2001-02-03T04:05:06Z"
       }
    headers:
      Cache-Control:
      - no-cache
      Content-Type:
      - application/json
      Expires:
      - "-1"
      Pragma:
      - no-cache
      Server:
      - nginx
      Strict-Transport-Security:
      - max-age=31536000; includeSubDomains
      Vary:
      - Accept-Encoding
      X-Content-Type-Options:
      - nosniff
    status: 200 OK
    code: 200
    duration: ""
- request:
    body: ""
    form: {}
    headers:
      Test-Request-Attempt:
      - "4"
    url: https://management.azure.com/subscriptions/00000000-0000-0000-0000-000000000000/providers/Microsoft.ContainerService/locations/westus3/operations/6222abd4-f07f-4662-b1a5-5ce5c3efc81c?api-version=2016-03-30
    method: GET
  response:
    body: |-
      {
        "name": "d4ab2262-7ff0-6246-b1a5-5ce5c3efc81c",
        "status": "InProgress",
        "startTime": "2001-02-03T04:05:06Z"
       }
    headers:
      Cache-Control:
      - no-cache
      Content-Type:
      - application/json
      Expires:
      - "-1"
      Pragma:
      - no-cache
      Server:
      - nginx
      Strict-Transport-Security:
      - max-age=31536000; includeSubDomains
      Vary:
      - Accept-Encoding
      X-Content-Type-Options:
      - nosniff
    status: 200 OK
    code: 200
    duration: ""
- request:
    body: ""
    form: {}
    headers:
      Test-Request-Attempt:
      - "5"
    url: https://management.azure.com/subscriptions/00000000-0000-0000-0000-000000000000/providers/Microsoft.ContainerService/locations/westus3/operations/6222abd4-f07f-4662-b1a5-5ce5c3efc81c?api-version=2016-03-30
    method: GET
  response:
    body: |-
      {
        "name": "d4ab2262-7ff0-6246-b1a5-5ce5c3efc81c",
        "status": "InProgress",
        "startTime": "2001-02-03T04:05:06Z"
       }
    headers:
      Cache-Control:
      - no-cache
      Content-Type:
      - application/json
      Expires:
      - "-1"
      Pragma:
      - no-cache
      Server:
      - nginx
      Strict-Transport-Security:
      - max-age=31536000; includeSubDomains
      Vary:
      - Accept-Encoding
      X-Content-Type-Options:
      - nosniff
    status: 200 OK
    code: 200
    duration: ""
- request:
    body: ""
    form: {}
    headers:
      Test-Request-Attempt:
      - "6"
    url: https://management.azure.com/subscriptions/00000000-0000-0000-0000-000000000000/providers/Microsoft.ContainerService/locations/westus3/operations/6222abd4-f07f-4662-b1a5-5ce5c3efc81c?api-version=2016-03-30
    method: GET
  response:
    body: |-
      {
        "name": "d4ab2262-7ff0-6246-b1a5-5ce5c3efc81c",
        "status": "InProgress",
        "startTime": "2001-02-03T04:05:06Z"
       }
    headers:
      Cache-Control:
      - no-cache
      Content-Type:
      - application/json
      Expires:
      - "-1"
      Pragma:
      - no-cache
      Server:
      - nginx
      Strict-Transport-Security:
      - max-age=31536000; includeSubDomains
      Vary:
      - Accept-Encoding
      X-Content-Type-Options:
      - nosniff
    status: 200 OK
    code: 200
    duration: ""
- request:
    body: ""
    form: {}
    headers:
      Test-Request-Attempt:
      - "7"
    url: https://management.azure.com/subscriptions/00000000-0000-0000-0000-000000000000/providers/Microsoft.ContainerService/locations/westus3/operations/6222abd4-f07f-4662-b1a5-5ce5c3efc81c?api-version=2016-03-30
    method: GET
  response:
    body: |-
      {
        "name": "d4ab2262-7ff0-6246-b1a5-5ce5c3efc81c",
        "status": "Succeeded",
        "startTime": "2001-02-03T04:05:06Z",
        "endTime": "2001-02-03T04:05:06Z"
       }
    headers:
      Cache-Control:
      - no-cache
      Content-Type:
      - application/json
      Expires:
      - "-1"
      Pragma:
      - no-cache
      Server:
      - nginx
      Strict-Transport-Security:
      - max-age=31536000; includeSubDomains
      Vary:
      - Accept-Encoding
      X-Content-Type-Options:
      - nosniff
    status: 200 OK
    code: 200
    duration: ""
- request:
    body: ""
    form: {}
    headers:
      Test-Request-Attempt:
      - "4"
    url: https://management.azure.com/subscriptions/00000000-0000-0000-0000-000000000000/resourceGroups/asotest-rg-kxcndt/providers/Microsoft.ContainerService/managedClusters/asotest-mc-dlzkpe?api-version=2021-05-01
    method: GET
  response:
    body: |-
      {
        "id": "/subscriptions/00000000-0000-0000-0000-000000000000/resourcegroups/asotest-rg-kxcndt/providers/Microsoft.ContainerService/managedClusters/asotest-mc-dlzkpe",
        "location": "westus3",
        "name": "asotest-mc-dlzkpe",
        "type": "Microsoft.ContainerService/ManagedClusters",
        "properties": {
         "provisioningState": "Succeeded",
         "powerState": {
          "code": "Running"
         },
         "kubernetesVersion": "1.24.6",
         "dnsPrefix": "aso",
         "fqdn": "aso-4034333b.hcp.westus3.azmk8s.io",
         "azurePortalFQDN": "aso-4034333b.portal.hcp.westus3.azmk8s.io",
         "agentPoolProfiles": [
          {
           "name": "ap1",
           "count": 1,
           "vmSize": "Standard_DS2_v2",
           "osDiskSizeGB": 128,
           "osDiskType": "Managed",
           "kubeletDiskType": "OS",
           "maxPods": 110,
           "type": "VirtualMachineScaleSets",
           "provisioningState": "Succeeded",
           "powerState": {
            "code": "Running"
           },
           "orchestratorVersion": "1.24.6",
           "mode": "System",
           "osType": "Linux",
           "osSKU": "Ubuntu",
           "nodeImageVersion": "AKSUbuntu-1804gen2containerd-2022.12.19",
           "enableFIPS": false
          }
         ],
         "linuxProfile": {
          "adminUsername": "adminUser",
          "ssh": {
           "publicKeys": [
            {
             "keyData": "ssh-rsa {KEY}\n"
            }
           ]
          }
         },
         "servicePrincipalProfile": {
          "clientId": "msi"
         },
         "nodeResourceGroup": "MC_asotest-rg-kxcndt_asotest-mc-dlzkpe_westus3",
         "enableRBAC": true,
         "networkProfile": {
          "networkPlugin": "kubenet",
          "loadBalancerSku": "Standard",
          "loadBalancerProfile": {
           "managedOutboundIPs": {
            "count": 1
           },
           "effectiveOutboundIPs": [
            {
             "id": "/subscriptions/00000000-0000-0000-0000-000000000000/resourceGroups/MC_asotest-rg-kxcndt_asotest-mc-dlzkpe_westus3/providers/Microsoft.Network/publicIPAddresses/f8a3ca38-f555-46da-a05a-76525fee6e1d"
            }
           ]
          },
          "podCidr": "10.244.0.0/16",
          "serviceCidr": "10.0.0.0/16",
          "dnsServiceIP": "10.0.0.10",
          "dockerBridgeCidr": "172.17.0.1/16",
          "outboundType": "loadBalancer"
         },
         "maxAgentPools": 100,
         "identityProfile": {
          "kubeletidentity": {
           "resourceId": "/subscriptions/00000000-0000-0000-0000-000000000000/resourcegroups/MC_asotest-rg-kxcndt_asotest-mc-dlzkpe_westus3/providers/Microsoft.ManagedIdentity/userAssignedIdentities/asotest-mc-dlzkpe-agentpool",
           "clientId": "50f70507-d53f-4d8f-83a7-fb97086c2da8",
           "objectId": "369cec5d-2a7e-4bbb-89db-8b145d28c92d"
          }
         }
        },
        "identity": {
         "type": "SystemAssigned",
         "principalId": "c90c4ffd-29cc-4aea-8fb3-3020a46d58ab",
         "tenantId": "00000000-0000-0000-0000-000000000000"
        },
        "sku": {
         "name": "Basic",
         "tier": "Paid"
        }
       }
    headers:
      Cache-Control:
      - no-cache
      Content-Type:
      - application/json
      Expires:
      - "-1"
      Pragma:
      - no-cache
      Server:
      - nginx
      Strict-Transport-Security:
      - max-age=31536000; includeSubDomains
      Vary:
      - Accept-Encoding
      X-Content-Type-Options:
      - nosniff
    status: 200 OK
    code: 200
    duration: ""
- request:
    body: ""
    form: {}
    headers:
      Accept:
      - application/json
      Test-Request-Attempt:
      - "5"
    url: https://management.azure.com/subscriptions/00000000-0000-0000-0000-000000000000/resourceGroups/asotest-rg-kxcndt/providers/Microsoft.ContainerService/managedClusters/asotest-mc-dlzkpe?api-version=2021-05-01
    method: GET
  response:
    body: |-
      {
        "id": "/subscriptions/00000000-0000-0000-0000-000000000000/resourcegroups/asotest-rg-kxcndt/providers/Microsoft.ContainerService/managedClusters/asotest-mc-dlzkpe",
        "location": "westus3",
        "name": "asotest-mc-dlzkpe",
        "type": "Microsoft.ContainerService/ManagedClusters",
        "properties": {
         "provisioningState": "Succeeded",
         "powerState": {
          "code": "Running"
         },
         "kubernetesVersion": "1.24.6",
         "dnsPrefix": "aso",
         "fqdn": "aso-4034333b.hcp.westus3.azmk8s.io",
         "azurePortalFQDN": "aso-4034333b.portal.hcp.westus3.azmk8s.io",
         "agentPoolProfiles": [
          {
           "name": "ap1",
           "count": 1,
           "vmSize": "Standard_DS2_v2",
           "osDiskSizeGB": 128,
           "osDiskType": "Managed",
           "kubeletDiskType": "OS",
           "maxPods": 110,
           "type": "VirtualMachineScaleSets",
           "provisioningState": "Succeeded",
           "powerState": {
            "code": "Running"
           },
           "orchestratorVersion": "1.24.6",
           "mode": "System",
           "osType": "Linux",
           "osSKU": "Ubuntu",
           "nodeImageVersion": "AKSUbuntu-1804gen2containerd-2022.12.19",
           "enableFIPS": false
          }
         ],
         "linuxProfile": {
          "adminUsername": "adminUser",
          "ssh": {
           "publicKeys": [
            {
             "keyData": "ssh-rsa {KEY}\n"
            }
           ]
          }
         },
         "servicePrincipalProfile": {
          "clientId": "msi"
         },
         "nodeResourceGroup": "MC_asotest-rg-kxcndt_asotest-mc-dlzkpe_westus3",
         "enableRBAC": true,
         "networkProfile": {
          "networkPlugin": "kubenet",
          "loadBalancerSku": "Standard",
          "loadBalancerProfile": {
           "managedOutboundIPs": {
            "count": 1
           },
           "effectiveOutboundIPs": [
            {
             "id": "/subscriptions/00000000-0000-0000-0000-000000000000/resourceGroups/MC_asotest-rg-kxcndt_asotest-mc-dlzkpe_westus3/providers/Microsoft.Network/publicIPAddresses/f8a3ca38-f555-46da-a05a-76525fee6e1d"
            }
           ]
          },
          "podCidr": "10.244.0.0/16",
          "serviceCidr": "10.0.0.0/16",
          "dnsServiceIP": "10.0.0.10",
          "dockerBridgeCidr": "172.17.0.1/16",
          "outboundType": "loadBalancer"
         },
         "maxAgentPools": 100,
         "identityProfile": {
          "kubeletidentity": {
           "resourceId": "/subscriptions/00000000-0000-0000-0000-000000000000/resourcegroups/MC_asotest-rg-kxcndt_asotest-mc-dlzkpe_westus3/providers/Microsoft.ManagedIdentity/userAssignedIdentities/asotest-mc-dlzkpe-agentpool",
           "clientId": "50f70507-d53f-4d8f-83a7-fb97086c2da8",
           "objectId": "369cec5d-2a7e-4bbb-89db-8b145d28c92d"
          }
         }
        },
        "identity": {
         "type": "SystemAssigned",
         "principalId": "c90c4ffd-29cc-4aea-8fb3-3020a46d58ab",
         "tenantId": "00000000-0000-0000-0000-000000000000"
        },
        "sku": {
         "name": "Basic",
         "tier": "Paid"
        }
       }
    headers:
      Cache-Control:
      - no-cache
      Content-Type:
      - application/json
      Expires:
      - "-1"
      Pragma:
      - no-cache
      Server:
      - nginx
      Strict-Transport-Security:
      - max-age=31536000; includeSubDomains
      Vary:
      - Accept-Encoding
      X-Content-Type-Options:
      - nosniff
    status: 200 OK
    code: 200
    duration: ""
- request:
    body: ""
    form: {}
    headers:
      Accept:
      - application/json
      Test-Request-Attempt:
      - "6"
    url: https://management.azure.com/subscriptions/00000000-0000-0000-0000-000000000000/resourceGroups/asotest-rg-kxcndt/providers/Microsoft.ContainerService/managedClusters/asotest-mc-dlzkpe?api-version=2021-05-01
    method: GET
  response:
    body: |-
      {
        "id": "/subscriptions/00000000-0000-0000-0000-000000000000/resourcegroups/asotest-rg-kxcndt/providers/Microsoft.ContainerService/managedClusters/asotest-mc-dlzkpe",
        "location": "westus3",
        "name": "asotest-mc-dlzkpe",
        "type": "Microsoft.ContainerService/ManagedClusters",
        "properties": {
         "provisioningState": "Succeeded",
         "powerState": {
          "code": "Running"
         },
         "kubernetesVersion": "1.24.6",
         "dnsPrefix": "aso",
         "fqdn": "aso-4034333b.hcp.westus3.azmk8s.io",
         "azurePortalFQDN": "aso-4034333b.portal.hcp.westus3.azmk8s.io",
         "agentPoolProfiles": [
          {
           "name": "ap1",
           "count": 1,
           "vmSize": "Standard_DS2_v2",
           "osDiskSizeGB": 128,
           "osDiskType": "Managed",
           "kubeletDiskType": "OS",
           "maxPods": 110,
           "type": "VirtualMachineScaleSets",
           "provisioningState": "Succeeded",
           "powerState": {
            "code": "Running"
           },
           "orchestratorVersion": "1.24.6",
           "mode": "System",
           "osType": "Linux",
           "osSKU": "Ubuntu",
           "nodeImageVersion": "AKSUbuntu-1804gen2containerd-2022.12.19",
           "enableFIPS": false
          }
         ],
         "linuxProfile": {
          "adminUsername": "adminUser",
          "ssh": {
           "publicKeys": [
            {
             "keyData": "ssh-rsa {KEY}\n"
            }
           ]
          }
         },
         "servicePrincipalProfile": {
          "clientId": "msi"
         },
         "nodeResourceGroup": "MC_asotest-rg-kxcndt_asotest-mc-dlzkpe_westus3",
         "enableRBAC": true,
         "networkProfile": {
          "networkPlugin": "kubenet",
          "loadBalancerSku": "Standard",
          "loadBalancerProfile": {
           "managedOutboundIPs": {
            "count": 1
           },
           "effectiveOutboundIPs": [
            {
             "id": "/subscriptions/00000000-0000-0000-0000-000000000000/resourceGroups/MC_asotest-rg-kxcndt_asotest-mc-dlzkpe_westus3/providers/Microsoft.Network/publicIPAddresses/f8a3ca38-f555-46da-a05a-76525fee6e1d"
            }
           ]
          },
          "podCidr": "10.244.0.0/16",
          "serviceCidr": "10.0.0.0/16",
          "dnsServiceIP": "10.0.0.10",
          "dockerBridgeCidr": "172.17.0.1/16",
          "outboundType": "loadBalancer"
         },
         "maxAgentPools": 100,
         "identityProfile": {
          "kubeletidentity": {
           "resourceId": "/subscriptions/00000000-0000-0000-0000-000000000000/resourcegroups/MC_asotest-rg-kxcndt_asotest-mc-dlzkpe_westus3/providers/Microsoft.ManagedIdentity/userAssignedIdentities/asotest-mc-dlzkpe-agentpool",
           "clientId": "50f70507-d53f-4d8f-83a7-fb97086c2da8",
           "objectId": "369cec5d-2a7e-4bbb-89db-8b145d28c92d"
          }
         }
        },
        "identity": {
         "type": "SystemAssigned",
         "principalId": "c90c4ffd-29cc-4aea-8fb3-3020a46d58ab",
         "tenantId": "00000000-0000-0000-0000-000000000000"
        },
        "sku": {
         "name": "Basic",
         "tier": "Paid"
        }
       }
    headers:
      Cache-Control:
      - no-cache
      Content-Type:
      - application/json
      Expires:
      - "-1"
      Pragma:
      - no-cache
      Server:
      - nginx
      Strict-Transport-Security:
      - max-age=31536000; includeSubDomains
      Vary:
      - Accept-Encoding
      X-Content-Type-Options:
      - nosniff
    status: 200 OK
    code: 200
    duration: ""
- request:
    body: '{"identity":{"type":"SystemAssigned"},"location":"westus3","name":"asotest-mc-dlzkpe","properties":{"agentPoolProfiles":[{"count":1,"mode":"System","name":"ap1","osType":"Linux","vmSize":"Standard_DS2_v2"}],"dnsPrefix":"aso","linuxProfile":{"adminUsername":"adminUser","ssh":{"publicKeys":[{"keyData":"ssh-rsa
      {KEY}\n"}]}}},"sku":{"name":"Basic","tier":"Paid"}}'
    form: {}
    headers:
      Accept:
      - application/json
      Content-Length:
      - "728"
      Content-Type:
      - application/json
      Test-Request-Attempt:
      - "2"
    url: https://management.azure.com/subscriptions/00000000-0000-0000-0000-000000000000/resourceGroups/asotest-rg-kxcndt/providers/Microsoft.ContainerService/managedClusters/asotest-mc-dlzkpe?api-version=2021-05-01
    method: PUT
  response:
    body: |-
      {
        "id": "/subscriptions/00000000-0000-0000-0000-000000000000/resourcegroups/asotest-rg-kxcndt/providers/Microsoft.ContainerService/managedClusters/asotest-mc-dlzkpe",
        "location": "westus3",
        "name": "asotest-mc-dlzkpe",
        "type": "Microsoft.ContainerService/ManagedClusters",
        "properties": {
         "provisioningState": "Updating",
         "powerState": {
          "code": "Running"
         },
         "kubernetesVersion": "1.24.6",
         "dnsPrefix": "aso",
         "fqdn": "aso-4034333b.hcp.westus3.azmk8s.io",
         "azurePortalFQDN": "aso-4034333b.portal.hcp.westus3.azmk8s.io",
         "agentPoolProfiles": [
          {
           "name": "ap1",
           "count": 1,
           "vmSize": "Standard_DS2_v2",
           "osDiskSizeGB": 128,
           "osDiskType": "Managed",
           "kubeletDiskType": "OS",
           "maxPods": 110,
           "type": "VirtualMachineScaleSets",
           "provisioningState": "Updating",
           "powerState": {
            "code": "Running"
           },
           "orchestratorVersion": "1.24.6",
           "mode": "System",
           "osType": "Linux",
           "osSKU": "Ubuntu",
           "nodeImageVersion": "AKSUbuntu-1804gen2containerd-2022.12.19",
           "enableFIPS": false
          }
         ],
         "linuxProfile": {
          "adminUsername": "adminUser",
          "ssh": {
           "publicKeys": [
            {
             "keyData": "ssh-rsa {KEY}\n"
            }
           ]
          }
         },
         "servicePrincipalProfile": {
          "clientId": "msi"
         },
         "nodeResourceGroup": "MC_asotest-rg-kxcndt_asotest-mc-dlzkpe_westus3",
         "enableRBAC": true,
         "networkProfile": {
          "networkPlugin": "kubenet",
          "loadBalancerSku": "Standard",
          "loadBalancerProfile": {
           "managedOutboundIPs": {
            "count": 1
           },
           "effectiveOutboundIPs": [
            {
             "id": "/subscriptions/00000000-0000-0000-0000-000000000000/resourceGroups/MC_asotest-rg-kxcndt_asotest-mc-dlzkpe_westus3/providers/Microsoft.Network/publicIPAddresses/f8a3ca38-f555-46da-a05a-76525fee6e1d"
            }
           ]
          },
          "podCidr": "10.244.0.0/16",
          "serviceCidr": "10.0.0.0/16",
          "dnsServiceIP": "10.0.0.10",
          "dockerBridgeCidr": "172.17.0.1/16",
          "outboundType": "loadBalancer"
         },
         "maxAgentPools": 100,
         "identityProfile": {
          "kubeletidentity": {
           "resourceId": "/subscriptions/00000000-0000-0000-0000-000000000000/resourcegroups/MC_asotest-rg-kxcndt_asotest-mc-dlzkpe_westus3/providers/Microsoft.ManagedIdentity/userAssignedIdentities/asotest-mc-dlzkpe-agentpool",
           "clientId": "50f70507-d53f-4d8f-83a7-fb97086c2da8",
           "objectId": "369cec5d-2a7e-4bbb-89db-8b145d28c92d"
          }
         }
        },
        "identity": {
         "type": "SystemAssigned",
         "principalId": "c90c4ffd-29cc-4aea-8fb3-3020a46d58ab",
         "tenantId": "00000000-0000-0000-0000-000000000000"
        },
        "sku": {
         "name": "Basic",
         "tier": "Paid"
        }
       }
    headers:
      Azure-Asyncoperation:
      - https://management.azure.com/subscriptions/00000000-0000-0000-0000-000000000000/providers/Microsoft.ContainerService/locations/westus3/operations/d868e856-b869-4164-9a33-973e4e9b0c73?api-version=2016-03-30
      Cache-Control:
      - no-cache
      Content-Type:
      - application/json
      Expires:
      - "-1"
      Pragma:
      - no-cache
      Server:
      - nginx
      Strict-Transport-Security:
      - max-age=31536000; includeSubDomains
      Vary:
      - Accept-Encoding
      X-Content-Type-Options:
      - nosniff
    status: 200 OK
    code: 200
    duration: ""
- request:
    body: ""
    form: {}
    headers:
      Test-Request-Attempt:
      - "0"
    url: https://management.azure.com/subscriptions/00000000-0000-0000-0000-000000000000/providers/Microsoft.ContainerService/locations/westus3/operations/d868e856-b869-4164-9a33-973e4e9b0c73?api-version=2016-03-30
    method: GET
  response:
    body: |-
      {
        "name": "56e868d8-69b8-6441-9a33-973e4e9b0c73",
        "status": "InProgress",
        "startTime": "2001-02-03T04:05:06Z"
       }
    headers:
      Cache-Control:
      - no-cache
      Content-Type:
      - application/json
      Expires:
      - "-1"
      Pragma:
      - no-cache
      Server:
      - nginx
      Strict-Transport-Security:
      - max-age=31536000; includeSubDomains
      Vary:
      - Accept-Encoding
      X-Content-Type-Options:
      - nosniff
    status: 200 OK
    code: 200
    duration: ""
- request:
    body: ""
    form: {}
    headers:
      Test-Request-Attempt:
      - "1"
    url: https://management.azure.com/subscriptions/00000000-0000-0000-0000-000000000000/providers/Microsoft.ContainerService/locations/westus3/operations/d868e856-b869-4164-9a33-973e4e9b0c73?api-version=2016-03-30
    method: GET
  response:
    body: |-
      {
        "name": "56e868d8-69b8-6441-9a33-973e4e9b0c73",
        "status": "InProgress",
        "startTime": "2001-02-03T04:05:06Z"
       }
    headers:
      Cache-Control:
      - no-cache
      Content-Type:
      - application/json
      Expires:
      - "-1"
      Pragma:
      - no-cache
      Server:
      - nginx
      Strict-Transport-Security:
      - max-age=31536000; includeSubDomains
      Vary:
      - Accept-Encoding
      X-Content-Type-Options:
      - nosniff
    status: 200 OK
    code: 200
    duration: ""
- request:
    body: ""
    form: {}
    headers:
      Test-Request-Attempt:
      - "2"
    url: https://management.azure.com/subscriptions/00000000-0000-0000-0000-000000000000/providers/Microsoft.ContainerService/locations/westus3/operations/d868e856-b869-4164-9a33-973e4e9b0c73?api-version=2016-03-30
    method: GET
  response:
    body: |-
      {
        "name": "56e868d8-69b8-6441-9a33-973e4e9b0c73",
        "status": "InProgress",
        "startTime": "2001-02-03T04:05:06Z"
       }
    headers:
      Cache-Control:
      - no-cache
      Content-Type:
      - application/json
      Expires:
      - "-1"
      Pragma:
      - no-cache
      Server:
      - nginx
      Strict-Transport-Security:
      - max-age=31536000; includeSubDomains
      Vary:
      - Accept-Encoding
      X-Content-Type-Options:
      - nosniff
    status: 200 OK
    code: 200
    duration: ""
- request:
    body: ""
    form: {}
    headers:
      Test-Request-Attempt:
      - "3"
    url: https://management.azure.com/subscriptions/00000000-0000-0000-0000-000000000000/providers/Microsoft.ContainerService/locations/westus3/operations/d868e856-b869-4164-9a33-973e4e9b0c73?api-version=2016-03-30
    method: GET
  response:
    body: |-
      {
        "name": "56e868d8-69b8-6441-9a33-973e4e9b0c73",
        "status": "InProgress",
        "startTime": "2001-02-03T04:05:06Z"
       }
    headers:
      Cache-Control:
      - no-cache
      Content-Type:
      - application/json
      Expires:
      - "-1"
      Pragma:
      - no-cache
      Server:
      - nginx
      Strict-Transport-Security:
      - max-age=31536000; includeSubDomains
      Vary:
      - Accept-Encoding
      X-Content-Type-Options:
      - nosniff
    status: 200 OK
    code: 200
    duration: ""
- request:
    body: ""
    form: {}
    headers:
      Test-Request-Attempt:
      - "4"
    url: https://management.azure.com/subscriptions/00000000-0000-0000-0000-000000000000/providers/Microsoft.ContainerService/locations/westus3/operations/d868e856-b869-4164-9a33-973e4e9b0c73?api-version=2016-03-30
    method: GET
  response:
    body: |-
      {
        "name": "56e868d8-69b8-6441-9a33-973e4e9b0c73",
        "status": "InProgress",
        "startTime": "2001-02-03T04:05:06Z"
       }
    headers:
      Cache-Control:
      - no-cache
      Content-Type:
      - application/json
      Expires:
      - "-1"
      Pragma:
      - no-cache
      Server:
      - nginx
      Strict-Transport-Security:
      - max-age=31536000; includeSubDomains
      Vary:
      - Accept-Encoding
      X-Content-Type-Options:
      - nosniff
    status: 200 OK
    code: 200
    duration: ""
- request:
    body: ""
    form: {}
    headers:
      Test-Request-Attempt:
      - "5"
    url: https://management.azure.com/subscriptions/00000000-0000-0000-0000-000000000000/providers/Microsoft.ContainerService/locations/westus3/operations/d868e856-b869-4164-9a33-973e4e9b0c73?api-version=2016-03-30
    method: GET
  response:
    body: |-
      {
        "name": "56e868d8-69b8-6441-9a33-973e4e9b0c73",
        "status": "InProgress",
        "startTime": "2001-02-03T04:05:06Z"
       }
    headers:
      Cache-Control:
      - no-cache
      Content-Type:
      - application/json
      Expires:
      - "-1"
      Pragma:
      - no-cache
      Server:
      - nginx
      Strict-Transport-Security:
      - max-age=31536000; includeSubDomains
      Vary:
      - Accept-Encoding
      X-Content-Type-Options:
      - nosniff
    status: 200 OK
    code: 200
    duration: ""
- request:
    body: ""
    form: {}
    headers:
      Test-Request-Attempt:
      - "6"
    url: https://management.azure.com/subscriptions/00000000-0000-0000-0000-000000000000/providers/Microsoft.ContainerService/locations/westus3/operations/d868e856-b869-4164-9a33-973e4e9b0c73?api-version=2016-03-30
    method: GET
  response:
    body: |-
      {
        "name": "56e868d8-69b8-6441-9a33-973e4e9b0c73",
        "status": "Succeeded",
        "startTime": "2001-02-03T04:05:06Z",
        "endTime": "2001-02-03T04:05:06Z"
       }
    headers:
      Cache-Control:
      - no-cache
      Content-Type:
      - application/json
      Expires:
      - "-1"
      Pragma:
      - no-cache
      Server:
      - nginx
      Strict-Transport-Security:
      - max-age=31536000; includeSubDomains
      Vary:
      - Accept-Encoding
      X-Content-Type-Options:
      - nosniff
    status: 200 OK
    code: 200
    duration: ""
- request:
    body: ""
    form: {}
    headers:
      Test-Request-Attempt:
      - "7"
    url: https://management.azure.com/subscriptions/00000000-0000-0000-0000-000000000000/resourceGroups/asotest-rg-kxcndt/providers/Microsoft.ContainerService/managedClusters/asotest-mc-dlzkpe?api-version=2021-05-01
    method: GET
  response:
    body: |-
      {
        "id": "/subscriptions/00000000-0000-0000-0000-000000000000/resourcegroups/asotest-rg-kxcndt/providers/Microsoft.ContainerService/managedClusters/asotest-mc-dlzkpe",
        "location": "westus3",
        "name": "asotest-mc-dlzkpe",
        "type": "Microsoft.ContainerService/ManagedClusters",
        "properties": {
         "provisioningState": "Succeeded",
         "powerState": {
          "code": "Running"
         },
         "kubernetesVersion": "1.24.6",
         "dnsPrefix": "aso",
         "fqdn": "aso-4034333b.hcp.westus3.azmk8s.io",
         "azurePortalFQDN": "aso-4034333b.portal.hcp.westus3.azmk8s.io",
         "agentPoolProfiles": [
          {
           "name": "ap1",
           "count": 1,
           "vmSize": "Standard_DS2_v2",
           "osDiskSizeGB": 128,
           "osDiskType": "Managed",
           "kubeletDiskType": "OS",
           "maxPods": 110,
           "type": "VirtualMachineScaleSets",
           "provisioningState": "Succeeded",
           "powerState": {
            "code": "Running"
           },
           "orchestratorVersion": "1.24.6",
           "mode": "System",
           "osType": "Linux",
           "osSKU": "Ubuntu",
           "nodeImageVersion": "AKSUbuntu-1804gen2containerd-2022.12.19",
           "enableFIPS": false
          }
         ],
         "linuxProfile": {
          "adminUsername": "adminUser",
          "ssh": {
           "publicKeys": [
            {
             "keyData": "ssh-rsa {KEY}\n"
            }
           ]
          }
         },
         "servicePrincipalProfile": {
          "clientId": "msi"
         },
         "nodeResourceGroup": "MC_asotest-rg-kxcndt_asotest-mc-dlzkpe_westus3",
         "enableRBAC": true,
         "networkProfile": {
          "networkPlugin": "kubenet",
          "loadBalancerSku": "Standard",
          "loadBalancerProfile": {
           "managedOutboundIPs": {
            "count": 1
           },
           "effectiveOutboundIPs": [
            {
             "id": "/subscriptions/00000000-0000-0000-0000-000000000000/resourceGroups/MC_asotest-rg-kxcndt_asotest-mc-dlzkpe_westus3/providers/Microsoft.Network/publicIPAddresses/f8a3ca38-f555-46da-a05a-76525fee6e1d"
            }
           ]
          },
          "podCidr": "10.244.0.0/16",
          "serviceCidr": "10.0.0.0/16",
          "dnsServiceIP": "10.0.0.10",
          "dockerBridgeCidr": "172.17.0.1/16",
          "outboundType": "loadBalancer"
         },
         "maxAgentPools": 100,
         "identityProfile": {
          "kubeletidentity": {
           "resourceId": "/subscriptions/00000000-0000-0000-0000-000000000000/resourcegroups/MC_asotest-rg-kxcndt_asotest-mc-dlzkpe_westus3/providers/Microsoft.ManagedIdentity/userAssignedIdentities/asotest-mc-dlzkpe-agentpool",
           "clientId": "50f70507-d53f-4d8f-83a7-fb97086c2da8",
           "objectId": "369cec5d-2a7e-4bbb-89db-8b145d28c92d"
          }
         }
        },
        "identity": {
         "type": "SystemAssigned",
         "principalId": "c90c4ffd-29cc-4aea-8fb3-3020a46d58ab",
         "tenantId": "00000000-0000-0000-0000-000000000000"
        },
        "sku": {
         "name": "Basic",
         "tier": "Paid"
        }
       }
    headers:
      Cache-Control:
      - no-cache
      Content-Type:
      - application/json
      Expires:
      - "-1"
      Pragma:
      - no-cache
      Server:
      - nginx
      Strict-Transport-Security:
      - max-age=31536000; includeSubDomains
      Vary:
      - Accept-Encoding
      X-Content-Type-Options:
      - nosniff
    status: 200 OK
    code: 200
    duration: ""
- request:
    body: ""
    form: {}
    headers:
      Accept:
      - application/json
      Test-Request-Attempt:
      - "8"
    url: https://management.azure.com/subscriptions/00000000-0000-0000-0000-000000000000/resourceGroups/asotest-rg-kxcndt/providers/Microsoft.ContainerService/managedClusters/asotest-mc-dlzkpe?api-version=2021-05-01
    method: GET
  response:
    body: |-
      {
        "id": "/subscriptions/00000000-0000-0000-0000-000000000000/resourcegroups/asotest-rg-kxcndt/providers/Microsoft.ContainerService/managedClusters/asotest-mc-dlzkpe",
        "location": "westus3",
        "name": "asotest-mc-dlzkpe",
        "type": "Microsoft.ContainerService/ManagedClusters",
        "properties": {
         "provisioningState": "Succeeded",
         "powerState": {
          "code": "Running"
         },
         "kubernetesVersion": "1.24.6",
         "dnsPrefix": "aso",
         "fqdn": "aso-4034333b.hcp.westus3.azmk8s.io",
         "azurePortalFQDN": "aso-4034333b.portal.hcp.westus3.azmk8s.io",
         "agentPoolProfiles": [
          {
           "name": "ap1",
           "count": 1,
           "vmSize": "Standard_DS2_v2",
           "osDiskSizeGB": 128,
           "osDiskType": "Managed",
           "kubeletDiskType": "OS",
           "maxPods": 110,
           "type": "VirtualMachineScaleSets",
           "provisioningState": "Succeeded",
           "powerState": {
            "code": "Running"
           },
           "orchestratorVersion": "1.24.6",
           "mode": "System",
           "osType": "Linux",
           "osSKU": "Ubuntu",
           "nodeImageVersion": "AKSUbuntu-1804gen2containerd-2022.12.19",
           "enableFIPS": false
          }
         ],
         "linuxProfile": {
          "adminUsername": "adminUser",
          "ssh": {
           "publicKeys": [
            {
             "keyData": "ssh-rsa {KEY}\n"
            }
           ]
          }
         },
         "servicePrincipalProfile": {
          "clientId": "msi"
         },
         "nodeResourceGroup": "MC_asotest-rg-kxcndt_asotest-mc-dlzkpe_westus3",
         "enableRBAC": true,
         "networkProfile": {
          "networkPlugin": "kubenet",
          "loadBalancerSku": "Standard",
          "loadBalancerProfile": {
           "managedOutboundIPs": {
            "count": 1
           },
           "effectiveOutboundIPs": [
            {
             "id": "/subscriptions/00000000-0000-0000-0000-000000000000/resourceGroups/MC_asotest-rg-kxcndt_asotest-mc-dlzkpe_westus3/providers/Microsoft.Network/publicIPAddresses/f8a3ca38-f555-46da-a05a-76525fee6e1d"
            }
           ]
          },
          "podCidr": "10.244.0.0/16",
          "serviceCidr": "10.0.0.0/16",
          "dnsServiceIP": "10.0.0.10",
          "dockerBridgeCidr": "172.17.0.1/16",
          "outboundType": "loadBalancer"
         },
         "maxAgentPools": 100,
         "identityProfile": {
          "kubeletidentity": {
           "resourceId": "/subscriptions/00000000-0000-0000-0000-000000000000/resourcegroups/MC_asotest-rg-kxcndt_asotest-mc-dlzkpe_westus3/providers/Microsoft.ManagedIdentity/userAssignedIdentities/asotest-mc-dlzkpe-agentpool",
           "clientId": "50f70507-d53f-4d8f-83a7-fb97086c2da8",
           "objectId": "369cec5d-2a7e-4bbb-89db-8b145d28c92d"
          }
         }
        },
        "identity": {
         "type": "SystemAssigned",
         "principalId": "c90c4ffd-29cc-4aea-8fb3-3020a46d58ab",
         "tenantId": "00000000-0000-0000-0000-000000000000"
        },
        "sku": {
         "name": "Basic",
         "tier": "Paid"
        }
       }
    headers:
      Cache-Control:
      - no-cache
      Content-Type:
      - application/json
      Expires:
      - "-1"
      Pragma:
      - no-cache
      Server:
      - nginx
      Strict-Transport-Security:
      - max-age=31536000; includeSubDomains
      Vary:
      - Accept-Encoding
      X-Content-Type-Options:
      - nosniff
    status: 200 OK
    code: 200
    duration: ""
- request:
    body: ""
    form: {}
    headers:
      Accept:
      - application/json
      Test-Request-Attempt:
      - "0"
    url: https://management.azure.com/subscriptions/00000000-0000-0000-0000-000000000000/resourceGroups/asotest-rg-kxcndt/providers/Microsoft.ContainerService/managedClusters/asotest-mc-dlzkpe/listClusterAdminCredential?api-version=2022-04-01
    method: POST
  response:
    body: |-
      {
        "kubeconfigs": [
         {
          "name": "clusterAdmin",
          "value": "IA=="
         }
        ]
       }
    headers:
      Cache-Control:
      - no-cache
      Content-Type:
      - application/json
      Expires:
      - "-1"
      Pragma:
      - no-cache
      Server:
      - nginx
      Strict-Transport-Security:
      - max-age=31536000; includeSubDomains
      Vary:
      - Accept-Encoding
      X-Content-Type-Options:
      - nosniff
    status: 200 OK
    code: 200
    duration: ""
- request:
    body: ""
    form: {}
    headers:
      Accept:
      - application/json
      Test-Request-Attempt:
      - "0"
    url: https://management.azure.com/subscriptions/00000000-0000-0000-0000-000000000000/resourceGroups/asotest-rg-kxcndt/providers/Microsoft.ContainerService/managedClusters/asotest-mc-dlzkpe/listClusterUserCredential?api-version=2022-04-01
    method: POST
  response:
    body: |-
      {
        "kubeconfigs": [
         {
          "name": "clusterUser",
          "value": "IA=="
         }
        ]
       }
    headers:
      Cache-Control:
      - no-cache
      Content-Type:
      - application/json
      Expires:
      - "-1"
      Pragma:
      - no-cache
      Server:
      - nginx
      Strict-Transport-Security:
      - max-age=31536000; includeSubDomains
      Vary:
      - Accept-Encoding
      X-Content-Type-Options:
      - nosniff
    status: 200 OK
    code: 200
    duration: ""
- request:
    body: ""
    form: {}
    headers:
      Accept:
      - application/json
      Test-Request-Attempt:
      - "0"
    url: https://management.azure.com/subscriptions/00000000-0000-0000-0000-000000000000/resourceGroups/asotest-rg-kxcndt/providers/Microsoft.ContainerService/managedClusters/asotest-mc-dlzkpe/agentPools/ap2?api-version=2021-05-01
    method: GET
  response:
    body: |-
      {
        "code": "NotFound",
        "message": "Could not find the agentpool: ap2 in subscription: 00000000-0000-0000-0000-000000000000, resourceGroup: asotest-rg-kxcndt, resourceName: asotest-mc-dlzkpe.",
        "subcode": "GetAgentPool_NotFound"
       }
    headers:
      Cache-Control:
      - no-cache
      Content-Length:
      - "235"
      Content-Type:
      - application/json
      Expires:
      - "-1"
      Pragma:
      - no-cache
      Server:
      - nginx
      Strict-Transport-Security:
      - max-age=31536000; includeSubDomains
      X-Content-Type-Options:
      - nosniff
    status: 404 Not Found
    code: 404
    duration: ""
- request:
    body: '{"name":"ap2","properties":{"count":1,"mode":"System","osType":"Linux","vmSize":"Standard_DS2_v2"}}'
    form: {}
    headers:
      Accept:
      - application/json
      Content-Length:
      - "99"
      Content-Type:
      - application/json
      Test-Request-Attempt:
      - "0"
    url: https://management.azure.com/subscriptions/00000000-0000-0000-0000-000000000000/resourceGroups/asotest-rg-kxcndt/providers/Microsoft.ContainerService/managedClusters/asotest-mc-dlzkpe/agentPools/ap2?api-version=2021-05-01
    method: PUT
  response:
    body: |-
      {
        "id": "/subscriptions/00000000-0000-0000-0000-000000000000/resourcegroups/asotest-rg-kxcndt/providers/Microsoft.ContainerService/managedClusters/asotest-mc-dlzkpe/agentPools/ap2",
        "name": "ap2",
        "type": "Microsoft.ContainerService/managedClusters/agentPools",
        "properties": {
         "count": 1,
         "vmSize": "Standard_DS2_v2",
         "osDiskSizeGB": 128,
         "osDiskType": "Managed",
         "kubeletDiskType": "OS",
         "maxPods": 110,
         "type": "VirtualMachineScaleSets",
         "provisioningState": "Creating",
         "powerState": {
          "code": "Running"
         },
         "orchestratorVersion": "1.24.6",
         "mode": "System",
         "osType": "Linux",
         "osSKU": "Ubuntu",
         "nodeImageVersion": "AKSUbuntu-1804gen2containerd-2022.12.19",
         "enableFIPS": false
        }
       }
    headers:
      Azure-Asyncoperation:
      - https://management.azure.com/subscriptions/00000000-0000-0000-0000-000000000000/providers/Microsoft.ContainerService/locations/westus3/operations/e2c8ca9a-d3a3-4d96-bac7-61608969d820?api-version=2016-03-30
      Cache-Control:
      - no-cache
      Content-Length:
      - "749"
      Content-Type:
      - application/json
      Expires:
      - "-1"
      Pragma:
      - no-cache
      Server:
      - nginx
      Strict-Transport-Security:
      - max-age=31536000; includeSubDomains
      X-Content-Type-Options:
      - nosniff
    status: 201 Created
    code: 201
    duration: ""
- request:
    body: ""
    form: {}
    headers:
      Test-Request-Attempt:
      - "0"
    url: https://management.azure.com/subscriptions/00000000-0000-0000-0000-000000000000/providers/Microsoft.ContainerService/locations/westus3/operations/e2c8ca9a-d3a3-4d96-bac7-61608969d820?api-version=2016-03-30
    method: GET
  response:
    body: |-
      {
        "name": "9acac8e2-a3d3-964d-bac7-61608969d820",
        "status": "InProgress",
        "startTime": "2001-02-03T04:05:06Z"
       }
    headers:
      Cache-Control:
      - no-cache
      Content-Type:
      - application/json
      Expires:
      - "-1"
      Pragma:
      - no-cache
      Server:
      - nginx
      Strict-Transport-Security:
      - max-age=31536000; includeSubDomains
      Vary:
      - Accept-Encoding
      X-Content-Type-Options:
      - nosniff
    status: 200 OK
    code: 200
    duration: ""
- request:
    body: ""
    form: {}
    headers:
      Test-Request-Attempt:
      - "1"
    url: https://management.azure.com/subscriptions/00000000-0000-0000-0000-000000000000/providers/Microsoft.ContainerService/locations/westus3/operations/e2c8ca9a-d3a3-4d96-bac7-61608969d820?api-version=2016-03-30
    method: GET
  response:
    body: |-
      {
        "name": "9acac8e2-a3d3-964d-bac7-61608969d820",
        "status": "InProgress",
        "startTime": "2001-02-03T04:05:06Z"
       }
    headers:
      Cache-Control:
      - no-cache
      Content-Type:
      - application/json
      Expires:
      - "-1"
      Pragma:
      - no-cache
      Server:
      - nginx
      Strict-Transport-Security:
      - max-age=31536000; includeSubDomains
      Vary:
      - Accept-Encoding
      X-Content-Type-Options:
      - nosniff
    status: 200 OK
    code: 200
    duration: ""
- request:
    body: ""
    form: {}
    headers:
      Test-Request-Attempt:
      - "2"
    url: https://management.azure.com/subscriptions/00000000-0000-0000-0000-000000000000/providers/Microsoft.ContainerService/locations/westus3/operations/e2c8ca9a-d3a3-4d96-bac7-61608969d820?api-version=2016-03-30
    method: GET
  response:
    body: |-
      {
        "name": "9acac8e2-a3d3-964d-bac7-61608969d820",
        "status": "InProgress",
        "startTime": "2001-02-03T04:05:06Z"
       }
    headers:
      Cache-Control:
      - no-cache
      Content-Type:
      - application/json
      Expires:
      - "-1"
      Pragma:
      - no-cache
      Server:
      - nginx
      Strict-Transport-Security:
      - max-age=31536000; includeSubDomains
      Vary:
      - Accept-Encoding
      X-Content-Type-Options:
      - nosniff
    status: 200 OK
    code: 200
    duration: ""
- request:
    body: ""
    form: {}
    headers:
      Test-Request-Attempt:
      - "3"
    url: https://management.azure.com/subscriptions/00000000-0000-0000-0000-000000000000/providers/Microsoft.ContainerService/locations/westus3/operations/e2c8ca9a-d3a3-4d96-bac7-61608969d820?api-version=2016-03-30
    method: GET
  response:
    body: |-
      {
        "name": "9acac8e2-a3d3-964d-bac7-61608969d820",
        "status": "InProgress",
        "startTime": "2001-02-03T04:05:06Z"
       }
    headers:
      Cache-Control:
      - no-cache
      Content-Type:
      - application/json
      Expires:
      - "-1"
      Pragma:
      - no-cache
      Server:
      - nginx
      Strict-Transport-Security:
      - max-age=31536000; includeSubDomains
      Vary:
      - Accept-Encoding
      X-Content-Type-Options:
      - nosniff
    status: 200 OK
    code: 200
    duration: ""
- request:
    body: ""
    form: {}
    headers:
      Test-Request-Attempt:
      - "4"
    url: https://management.azure.com/subscriptions/00000000-0000-0000-0000-000000000000/providers/Microsoft.ContainerService/locations/westus3/operations/e2c8ca9a-d3a3-4d96-bac7-61608969d820?api-version=2016-03-30
    method: GET
  response:
    body: |-
      {
        "name": "9acac8e2-a3d3-964d-bac7-61608969d820",
        "status": "InProgress",
        "startTime": "2001-02-03T04:05:06Z"
       }
    headers:
      Cache-Control:
      - no-cache
      Content-Type:
      - application/json
      Expires:
      - "-1"
      Pragma:
      - no-cache
      Server:
      - nginx
      Strict-Transport-Security:
      - max-age=31536000; includeSubDomains
      Vary:
      - Accept-Encoding
      X-Content-Type-Options:
      - nosniff
    status: 200 OK
    code: 200
    duration: ""
- request:
    body: ""
    form: {}
    headers:
      Test-Request-Attempt:
      - "5"
    url: https://management.azure.com/subscriptions/00000000-0000-0000-0000-000000000000/providers/Microsoft.ContainerService/locations/westus3/operations/e2c8ca9a-d3a3-4d96-bac7-61608969d820?api-version=2016-03-30
    method: GET
  response:
    body: |-
      {
        "name": "9acac8e2-a3d3-964d-bac7-61608969d820",
        "status": "InProgress",
        "startTime": "2001-02-03T04:05:06Z"
       }
    headers:
      Cache-Control:
      - no-cache
      Content-Type:
      - application/json
      Expires:
      - "-1"
      Pragma:
      - no-cache
      Server:
      - nginx
      Strict-Transport-Security:
      - max-age=31536000; includeSubDomains
      Vary:
      - Accept-Encoding
      X-Content-Type-Options:
      - nosniff
    status: 200 OK
    code: 200
    duration: ""
- request:
    body: ""
    form: {}
    headers:
      Test-Request-Attempt:
      - "6"
    url: https://management.azure.com/subscriptions/00000000-0000-0000-0000-000000000000/providers/Microsoft.ContainerService/locations/westus3/operations/e2c8ca9a-d3a3-4d96-bac7-61608969d820?api-version=2016-03-30
    method: GET
  response:
    body: |-
      {
        "name": "9acac8e2-a3d3-964d-bac7-61608969d820",
        "status": "InProgress",
        "startTime": "2001-02-03T04:05:06Z"
       }
    headers:
      Cache-Control:
      - no-cache
      Content-Type:
      - application/json
      Expires:
      - "-1"
      Pragma:
      - no-cache
      Server:
      - nginx
      Strict-Transport-Security:
      - max-age=31536000; includeSubDomains
      Vary:
      - Accept-Encoding
      X-Content-Type-Options:
      - nosniff
    status: 200 OK
    code: 200
    duration: ""
- request:
    body: ""
    form: {}
    headers:
      Test-Request-Attempt:
      - "7"
    url: https://management.azure.com/subscriptions/00000000-0000-0000-0000-000000000000/providers/Microsoft.ContainerService/locations/westus3/operations/e2c8ca9a-d3a3-4d96-bac7-61608969d820?api-version=2016-03-30
    method: GET
  response:
    body: |-
      {
        "name": "9acac8e2-a3d3-964d-bac7-61608969d820",
        "status": "Succeeded",
        "startTime": "2001-02-03T04:05:06Z",
        "endTime": "2001-02-03T04:05:06Z"
       }
    headers:
      Cache-Control:
      - no-cache
      Content-Type:
      - application/json
      Expires:
      - "-1"
      Pragma:
      - no-cache
      Server:
      - nginx
      Strict-Transport-Security:
      - max-age=31536000; includeSubDomains
      Vary:
      - Accept-Encoding
      X-Content-Type-Options:
      - nosniff
    status: 200 OK
    code: 200
    duration: ""
- request:
    body: ""
    form: {}
    headers:
      Test-Request-Attempt:
      - "1"
    url: https://management.azure.com/subscriptions/00000000-0000-0000-0000-000000000000/resourceGroups/asotest-rg-kxcndt/providers/Microsoft.ContainerService/managedClusters/asotest-mc-dlzkpe/agentPools/ap2?api-version=2021-05-01
    method: GET
  response:
    body: |-
      {
        "id": "/subscriptions/00000000-0000-0000-0000-000000000000/resourcegroups/asotest-rg-kxcndt/providers/Microsoft.ContainerService/managedClusters/asotest-mc-dlzkpe/agentPools/ap2",
        "name": "ap2",
        "type": "Microsoft.ContainerService/managedClusters/agentPools",
        "properties": {
         "count": 1,
         "vmSize": "Standard_DS2_v2",
         "osDiskSizeGB": 128,
         "osDiskType": "Managed",
         "kubeletDiskType": "OS",
         "maxPods": 110,
         "type": "VirtualMachineScaleSets",
         "provisioningState": "Succeeded",
         "powerState": {
          "code": "Running"
         },
         "orchestratorVersion": "1.24.6",
         "mode": "System",
         "osType": "Linux",
         "osSKU": "Ubuntu",
         "nodeImageVersion": "AKSUbuntu-1804gen2containerd-2022.12.19",
         "enableFIPS": false
        }
       }
    headers:
      Cache-Control:
      - no-cache
      Content-Type:
      - application/json
      Expires:
      - "-1"
      Pragma:
      - no-cache
      Server:
      - nginx
      Strict-Transport-Security:
      - max-age=31536000; includeSubDomains
      Vary:
      - Accept-Encoding
      X-Content-Type-Options:
      - nosniff
    status: 200 OK
    code: 200
    duration: ""
- request:
    body: ""
    form: {}
    headers:
      Accept:
      - application/json
      Test-Request-Attempt:
      - "2"
    url: https://management.azure.com/subscriptions/00000000-0000-0000-0000-000000000000/resourceGroups/asotest-rg-kxcndt/providers/Microsoft.ContainerService/managedClusters/asotest-mc-dlzkpe/agentPools/ap2?api-version=2021-05-01
    method: GET
  response:
    body: |-
      {
        "id": "/subscriptions/00000000-0000-0000-0000-000000000000/resourcegroups/asotest-rg-kxcndt/providers/Microsoft.ContainerService/managedClusters/asotest-mc-dlzkpe/agentPools/ap2",
        "name": "ap2",
        "type": "Microsoft.ContainerService/managedClusters/agentPools",
        "properties": {
         "count": 1,
         "vmSize": "Standard_DS2_v2",
         "osDiskSizeGB": 128,
         "osDiskType": "Managed",
         "kubeletDiskType": "OS",
         "maxPods": 110,
         "type": "VirtualMachineScaleSets",
         "provisioningState": "Succeeded",
         "powerState": {
          "code": "Running"
         },
         "orchestratorVersion": "1.24.6",
         "mode": "System",
         "osType": "Linux",
         "osSKU": "Ubuntu",
         "nodeImageVersion": "AKSUbuntu-1804gen2containerd-2022.12.19",
         "enableFIPS": false
        }
       }
    headers:
      Cache-Control:
      - no-cache
      Content-Type:
      - application/json
      Expires:
      - "-1"
      Pragma:
      - no-cache
      Server:
      - nginx
      Strict-Transport-Security:
      - max-age=31536000; includeSubDomains
      Vary:
      - Accept-Encoding
      X-Content-Type-Options:
      - nosniff
    status: 200 OK
    code: 200
    duration: ""
- request:
    body: ""
    form: {}
    headers:
      Accept:
      - application/json
      Test-Request-Attempt:
      - "3"
    url: https://management.azure.com/subscriptions/00000000-0000-0000-0000-000000000000/resourceGroups/asotest-rg-kxcndt/providers/Microsoft.ContainerService/managedClusters/asotest-mc-dlzkpe/agentPools/ap2?api-version=2021-05-01
    method: GET
  response:
    body: |-
      {
        "id": "/subscriptions/00000000-0000-0000-0000-000000000000/resourcegroups/asotest-rg-kxcndt/providers/Microsoft.ContainerService/managedClusters/asotest-mc-dlzkpe/agentPools/ap2",
        "name": "ap2",
        "type": "Microsoft.ContainerService/managedClusters/agentPools",
        "properties": {
         "count": 1,
         "vmSize": "Standard_DS2_v2",
         "osDiskSizeGB": 128,
         "osDiskType": "Managed",
         "kubeletDiskType": "OS",
         "maxPods": 110,
         "type": "VirtualMachineScaleSets",
         "provisioningState": "Succeeded",
         "powerState": {
          "code": "Running"
         },
         "orchestratorVersion": "1.24.6",
         "mode": "System",
         "osType": "Linux",
         "osSKU": "Ubuntu",
         "nodeImageVersion": "AKSUbuntu-1804gen2containerd-2022.12.19",
         "enableFIPS": false
        }
       }
    headers:
      Cache-Control:
      - no-cache
      Content-Type:
      - application/json
      Expires:
      - "-1"
      Pragma:
      - no-cache
      Server:
      - nginx
      Strict-Transport-Security:
      - max-age=31536000; includeSubDomains
      Vary:
      - Accept-Encoding
      X-Content-Type-Options:
      - nosniff
    status: 200 OK
    code: 200
    duration: ""
- request:
    body: '{"name":"ap2","properties":{"count":1,"mode":"System","nodeLabels":{"mylabel":"label"},"osType":"Linux","vmSize":"Standard_DS2_v2"}}'
    form: {}
    headers:
      Accept:
      - application/json
      Content-Length:
      - "132"
      Content-Type:
      - application/json
      Test-Request-Attempt:
      - "1"
    url: https://management.azure.com/subscriptions/00000000-0000-0000-0000-000000000000/resourceGroups/asotest-rg-kxcndt/providers/Microsoft.ContainerService/managedClusters/asotest-mc-dlzkpe/agentPools/ap2?api-version=2021-05-01
    method: PUT
  response:
    body: |-
      {
        "id": "/subscriptions/00000000-0000-0000-0000-000000000000/resourcegroups/asotest-rg-kxcndt/providers/Microsoft.ContainerService/managedClusters/asotest-mc-dlzkpe/agentPools/ap2",
        "name": "ap2",
        "type": "Microsoft.ContainerService/managedClusters/agentPools",
        "properties": {
         "count": 1,
         "vmSize": "Standard_DS2_v2",
         "osDiskSizeGB": 128,
         "osDiskType": "Managed",
         "kubeletDiskType": "OS",
         "maxPods": 110,
         "type": "VirtualMachineScaleSets",
         "provisioningState": "Updating",
         "powerState": {
          "code": "Running"
         },
         "orchestratorVersion": "1.24.6",
         "nodeLabels": {
          "mylabel": "label"
         },
         "mode": "System",
         "osType": "Linux",
         "osSKU": "Ubuntu",
         "nodeImageVersion": "AKSUbuntu-1804gen2containerd-2022.12.19",
         "enableFIPS": false
        }
       }
    headers:
      Azure-Asyncoperation:
      - https://management.azure.com/subscriptions/00000000-0000-0000-0000-000000000000/providers/Microsoft.ContainerService/locations/westus3/operations/4eccf8bc-6348-481b-8121-2a61261a9afb?api-version=2016-03-30
      Cache-Control:
      - no-cache
      Content-Type:
      - application/json
      Expires:
      - "-1"
      Pragma:
      - no-cache
      Server:
      - nginx
      Strict-Transport-Security:
      - max-age=31536000; includeSubDomains
      Vary:
      - Accept-Encoding
      X-Content-Type-Options:
      - nosniff
    status: 200 OK
    code: 200
    duration: ""
- request:
    body: ""
    form: {}
    headers:
      Test-Request-Attempt:
      - "0"
    url: https://management.azure.com/subscriptions/00000000-0000-0000-0000-000000000000/providers/Microsoft.ContainerService/locations/westus3/operations/4eccf8bc-6348-481b-8121-2a61261a9afb?api-version=2016-03-30
    method: GET
  response:
    body: |-
      {
        "name": "bcf8cc4e-4863-1b48-8121-2a61261a9afb",
        "status": "InProgress",
        "startTime": "2001-02-03T04:05:06Z"
       }
    headers:
      Cache-Control:
      - no-cache
      Content-Type:
      - application/json
      Expires:
      - "-1"
      Pragma:
      - no-cache
      Server:
      - nginx
      Strict-Transport-Security:
      - max-age=31536000; includeSubDomains
      Vary:
      - Accept-Encoding
      X-Content-Type-Options:
      - nosniff
    status: 200 OK
    code: 200
    duration: ""
- request:
    body: ""
    form: {}
    headers:
      Test-Request-Attempt:
      - "1"
    url: https://management.azure.com/subscriptions/00000000-0000-0000-0000-000000000000/providers/Microsoft.ContainerService/locations/westus3/operations/4eccf8bc-6348-481b-8121-2a61261a9afb?api-version=2016-03-30
    method: GET
  response:
    body: |-
      {
        "name": "bcf8cc4e-4863-1b48-8121-2a61261a9afb",
        "status": "InProgress",
        "startTime": "2001-02-03T04:05:06Z"
       }
    headers:
      Cache-Control:
      - no-cache
      Content-Type:
      - application/json
      Expires:
      - "-1"
      Pragma:
      - no-cache
      Server:
      - nginx
      Strict-Transport-Security:
      - max-age=31536000; includeSubDomains
      Vary:
      - Accept-Encoding
      X-Content-Type-Options:
      - nosniff
    status: 200 OK
    code: 200
    duration: ""
- request:
    body: ""
    form: {}
    headers:
      Test-Request-Attempt:
      - "2"
    url: https://management.azure.com/subscriptions/00000000-0000-0000-0000-000000000000/providers/Microsoft.ContainerService/locations/westus3/operations/4eccf8bc-6348-481b-8121-2a61261a9afb?api-version=2016-03-30
    method: GET
  response:
    body: |-
      {
        "name": "bcf8cc4e-4863-1b48-8121-2a61261a9afb",
        "status": "InProgress",
        "startTime": "2001-02-03T04:05:06Z"
       }
    headers:
      Cache-Control:
      - no-cache
      Content-Type:
      - application/json
      Expires:
      - "-1"
      Pragma:
      - no-cache
      Server:
      - nginx
      Strict-Transport-Security:
      - max-age=31536000; includeSubDomains
      Vary:
      - Accept-Encoding
      X-Content-Type-Options:
      - nosniff
    status: 200 OK
    code: 200
    duration: ""
- request:
    body: ""
    form: {}
    headers:
      Test-Request-Attempt:
      - "3"
    url: https://management.azure.com/subscriptions/00000000-0000-0000-0000-000000000000/providers/Microsoft.ContainerService/locations/westus3/operations/4eccf8bc-6348-481b-8121-2a61261a9afb?api-version=2016-03-30
    method: GET
  response:
    body: |-
      {
        "name": "bcf8cc4e-4863-1b48-8121-2a61261a9afb",
        "status": "Succeeded",
        "startTime": "2001-02-03T04:05:06Z",
        "endTime": "2001-02-03T04:05:06Z"
       }
    headers:
      Cache-Control:
      - no-cache
      Content-Type:
      - application/json
      Expires:
      - "-1"
      Pragma:
      - no-cache
      Server:
      - nginx
      Strict-Transport-Security:
      - max-age=31536000; includeSubDomains
      Vary:
      - Accept-Encoding
      X-Content-Type-Options:
      - nosniff
    status: 200 OK
    code: 200
    duration: ""
- request:
    body: ""
    form: {}
    headers:
      Test-Request-Attempt:
      - "4"
    url: https://management.azure.com/subscriptions/00000000-0000-0000-0000-000000000000/resourceGroups/asotest-rg-kxcndt/providers/Microsoft.ContainerService/managedClusters/asotest-mc-dlzkpe/agentPools/ap2?api-version=2021-05-01
    method: GET
  response:
    body: |-
      {
        "id": "/subscriptions/00000000-0000-0000-0000-000000000000/resourcegroups/asotest-rg-kxcndt/providers/Microsoft.ContainerService/managedClusters/asotest-mc-dlzkpe/agentPools/ap2",
        "name": "ap2",
        "type": "Microsoft.ContainerService/managedClusters/agentPools",
        "properties": {
         "count": 1,
         "vmSize": "Standard_DS2_v2",
         "osDiskSizeGB": 128,
         "osDiskType": "Managed",
         "kubeletDiskType": "OS",
         "maxPods": 110,
         "type": "VirtualMachineScaleSets",
         "provisioningState": "Succeeded",
         "powerState": {
          "code": "Running"
         },
         "orchestratorVersion": "1.24.6",
         "nodeLabels": {
          "mylabel": "label"
         },
         "mode": "System",
         "osType": "Linux",
         "osSKU": "Ubuntu",
         "nodeImageVersion": "AKSUbuntu-1804gen2containerd-2022.12.19",
         "enableFIPS": false
        }
       }
    headers:
      Cache-Control:
      - no-cache
      Content-Type:
      - application/json
      Expires:
      - "-1"
      Pragma:
      - no-cache
      Server:
      - nginx
      Strict-Transport-Security:
      - max-age=31536000; includeSubDomains
      Vary:
      - Accept-Encoding
      X-Content-Type-Options:
      - nosniff
    status: 200 OK
    code: 200
    duration: ""
- request:
    body: ""
    form: {}
    headers:
      Accept:
      - application/json
      Test-Request-Attempt:
      - "5"
    url: https://management.azure.com/subscriptions/00000000-0000-0000-0000-000000000000/resourceGroups/asotest-rg-kxcndt/providers/Microsoft.ContainerService/managedClusters/asotest-mc-dlzkpe/agentPools/ap2?api-version=2021-05-01
    method: GET
  response:
    body: |-
      {
        "id": "/subscriptions/00000000-0000-0000-0000-000000000000/resourcegroups/asotest-rg-kxcndt/providers/Microsoft.ContainerService/managedClusters/asotest-mc-dlzkpe/agentPools/ap2",
        "name": "ap2",
        "type": "Microsoft.ContainerService/managedClusters/agentPools",
        "properties": {
         "count": 1,
         "vmSize": "Standard_DS2_v2",
         "osDiskSizeGB": 128,
         "osDiskType": "Managed",
         "kubeletDiskType": "OS",
         "maxPods": 110,
         "type": "VirtualMachineScaleSets",
         "provisioningState": "Succeeded",
         "powerState": {
          "code": "Running"
         },
         "orchestratorVersion": "1.24.6",
         "nodeLabels": {
          "mylabel": "label"
         },
         "mode": "System",
         "osType": "Linux",
         "osSKU": "Ubuntu",
         "nodeImageVersion": "AKSUbuntu-1804gen2containerd-2022.12.19",
         "enableFIPS": false
        }
       }
    headers:
      Cache-Control:
      - no-cache
      Content-Type:
      - application/json
      Expires:
      - "-1"
      Pragma:
      - no-cache
      Server:
      - nginx
      Strict-Transport-Security:
      - max-age=31536000; includeSubDomains
      Vary:
      - Accept-Encoding
      X-Content-Type-Options:
      - nosniff
    status: 200 OK
    code: 200
    duration: ""
- request:
    body: ""
    form: {}
    headers:
      Accept:
      - application/json
      Test-Request-Attempt:
      - "0"
    url: https://management.azure.com/subscriptions/00000000-0000-0000-0000-000000000000/resourceGroups/asotest-rg-kxcndt/providers/Microsoft.ContainerService/managedClusters/asotest-mc-dlzkpe/agentPools/ap2?api-version=2021-05-01
    method: DELETE
  response:
    body: ""
    headers:
      Azure-Asyncoperation:
      - https://management.azure.com/subscriptions/00000000-0000-0000-0000-000000000000/providers/Microsoft.ContainerService/locations/westus3/operations/4dbc8046-c690-47c6-845d-f00a265d3603?api-version=2016-03-30
      Cache-Control:
      - no-cache
      Content-Length:
      - "0"
      Expires:
      - "-1"
      Location:
      - https://management.azure.com/subscriptions/00000000-0000-0000-0000-000000000000/providers/Microsoft.ContainerService/locations/westus3/operationresults/4dbc8046-c690-47c6-845d-f00a265d3603?api-version=2016-03-30
      Pragma:
      - no-cache
      Server:
      - nginx
      Strict-Transport-Security:
      - max-age=31536000; includeSubDomains
      X-Content-Type-Options:
      - nosniff
    status: 202 Accepted
    code: 202
    duration: ""
- request:
    body: ""
    form: {}
    headers:
      Test-Request-Attempt:
      - "0"
    url: https://management.azure.com/subscriptions/00000000-0000-0000-0000-000000000000/providers/Microsoft.ContainerService/locations/westus3/operations/4dbc8046-c690-47c6-845d-f00a265d3603?api-version=2016-03-30
    method: GET
  response:
    body: |-
      {
        "name": "4680bc4d-90c6-c647-845d-f00a265d3603",
        "status": "InProgress",
        "startTime": "2001-02-03T04:05:06Z"
       }
    headers:
      Cache-Control:
      - no-cache
      Content-Type:
      - application/json
      Expires:
      - "-1"
      Pragma:
      - no-cache
      Server:
      - nginx
      Strict-Transport-Security:
      - max-age=31536000; includeSubDomains
      Vary:
      - Accept-Encoding
      X-Content-Type-Options:
      - nosniff
    status: 200 OK
    code: 200
    duration: ""
- request:
    body: ""
    form: {}
    headers:
      Test-Request-Attempt:
      - "1"
    url: https://management.azure.com/subscriptions/00000000-0000-0000-0000-000000000000/providers/Microsoft.ContainerService/locations/westus3/operations/4dbc8046-c690-47c6-845d-f00a265d3603?api-version=2016-03-30
    method: GET
  response:
    body: |-
      {
        "name": "4680bc4d-90c6-c647-845d-f00a265d3603",
        "status": "InProgress",
        "startTime": "2001-02-03T04:05:06Z"
       }
    headers:
      Cache-Control:
      - no-cache
      Content-Type:
      - application/json
      Expires:
      - "-1"
      Pragma:
      - no-cache
      Server:
      - nginx
      Strict-Transport-Security:
      - max-age=31536000; includeSubDomains
      Vary:
      - Accept-Encoding
      X-Content-Type-Options:
      - nosniff
    status: 200 OK
    code: 200
    duration: ""
- request:
    body: ""
    form: {}
    headers:
      Test-Request-Attempt:
      - "2"
    url: https://management.azure.com/subscriptions/00000000-0000-0000-0000-000000000000/providers/Microsoft.ContainerService/locations/westus3/operations/4dbc8046-c690-47c6-845d-f00a265d3603?api-version=2016-03-30
    method: GET
  response:
    body: |-
      {
        "name": "4680bc4d-90c6-c647-845d-f00a265d3603",
        "status": "InProgress",
        "startTime": "2001-02-03T04:05:06Z"
       }
    headers:
      Cache-Control:
      - no-cache
      Content-Type:
      - application/json
      Expires:
      - "-1"
      Pragma:
      - no-cache
      Server:
      - nginx
      Strict-Transport-Security:
      - max-age=31536000; includeSubDomains
      Vary:
      - Accept-Encoding
      X-Content-Type-Options:
      - nosniff
    status: 200 OK
    code: 200
    duration: ""
- request:
    body: ""
    form: {}
    headers:
      Test-Request-Attempt:
      - "3"
    url: https://management.azure.com/subscriptions/00000000-0000-0000-0000-000000000000/providers/Microsoft.ContainerService/locations/westus3/operations/4dbc8046-c690-47c6-845d-f00a265d3603?api-version=2016-03-30
    method: GET
  response:
    body: |-
      {
        "name": "4680bc4d-90c6-c647-845d-f00a265d3603",
        "status": "InProgress",
        "startTime": "2001-02-03T04:05:06Z"
       }
    headers:
      Cache-Control:
      - no-cache
      Content-Type:
      - application/json
      Expires:
      - "-1"
      Pragma:
      - no-cache
      Server:
      - nginx
      Strict-Transport-Security:
      - max-age=31536000; includeSubDomains
      Vary:
      - Accept-Encoding
      X-Content-Type-Options:
      - nosniff
    status: 200 OK
    code: 200
    duration: ""
- request:
    body: ""
    form: {}
    headers:
      Test-Request-Attempt:
      - "4"
    url: https://management.azure.com/subscriptions/00000000-0000-0000-0000-000000000000/providers/Microsoft.ContainerService/locations/westus3/operations/4dbc8046-c690-47c6-845d-f00a265d3603?api-version=2016-03-30
    method: GET
  response:
    body: |-
      {
        "name": "4680bc4d-90c6-c647-845d-f00a265d3603",
        "status": "InProgress",
        "startTime": "2001-02-03T04:05:06Z"
       }
    headers:
      Cache-Control:
      - no-cache
      Content-Type:
      - application/json
      Expires:
      - "-1"
      Pragma:
      - no-cache
      Server:
      - nginx
      Strict-Transport-Security:
      - max-age=31536000; includeSubDomains
      Vary:
      - Accept-Encoding
      X-Content-Type-Options:
      - nosniff
    status: 200 OK
    code: 200
    duration: ""
- request:
    body: ""
    form: {}
    headers:
      Test-Request-Attempt:
      - "5"
    url: https://management.azure.com/subscriptions/00000000-0000-0000-0000-000000000000/providers/Microsoft.ContainerService/locations/westus3/operations/4dbc8046-c690-47c6-845d-f00a265d3603?api-version=2016-03-30
    method: GET
  response:
    body: |-
      {
        "name": "4680bc4d-90c6-c647-845d-f00a265d3603",
        "status": "Succeeded",
        "startTime": "2001-02-03T04:05:06Z",
        "endTime": "2001-02-03T04:05:06Z"
       }
    headers:
      Cache-Control:
      - no-cache
      Content-Type:
      - application/json
      Expires:
      - "-1"
      Pragma:
      - no-cache
      Server:
      - nginx
      Strict-Transport-Security:
      - max-age=31536000; includeSubDomains
      Vary:
      - Accept-Encoding
      X-Content-Type-Options:
      - nosniff
    status: 200 OK
    code: 200
    duration: ""
- request:
    body: ""
    form: {}
    headers:
      Accept:
      - application/json
      Test-Request-Attempt:
      - "0"
    url: https://management.azure.com/subscriptions/00000000-0000-0000-0000-000000000000/resourceGroups/asotest-rg-kxcndt/providers/Microsoft.ContainerService/managedClusters/asotest-mc-dlzkpe?api-version=2021-05-01
    method: DELETE
  response:
    body: ""
    headers:
      Azure-Asyncoperation:
      - https://management.azure.com/subscriptions/00000000-0000-0000-0000-000000000000/providers/Microsoft.ContainerService/locations/westus3/operations/36c5a569-c584-479e-a935-ef078a6d09fb?api-version=2016-03-30
      Cache-Control:
      - no-cache
      Content-Length:
      - "0"
      Expires:
      - "-1"
      Location:
      - https://management.azure.com/subscriptions/00000000-0000-0000-0000-000000000000/providers/Microsoft.ContainerService/locations/westus3/operationresults/36c5a569-c584-479e-a935-ef078a6d09fb?api-version=2016-03-30
      Pragma:
      - no-cache
      Server:
      - nginx
      Strict-Transport-Security:
      - max-age=31536000; includeSubDomains
      X-Content-Type-Options:
      - nosniff
    status: 202 Accepted
    code: 202
    duration: ""
- request:
    body: ""
    form: {}
    headers:
      Test-Request-Attempt:
      - "0"
    url: https://management.azure.com/subscriptions/00000000-0000-0000-0000-000000000000/providers/Microsoft.ContainerService/locations/westus3/operations/36c5a569-c584-479e-a935-ef078a6d09fb?api-version=2016-03-30
    method: GET
  response:
    body: |-
      {
        "name": "69a5c536-84c5-9e47-a935-ef078a6d09fb",
        "status": "InProgress",
        "startTime": "2001-02-03T04:05:06Z"
       }
    headers:
      Cache-Control:
      - no-cache
      Content-Type:
      - application/json
      Expires:
      - "-1"
      Pragma:
      - no-cache
      Server:
      - nginx
      Strict-Transport-Security:
      - max-age=31536000; includeSubDomains
      Vary:
      - Accept-Encoding
      X-Content-Type-Options:
      - nosniff
    status: 200 OK
    code: 200
    duration: ""
- request:
    body: ""
    form: {}
    headers:
      Test-Request-Attempt:
      - "1"
    url: https://management.azure.com/subscriptions/00000000-0000-0000-0000-000000000000/providers/Microsoft.ContainerService/locations/westus3/operations/36c5a569-c584-479e-a935-ef078a6d09fb?api-version=2016-03-30
    method: GET
  response:
    body: |-
      {
        "name": "69a5c536-84c5-9e47-a935-ef078a6d09fb",
        "status": "InProgress",
        "startTime": "2001-02-03T04:05:06Z"
       }
    headers:
      Cache-Control:
      - no-cache
      Content-Type:
      - application/json
      Expires:
      - "-1"
      Pragma:
      - no-cache
      Server:
      - nginx
      Strict-Transport-Security:
      - max-age=31536000; includeSubDomains
      Vary:
      - Accept-Encoding
      X-Content-Type-Options:
      - nosniff
    status: 200 OK
    code: 200
    duration: ""
- request:
    body: ""
    form: {}
    headers:
      Test-Request-Attempt:
      - "2"
    url: https://management.azure.com/subscriptions/00000000-0000-0000-0000-000000000000/providers/Microsoft.ContainerService/locations/westus3/operations/36c5a569-c584-479e-a935-ef078a6d09fb?api-version=2016-03-30
    method: GET
  response:
    body: |-
      {
        "name": "69a5c536-84c5-9e47-a935-ef078a6d09fb",
        "status": "InProgress",
        "startTime": "2001-02-03T04:05:06Z"
       }
    headers:
      Cache-Control:
      - no-cache
      Content-Type:
      - application/json
      Expires:
      - "-1"
      Pragma:
      - no-cache
      Server:
      - nginx
      Strict-Transport-Security:
      - max-age=31536000; includeSubDomains
      Vary:
      - Accept-Encoding
      X-Content-Type-Options:
      - nosniff
    status: 200 OK
    code: 200
    duration: ""
- request:
    body: ""
    form: {}
    headers:
      Test-Request-Attempt:
      - "3"
    url: https://management.azure.com/subscriptions/00000000-0000-0000-0000-000000000000/providers/Microsoft.ContainerService/locations/westus3/operations/36c5a569-c584-479e-a935-ef078a6d09fb?api-version=2016-03-30
    method: GET
  response:
    body: |-
      {
        "name": "69a5c536-84c5-9e47-a935-ef078a6d09fb",
        "status": "InProgress",
        "startTime": "2001-02-03T04:05:06Z"
       }
    headers:
      Cache-Control:
      - no-cache
      Content-Type:
      - application/json
      Expires:
      - "-1"
      Pragma:
      - no-cache
      Server:
      - nginx
      Strict-Transport-Security:
      - max-age=31536000; includeSubDomains
      Vary:
      - Accept-Encoding
      X-Content-Type-Options:
      - nosniff
    status: 200 OK
    code: 200
    duration: ""
- request:
    body: ""
    form: {}
    headers:
      Test-Request-Attempt:
      - "4"
    url: https://management.azure.com/subscriptions/00000000-0000-0000-0000-000000000000/providers/Microsoft.ContainerService/locations/westus3/operations/36c5a569-c584-479e-a935-ef078a6d09fb?api-version=2016-03-30
    method: GET
  response:
    body: |-
      {
        "name": "69a5c536-84c5-9e47-a935-ef078a6d09fb",
        "status": "InProgress",
        "startTime": "2001-02-03T04:05:06Z"
       }
    headers:
      Cache-Control:
      - no-cache
      Content-Type:
      - application/json
      Expires:
      - "-1"
      Pragma:
      - no-cache
      Server:
      - nginx
      Strict-Transport-Security:
      - max-age=31536000; includeSubDomains
      Vary:
      - Accept-Encoding
      X-Content-Type-Options:
      - nosniff
    status: 200 OK
    code: 200
    duration: ""
- request:
    body: ""
    form: {}
    headers:
      Test-Request-Attempt:
      - "5"
    url: https://management.azure.com/subscriptions/00000000-0000-0000-0000-000000000000/providers/Microsoft.ContainerService/locations/westus3/operations/36c5a569-c584-479e-a935-ef078a6d09fb?api-version=2016-03-30
    method: GET
  response:
    body: |-
      {
        "name": "69a5c536-84c5-9e47-a935-ef078a6d09fb",
        "status": "InProgress",
        "startTime": "2001-02-03T04:05:06Z"
       }
    headers:
      Cache-Control:
      - no-cache
      Content-Type:
      - application/json
      Expires:
      - "-1"
      Pragma:
      - no-cache
      Server:
      - nginx
      Strict-Transport-Security:
      - max-age=31536000; includeSubDomains
      Vary:
      - Accept-Encoding
      X-Content-Type-Options:
      - nosniff
    status: 200 OK
    code: 200
    duration: ""
- request:
    body: ""
    form: {}
    headers:
      Test-Request-Attempt:
      - "6"
    url: https://management.azure.com/subscriptions/00000000-0000-0000-0000-000000000000/providers/Microsoft.ContainerService/locations/westus3/operations/36c5a569-c584-479e-a935-ef078a6d09fb?api-version=2016-03-30
    method: GET
  response:
    body: |-
      {
        "name": "69a5c536-84c5-9e47-a935-ef078a6d09fb",
        "status": "InProgress",
        "startTime": "2001-02-03T04:05:06Z"
       }
    headers:
      Cache-Control:
      - no-cache
      Content-Type:
      - application/json
      Expires:
      - "-1"
      Pragma:
      - no-cache
      Server:
      - nginx
      Strict-Transport-Security:
      - max-age=31536000; includeSubDomains
      Vary:
      - Accept-Encoding
      X-Content-Type-Options:
      - nosniff
    status: 200 OK
    code: 200
    duration: ""
- request:
    body: ""
    form: {}
    headers:
      Test-Request-Attempt:
      - "7"
    url: https://management.azure.com/subscriptions/00000000-0000-0000-0000-000000000000/providers/Microsoft.ContainerService/locations/westus3/operations/36c5a569-c584-479e-a935-ef078a6d09fb?api-version=2016-03-30
    method: GET
  response:
    body: |-
      {
        "name": "69a5c536-84c5-9e47-a935-ef078a6d09fb",
        "status": "InProgress",
        "startTime": "2001-02-03T04:05:06Z"
       }
    headers:
      Cache-Control:
      - no-cache
      Content-Type:
      - application/json
      Expires:
      - "-1"
      Pragma:
      - no-cache
      Server:
      - nginx
      Strict-Transport-Security:
      - max-age=31536000; includeSubDomains
      Vary:
      - Accept-Encoding
      X-Content-Type-Options:
      - nosniff
    status: 200 OK
    code: 200
    duration: ""
- request:
    body: ""
    form: {}
    headers:
      Test-Request-Attempt:
      - "8"
    url: https://management.azure.com/subscriptions/00000000-0000-0000-0000-000000000000/providers/Microsoft.ContainerService/locations/westus3/operations/36c5a569-c584-479e-a935-ef078a6d09fb?api-version=2016-03-30
    method: GET
  response:
    body: |-
      {
        "name": "69a5c536-84c5-9e47-a935-ef078a6d09fb",
        "status": "Succeeded",
        "startTime": "2001-02-03T04:05:06Z",
        "endTime": "2001-02-03T04:05:06Z"
       }
    headers:
      Cache-Control:
      - no-cache
      Content-Type:
      - application/json
      Expires:
      - "-1"
      Pragma:
      - no-cache
      Server:
      - nginx
      Strict-Transport-Security:
      - max-age=31536000; includeSubDomains
      Vary:
      - Accept-Encoding
      X-Content-Type-Options:
      - nosniff
    status: 200 OK
    code: 200
    duration: ""
- request:
    body: ""
    form: {}
    headers:
      Accept:
      - application/json
      Test-Request-Attempt:
      - "0"
    url: https://management.azure.com/subscriptions/00000000-0000-0000-0000-000000000000/resourcegroups/asotest-rg-kxcndt/providers/Microsoft.ContainerService/managedClusters/asotest-mc-dlzkpe?api-version=2021-05-01
    method: GET
  response:
    body: '{"error":{"code":"ResourceNotFound","message":"The Resource ''Microsoft.ContainerService/managedClusters/asotest-mc-dlzkpe''
      under resource group ''asotest-rg-kxcndt'' was not found. For more details please
      go to https://aka.ms/ARMResourceNotFoundFix"}}'
    headers:
      Cache-Control:
      - no-cache
      Content-Length:
      - "249"
      Content-Type:
      - application/json; charset=utf-8
      Expires:
      - "-1"
      Pragma:
      - no-cache
      Strict-Transport-Security:
      - max-age=31536000; includeSubDomains
      X-Content-Type-Options:
      - nosniff
      X-Ms-Failure-Cause:
      - gateway
    status: 404 Not Found
    code: 404
    duration: ""
- request:
    body: ""
    form: {}
    headers:
      Accept:
      - application/json
      Test-Request-Attempt:
      - "0"
    url: https://management.azure.com/subscriptions/00000000-0000-0000-0000-000000000000/resourceGroups/asotest-rg-kxcndt?api-version=2020-06-01
    method: DELETE
  response:
    body: ""
    headers:
      Cache-Control:
      - no-cache
      Content-Length:
      - "0"
      Expires:
      - "-1"
      Location:
      - https://management.azure.com/subscriptions/00000000-0000-0000-0000-000000000000/operationresults/eyJqb2JJZCI6IlJFU09VUkNFR1JPVVBERUxFVElPTkpPQi1BU09URVNUOjJEUkc6MkRLWENORFQtV0VTVFVTMiIsImpvYkxvY2F0aW9uIjoid2VzdHVzMiJ9?api-version=2020-06-01
      Pragma:
      - no-cache
      Retry-After:
      - "15"
      Strict-Transport-Security:
      - max-age=31536000; includeSubDomains
      X-Content-Type-Options:
      - nosniff
    status: 202 Accepted
    code: 202
    duration: ""
- request:
    body: ""
    form: {}
    headers:
      Test-Request-Attempt:
      - "0"
    url: https://management.azure.com/subscriptions/00000000-0000-0000-0000-000000000000/operationresults/eyJqb2JJZCI6IlJFU09VUkNFR1JPVVBERUxFVElPTkpPQi1BU09URVNUOjJEUkc6MkRLWENORFQtV0VTVFVTMiIsImpvYkxvY2F0aW9uIjoid2VzdHVzMiJ9?api-version=2020-06-01
    method: GET
  response:
    body: ""
    headers:
      Cache-Control:
      - no-cache
      Content-Length:
      - "0"
      Expires:
      - "-1"
      Location:
      - https://management.azure.com/subscriptions/00000000-0000-0000-0000-000000000000/operationresults/eyJqb2JJZCI6IlJFU09VUkNFR1JPVVBERUxFVElPTkpPQi1BU09URVNUOjJEUkc6MkRLWENORFQtV0VTVFVTMiIsImpvYkxvY2F0aW9uIjoid2VzdHVzMiJ9?api-version=2020-06-01
      Pragma:
      - no-cache
      Retry-After:
      - "15"
      Strict-Transport-Security:
      - max-age=31536000; includeSubDomains
      X-Content-Type-Options:
      - nosniff
    status: 202 Accepted
    code: 202
    duration: ""
- request:
    body: ""
    form: {}
    headers:
      Test-Request-Attempt:
      - "1"
    url: https://management.azure.com/subscriptions/00000000-0000-0000-0000-000000000000/operationresults/eyJqb2JJZCI6IlJFU09VUkNFR1JPVVBERUxFVElPTkpPQi1BU09URVNUOjJEUkc6MkRLWENORFQtV0VTVFVTMiIsImpvYkxvY2F0aW9uIjoid2VzdHVzMiJ9?api-version=2020-06-01
    method: GET
  response:
    body: ""
    headers:
      Cache-Control:
      - no-cache
      Content-Length:
      - "0"
      Expires:
      - "-1"
      Location:
      - https://management.azure.com/subscriptions/00000000-0000-0000-0000-000000000000/operationresults/eyJqb2JJZCI6IlJFU09VUkNFR1JPVVBERUxFVElPTkpPQi1BU09URVNUOjJEUkc6MkRLWENORFQtV0VTVFVTMiIsImpvYkxvY2F0aW9uIjoid2VzdHVzMiJ9?api-version=2020-06-01
      Pragma:
      - no-cache
      Retry-After:
      - "15"
      Strict-Transport-Security:
      - max-age=31536000; includeSubDomains
      X-Content-Type-Options:
      - nosniff
    status: 202 Accepted
    code: 202
    duration: ""
- request:
    body: ""
    form: {}
    headers:
      Test-Request-Attempt:
      - "2"
    url: https://management.azure.com/subscriptions/00000000-0000-0000-0000-000000000000/operationresults/eyJqb2JJZCI6IlJFU09VUkNFR1JPVVBERUxFVElPTkpPQi1BU09URVNUOjJEUkc6MkRLWENORFQtV0VTVFVTMiIsImpvYkxvY2F0aW9uIjoid2VzdHVzMiJ9?api-version=2020-06-01
    method: GET
  response:
    body: ""
    headers:
      Cache-Control:
      - no-cache
      Content-Length:
      - "0"
      Expires:
      - "-1"
      Location:
      - https://management.azure.com/subscriptions/00000000-0000-0000-0000-000000000000/operationresults/eyJqb2JJZCI6IlJFU09VUkNFR1JPVVBERUxFVElPTkpPQi1BU09URVNUOjJEUkc6MkRLWENORFQtV0VTVFVTMiIsImpvYkxvY2F0aW9uIjoid2VzdHVzMiJ9?api-version=2020-06-01
      Pragma:
      - no-cache
      Retry-After:
      - "15"
      Strict-Transport-Security:
      - max-age=31536000; includeSubDomains
      X-Content-Type-Options:
      - nosniff
    status: 202 Accepted
    code: 202
    duration: ""
- request:
    body: ""
    form: {}
    headers:
      Test-Request-Attempt:
      - "3"
    url: https://management.azure.com/subscriptions/00000000-0000-0000-0000-000000000000/operationresults/eyJqb2JJZCI6IlJFU09VUkNFR1JPVVBERUxFVElPTkpPQi1BU09URVNUOjJEUkc6MkRLWENORFQtV0VTVFVTMiIsImpvYkxvY2F0aW9uIjoid2VzdHVzMiJ9?api-version=2020-06-01
    method: GET
  response:
    body: ""
    headers:
      Cache-Control:
      - no-cache
      Content-Length:
      - "0"
      Expires:
      - "-1"
      Location:
      - https://management.azure.com/subscriptions/00000000-0000-0000-0000-000000000000/operationresults/eyJqb2JJZCI6IlJFU09VUkNFR1JPVVBERUxFVElPTkpPQi1BU09URVNUOjJEUkc6MkRLWENORFQtV0VTVFVTMiIsImpvYkxvY2F0aW9uIjoid2VzdHVzMiJ9?api-version=2020-06-01
      Pragma:
      - no-cache
      Retry-After:
      - "15"
      Strict-Transport-Security:
      - max-age=31536000; includeSubDomains
      X-Content-Type-Options:
      - nosniff
    status: 202 Accepted
    code: 202
    duration: ""
- request:
    body: ""
    form: {}
    headers:
      Test-Request-Attempt:
      - "4"
    url: https://management.azure.com/subscriptions/00000000-0000-0000-0000-000000000000/operationresults/eyJqb2JJZCI6IlJFU09VUkNFR1JPVVBERUxFVElPTkpPQi1BU09URVNUOjJEUkc6MkRLWENORFQtV0VTVFVTMiIsImpvYkxvY2F0aW9uIjoid2VzdHVzMiJ9?api-version=2020-06-01
    method: GET
  response:
    body: ""
    headers:
      Cache-Control:
      - no-cache
      Content-Length:
      - "0"
      Expires:
      - "-1"
      Pragma:
      - no-cache
      Strict-Transport-Security:
      - max-age=31536000; includeSubDomains
      X-Content-Type-Options:
      - nosniff
    status: 200 OK
    code: 200
    duration: ""
