---
version: 1
interactions:
- request:
    body: '{"name":"asotest-rg-pcirvs","location":"westus2","tags":{"CreatedAt":"2001-02-03T04:05:06Z"}}'
    form: {}
    headers:
      Accept:
      - application/json
      Content-Length:
      - "93"
      Content-Type:
      - application/json
      Test-Request-Attempt:
      - "0"
    url: https://management.azure.com/subscriptions/00000000-0000-0000-0000-000000000000/resourceGroups/asotest-rg-pcirvs?api-version=2020-06-01
    method: PUT
  response:
    body: '{"id":"/subscriptions/00000000-0000-0000-0000-000000000000/resourceGroups/asotest-rg-pcirvs","name":"asotest-rg-pcirvs","type":"Microsoft.Resources/resourceGroups","location":"westus2","tags":{"CreatedAt":"2001-02-03T04:05:06Z"},"properties":{"provisioningState":"Succeeded"}}'
    headers:
      Cache-Control:
      - no-cache
      Content-Length:
      - "276"
      Content-Type:
      - application/json; charset=utf-8
      Expires:
      - "-1"
      Pragma:
      - no-cache
      Strict-Transport-Security:
      - max-age=31536000; includeSubDomains
      X-Content-Type-Options:
      - nosniff
    status: 201 Created
    code: 201
    duration: ""
- request:
    body: ""
    form: {}
    headers:
      Accept:
      - application/json
      Test-Request-Attempt:
      - "0"
    url: https://management.azure.com/subscriptions/00000000-0000-0000-0000-000000000000/resourceGroups/asotest-rg-pcirvs?api-version=2020-06-01
    method: GET
  response:
    body: '{"id":"/subscriptions/00000000-0000-0000-0000-000000000000/resourceGroups/asotest-rg-pcirvs","name":"asotest-rg-pcirvs","type":"Microsoft.Resources/resourceGroups","location":"westus2","tags":{"CreatedAt":"2001-02-03T04:05:06Z"},"properties":{"provisioningState":"Succeeded"}}'
    headers:
      Cache-Control:
      - no-cache
      Content-Type:
      - application/json; charset=utf-8
      Expires:
      - "-1"
      Pragma:
      - no-cache
      Strict-Transport-Security:
      - max-age=31536000; includeSubDomains
      Vary:
      - Accept-Encoding
      X-Content-Type-Options:
      - nosniff
    status: 200 OK
    code: 200
    duration: ""
- request:
    body: '{"identity":{"type":"SystemAssigned"},"location":"westcentralus","name":"samplemanagedcluster","properties":{"agentPoolProfiles":[{"count":1,"mode":"System","name":"pool1","osType":"Linux","vmSize":"Standard_DS2_v2"}],"dnsPrefix":"aso"}}'
    form: {}
    headers:
      Accept:
      - application/json
      Content-Length:
      - "237"
      Content-Type:
      - application/json
      Test-Request-Attempt:
      - "0"
    url: https://management.azure.com/subscriptions/00000000-0000-0000-0000-000000000000/resourceGroups/asotest-rg-pcirvs/providers/Microsoft.ContainerService/managedClusters/samplemanagedcluster?api-version=2021-05-01
    method: PUT
  response:
    body: |-
      {
        "id": "/subscriptions/00000000-0000-0000-0000-000000000000/resourcegroups/asotest-rg-pcirvs/providers/Microsoft.ContainerService/managedClusters/samplemanagedcluster",
        "location": "westcentralus",
        "name": "samplemanagedcluster",
        "type": "Microsoft.ContainerService/ManagedClusters",
        "properties": {
         "provisioningState": "Creating",
         "powerState": {
          "code": "Running"
         },
         "kubernetesVersion": "1.22.6",
         "dnsPrefix": "aso",
         "fqdn": "aso-3d619ac3.hcp.westcentralus.azmk8s.io",
         "azurePortalFQDN": "aso-3d619ac3.portal.hcp.westcentralus.azmk8s.io",
         "agentPoolProfiles": [
          {
           "name": "pool1",
           "count": 1,
           "vmSize": "Standard_DS2_v2",
           "osDiskSizeGB": 128,
           "osDiskType": "Managed",
           "kubeletDiskType": "OS",
           "maxPods": 110,
           "type": "VirtualMachineScaleSets",
           "provisioningState": "Creating",
           "powerState": {
            "code": "Running"
           },
           "orchestratorVersion": "1.22.6",
           "mode": "System",
           "osType": "Linux",
           "osSKU": "Ubuntu",
           "nodeImageVersion": "AKSUbuntu-1804gen2containerd-2022.06.08",
           "enableFIPS": false
          }
         ],
         "servicePrincipalProfile": {
          "clientId": "msi"
         },
         "nodeResourceGroup": "MC_asotest-rg-pcirvs_samplemanagedcluster_westcentralus",
         "enableRBAC": true,
         "networkProfile": {
          "networkPlugin": "kubenet",
          "loadBalancerSku": "standard",
          "loadBalancerProfile": {
           "managedOutboundIPs": {
            "count": 1
           }
          },
          "podCidr": "10.244.0.0/16",
          "serviceCidr": "10.0.0.0/16",
          "dnsServiceIP": "10.0.0.10",
          "dockerBridgeCidr": "172.17.0.1/16",
          "outboundType": "loadBalancer"
         },
         "maxAgentPools": 100
        },
        "identity": {
         "type": "SystemAssigned",
         "principalId": "ed4575d0-7d50-4b83-994b-026fca189f57",
         "tenantId": "72f988bf-86f1-41af-91ab-2d7cd011db47"
        },
        "sku": {
         "name": "Basic",
         "tier": "Free"
        }
       }
    headers:
      Azure-Asyncoperation:
      - https://management.azure.com/subscriptions/00000000-0000-0000-0000-000000000000/providers/Microsoft.ContainerService/locations/westcentralus/operations/bdb383d1-340e-4e92-8453-d0b5ddc0779b?api-version=2016-03-30
      Cache-Control:
      - no-cache
      Content-Length:
      - "1908"
      Content-Type:
      - application/json
      Expires:
      - "-1"
      Pragma:
      - no-cache
      Server:
      - nginx
      Strict-Transport-Security:
      - max-age=31536000; includeSubDomains
      X-Content-Type-Options:
      - nosniff
    status: 201 Created
    code: 201
    duration: ""
- request:
    body: ""
    form: {}
    headers:
      Test-Request-Attempt:
      - "0"
    url: https://management.azure.com/subscriptions/00000000-0000-0000-0000-000000000000/providers/Microsoft.ContainerService/locations/westcentralus/operations/bdb383d1-340e-4e92-8453-d0b5ddc0779b?api-version=2016-03-30
    method: GET
  response:
    body: |-
      {
        "name": "d183b3bd-0e34-924e-8453-d0b5ddc0779b",
        "status": "InProgress",
        "startTime": "2001-02-03T04:05:06Z"
       }
    headers:
      Cache-Control:
      - no-cache
      Content-Type:
      - application/json
      Expires:
      - "-1"
      Pragma:
      - no-cache
      Server:
      - nginx
      Strict-Transport-Security:
      - max-age=31536000; includeSubDomains
      Vary:
      - Accept-Encoding
      X-Content-Type-Options:
      - nosniff
    status: 200 OK
    code: 200
    duration: ""
- request:
    body: ""
    form: {}
    headers:
      Test-Request-Attempt:
      - "1"
    url: https://management.azure.com/subscriptions/00000000-0000-0000-0000-000000000000/providers/Microsoft.ContainerService/locations/westcentralus/operations/bdb383d1-340e-4e92-8453-d0b5ddc0779b?api-version=2016-03-30
    method: GET
  response:
    body: |-
      {
        "name": "d183b3bd-0e34-924e-8453-d0b5ddc0779b",
        "status": "InProgress",
        "startTime": "2001-02-03T04:05:06Z"
       }
    headers:
      Cache-Control:
      - no-cache
      Content-Type:
      - application/json
      Expires:
      - "-1"
      Pragma:
      - no-cache
      Server:
      - nginx
      Strict-Transport-Security:
      - max-age=31536000; includeSubDomains
      Vary:
      - Accept-Encoding
      X-Content-Type-Options:
      - nosniff
    status: 200 OK
    code: 200
    duration: ""
- request:
    body: ""
    form: {}
    headers:
      Test-Request-Attempt:
      - "2"
    url: https://management.azure.com/subscriptions/00000000-0000-0000-0000-000000000000/providers/Microsoft.ContainerService/locations/westcentralus/operations/bdb383d1-340e-4e92-8453-d0b5ddc0779b?api-version=2016-03-30
    method: GET
  response:
    body: |-
      {
        "name": "d183b3bd-0e34-924e-8453-d0b5ddc0779b",
        "status": "InProgress",
        "startTime": "2001-02-03T04:05:06Z"
       }
    headers:
      Cache-Control:
      - no-cache
      Content-Type:
      - application/json
      Expires:
      - "-1"
      Pragma:
      - no-cache
      Server:
      - nginx
      Strict-Transport-Security:
      - max-age=31536000; includeSubDomains
      Vary:
      - Accept-Encoding
      X-Content-Type-Options:
      - nosniff
    status: 200 OK
    code: 200
    duration: ""
- request:
    body: ""
    form: {}
    headers:
      Test-Request-Attempt:
      - "3"
    url: https://management.azure.com/subscriptions/00000000-0000-0000-0000-000000000000/providers/Microsoft.ContainerService/locations/westcentralus/operations/bdb383d1-340e-4e92-8453-d0b5ddc0779b?api-version=2016-03-30
    method: GET
  response:
    body: |-
      {
        "name": "d183b3bd-0e34-924e-8453-d0b5ddc0779b",
        "status": "InProgress",
        "startTime": "2001-02-03T04:05:06Z"
       }
    headers:
      Cache-Control:
      - no-cache
      Content-Type:
      - application/json
      Expires:
      - "-1"
      Pragma:
      - no-cache
      Server:
      - nginx
      Strict-Transport-Security:
      - max-age=31536000; includeSubDomains
      Vary:
      - Accept-Encoding
      X-Content-Type-Options:
      - nosniff
    status: 200 OK
    code: 200
    duration: ""
- request:
    body: ""
    form: {}
    headers:
      Test-Request-Attempt:
      - "4"
    url: https://management.azure.com/subscriptions/00000000-0000-0000-0000-000000000000/providers/Microsoft.ContainerService/locations/westcentralus/operations/bdb383d1-340e-4e92-8453-d0b5ddc0779b?api-version=2016-03-30
    method: GET
  response:
    body: |-
      {
        "name": "d183b3bd-0e34-924e-8453-d0b5ddc0779b",
        "status": "InProgress",
        "startTime": "2001-02-03T04:05:06Z"
       }
    headers:
      Cache-Control:
      - no-cache
      Content-Type:
      - application/json
      Expires:
      - "-1"
      Pragma:
      - no-cache
      Server:
      - nginx
      Strict-Transport-Security:
      - max-age=31536000; includeSubDomains
      Vary:
      - Accept-Encoding
      X-Content-Type-Options:
      - nosniff
    status: 200 OK
    code: 200
    duration: ""
- request:
    body: ""
    form: {}
    headers:
      Test-Request-Attempt:
      - "5"
    url: https://management.azure.com/subscriptions/00000000-0000-0000-0000-000000000000/providers/Microsoft.ContainerService/locations/westcentralus/operations/bdb383d1-340e-4e92-8453-d0b5ddc0779b?api-version=2016-03-30
    method: GET
  response:
    body: |-
      {
        "name": "d183b3bd-0e34-924e-8453-d0b5ddc0779b",
        "status": "Succeeded",
        "startTime": "2001-02-03T04:05:06Z",
        "endTime": "2001-02-03T04:05:06Z"
       }
    headers:
      Cache-Control:
      - no-cache
      Content-Type:
      - application/json
      Expires:
      - "-1"
      Pragma:
      - no-cache
      Server:
      - nginx
      Strict-Transport-Security:
      - max-age=31536000; includeSubDomains
      Vary:
      - Accept-Encoding
      X-Content-Type-Options:
      - nosniff
    status: 200 OK
    code: 200
    duration: ""
- request:
    body: ""
    form: {}
    headers:
      Accept:
      - application/json
      Test-Request-Attempt:
      - "0"
    url: https://management.azure.com/subscriptions/00000000-0000-0000-0000-000000000000/resourceGroups/asotest-rg-pcirvs/providers/Microsoft.ContainerService/managedClusters/samplemanagedcluster?api-version=2021-05-01
    method: GET
  response:
    body: |-
      {
        "id": "/subscriptions/00000000-0000-0000-0000-000000000000/resourcegroups/asotest-rg-pcirvs/providers/Microsoft.ContainerService/managedClusters/samplemanagedcluster",
        "location": "westcentralus",
        "name": "samplemanagedcluster",
        "type": "Microsoft.ContainerService/ManagedClusters",
        "properties": {
         "provisioningState": "Succeeded",
         "powerState": {
          "code": "Running"
         },
         "kubernetesVersion": "1.22.6",
         "dnsPrefix": "aso",
         "fqdn": "aso-3d619ac3.hcp.westcentralus.azmk8s.io",
         "azurePortalFQDN": "aso-3d619ac3.portal.hcp.westcentralus.azmk8s.io",
         "agentPoolProfiles": [
          {
           "name": "pool1",
           "count": 1,
           "vmSize": "Standard_DS2_v2",
           "osDiskSizeGB": 128,
           "osDiskType": "Managed",
           "kubeletDiskType": "OS",
           "maxPods": 110,
           "type": "VirtualMachineScaleSets",
           "provisioningState": "Succeeded",
           "powerState": {
            "code": "Running"
           },
           "orchestratorVersion": "1.22.6",
           "mode": "System",
           "osType": "Linux",
           "osSKU": "Ubuntu",
           "nodeImageVersion": "AKSUbuntu-1804gen2containerd-2022.06.08",
           "enableFIPS": false
          }
         ],
         "servicePrincipalProfile": {
          "clientId": "msi"
         },
         "nodeResourceGroup": "MC_asotest-rg-pcirvs_samplemanagedcluster_westcentralus",
         "enableRBAC": true,
         "networkProfile": {
          "networkPlugin": "kubenet",
          "loadBalancerSku": "Standard",
          "loadBalancerProfile": {
           "managedOutboundIPs": {
            "count": 1
           },
           "effectiveOutboundIPs": [
            {
             "id": "/subscriptions/00000000-0000-0000-0000-000000000000/resourceGroups/MC_asotest-rg-pcirvs_samplemanagedcluster_westcentralus/providers/Microsoft.Network/publicIPAddresses/cebdf17b-2d5e-40ac-968d-0ae7f0931c86"
            }
           ]
          },
          "podCidr": "10.244.0.0/16",
          "serviceCidr": "10.0.0.0/16",
          "dnsServiceIP": "10.0.0.10",
          "dockerBridgeCidr": "172.17.0.1/16",
          "outboundType": "loadBalancer"
         },
         "maxAgentPools": 100,
         "identityProfile": {
          "kubeletidentity": {
           "resourceId": "/subscriptions/00000000-0000-0000-0000-000000000000/resourcegroups/MC_asotest-rg-pcirvs_samplemanagedcluster_westcentralus/providers/Microsoft.ManagedIdentity/userAssignedIdentities/samplemanagedcluster-agentpool",
           "clientId": "aa980399-fa88-450b-ae3a-4b2c973fdad0",
           "objectId": "65b5935e-002a-4eaa-8329-2c160586de4a"
          }
         }
        },
        "identity": {
         "type": "SystemAssigned",
         "principalId": "ed4575d0-7d50-4b83-994b-026fca189f57",
         "tenantId": "72f988bf-86f1-41af-91ab-2d7cd011db47"
        },
        "sku": {
         "name": "Basic",
         "tier": "Free"
        }
       }
    headers:
      Cache-Control:
      - no-cache
      Content-Type:
      - application/json
      Expires:
      - "-1"
      Pragma:
      - no-cache
      Server:
      - nginx
      Strict-Transport-Security:
      - max-age=31536000; includeSubDomains
      Vary:
      - Accept-Encoding
      X-Content-Type-Options:
      - nosniff
    status: 200 OK
    code: 200
    duration: ""
- request:
    body: '{"name":"pool2","properties":{"count":1,"mode":"User","osType":"Linux","vmSize":"Standard_DS2_v2"}}'
    form: {}
    headers:
      Accept:
      - application/json
      Content-Length:
      - "99"
      Content-Type:
      - application/json
      Test-Request-Attempt:
      - "0"
    url: https://management.azure.com/subscriptions/00000000-0000-0000-0000-000000000000/resourceGroups/asotest-rg-pcirvs/providers/Microsoft.ContainerService/managedClusters/samplemanagedcluster/agentPools/pool2?api-version=2021-05-01
    method: PUT
  response:
    body: |-
      {
        "id": "/subscriptions/00000000-0000-0000-0000-000000000000/resourcegroups/asotest-rg-pcirvs/providers/Microsoft.ContainerService/managedClusters/samplemanagedcluster/agentPools/pool2",
        "name": "pool2",
        "type": "Microsoft.ContainerService/managedClusters/agentPools",
        "properties": {
         "count": 1,
         "vmSize": "Standard_DS2_v2",
         "osDiskSizeGB": 128,
         "osDiskType": "Managed",
         "kubeletDiskType": "OS",
         "maxPods": 110,
         "type": "VirtualMachineScaleSets",
         "provisioningState": "Creating",
         "powerState": {
          "code": "Running"
         },
         "orchestratorVersion": "1.22.6",
         "mode": "User",
         "osType": "Linux",
         "osSKU": "Ubuntu",
         "nodeImageVersion": "AKSUbuntu-1804gen2containerd-2022.06.08",
         "enableFIPS": false
        }
       }
    headers:
      Azure-Asyncoperation:
      - https://management.azure.com/subscriptions/00000000-0000-0000-0000-000000000000/providers/Microsoft.ContainerService/locations/westcentralus/operations/c97dabac-6c6e-4fa7-b1d6-f705bcda6087?api-version=2016-03-30
      Cache-Control:
      - no-cache
      Content-Length:
      - "754"
      Content-Type:
      - application/json
      Expires:
      - "-1"
      Pragma:
      - no-cache
      Server:
      - nginx
      Strict-Transport-Security:
      - max-age=31536000; includeSubDomains
      X-Content-Type-Options:
      - nosniff
    status: 201 Created
    code: 201
    duration: ""
- request:
    body: ""
    form: {}
    headers:
      Test-Request-Attempt:
      - "0"
    url: https://management.azure.com/subscriptions/00000000-0000-0000-0000-000000000000/providers/Microsoft.ContainerService/locations/westcentralus/operations/c97dabac-6c6e-4fa7-b1d6-f705bcda6087?api-version=2016-03-30
    method: GET
  response:
    body: |-
      {
        "name": "acab7dc9-6e6c-a74f-b1d6-f705bcda6087",
        "status": "InProgress",
        "startTime": "2001-02-03T04:05:06Z"
       }
    headers:
      Cache-Control:
      - no-cache
      Content-Type:
      - application/json
      Expires:
      - "-1"
      Pragma:
      - no-cache
      Server:
      - nginx
      Strict-Transport-Security:
      - max-age=31536000; includeSubDomains
      Vary:
      - Accept-Encoding
      X-Content-Type-Options:
      - nosniff
    status: 200 OK
    code: 200
    duration: ""
- request:
    body: ""
    form: {}
    headers:
      Test-Request-Attempt:
      - "1"
    url: https://management.azure.com/subscriptions/00000000-0000-0000-0000-000000000000/providers/Microsoft.ContainerService/locations/westcentralus/operations/c97dabac-6c6e-4fa7-b1d6-f705bcda6087?api-version=2016-03-30
    method: GET
  response:
    body: |-
      {
        "name": "acab7dc9-6e6c-a74f-b1d6-f705bcda6087",
        "status": "InProgress",
        "startTime": "2001-02-03T04:05:06Z"
       }
    headers:
      Cache-Control:
      - no-cache
      Content-Type:
      - application/json
      Expires:
      - "-1"
      Pragma:
      - no-cache
      Server:
      - nginx
      Strict-Transport-Security:
      - max-age=31536000; includeSubDomains
      Vary:
      - Accept-Encoding
      X-Content-Type-Options:
      - nosniff
    status: 200 OK
    code: 200
    duration: ""
- request:
    body: ""
    form: {}
    headers:
      Test-Request-Attempt:
      - "2"
    url: https://management.azure.com/subscriptions/00000000-0000-0000-0000-000000000000/providers/Microsoft.ContainerService/locations/westcentralus/operations/c97dabac-6c6e-4fa7-b1d6-f705bcda6087?api-version=2016-03-30
    method: GET
  response:
    body: |-
      {
        "name": "acab7dc9-6e6c-a74f-b1d6-f705bcda6087",
        "status": "InProgress",
        "startTime": "2001-02-03T04:05:06Z"
       }
    headers:
      Cache-Control:
      - no-cache
      Content-Type:
      - application/json
      Expires:
      - "-1"
      Pragma:
      - no-cache
      Server:
      - nginx
      Strict-Transport-Security:
      - max-age=31536000; includeSubDomains
      Vary:
      - Accept-Encoding
      X-Content-Type-Options:
      - nosniff
    status: 200 OK
    code: 200
    duration: ""
- request:
    body: ""
    form: {}
    headers:
      Test-Request-Attempt:
      - "3"
    url: https://management.azure.com/subscriptions/00000000-0000-0000-0000-000000000000/providers/Microsoft.ContainerService/locations/westcentralus/operations/c97dabac-6c6e-4fa7-b1d6-f705bcda6087?api-version=2016-03-30
    method: GET
  response:
    body: |-
      {
        "name": "acab7dc9-6e6c-a74f-b1d6-f705bcda6087",
        "status": "InProgress",
        "startTime": "2001-02-03T04:05:06Z"
       }
    headers:
      Cache-Control:
      - no-cache
      Content-Type:
      - application/json
      Expires:
      - "-1"
      Pragma:
      - no-cache
      Server:
      - nginx
      Strict-Transport-Security:
      - max-age=31536000; includeSubDomains
      Vary:
      - Accept-Encoding
      X-Content-Type-Options:
      - nosniff
    status: 200 OK
    code: 200
    duration: ""
- request:
    body: ""
    form: {}
    headers:
      Test-Request-Attempt:
      - "4"
    url: https://management.azure.com/subscriptions/00000000-0000-0000-0000-000000000000/providers/Microsoft.ContainerService/locations/westcentralus/operations/c97dabac-6c6e-4fa7-b1d6-f705bcda6087?api-version=2016-03-30
    method: GET
  response:
    body: |-
      {
        "name": "acab7dc9-6e6c-a74f-b1d6-f705bcda6087",
        "status": "InProgress",
        "startTime": "2001-02-03T04:05:06Z"
       }
    headers:
      Cache-Control:
      - no-cache
      Content-Type:
      - application/json
      Expires:
      - "-1"
      Pragma:
      - no-cache
      Server:
      - nginx
      Strict-Transport-Security:
      - max-age=31536000; includeSubDomains
      Vary:
      - Accept-Encoding
      X-Content-Type-Options:
      - nosniff
    status: 200 OK
    code: 200
    duration: ""
- request:
    body: ""
    form: {}
    headers:
      Test-Request-Attempt:
      - "5"
    url: https://management.azure.com/subscriptions/00000000-0000-0000-0000-000000000000/providers/Microsoft.ContainerService/locations/westcentralus/operations/c97dabac-6c6e-4fa7-b1d6-f705bcda6087?api-version=2016-03-30
    method: GET
  response:
    body: |-
      {
        "name": "acab7dc9-6e6c-a74f-b1d6-f705bcda6087",
        "status": "Succeeded",
        "startTime": "2001-02-03T04:05:06Z",
        "endTime": "2001-02-03T04:05:06Z"
       }
    headers:
      Cache-Control:
      - no-cache
      Content-Type:
      - application/json
      Expires:
      - "-1"
      Pragma:
      - no-cache
      Server:
      - nginx
      Strict-Transport-Security:
      - max-age=31536000; includeSubDomains
      Vary:
      - Accept-Encoding
      X-Content-Type-Options:
      - nosniff
    status: 200 OK
    code: 200
    duration: ""
- request:
    body: ""
    form: {}
    headers:
      Accept:
      - application/json
      Test-Request-Attempt:
      - "0"
    url: https://management.azure.com/subscriptions/00000000-0000-0000-0000-000000000000/resourceGroups/asotest-rg-pcirvs/providers/Microsoft.ContainerService/managedClusters/samplemanagedcluster/agentPools/pool2?api-version=2021-05-01
    method: GET
  response:
    body: |-
      {
        "id": "/subscriptions/00000000-0000-0000-0000-000000000000/resourcegroups/asotest-rg-pcirvs/providers/Microsoft.ContainerService/managedClusters/samplemanagedcluster/agentPools/pool2",
        "name": "pool2",
        "type": "Microsoft.ContainerService/managedClusters/agentPools",
        "properties": {
         "count": 1,
         "vmSize": "Standard_DS2_v2",
         "osDiskSizeGB": 128,
         "osDiskType": "Managed",
         "kubeletDiskType": "OS",
         "maxPods": 110,
         "type": "VirtualMachineScaleSets",
         "provisioningState": "Succeeded",
         "powerState": {
          "code": "Running"
         },
         "orchestratorVersion": "1.22.6",
         "mode": "User",
         "osType": "Linux",
         "osSKU": "Ubuntu",
         "nodeImageVersion": "AKSUbuntu-1804gen2containerd-2022.06.08",
         "enableFIPS": false
        }
       }
    headers:
      Cache-Control:
      - no-cache
      Content-Type:
      - application/json
      Expires:
      - "-1"
      Pragma:
      - no-cache
      Server:
      - nginx
      Strict-Transport-Security:
      - max-age=31536000; includeSubDomains
      Vary:
      - Accept-Encoding
      X-Content-Type-Options:
      - nosniff
    status: 200 OK
    code: 200
    duration: ""
- request:
    body: ""
    form: {}
    headers:
      Accept:
      - application/json
      Test-Request-Attempt:
      - "0"
    url: https://management.azure.com/subscriptions/00000000-0000-0000-0000-000000000000/resourceGroups/asotest-rg-pcirvs/providers/Microsoft.ContainerService/managedClusters/samplemanagedcluster?api-version=2021-05-01
    method: DELETE
  response:
    body: ""
    headers:
      Azure-Asyncoperation:
      - https://management.azure.com/subscriptions/00000000-0000-0000-0000-000000000000/providers/Microsoft.ContainerService/locations/westcentralus/operations/042833d6-f404-4559-8526-cf7e1ecb3fe3?api-version=2016-03-30
      Cache-Control:
      - no-cache
      Content-Length:
      - "0"
      Expires:
      - "-1"
      Location:
      - https://management.azure.com/subscriptions/00000000-0000-0000-0000-000000000000/providers/Microsoft.ContainerService/locations/westcentralus/operationresults/042833d6-f404-4559-8526-cf7e1ecb3fe3?api-version=2016-03-30
      Pragma:
      - no-cache
      Server:
      - nginx
      Strict-Transport-Security:
      - max-age=31536000; includeSubDomains
      X-Content-Type-Options:
      - nosniff
    status: 202 Accepted
    code: 202
    duration: ""
- request:
    body: ""
    form: {}
    headers:
      Accept:
      - application/json
      Test-Request-Attempt:
      - "1"
    url: https://management.azure.com/subscriptions/00000000-0000-0000-0000-000000000000/resourceGroups/asotest-rg-pcirvs/providers/Microsoft.ContainerService/managedClusters/samplemanagedcluster?api-version=2021-05-01
    method: GET
  response:
    body: |-
      {
        "id": "/subscriptions/00000000-0000-0000-0000-000000000000/resourcegroups/asotest-rg-pcirvs/providers/Microsoft.ContainerService/managedClusters/samplemanagedcluster",
        "location": "westcentralus",
        "name": "samplemanagedcluster",
        "type": "Microsoft.ContainerService/ManagedClusters",
        "properties": {
         "provisioningState": "Deleting",
         "powerState": {
          "code": "Running"
         },
         "kubernetesVersion": "1.22.6",
         "dnsPrefix": "aso",
         "fqdn": "aso-3d619ac3.hcp.westcentralus.azmk8s.io",
         "azurePortalFQDN": "aso-3d619ac3.portal.hcp.westcentralus.azmk8s.io",
         "agentPoolProfiles": [
          {
           "name": "pool1",
           "count": 1,
           "vmSize": "Standard_DS2_v2",
           "osDiskSizeGB": 128,
           "osDiskType": "Managed",
           "kubeletDiskType": "OS",
           "maxPods": 110,
           "type": "VirtualMachineScaleSets",
           "provisioningState": "Deleting",
           "powerState": {
            "code": "Running"
           },
           "orchestratorVersion": "1.22.6",
           "mode": "System",
           "osType": "Linux",
           "osSKU": "Ubuntu",
           "nodeImageVersion": "AKSUbuntu-1804gen2containerd-2022.06.08",
           "enableFIPS": false
          },
          {
           "name": "pool2",
           "count": 1,
           "vmSize": "Standard_DS2_v2",
           "osDiskSizeGB": 128,
           "osDiskType": "Managed",
           "kubeletDiskType": "OS",
           "maxPods": 110,
           "type": "VirtualMachineScaleSets",
           "provisioningState": "Deleting",
           "powerState": {
            "code": "Running"
           },
           "orchestratorVersion": "1.22.6",
           "mode": "User",
           "osType": "Linux",
           "osSKU": "Ubuntu",
           "nodeImageVersion": "AKSUbuntu-1804gen2containerd-2022.06.08",
           "enableFIPS": false
          }
         ],
         "servicePrincipalProfile": {
          "clientId": "msi"
         },
         "nodeResourceGroup": "MC_asotest-rg-pcirvs_samplemanagedcluster_westcentralus",
         "enableRBAC": true,
         "networkProfile": {
          "networkPlugin": "kubenet",
          "loadBalancerSku": "Standard",
          "loadBalancerProfile": {
           "managedOutboundIPs": {
            "count": 1
           },
           "effectiveOutboundIPs": [
            {
             "id": "/subscriptions/00000000-0000-0000-0000-000000000000/resourceGroups/MC_asotest-rg-pcirvs_samplemanagedcluster_westcentralus/providers/Microsoft.Network/publicIPAddresses/cebdf17b-2d5e-40ac-968d-0ae7f0931c86"
            }
           ]
          },
          "podCidr": "10.244.0.0/16",
          "serviceCidr": "10.0.0.0/16",
          "dnsServiceIP": "10.0.0.10",
          "dockerBridgeCidr": "172.17.0.1/16",
          "outboundType": "loadBalancer"
         },
         "maxAgentPools": 100,
         "identityProfile": {
          "kubeletidentity": {
           "resourceId": "/subscriptions/00000000-0000-0000-0000-000000000000/resourcegroups/MC_asotest-rg-pcirvs_samplemanagedcluster_westcentralus/providers/Microsoft.ManagedIdentity/userAssignedIdentities/samplemanagedcluster-agentpool",
           "clientId": "aa980399-fa88-450b-ae3a-4b2c973fdad0",
           "objectId": "65b5935e-002a-4eaa-8329-2c160586de4a"
          }
         }
        },
        "identity": {
         "type": "SystemAssigned",
         "principalId": "ed4575d0-7d50-4b83-994b-026fca189f57",
         "tenantId": "72f988bf-86f1-41af-91ab-2d7cd011db47"
        },
        "sku": {
         "name": "Basic",
         "tier": "Free"
        }
       }
    headers:
      Cache-Control:
      - no-cache
      Content-Type:
      - application/json
      Expires:
      - "-1"
      Pragma:
      - no-cache
      Server:
      - nginx
      Strict-Transport-Security:
      - max-age=31536000; includeSubDomains
      Vary:
      - Accept-Encoding
      X-Content-Type-Options:
      - nosniff
    status: 200 OK
    code: 200
    duration: ""
- request:
    body: ""
    form: {}
    headers:
      Accept:
      - application/json
      Test-Request-Attempt:
      - "2"
    url: https://management.azure.com/subscriptions/00000000-0000-0000-0000-000000000000/resourceGroups/asotest-rg-pcirvs/providers/Microsoft.ContainerService/managedClusters/samplemanagedcluster?api-version=2021-05-01
    method: GET
  response:
    body: |-
      {
        "id": "/subscriptions/00000000-0000-0000-0000-000000000000/resourcegroups/asotest-rg-pcirvs/providers/Microsoft.ContainerService/managedClusters/samplemanagedcluster",
        "location": "westcentralus",
        "name": "samplemanagedcluster",
        "type": "Microsoft.ContainerService/ManagedClusters",
        "properties": {
         "provisioningState": "Deleting",
         "powerState": {
          "code": "Running"
         },
         "kubernetesVersion": "1.22.6",
         "dnsPrefix": "aso",
         "fqdn": "aso-3d619ac3.hcp.westcentralus.azmk8s.io",
         "azurePortalFQDN": "aso-3d619ac3.portal.hcp.westcentralus.azmk8s.io",
         "agentPoolProfiles": [
          {
           "name": "pool1",
           "count": 1,
           "vmSize": "Standard_DS2_v2",
           "osDiskSizeGB": 128,
           "osDiskType": "Managed",
           "kubeletDiskType": "OS",
           "maxPods": 110,
           "type": "VirtualMachineScaleSets",
           "provisioningState": "Deleting",
           "powerState": {
            "code": "Running"
           },
           "orchestratorVersion": "1.22.6",
           "mode": "System",
           "osType": "Linux",
           "osSKU": "Ubuntu",
           "nodeImageVersion": "AKSUbuntu-1804gen2containerd-2022.06.08",
           "enableFIPS": false
          },
          {
           "name": "pool2",
           "count": 1,
           "vmSize": "Standard_DS2_v2",
           "osDiskSizeGB": 128,
           "osDiskType": "Managed",
           "kubeletDiskType": "OS",
           "maxPods": 110,
           "type": "VirtualMachineScaleSets",
           "provisioningState": "Deleting",
           "powerState": {
            "code": "Running"
           },
           "orchestratorVersion": "1.22.6",
           "mode": "User",
           "osType": "Linux",
           "osSKU": "Ubuntu",
           "nodeImageVersion": "AKSUbuntu-1804gen2containerd-2022.06.08",
           "enableFIPS": false
          }
         ],
         "servicePrincipalProfile": {
          "clientId": "msi"
         },
         "nodeResourceGroup": "MC_asotest-rg-pcirvs_samplemanagedcluster_westcentralus",
         "enableRBAC": true,
         "networkProfile": {
          "networkPlugin": "kubenet",
          "loadBalancerSku": "Standard",
          "loadBalancerProfile": {
           "managedOutboundIPs": {
            "count": 1
           },
           "effectiveOutboundIPs": [
            {
             "id": "/subscriptions/00000000-0000-0000-0000-000000000000/resourceGroups/MC_asotest-rg-pcirvs_samplemanagedcluster_westcentralus/providers/Microsoft.Network/publicIPAddresses/cebdf17b-2d5e-40ac-968d-0ae7f0931c86"
            }
           ]
          },
          "podCidr": "10.244.0.0/16",
          "serviceCidr": "10.0.0.0/16",
          "dnsServiceIP": "10.0.0.10",
          "dockerBridgeCidr": "172.17.0.1/16",
          "outboundType": "loadBalancer"
         },
         "maxAgentPools": 100,
         "identityProfile": {
          "kubeletidentity": {
           "resourceId": "/subscriptions/00000000-0000-0000-0000-000000000000/resourcegroups/MC_asotest-rg-pcirvs_samplemanagedcluster_westcentralus/providers/Microsoft.ManagedIdentity/userAssignedIdentities/samplemanagedcluster-agentpool",
           "clientId": "aa980399-fa88-450b-ae3a-4b2c973fdad0",
           "objectId": "65b5935e-002a-4eaa-8329-2c160586de4a"
          }
         }
        },
        "identity": {
         "type": "SystemAssigned",
         "principalId": "ed4575d0-7d50-4b83-994b-026fca189f57",
         "tenantId": "72f988bf-86f1-41af-91ab-2d7cd011db47"
        },
        "sku": {
         "name": "Basic",
         "tier": "Free"
        }
       }
    headers:
      Cache-Control:
      - no-cache
      Content-Type:
      - application/json
      Expires:
      - "-1"
      Pragma:
      - no-cache
      Server:
      - nginx
      Strict-Transport-Security:
      - max-age=31536000; includeSubDomains
      Vary:
      - Accept-Encoding
      X-Content-Type-Options:
      - nosniff
    status: 200 OK
    code: 200
    duration: ""
- request:
    body: ""
    form: {}
    headers:
      Accept:
      - application/json
      Test-Request-Attempt:
      - "3"
    url: https://management.azure.com/subscriptions/00000000-0000-0000-0000-000000000000/resourceGroups/asotest-rg-pcirvs/providers/Microsoft.ContainerService/managedClusters/samplemanagedcluster?api-version=2021-05-01
    method: GET
  response:
    body: |-
      {
        "id": "/subscriptions/00000000-0000-0000-0000-000000000000/resourcegroups/asotest-rg-pcirvs/providers/Microsoft.ContainerService/managedClusters/samplemanagedcluster",
        "location": "westcentralus",
        "name": "samplemanagedcluster",
        "type": "Microsoft.ContainerService/ManagedClusters",
        "properties": {
         "provisioningState": "Deleting",
         "powerState": {
          "code": "Running"
         },
         "kubernetesVersion": "1.22.6",
         "dnsPrefix": "aso",
         "fqdn": "aso-3d619ac3.hcp.westcentralus.azmk8s.io",
         "azurePortalFQDN": "aso-3d619ac3.portal.hcp.westcentralus.azmk8s.io",
         "agentPoolProfiles": [
          {
           "name": "pool1",
           "count": 1,
           "vmSize": "Standard_DS2_v2",
           "osDiskSizeGB": 128,
           "osDiskType": "Managed",
           "kubeletDiskType": "OS",
           "maxPods": 110,
           "type": "VirtualMachineScaleSets",
           "provisioningState": "Deleting",
           "powerState": {
            "code": "Running"
           },
           "orchestratorVersion": "1.22.6",
           "mode": "System",
           "osType": "Linux",
           "osSKU": "Ubuntu",
           "nodeImageVersion": "AKSUbuntu-1804gen2containerd-2022.06.08",
           "enableFIPS": false
          },
          {
           "name": "pool2",
           "count": 1,
           "vmSize": "Standard_DS2_v2",
           "osDiskSizeGB": 128,
           "osDiskType": "Managed",
           "kubeletDiskType": "OS",
           "maxPods": 110,
           "type": "VirtualMachineScaleSets",
           "provisioningState": "Deleting",
           "powerState": {
            "code": "Running"
           },
           "orchestratorVersion": "1.22.6",
           "mode": "User",
           "osType": "Linux",
           "osSKU": "Ubuntu",
           "nodeImageVersion": "AKSUbuntu-1804gen2containerd-2022.06.08",
           "enableFIPS": false
          }
         ],
         "servicePrincipalProfile": {
          "clientId": "msi"
         },
         "nodeResourceGroup": "MC_asotest-rg-pcirvs_samplemanagedcluster_westcentralus",
         "enableRBAC": true,
         "networkProfile": {
          "networkPlugin": "kubenet",
          "loadBalancerSku": "Standard",
          "loadBalancerProfile": {
           "managedOutboundIPs": {
            "count": 1
           },
           "effectiveOutboundIPs": [
            {
             "id": "/subscriptions/00000000-0000-0000-0000-000000000000/resourceGroups/MC_asotest-rg-pcirvs_samplemanagedcluster_westcentralus/providers/Microsoft.Network/publicIPAddresses/cebdf17b-2d5e-40ac-968d-0ae7f0931c86"
            }
           ]
          },
          "podCidr": "10.244.0.0/16",
          "serviceCidr": "10.0.0.0/16",
          "dnsServiceIP": "10.0.0.10",
          "dockerBridgeCidr": "172.17.0.1/16",
          "outboundType": "loadBalancer"
         },
         "maxAgentPools": 100,
         "identityProfile": {
          "kubeletidentity": {
           "resourceId": "/subscriptions/00000000-0000-0000-0000-000000000000/resourcegroups/MC_asotest-rg-pcirvs_samplemanagedcluster_westcentralus/providers/Microsoft.ManagedIdentity/userAssignedIdentities/samplemanagedcluster-agentpool",
           "clientId": "aa980399-fa88-450b-ae3a-4b2c973fdad0",
           "objectId": "65b5935e-002a-4eaa-8329-2c160586de4a"
          }
         }
        },
        "identity": {
         "type": "SystemAssigned",
         "principalId": "ed4575d0-7d50-4b83-994b-026fca189f57",
         "tenantId": "72f988bf-86f1-41af-91ab-2d7cd011db47"
        },
        "sku": {
         "name": "Basic",
         "tier": "Free"
        }
       }
    headers:
      Cache-Control:
      - no-cache
      Content-Type:
      - application/json
      Expires:
      - "-1"
      Pragma:
      - no-cache
      Server:
      - nginx
      Strict-Transport-Security:
      - max-age=31536000; includeSubDomains
      Vary:
      - Accept-Encoding
      X-Content-Type-Options:
      - nosniff
    status: 200 OK
    code: 200
    duration: ""
- request:
    body: ""
    form: {}
    headers:
      Accept:
      - application/json
      Test-Request-Attempt:
      - "4"
    url: https://management.azure.com/subscriptions/00000000-0000-0000-0000-000000000000/resourceGroups/asotest-rg-pcirvs/providers/Microsoft.ContainerService/managedClusters/samplemanagedcluster?api-version=2021-05-01
    method: GET
  response:
    body: |-
      {
        "id": "/subscriptions/00000000-0000-0000-0000-000000000000/resourcegroups/asotest-rg-pcirvs/providers/Microsoft.ContainerService/managedClusters/samplemanagedcluster",
        "location": "westcentralus",
        "name": "samplemanagedcluster",
        "type": "Microsoft.ContainerService/ManagedClusters",
        "properties": {
         "provisioningState": "Deleting",
         "powerState": {
          "code": "Running"
         },
         "kubernetesVersion": "1.22.6",
         "dnsPrefix": "aso",
         "fqdn": "aso-3d619ac3.hcp.westcentralus.azmk8s.io",
         "azurePortalFQDN": "aso-3d619ac3.portal.hcp.westcentralus.azmk8s.io",
         "agentPoolProfiles": [
          {
           "name": "pool1",
           "count": 1,
           "vmSize": "Standard_DS2_v2",
           "osDiskSizeGB": 128,
           "osDiskType": "Managed",
           "kubeletDiskType": "OS",
           "maxPods": 110,
           "type": "VirtualMachineScaleSets",
           "provisioningState": "Deleting",
           "powerState": {
            "code": "Running"
           },
           "orchestratorVersion": "1.22.6",
           "mode": "System",
           "osType": "Linux",
           "osSKU": "Ubuntu",
           "nodeImageVersion": "AKSUbuntu-1804gen2containerd-2022.06.08",
           "enableFIPS": false
          },
          {
           "name": "pool2",
           "count": 1,
           "vmSize": "Standard_DS2_v2",
           "osDiskSizeGB": 128,
           "osDiskType": "Managed",
           "kubeletDiskType": "OS",
           "maxPods": 110,
           "type": "VirtualMachineScaleSets",
           "provisioningState": "Deleting",
           "powerState": {
            "code": "Running"
           },
           "orchestratorVersion": "1.22.6",
           "mode": "User",
           "osType": "Linux",
           "osSKU": "Ubuntu",
           "nodeImageVersion": "AKSUbuntu-1804gen2containerd-2022.06.08",
           "enableFIPS": false
          }
         ],
         "servicePrincipalProfile": {
          "clientId": "msi"
         },
         "nodeResourceGroup": "MC_asotest-rg-pcirvs_samplemanagedcluster_westcentralus",
         "enableRBAC": true,
         "networkProfile": {
          "networkPlugin": "kubenet",
          "loadBalancerSku": "Standard",
          "loadBalancerProfile": {
           "managedOutboundIPs": {
            "count": 1
           },
           "effectiveOutboundIPs": [
            {
             "id": "/subscriptions/00000000-0000-0000-0000-000000000000/resourceGroups/MC_asotest-rg-pcirvs_samplemanagedcluster_westcentralus/providers/Microsoft.Network/publicIPAddresses/cebdf17b-2d5e-40ac-968d-0ae7f0931c86"
            }
           ]
          },
          "podCidr": "10.244.0.0/16",
          "serviceCidr": "10.0.0.0/16",
          "dnsServiceIP": "10.0.0.10",
          "dockerBridgeCidr": "172.17.0.1/16",
          "outboundType": "loadBalancer"
         },
         "maxAgentPools": 100,
         "identityProfile": {
          "kubeletidentity": {
           "resourceId": "/subscriptions/00000000-0000-0000-0000-000000000000/resourcegroups/MC_asotest-rg-pcirvs_samplemanagedcluster_westcentralus/providers/Microsoft.ManagedIdentity/userAssignedIdentities/samplemanagedcluster-agentpool",
           "clientId": "aa980399-fa88-450b-ae3a-4b2c973fdad0",
           "objectId": "65b5935e-002a-4eaa-8329-2c160586de4a"
          }
         }
        },
        "identity": {
         "type": "SystemAssigned",
         "principalId": "ed4575d0-7d50-4b83-994b-026fca189f57",
         "tenantId": "72f988bf-86f1-41af-91ab-2d7cd011db47"
        },
        "sku": {
         "name": "Basic",
         "tier": "Free"
        }
       }
    headers:
      Cache-Control:
      - no-cache
      Content-Type:
      - application/json
      Expires:
      - "-1"
      Pragma:
      - no-cache
      Server:
      - nginx
      Strict-Transport-Security:
      - max-age=31536000; includeSubDomains
      Vary:
      - Accept-Encoding
      X-Content-Type-Options:
      - nosniff
    status: 200 OK
    code: 200
    duration: ""
- request:
    body: ""
    form: {}
    headers:
      Accept:
      - application/json
      Test-Request-Attempt:
      - "5"
    url: https://management.azure.com/subscriptions/00000000-0000-0000-0000-000000000000/resourceGroups/asotest-rg-pcirvs/providers/Microsoft.ContainerService/managedClusters/samplemanagedcluster?api-version=2021-05-01
    method: GET
  response:
    body: |-
      {
        "id": "/subscriptions/00000000-0000-0000-0000-000000000000/resourcegroups/asotest-rg-pcirvs/providers/Microsoft.ContainerService/managedClusters/samplemanagedcluster",
        "location": "westcentralus",
        "name": "samplemanagedcluster",
        "type": "Microsoft.ContainerService/ManagedClusters",
        "properties": {
         "provisioningState": "Deleting",
         "powerState": {
          "code": "Running"
         },
         "kubernetesVersion": "1.22.6",
         "dnsPrefix": "aso",
         "fqdn": "aso-3d619ac3.hcp.westcentralus.azmk8s.io",
         "azurePortalFQDN": "aso-3d619ac3.portal.hcp.westcentralus.azmk8s.io",
         "agentPoolProfiles": [
          {
           "name": "pool1",
           "count": 1,
           "vmSize": "Standard_DS2_v2",
           "osDiskSizeGB": 128,
           "osDiskType": "Managed",
           "kubeletDiskType": "OS",
           "maxPods": 110,
           "type": "VirtualMachineScaleSets",
           "provisioningState": "Deleting",
           "powerState": {
            "code": "Running"
           },
           "orchestratorVersion": "1.22.6",
           "mode": "System",
           "osType": "Linux",
           "osSKU": "Ubuntu",
           "nodeImageVersion": "AKSUbuntu-1804gen2containerd-2022.06.08",
           "enableFIPS": false
          },
          {
           "name": "pool2",
           "count": 1,
           "vmSize": "Standard_DS2_v2",
           "osDiskSizeGB": 128,
           "osDiskType": "Managed",
           "kubeletDiskType": "OS",
           "maxPods": 110,
           "type": "VirtualMachineScaleSets",
           "provisioningState": "Deleting",
           "powerState": {
            "code": "Running"
           },
           "orchestratorVersion": "1.22.6",
           "mode": "User",
           "osType": "Linux",
           "osSKU": "Ubuntu",
           "nodeImageVersion": "AKSUbuntu-1804gen2containerd-2022.06.08",
           "enableFIPS": false
          }
         ],
         "servicePrincipalProfile": {
          "clientId": "msi"
         },
         "nodeResourceGroup": "MC_asotest-rg-pcirvs_samplemanagedcluster_westcentralus",
         "enableRBAC": true,
         "networkProfile": {
          "networkPlugin": "kubenet",
          "loadBalancerSku": "Standard",
          "loadBalancerProfile": {
           "managedOutboundIPs": {
            "count": 1
           },
           "effectiveOutboundIPs": [
            {
             "id": "/subscriptions/00000000-0000-0000-0000-000000000000/resourceGroups/MC_asotest-rg-pcirvs_samplemanagedcluster_westcentralus/providers/Microsoft.Network/publicIPAddresses/cebdf17b-2d5e-40ac-968d-0ae7f0931c86"
            }
           ]
          },
          "podCidr": "10.244.0.0/16",
          "serviceCidr": "10.0.0.0/16",
          "dnsServiceIP": "10.0.0.10",
          "dockerBridgeCidr": "172.17.0.1/16",
          "outboundType": "loadBalancer"
         },
         "maxAgentPools": 100,
         "identityProfile": {
          "kubeletidentity": {
           "resourceId": "/subscriptions/00000000-0000-0000-0000-000000000000/resourcegroups/MC_asotest-rg-pcirvs_samplemanagedcluster_westcentralus/providers/Microsoft.ManagedIdentity/userAssignedIdentities/samplemanagedcluster-agentpool",
           "clientId": "aa980399-fa88-450b-ae3a-4b2c973fdad0",
           "objectId": "65b5935e-002a-4eaa-8329-2c160586de4a"
          }
         }
        },
        "identity": {
         "type": "SystemAssigned",
         "principalId": "ed4575d0-7d50-4b83-994b-026fca189f57",
         "tenantId": "72f988bf-86f1-41af-91ab-2d7cd011db47"
        },
        "sku": {
         "name": "Basic",
         "tier": "Free"
        }
       }
    headers:
      Cache-Control:
      - no-cache
      Content-Type:
      - application/json
      Expires:
      - "-1"
      Pragma:
      - no-cache
      Server:
      - nginx
      Strict-Transport-Security:
      - max-age=31536000; includeSubDomains
      Vary:
      - Accept-Encoding
      X-Content-Type-Options:
      - nosniff
    status: 200 OK
    code: 200
    duration: ""
- request:
    body: ""
    form: {}
    headers:
      Accept:
      - application/json
      Test-Request-Attempt:
      - "6"
    url: https://management.azure.com/subscriptions/00000000-0000-0000-0000-000000000000/resourceGroups/asotest-rg-pcirvs/providers/Microsoft.ContainerService/managedClusters/samplemanagedcluster?api-version=2021-05-01
    method: GET
  response:
    body: |-
      {
        "id": "/subscriptions/00000000-0000-0000-0000-000000000000/resourcegroups/asotest-rg-pcirvs/providers/Microsoft.ContainerService/managedClusters/samplemanagedcluster",
        "location": "westcentralus",
        "name": "samplemanagedcluster",
        "type": "Microsoft.ContainerService/ManagedClusters",
        "properties": {
         "provisioningState": "Deleting",
         "powerState": {
          "code": "Running"
         },
         "kubernetesVersion": "1.22.6",
         "dnsPrefix": "aso",
         "fqdn": "aso-3d619ac3.hcp.westcentralus.azmk8s.io",
         "azurePortalFQDN": "aso-3d619ac3.portal.hcp.westcentralus.azmk8s.io",
         "agentPoolProfiles": [
          {
           "name": "pool1",
           "count": 1,
           "vmSize": "Standard_DS2_v2",
           "osDiskSizeGB": 128,
           "osDiskType": "Managed",
           "kubeletDiskType": "OS",
           "maxPods": 110,
           "type": "VirtualMachineScaleSets",
           "provisioningState": "Deleting",
           "powerState": {
            "code": "Running"
           },
           "orchestratorVersion": "1.22.6",
           "mode": "System",
           "osType": "Linux",
           "osSKU": "Ubuntu",
           "nodeImageVersion": "AKSUbuntu-1804gen2containerd-2022.06.08",
           "enableFIPS": false
          },
          {
           "name": "pool2",
           "count": 1,
           "vmSize": "Standard_DS2_v2",
           "osDiskSizeGB": 128,
           "osDiskType": "Managed",
           "kubeletDiskType": "OS",
           "maxPods": 110,
           "type": "VirtualMachineScaleSets",
           "provisioningState": "Deleting",
           "powerState": {
            "code": "Running"
           },
           "orchestratorVersion": "1.22.6",
           "mode": "User",
           "osType": "Linux",
           "osSKU": "Ubuntu",
           "nodeImageVersion": "AKSUbuntu-1804gen2containerd-2022.06.08",
           "enableFIPS": false
          }
         ],
         "servicePrincipalProfile": {
          "clientId": "msi"
         },
         "nodeResourceGroup": "MC_asotest-rg-pcirvs_samplemanagedcluster_westcentralus",
         "enableRBAC": true,
         "networkProfile": {
          "networkPlugin": "kubenet",
          "loadBalancerSku": "Standard",
          "loadBalancerProfile": {
           "managedOutboundIPs": {
            "count": 1
           },
           "effectiveOutboundIPs": [
            {
             "id": "/subscriptions/00000000-0000-0000-0000-000000000000/resourceGroups/MC_asotest-rg-pcirvs_samplemanagedcluster_westcentralus/providers/Microsoft.Network/publicIPAddresses/cebdf17b-2d5e-40ac-968d-0ae7f0931c86"
            }
           ]
          },
          "podCidr": "10.244.0.0/16",
          "serviceCidr": "10.0.0.0/16",
          "dnsServiceIP": "10.0.0.10",
          "dockerBridgeCidr": "172.17.0.1/16",
          "outboundType": "loadBalancer"
         },
         "maxAgentPools": 100,
         "identityProfile": {
          "kubeletidentity": {
           "resourceId": "/subscriptions/00000000-0000-0000-0000-000000000000/resourcegroups/MC_asotest-rg-pcirvs_samplemanagedcluster_westcentralus/providers/Microsoft.ManagedIdentity/userAssignedIdentities/samplemanagedcluster-agentpool",
           "clientId": "aa980399-fa88-450b-ae3a-4b2c973fdad0",
           "objectId": "65b5935e-002a-4eaa-8329-2c160586de4a"
          }
         }
        },
        "identity": {
         "type": "SystemAssigned",
         "principalId": "ed4575d0-7d50-4b83-994b-026fca189f57",
         "tenantId": "72f988bf-86f1-41af-91ab-2d7cd011db47"
        },
        "sku": {
         "name": "Basic",
         "tier": "Free"
        }
       }
    headers:
      Cache-Control:
      - no-cache
      Content-Type:
      - application/json
      Expires:
      - "-1"
      Pragma:
      - no-cache
      Server:
      - nginx
      Strict-Transport-Security:
      - max-age=31536000; includeSubDomains
      Vary:
      - Accept-Encoding
      X-Content-Type-Options:
      - nosniff
    status: 200 OK
    code: 200
    duration: ""
- request:
    body: ""
    form: {}
    headers:
      Accept:
      - application/json
      Test-Request-Attempt:
      - "7"
    url: https://management.azure.com/subscriptions/00000000-0000-0000-0000-000000000000/resourceGroups/asotest-rg-pcirvs/providers/Microsoft.ContainerService/managedClusters/samplemanagedcluster?api-version=2021-05-01
    method: GET
  response:
    body: '{"error":{"code":"ResourceNotFound","message":"The Resource ''Microsoft.ContainerService/managedClusters/samplemanagedcluster''
      under resource group ''asotest-rg-pcirvs'' was not found. For more details please
      go to https://aka.ms/ARMResourceNotFoundFix"}}'
    headers:
      Cache-Control:
      - no-cache
      Content-Length:
      - "252"
      Content-Type:
      - application/json; charset=utf-8
      Expires:
      - "-1"
      Pragma:
      - no-cache
      Strict-Transport-Security:
      - max-age=31536000; includeSubDomains
      X-Content-Type-Options:
      - nosniff
      X-Ms-Failure-Cause:
      - gateway
    status: 404 Not Found
    code: 404
    duration: ""
- request:
    body: '{"identity":{"type":"SystemAssigned"},"location":"westcentralus","name":"samplemanagedcluster","properties":{"agentPoolProfiles":[{"count":1,"mode":"System","name":"pool1","osType":"Linux","vmSize":"Standard_DS2_v2"}],"dnsPrefix":"aso"}}'
    form: {}
    headers:
      Accept:
      - application/json
      Content-Length:
      - "237"
      Content-Type:
      - application/json
      Test-Request-Attempt:
      - "1"
    url: https://management.azure.com/subscriptions/00000000-0000-0000-0000-000000000000/resourceGroups/asotest-rg-pcirvs/providers/Microsoft.ContainerService/managedClusters/samplemanagedcluster?api-version=2021-05-01
    method: PUT
  response:
    body: |-
      {
        "id": "/subscriptions/00000000-0000-0000-0000-000000000000/resourcegroups/asotest-rg-pcirvs/providers/Microsoft.ContainerService/managedClusters/samplemanagedcluster",
        "location": "westcentralus",
        "name": "samplemanagedcluster",
        "type": "Microsoft.ContainerService/ManagedClusters",
        "properties": {
         "provisioningState": "Creating",
         "powerState": {
          "code": "Running"
         },
         "kubernetesVersion": "1.22.6",
         "dnsPrefix": "aso",
         "fqdn": "aso-eefca157.hcp.westcentralus.azmk8s.io",
         "azurePortalFQDN": "aso-eefca157.portal.hcp.westcentralus.azmk8s.io",
         "agentPoolProfiles": [
          {
           "name": "pool1",
           "count": 1,
           "vmSize": "Standard_DS2_v2",
           "osDiskSizeGB": 128,
           "osDiskType": "Managed",
           "kubeletDiskType": "OS",
           "maxPods": 110,
           "type": "VirtualMachineScaleSets",
           "provisioningState": "Creating",
           "powerState": {
            "code": "Running"
           },
           "orchestratorVersion": "1.22.6",
           "mode": "System",
           "osType": "Linux",
           "osSKU": "Ubuntu",
           "nodeImageVersion": "AKSUbuntu-1804gen2containerd-2022.06.08",
           "enableFIPS": false
          }
         ],
         "servicePrincipalProfile": {
          "clientId": "msi"
         },
         "nodeResourceGroup": "MC_asotest-rg-pcirvs_samplemanagedcluster_westcentralus",
         "enableRBAC": true,
         "networkProfile": {
          "networkPlugin": "kubenet",
          "loadBalancerSku": "standard",
          "loadBalancerProfile": {
           "managedOutboundIPs": {
            "count": 1
           }
          },
          "podCidr": "10.244.0.0/16",
          "serviceCidr": "10.0.0.0/16",
          "dnsServiceIP": "10.0.0.10",
          "dockerBridgeCidr": "172.17.0.1/16",
          "outboundType": "loadBalancer"
         },
         "maxAgentPools": 100
        },
        "identity": {
         "type": "SystemAssigned",
         "principalId": "3b2b237c-47e5-4cd7-872e-e4869d47e45e",
         "tenantId": "72f988bf-86f1-41af-91ab-2d7cd011db47"
        },
        "sku": {
         "name": "Basic",
         "tier": "Free"
        }
       }
    headers:
      Azure-Asyncoperation:
      - https://management.azure.com/subscriptions/00000000-0000-0000-0000-000000000000/providers/Microsoft.ContainerService/locations/westcentralus/operations/89dcad48-42c3-414a-a141-7c942e7f405e?api-version=2016-03-30
      Cache-Control:
      - no-cache
      Content-Length:
      - "1908"
      Content-Type:
      - application/json
      Expires:
      - "-1"
      Pragma:
      - no-cache
      Server:
      - nginx
      Strict-Transport-Security:
      - max-age=31536000; includeSubDomains
      X-Content-Type-Options:
      - nosniff
    status: 201 Created
    code: 201
    duration: ""
- request:
    body: ""
    form: {}
    headers:
      Test-Request-Attempt:
      - "0"
    url: https://management.azure.com/subscriptions/00000000-0000-0000-0000-000000000000/providers/Microsoft.ContainerService/locations/westcentralus/operations/89dcad48-42c3-414a-a141-7c942e7f405e?api-version=2016-03-30
    method: GET
  response:
    body: |-
      {
        "name": "48addc89-c342-4a41-a141-7c942e7f405e",
        "status": "InProgress",
        "startTime": "2001-02-03T04:05:06Z"
       }
    headers:
      Cache-Control:
      - no-cache
      Content-Type:
      - application/json
      Expires:
      - "-1"
      Pragma:
      - no-cache
      Server:
      - nginx
      Strict-Transport-Security:
      - max-age=31536000; includeSubDomains
      Vary:
      - Accept-Encoding
      X-Content-Type-Options:
      - nosniff
    status: 200 OK
    code: 200
    duration: ""
- request:
    body: ""
    form: {}
    headers:
      Test-Request-Attempt:
      - "1"
    url: https://management.azure.com/subscriptions/00000000-0000-0000-0000-000000000000/providers/Microsoft.ContainerService/locations/westcentralus/operations/89dcad48-42c3-414a-a141-7c942e7f405e?api-version=2016-03-30
    method: GET
  response:
    body: |-
      {
        "name": "48addc89-c342-4a41-a141-7c942e7f405e",
        "status": "InProgress",
        "startTime": "2001-02-03T04:05:06Z"
       }
    headers:
      Cache-Control:
      - no-cache
      Content-Type:
      - application/json
      Expires:
      - "-1"
      Pragma:
      - no-cache
      Server:
      - nginx
      Strict-Transport-Security:
      - max-age=31536000; includeSubDomains
      Vary:
      - Accept-Encoding
      X-Content-Type-Options:
      - nosniff
    status: 200 OK
    code: 200
    duration: ""
- request:
    body: ""
    form: {}
    headers:
      Test-Request-Attempt:
      - "2"
    url: https://management.azure.com/subscriptions/00000000-0000-0000-0000-000000000000/providers/Microsoft.ContainerService/locations/westcentralus/operations/89dcad48-42c3-414a-a141-7c942e7f405e?api-version=2016-03-30
    method: GET
  response:
    body: |-
      {
        "name": "48addc89-c342-4a41-a141-7c942e7f405e",
        "status": "InProgress",
        "startTime": "2001-02-03T04:05:06Z"
       }
    headers:
      Cache-Control:
      - no-cache
      Content-Type:
      - application/json
      Expires:
      - "-1"
      Pragma:
      - no-cache
      Server:
      - nginx
      Strict-Transport-Security:
      - max-age=31536000; includeSubDomains
      Vary:
      - Accept-Encoding
      X-Content-Type-Options:
      - nosniff
    status: 200 OK
    code: 200
    duration: ""
- request:
    body: ""
    form: {}
    headers:
      Test-Request-Attempt:
      - "3"
    url: https://management.azure.com/subscriptions/00000000-0000-0000-0000-000000000000/providers/Microsoft.ContainerService/locations/westcentralus/operations/89dcad48-42c3-414a-a141-7c942e7f405e?api-version=2016-03-30
    method: GET
  response:
    body: |-
      {
        "name": "48addc89-c342-4a41-a141-7c942e7f405e",
        "status": "InProgress",
        "startTime": "2001-02-03T04:05:06Z"
       }
    headers:
      Cache-Control:
      - no-cache
      Content-Type:
      - application/json
      Expires:
      - "-1"
      Pragma:
      - no-cache
      Server:
      - nginx
      Strict-Transport-Security:
      - max-age=31536000; includeSubDomains
      Vary:
      - Accept-Encoding
      X-Content-Type-Options:
      - nosniff
    status: 200 OK
    code: 200
    duration: ""
- request:
    body: ""
    form: {}
    headers:
      Test-Request-Attempt:
      - "4"
    url: https://management.azure.com/subscriptions/00000000-0000-0000-0000-000000000000/providers/Microsoft.ContainerService/locations/westcentralus/operations/89dcad48-42c3-414a-a141-7c942e7f405e?api-version=2016-03-30
    method: GET
  response:
    body: |-
      {
        "name": "48addc89-c342-4a41-a141-7c942e7f405e",
        "status": "InProgress",
        "startTime": "2001-02-03T04:05:06Z"
       }
    headers:
      Cache-Control:
      - no-cache
      Content-Type:
      - application/json
      Expires:
      - "-1"
      Pragma:
      - no-cache
      Server:
      - nginx
      Strict-Transport-Security:
      - max-age=31536000; includeSubDomains
      Vary:
      - Accept-Encoding
      X-Content-Type-Options:
      - nosniff
    status: 200 OK
    code: 200
    duration: ""
- request:
    body: ""
    form: {}
    headers:
      Test-Request-Attempt:
      - "5"
    url: https://management.azure.com/subscriptions/00000000-0000-0000-0000-000000000000/providers/Microsoft.ContainerService/locations/westcentralus/operations/89dcad48-42c3-414a-a141-7c942e7f405e?api-version=2016-03-30
    method: GET
  response:
    body: |-
      {
        "name": "48addc89-c342-4a41-a141-7c942e7f405e",
        "status": "Succeeded",
        "startTime": "2001-02-03T04:05:06Z",
        "endTime": "2001-02-03T04:05:06Z"
       }
    headers:
      Cache-Control:
      - no-cache
      Content-Type:
      - application/json
      Expires:
      - "-1"
      Pragma:
      - no-cache
      Server:
      - nginx
      Strict-Transport-Security:
      - max-age=31536000; includeSubDomains
      Vary:
      - Accept-Encoding
      X-Content-Type-Options:
      - nosniff
    status: 200 OK
    code: 200
    duration: ""
- request:
    body: ""
    form: {}
    headers:
      Accept:
      - application/json
      Test-Request-Attempt:
      - "8"
    url: https://management.azure.com/subscriptions/00000000-0000-0000-0000-000000000000/resourceGroups/asotest-rg-pcirvs/providers/Microsoft.ContainerService/managedClusters/samplemanagedcluster?api-version=2021-05-01
    method: GET
  response:
    body: |-
      {
        "id": "/subscriptions/00000000-0000-0000-0000-000000000000/resourcegroups/asotest-rg-pcirvs/providers/Microsoft.ContainerService/managedClusters/samplemanagedcluster",
        "location": "westcentralus",
        "name": "samplemanagedcluster",
        "type": "Microsoft.ContainerService/ManagedClusters",
        "properties": {
         "provisioningState": "Succeeded",
         "powerState": {
          "code": "Running"
         },
         "kubernetesVersion": "1.22.6",
         "dnsPrefix": "aso",
         "fqdn": "aso-eefca157.hcp.westcentralus.azmk8s.io",
         "azurePortalFQDN": "aso-eefca157.portal.hcp.westcentralus.azmk8s.io",
         "agentPoolProfiles": [
          {
           "name": "pool1",
           "count": 1,
           "vmSize": "Standard_DS2_v2",
           "osDiskSizeGB": 128,
           "osDiskType": "Managed",
           "kubeletDiskType": "OS",
           "maxPods": 110,
           "type": "VirtualMachineScaleSets",
           "provisioningState": "Succeeded",
           "powerState": {
            "code": "Running"
           },
           "orchestratorVersion": "1.22.6",
           "mode": "System",
           "osType": "Linux",
           "osSKU": "Ubuntu",
           "nodeImageVersion": "AKSUbuntu-1804gen2containerd-2022.06.08",
           "enableFIPS": false
          }
         ],
         "servicePrincipalProfile": {
          "clientId": "msi"
         },
         "nodeResourceGroup": "MC_asotest-rg-pcirvs_samplemanagedcluster_westcentralus",
         "enableRBAC": true,
         "networkProfile": {
          "networkPlugin": "kubenet",
          "loadBalancerSku": "Standard",
          "loadBalancerProfile": {
           "managedOutboundIPs": {
            "count": 1
           },
           "effectiveOutboundIPs": [
            {
             "id": "/subscriptions/00000000-0000-0000-0000-000000000000/resourceGroups/MC_asotest-rg-pcirvs_samplemanagedcluster_westcentralus/providers/Microsoft.Network/publicIPAddresses/ffa85724-8ed9-4d79-8c1c-e53119ab5bea"
            }
           ]
          },
          "podCidr": "10.244.0.0/16",
          "serviceCidr": "10.0.0.0/16",
          "dnsServiceIP": "10.0.0.10",
          "dockerBridgeCidr": "172.17.0.1/16",
          "outboundType": "loadBalancer"
         },
         "maxAgentPools": 100,
         "identityProfile": {
          "kubeletidentity": {
           "resourceId": "/subscriptions/00000000-0000-0000-0000-000000000000/resourcegroups/MC_asotest-rg-pcirvs_samplemanagedcluster_westcentralus/providers/Microsoft.ManagedIdentity/userAssignedIdentities/samplemanagedcluster-agentpool",
           "clientId": "55bf1de4-41c0-483c-914c-63d48db0d33d",
           "objectId": "47359ec2-88ea-4598-a023-8c963b5883ba"
          }
         }
        },
        "identity": {
         "type": "SystemAssigned",
         "principalId": "3b2b237c-47e5-4cd7-872e-e4869d47e45e",
         "tenantId": "72f988bf-86f1-41af-91ab-2d7cd011db47"
        },
        "sku": {
         "name": "Basic",
         "tier": "Free"
        }
       }
    headers:
      Cache-Control:
      - no-cache
      Content-Type:
      - application/json
      Expires:
      - "-1"
      Pragma:
      - no-cache
      Server:
      - nginx
      Strict-Transport-Security:
      - max-age=31536000; includeSubDomains
      Vary:
      - Accept-Encoding
      X-Content-Type-Options:
      - nosniff
    status: 200 OK
    code: 200
    duration: ""
- request:
    body: '{"name":"pool3","properties":{"count":1,"mode":"User","osType":"Linux","vmSize":"Standard_DS2_v2"}}'
    form: {}
    headers:
      Accept:
      - application/json
      Content-Length:
      - "99"
      Content-Type:
      - application/json
      Test-Request-Attempt:
      - "0"
    url: https://management.azure.com/subscriptions/00000000-0000-0000-0000-000000000000/resourceGroups/asotest-rg-pcirvs/providers/Microsoft.ContainerService/managedClusters/samplemanagedcluster/agentPools/pool3?api-version=2021-05-01
    method: PUT
  response:
    body: |-
      {
        "id": "/subscriptions/00000000-0000-0000-0000-000000000000/resourcegroups/asotest-rg-pcirvs/providers/Microsoft.ContainerService/managedClusters/samplemanagedcluster/agentPools/pool3",
        "name": "pool3",
        "type": "Microsoft.ContainerService/managedClusters/agentPools",
        "properties": {
         "count": 1,
         "vmSize": "Standard_DS2_v2",
         "osDiskSizeGB": 128,
         "osDiskType": "Managed",
         "kubeletDiskType": "OS",
         "maxPods": 110,
         "type": "VirtualMachineScaleSets",
         "provisioningState": "Creating",
         "powerState": {
          "code": "Running"
         },
         "orchestratorVersion": "1.22.6",
         "mode": "User",
         "osType": "Linux",
         "osSKU": "Ubuntu",
         "nodeImageVersion": "AKSUbuntu-1804gen2containerd-2022.06.08",
         "enableFIPS": false
        }
       }
    headers:
      Azure-Asyncoperation:
      - https://management.azure.com/subscriptions/00000000-0000-0000-0000-000000000000/providers/Microsoft.ContainerService/locations/westcentralus/operations/be9edc73-bb7d-4738-b6b0-fd126bbedb47?api-version=2016-03-30
      Cache-Control:
      - no-cache
      Content-Length:
      - "754"
      Content-Type:
      - application/json
      Expires:
      - "-1"
      Pragma:
      - no-cache
      Server:
      - nginx
      Strict-Transport-Security:
      - max-age=31536000; includeSubDomains
      X-Content-Type-Options:
      - nosniff
    status: 201 Created
    code: 201
    duration: ""
- request:
    body: ""
    form: {}
    headers:
      Test-Request-Attempt:
      - "0"
    url: https://management.azure.com/subscriptions/00000000-0000-0000-0000-000000000000/providers/Microsoft.ContainerService/locations/westcentralus/operations/be9edc73-bb7d-4738-b6b0-fd126bbedb47?api-version=2016-03-30
    method: GET
  response:
    body: |-
      {
        "name": "73dc9ebe-7dbb-3847-b6b0-fd126bbedb47",
        "status": "InProgress",
        "startTime": "2001-02-03T04:05:06Z"
       }
    headers:
      Cache-Control:
      - no-cache
      Content-Type:
      - application/json
      Expires:
      - "-1"
      Pragma:
      - no-cache
      Server:
      - nginx
      Strict-Transport-Security:
      - max-age=31536000; includeSubDomains
      Vary:
      - Accept-Encoding
      X-Content-Type-Options:
      - nosniff
    status: 200 OK
    code: 200
    duration: ""
- request:
    body: ""
    form: {}
    headers:
      Test-Request-Attempt:
      - "1"
    url: https://management.azure.com/subscriptions/00000000-0000-0000-0000-000000000000/providers/Microsoft.ContainerService/locations/westcentralus/operations/be9edc73-bb7d-4738-b6b0-fd126bbedb47?api-version=2016-03-30
    method: GET
  response:
    body: |-
      {
        "name": "73dc9ebe-7dbb-3847-b6b0-fd126bbedb47",
        "status": "InProgress",
        "startTime": "2001-02-03T04:05:06Z"
       }
    headers:
      Cache-Control:
      - no-cache
      Content-Type:
      - application/json
      Expires:
      - "-1"
      Pragma:
      - no-cache
      Server:
      - nginx
      Strict-Transport-Security:
      - max-age=31536000; includeSubDomains
      Vary:
      - Accept-Encoding
      X-Content-Type-Options:
      - nosniff
    status: 200 OK
    code: 200
    duration: ""
- request:
    body: ""
    form: {}
    headers:
      Test-Request-Attempt:
      - "2"
    url: https://management.azure.com/subscriptions/00000000-0000-0000-0000-000000000000/providers/Microsoft.ContainerService/locations/westcentralus/operations/be9edc73-bb7d-4738-b6b0-fd126bbedb47?api-version=2016-03-30
    method: GET
  response:
    body: |-
      {
        "name": "73dc9ebe-7dbb-3847-b6b0-fd126bbedb47",
        "status": "InProgress",
        "startTime": "2001-02-03T04:05:06Z"
       }
    headers:
      Cache-Control:
      - no-cache
      Content-Type:
      - application/json
      Expires:
      - "-1"
      Pragma:
      - no-cache
      Server:
      - nginx
      Strict-Transport-Security:
      - max-age=31536000; includeSubDomains
      Vary:
      - Accept-Encoding
      X-Content-Type-Options:
      - nosniff
    status: 200 OK
    code: 200
    duration: ""
- request:
    body: ""
    form: {}
    headers:
      Test-Request-Attempt:
      - "3"
    url: https://management.azure.com/subscriptions/00000000-0000-0000-0000-000000000000/providers/Microsoft.ContainerService/locations/westcentralus/operations/be9edc73-bb7d-4738-b6b0-fd126bbedb47?api-version=2016-03-30
    method: GET
  response:
    body: |-
      {
        "name": "73dc9ebe-7dbb-3847-b6b0-fd126bbedb47",
        "status": "InProgress",
        "startTime": "2001-02-03T04:05:06Z"
       }
    headers:
      Cache-Control:
      - no-cache
      Content-Type:
      - application/json
      Expires:
      - "-1"
      Pragma:
      - no-cache
      Server:
      - nginx
      Strict-Transport-Security:
      - max-age=31536000; includeSubDomains
      Vary:
      - Accept-Encoding
      X-Content-Type-Options:
      - nosniff
    status: 200 OK
    code: 200
    duration: ""
- request:
    body: ""
    form: {}
    headers:
      Test-Request-Attempt:
      - "4"
    url: https://management.azure.com/subscriptions/00000000-0000-0000-0000-000000000000/providers/Microsoft.ContainerService/locations/westcentralus/operations/be9edc73-bb7d-4738-b6b0-fd126bbedb47?api-version=2016-03-30
    method: GET
  response:
    body: |-
      {
        "name": "73dc9ebe-7dbb-3847-b6b0-fd126bbedb47",
        "status": "Succeeded",
        "startTime": "2001-02-03T04:05:06Z",
        "endTime": "2001-02-03T04:05:06Z"
       }
    headers:
      Cache-Control:
      - no-cache
      Content-Type:
      - application/json
      Expires:
      - "-1"
      Pragma:
      - no-cache
      Server:
      - nginx
      Strict-Transport-Security:
      - max-age=31536000; includeSubDomains
      Vary:
      - Accept-Encoding
      X-Content-Type-Options:
      - nosniff
    status: 200 OK
    code: 200
    duration: ""
- request:
    body: ""
    form: {}
    headers:
      Accept:
      - application/json
      Test-Request-Attempt:
      - "0"
    url: https://management.azure.com/subscriptions/00000000-0000-0000-0000-000000000000/resourceGroups/asotest-rg-pcirvs/providers/Microsoft.ContainerService/managedClusters/samplemanagedcluster/agentPools/pool3?api-version=2021-05-01
    method: GET
  response:
    body: |-
      {
        "id": "/subscriptions/00000000-0000-0000-0000-000000000000/resourcegroups/asotest-rg-pcirvs/providers/Microsoft.ContainerService/managedClusters/samplemanagedcluster/agentPools/pool3",
        "name": "pool3",
        "type": "Microsoft.ContainerService/managedClusters/agentPools",
        "properties": {
         "count": 1,
         "vmSize": "Standard_DS2_v2",
         "osDiskSizeGB": 128,
         "osDiskType": "Managed",
         "kubeletDiskType": "OS",
         "maxPods": 110,
         "type": "VirtualMachineScaleSets",
         "provisioningState": "Succeeded",
         "powerState": {
          "code": "Running"
         },
         "orchestratorVersion": "1.22.6",
         "mode": "User",
         "osType": "Linux",
         "osSKU": "Ubuntu",
         "nodeImageVersion": "AKSUbuntu-1804gen2containerd-2022.06.08",
         "enableFIPS": false
        }
       }
    headers:
      Cache-Control:
      - no-cache
      Content-Type:
      - application/json
      Expires:
      - "-1"
      Pragma:
      - no-cache
      Server:
      - nginx
      Strict-Transport-Security:
      - max-age=31536000; includeSubDomains
      Vary:
      - Accept-Encoding
      X-Content-Type-Options:
      - nosniff
    status: 200 OK
    code: 200
    duration: ""
- request:
    body: ""
    form: {}
    headers:
      Accept:
      - application/json
      Test-Request-Attempt:
      - "1"
    url: https://management.azure.com/subscriptions/00000000-0000-0000-0000-000000000000/resourceGroups/asotest-rg-pcirvs/providers/Microsoft.ContainerService/managedClusters/samplemanagedcluster?api-version=2021-05-01
    method: DELETE
  response:
    body: ""
    headers:
      Azure-Asyncoperation:
      - https://management.azure.com/subscriptions/00000000-0000-0000-0000-000000000000/providers/Microsoft.ContainerService/locations/westcentralus/operations/9db5f217-7500-4471-8bfd-6962cc9238d3?api-version=2016-03-30
      Cache-Control:
      - no-cache
      Content-Length:
      - "0"
      Expires:
      - "-1"
      Location:
      - https://management.azure.com/subscriptions/00000000-0000-0000-0000-000000000000/providers/Microsoft.ContainerService/locations/westcentralus/operationresults/9db5f217-7500-4471-8bfd-6962cc9238d3?api-version=2016-03-30
      Pragma:
      - no-cache
      Server:
      - nginx
      Strict-Transport-Security:
      - max-age=31536000; includeSubDomains
      X-Content-Type-Options:
      - nosniff
    status: 202 Accepted
    code: 202
    duration: ""
- request:
    body: ""
    form: {}
    headers:
      Accept:
      - application/json
      Test-Request-Attempt:
      - "9"
    url: https://management.azure.com/subscriptions/00000000-0000-0000-0000-000000000000/resourceGroups/asotest-rg-pcirvs/providers/Microsoft.ContainerService/managedClusters/samplemanagedcluster?api-version=2021-05-01
    method: GET
  response:
    body: |-
      {
        "id": "/subscriptions/00000000-0000-0000-0000-000000000000/resourcegroups/asotest-rg-pcirvs/providers/Microsoft.ContainerService/managedClusters/samplemanagedcluster",
        "location": "westcentralus",
        "name": "samplemanagedcluster",
        "type": "Microsoft.ContainerService/ManagedClusters",
        "properties": {
         "provisioningState": "Deleting",
         "powerState": {
          "code": "Running"
         },
         "kubernetesVersion": "1.22.6",
         "dnsPrefix": "aso",
         "fqdn": "aso-eefca157.hcp.westcentralus.azmk8s.io",
         "azurePortalFQDN": "aso-eefca157.portal.hcp.westcentralus.azmk8s.io",
         "agentPoolProfiles": [
          {
           "name": "pool1",
           "count": 1,
           "vmSize": "Standard_DS2_v2",
           "osDiskSizeGB": 128,
           "osDiskType": "Managed",
           "kubeletDiskType": "OS",
           "maxPods": 110,
           "type": "VirtualMachineScaleSets",
           "provisioningState": "Deleting",
           "powerState": {
            "code": "Running"
           },
           "orchestratorVersion": "1.22.6",
           "mode": "System",
           "osType": "Linux",
           "osSKU": "Ubuntu",
           "nodeImageVersion": "AKSUbuntu-1804gen2containerd-2022.06.08",
           "enableFIPS": false
          },
          {
           "name": "pool3",
           "count": 1,
           "vmSize": "Standard_DS2_v2",
           "osDiskSizeGB": 128,
           "osDiskType": "Managed",
           "kubeletDiskType": "OS",
           "maxPods": 110,
           "type": "VirtualMachineScaleSets",
           "provisioningState": "Deleting",
           "powerState": {
            "code": "Running"
           },
           "orchestratorVersion": "1.22.6",
           "mode": "User",
           "osType": "Linux",
           "osSKU": "Ubuntu",
           "nodeImageVersion": "AKSUbuntu-1804gen2containerd-2022.06.08",
           "enableFIPS": false
          }
         ],
         "servicePrincipalProfile": {
          "clientId": "msi"
         },
         "nodeResourceGroup": "MC_asotest-rg-pcirvs_samplemanagedcluster_westcentralus",
         "enableRBAC": true,
         "networkProfile": {
          "networkPlugin": "kubenet",
          "loadBalancerSku": "Standard",
          "loadBalancerProfile": {
           "managedOutboundIPs": {
            "count": 1
           },
           "effectiveOutboundIPs": [
            {
             "id": "/subscriptions/00000000-0000-0000-0000-000000000000/resourceGroups/MC_asotest-rg-pcirvs_samplemanagedcluster_westcentralus/providers/Microsoft.Network/publicIPAddresses/ffa85724-8ed9-4d79-8c1c-e53119ab5bea"
            }
           ]
          },
          "podCidr": "10.244.0.0/16",
          "serviceCidr": "10.0.0.0/16",
          "dnsServiceIP": "10.0.0.10",
          "dockerBridgeCidr": "172.17.0.1/16",
          "outboundType": "loadBalancer"
         },
         "maxAgentPools": 100,
         "identityProfile": {
          "kubeletidentity": {
           "resourceId": "/subscriptions/00000000-0000-0000-0000-000000000000/resourcegroups/MC_asotest-rg-pcirvs_samplemanagedcluster_westcentralus/providers/Microsoft.ManagedIdentity/userAssignedIdentities/samplemanagedcluster-agentpool",
           "clientId": "55bf1de4-41c0-483c-914c-63d48db0d33d",
           "objectId": "47359ec2-88ea-4598-a023-8c963b5883ba"
          }
         }
        },
        "identity": {
         "type": "SystemAssigned",
         "principalId": "3b2b237c-47e5-4cd7-872e-e4869d47e45e",
         "tenantId": "72f988bf-86f1-41af-91ab-2d7cd011db47"
        },
        "sku": {
         "name": "Basic",
         "tier": "Free"
        }
       }
    headers:
      Cache-Control:
      - no-cache
      Content-Type:
      - application/json
      Expires:
      - "-1"
      Pragma:
      - no-cache
      Server:
      - nginx
      Strict-Transport-Security:
      - max-age=31536000; includeSubDomains
      Vary:
      - Accept-Encoding
      X-Content-Type-Options:
      - nosniff
    status: 200 OK
    code: 200
    duration: ""
- request:
    body: ""
    form: {}
    headers:
      Accept:
      - application/json
      Test-Request-Attempt:
      - "10"
    url: https://management.azure.com/subscriptions/00000000-0000-0000-0000-000000000000/resourceGroups/asotest-rg-pcirvs/providers/Microsoft.ContainerService/managedClusters/samplemanagedcluster?api-version=2021-05-01
    method: GET
  response:
    body: |-
      {
        "id": "/subscriptions/00000000-0000-0000-0000-000000000000/resourcegroups/asotest-rg-pcirvs/providers/Microsoft.ContainerService/managedClusters/samplemanagedcluster",
        "location": "westcentralus",
        "name": "samplemanagedcluster",
        "type": "Microsoft.ContainerService/ManagedClusters",
        "properties": {
         "provisioningState": "Deleting",
         "powerState": {
          "code": "Running"
         },
         "kubernetesVersion": "1.22.6",
         "dnsPrefix": "aso",
         "fqdn": "aso-eefca157.hcp.westcentralus.azmk8s.io",
         "azurePortalFQDN": "aso-eefca157.portal.hcp.westcentralus.azmk8s.io",
         "agentPoolProfiles": [
          {
           "name": "pool1",
           "count": 1,
           "vmSize": "Standard_DS2_v2",
           "osDiskSizeGB": 128,
           "osDiskType": "Managed",
           "kubeletDiskType": "OS",
           "maxPods": 110,
           "type": "VirtualMachineScaleSets",
           "provisioningState": "Deleting",
           "powerState": {
            "code": "Running"
           },
           "orchestratorVersion": "1.22.6",
           "mode": "System",
           "osType": "Linux",
           "osSKU": "Ubuntu",
           "nodeImageVersion": "AKSUbuntu-1804gen2containerd-2022.06.08",
           "enableFIPS": false
          },
          {
           "name": "pool3",
           "count": 1,
           "vmSize": "Standard_DS2_v2",
           "osDiskSizeGB": 128,
           "osDiskType": "Managed",
           "kubeletDiskType": "OS",
           "maxPods": 110,
           "type": "VirtualMachineScaleSets",
           "provisioningState": "Deleting",
           "powerState": {
            "code": "Running"
           },
           "orchestratorVersion": "1.22.6",
           "mode": "User",
           "osType": "Linux",
           "osSKU": "Ubuntu",
           "nodeImageVersion": "AKSUbuntu-1804gen2containerd-2022.06.08",
           "enableFIPS": false
          }
         ],
         "servicePrincipalProfile": {
          "clientId": "msi"
         },
         "nodeResourceGroup": "MC_asotest-rg-pcirvs_samplemanagedcluster_westcentralus",
         "enableRBAC": true,
         "networkProfile": {
          "networkPlugin": "kubenet",
          "loadBalancerSku": "Standard",
          "loadBalancerProfile": {
           "managedOutboundIPs": {
            "count": 1
           },
           "effectiveOutboundIPs": [
            {
             "id": "/subscriptions/00000000-0000-0000-0000-000000000000/resourceGroups/MC_asotest-rg-pcirvs_samplemanagedcluster_westcentralus/providers/Microsoft.Network/publicIPAddresses/ffa85724-8ed9-4d79-8c1c-e53119ab5bea"
            }
           ]
          },
          "podCidr": "10.244.0.0/16",
          "serviceCidr": "10.0.0.0/16",
          "dnsServiceIP": "10.0.0.10",
          "dockerBridgeCidr": "172.17.0.1/16",
          "outboundType": "loadBalancer"
         },
         "maxAgentPools": 100,
         "identityProfile": {
          "kubeletidentity": {
           "resourceId": "/subscriptions/00000000-0000-0000-0000-000000000000/resourcegroups/MC_asotest-rg-pcirvs_samplemanagedcluster_westcentralus/providers/Microsoft.ManagedIdentity/userAssignedIdentities/samplemanagedcluster-agentpool",
           "clientId": "55bf1de4-41c0-483c-914c-63d48db0d33d",
           "objectId": "47359ec2-88ea-4598-a023-8c963b5883ba"
          }
         }
        },
        "identity": {
         "type": "SystemAssigned",
         "principalId": "3b2b237c-47e5-4cd7-872e-e4869d47e45e",
         "tenantId": "72f988bf-86f1-41af-91ab-2d7cd011db47"
        },
        "sku": {
         "name": "Basic",
         "tier": "Free"
        }
       }
    headers:
      Cache-Control:
      - no-cache
      Content-Type:
      - application/json
      Expires:
      - "-1"
      Pragma:
      - no-cache
      Server:
      - nginx
      Strict-Transport-Security:
      - max-age=31536000; includeSubDomains
      Vary:
      - Accept-Encoding
      X-Content-Type-Options:
      - nosniff
    status: 200 OK
    code: 200
    duration: ""
- request:
    body: ""
    form: {}
    headers:
      Accept:
      - application/json
      Test-Request-Attempt:
      - "11"
    url: https://management.azure.com/subscriptions/00000000-0000-0000-0000-000000000000/resourceGroups/asotest-rg-pcirvs/providers/Microsoft.ContainerService/managedClusters/samplemanagedcluster?api-version=2021-05-01
    method: GET
  response:
    body: |-
      {
        "id": "/subscriptions/00000000-0000-0000-0000-000000000000/resourcegroups/asotest-rg-pcirvs/providers/Microsoft.ContainerService/managedClusters/samplemanagedcluster",
        "location": "westcentralus",
        "name": "samplemanagedcluster",
        "type": "Microsoft.ContainerService/ManagedClusters",
        "properties": {
         "provisioningState": "Deleting",
         "powerState": {
          "code": "Running"
         },
         "kubernetesVersion": "1.22.6",
         "dnsPrefix": "aso",
         "fqdn": "aso-eefca157.hcp.westcentralus.azmk8s.io",
         "azurePortalFQDN": "aso-eefca157.portal.hcp.westcentralus.azmk8s.io",
         "agentPoolProfiles": [
          {
           "name": "pool1",
           "count": 1,
           "vmSize": "Standard_DS2_v2",
           "osDiskSizeGB": 128,
           "osDiskType": "Managed",
           "kubeletDiskType": "OS",
           "maxPods": 110,
           "type": "VirtualMachineScaleSets",
           "provisioningState": "Deleting",
           "powerState": {
            "code": "Running"
           },
           "orchestratorVersion": "1.22.6",
           "mode": "System",
           "osType": "Linux",
           "osSKU": "Ubuntu",
           "nodeImageVersion": "AKSUbuntu-1804gen2containerd-2022.06.08",
           "enableFIPS": false
          },
          {
           "name": "pool3",
           "count": 1,
           "vmSize": "Standard_DS2_v2",
           "osDiskSizeGB": 128,
           "osDiskType": "Managed",
           "kubeletDiskType": "OS",
           "maxPods": 110,
           "type": "VirtualMachineScaleSets",
           "provisioningState": "Deleting",
           "powerState": {
            "code": "Running"
           },
           "orchestratorVersion": "1.22.6",
           "mode": "User",
           "osType": "Linux",
           "osSKU": "Ubuntu",
           "nodeImageVersion": "AKSUbuntu-1804gen2containerd-2022.06.08",
           "enableFIPS": false
          }
         ],
         "servicePrincipalProfile": {
          "clientId": "msi"
         },
         "nodeResourceGroup": "MC_asotest-rg-pcirvs_samplemanagedcluster_westcentralus",
         "enableRBAC": true,
         "networkProfile": {
          "networkPlugin": "kubenet",
          "loadBalancerSku": "Standard",
          "loadBalancerProfile": {
           "managedOutboundIPs": {
            "count": 1
           },
           "effectiveOutboundIPs": [
            {
             "id": "/subscriptions/00000000-0000-0000-0000-000000000000/resourceGroups/MC_asotest-rg-pcirvs_samplemanagedcluster_westcentralus/providers/Microsoft.Network/publicIPAddresses/ffa85724-8ed9-4d79-8c1c-e53119ab5bea"
            }
           ]
          },
          "podCidr": "10.244.0.0/16",
          "serviceCidr": "10.0.0.0/16",
          "dnsServiceIP": "10.0.0.10",
          "dockerBridgeCidr": "172.17.0.1/16",
          "outboundType": "loadBalancer"
         },
         "maxAgentPools": 100,
         "identityProfile": {
          "kubeletidentity": {
           "resourceId": "/subscriptions/00000000-0000-0000-0000-000000000000/resourcegroups/MC_asotest-rg-pcirvs_samplemanagedcluster_westcentralus/providers/Microsoft.ManagedIdentity/userAssignedIdentities/samplemanagedcluster-agentpool",
           "clientId": "55bf1de4-41c0-483c-914c-63d48db0d33d",
           "objectId": "47359ec2-88ea-4598-a023-8c963b5883ba"
          }
         }
        },
        "identity": {
         "type": "SystemAssigned",
         "principalId": "3b2b237c-47e5-4cd7-872e-e4869d47e45e",
         "tenantId": "72f988bf-86f1-41af-91ab-2d7cd011db47"
        },
        "sku": {
         "name": "Basic",
         "tier": "Free"
        }
       }
    headers:
      Cache-Control:
      - no-cache
      Content-Type:
      - application/json
      Expires:
      - "-1"
      Pragma:
      - no-cache
      Server:
      - nginx
      Strict-Transport-Security:
      - max-age=31536000; includeSubDomains
      Vary:
      - Accept-Encoding
      X-Content-Type-Options:
      - nosniff
    status: 200 OK
    code: 200
    duration: ""
- request:
    body: ""
    form: {}
    headers:
      Accept:
      - application/json
      Test-Request-Attempt:
      - "12"
    url: https://management.azure.com/subscriptions/00000000-0000-0000-0000-000000000000/resourceGroups/asotest-rg-pcirvs/providers/Microsoft.ContainerService/managedClusters/samplemanagedcluster?api-version=2021-05-01
    method: GET
  response:
    body: |-
      {
        "id": "/subscriptions/00000000-0000-0000-0000-000000000000/resourcegroups/asotest-rg-pcirvs/providers/Microsoft.ContainerService/managedClusters/samplemanagedcluster",
        "location": "westcentralus",
        "name": "samplemanagedcluster",
        "type": "Microsoft.ContainerService/ManagedClusters",
        "properties": {
         "provisioningState": "Deleting",
         "powerState": {
          "code": "Running"
         },
         "kubernetesVersion": "1.22.6",
         "dnsPrefix": "aso",
         "fqdn": "aso-eefca157.hcp.westcentralus.azmk8s.io",
         "azurePortalFQDN": "aso-eefca157.portal.hcp.westcentralus.azmk8s.io",
         "agentPoolProfiles": [
          {
           "name": "pool1",
           "count": 1,
           "vmSize": "Standard_DS2_v2",
           "osDiskSizeGB": 128,
           "osDiskType": "Managed",
           "kubeletDiskType": "OS",
           "maxPods": 110,
           "type": "VirtualMachineScaleSets",
           "provisioningState": "Deleting",
           "powerState": {
            "code": "Running"
           },
           "orchestratorVersion": "1.22.6",
           "mode": "System",
           "osType": "Linux",
           "osSKU": "Ubuntu",
           "nodeImageVersion": "AKSUbuntu-1804gen2containerd-2022.06.08",
           "enableFIPS": false
          },
          {
           "name": "pool3",
           "count": 1,
           "vmSize": "Standard_DS2_v2",
           "osDiskSizeGB": 128,
           "osDiskType": "Managed",
           "kubeletDiskType": "OS",
           "maxPods": 110,
           "type": "VirtualMachineScaleSets",
           "provisioningState": "Deleting",
           "powerState": {
            "code": "Running"
           },
           "orchestratorVersion": "1.22.6",
           "mode": "User",
           "osType": "Linux",
           "osSKU": "Ubuntu",
           "nodeImageVersion": "AKSUbuntu-1804gen2containerd-2022.06.08",
           "enableFIPS": false
          }
         ],
         "servicePrincipalProfile": {
          "clientId": "msi"
         },
         "nodeResourceGroup": "MC_asotest-rg-pcirvs_samplemanagedcluster_westcentralus",
         "enableRBAC": true,
         "networkProfile": {
          "networkPlugin": "kubenet",
          "loadBalancerSku": "Standard",
          "loadBalancerProfile": {
           "managedOutboundIPs": {
            "count": 1
           },
           "effectiveOutboundIPs": [
            {
             "id": "/subscriptions/00000000-0000-0000-0000-000000000000/resourceGroups/MC_asotest-rg-pcirvs_samplemanagedcluster_westcentralus/providers/Microsoft.Network/publicIPAddresses/ffa85724-8ed9-4d79-8c1c-e53119ab5bea"
            }
           ]
          },
          "podCidr": "10.244.0.0/16",
          "serviceCidr": "10.0.0.0/16",
          "dnsServiceIP": "10.0.0.10",
          "dockerBridgeCidr": "172.17.0.1/16",
          "outboundType": "loadBalancer"
         },
         "maxAgentPools": 100,
         "identityProfile": {
          "kubeletidentity": {
           "resourceId": "/subscriptions/00000000-0000-0000-0000-000000000000/resourcegroups/MC_asotest-rg-pcirvs_samplemanagedcluster_westcentralus/providers/Microsoft.ManagedIdentity/userAssignedIdentities/samplemanagedcluster-agentpool",
           "clientId": "55bf1de4-41c0-483c-914c-63d48db0d33d",
           "objectId": "47359ec2-88ea-4598-a023-8c963b5883ba"
          }
         }
        },
        "identity": {
         "type": "SystemAssigned",
         "principalId": "3b2b237c-47e5-4cd7-872e-e4869d47e45e",
         "tenantId": "72f988bf-86f1-41af-91ab-2d7cd011db47"
        },
        "sku": {
         "name": "Basic",
         "tier": "Free"
        }
       }
    headers:
      Cache-Control:
      - no-cache
      Content-Type:
      - application/json
      Expires:
      - "-1"
      Pragma:
      - no-cache
      Server:
      - nginx
      Strict-Transport-Security:
      - max-age=31536000; includeSubDomains
      Vary:
      - Accept-Encoding
      X-Content-Type-Options:
      - nosniff
    status: 200 OK
    code: 200
    duration: ""
- request:
    body: ""
    form: {}
    headers:
      Accept:
      - application/json
      Test-Request-Attempt:
      - "13"
    url: https://management.azure.com/subscriptions/00000000-0000-0000-0000-000000000000/resourceGroups/asotest-rg-pcirvs/providers/Microsoft.ContainerService/managedClusters/samplemanagedcluster?api-version=2021-05-01
    method: GET
  response:
    body: |-
      {
        "id": "/subscriptions/00000000-0000-0000-0000-000000000000/resourcegroups/asotest-rg-pcirvs/providers/Microsoft.ContainerService/managedClusters/samplemanagedcluster",
        "location": "westcentralus",
        "name": "samplemanagedcluster",
        "type": "Microsoft.ContainerService/ManagedClusters",
        "properties": {
         "provisioningState": "Deleting",
         "powerState": {
          "code": "Running"
         },
         "kubernetesVersion": "1.22.6",
         "dnsPrefix": "aso",
         "fqdn": "aso-eefca157.hcp.westcentralus.azmk8s.io",
         "azurePortalFQDN": "aso-eefca157.portal.hcp.westcentralus.azmk8s.io",
         "agentPoolProfiles": [
          {
           "name": "pool1",
           "count": 1,
           "vmSize": "Standard_DS2_v2",
           "osDiskSizeGB": 128,
           "osDiskType": "Managed",
           "kubeletDiskType": "OS",
           "maxPods": 110,
           "type": "VirtualMachineScaleSets",
           "provisioningState": "Deleting",
           "powerState": {
            "code": "Running"
           },
           "orchestratorVersion": "1.22.6",
           "mode": "System",
           "osType": "Linux",
           "osSKU": "Ubuntu",
           "nodeImageVersion": "AKSUbuntu-1804gen2containerd-2022.06.08",
           "enableFIPS": false
          },
          {
           "name": "pool3",
           "count": 1,
           "vmSize": "Standard_DS2_v2",
           "osDiskSizeGB": 128,
           "osDiskType": "Managed",
           "kubeletDiskType": "OS",
           "maxPods": 110,
           "type": "VirtualMachineScaleSets",
           "provisioningState": "Deleting",
           "powerState": {
            "code": "Running"
           },
           "orchestratorVersion": "1.22.6",
           "mode": "User",
           "osType": "Linux",
           "osSKU": "Ubuntu",
           "nodeImageVersion": "AKSUbuntu-1804gen2containerd-2022.06.08",
           "enableFIPS": false
          }
         ],
         "servicePrincipalProfile": {
          "clientId": "msi"
         },
         "nodeResourceGroup": "MC_asotest-rg-pcirvs_samplemanagedcluster_westcentralus",
         "enableRBAC": true,
         "networkProfile": {
          "networkPlugin": "kubenet",
          "loadBalancerSku": "Standard",
          "loadBalancerProfile": {
           "managedOutboundIPs": {
            "count": 1
           },
           "effectiveOutboundIPs": [
            {
             "id": "/subscriptions/00000000-0000-0000-0000-000000000000/resourceGroups/MC_asotest-rg-pcirvs_samplemanagedcluster_westcentralus/providers/Microsoft.Network/publicIPAddresses/ffa85724-8ed9-4d79-8c1c-e53119ab5bea"
            }
           ]
          },
          "podCidr": "10.244.0.0/16",
          "serviceCidr": "10.0.0.0/16",
          "dnsServiceIP": "10.0.0.10",
          "dockerBridgeCidr": "172.17.0.1/16",
          "outboundType": "loadBalancer"
         },
         "maxAgentPools": 100,
         "identityProfile": {
          "kubeletidentity": {
           "resourceId": "/subscriptions/00000000-0000-0000-0000-000000000000/resourcegroups/MC_asotest-rg-pcirvs_samplemanagedcluster_westcentralus/providers/Microsoft.ManagedIdentity/userAssignedIdentities/samplemanagedcluster-agentpool",
           "clientId": "55bf1de4-41c0-483c-914c-63d48db0d33d",
           "objectId": "47359ec2-88ea-4598-a023-8c963b5883ba"
          }
         }
        },
        "identity": {
         "type": "SystemAssigned",
         "principalId": "3b2b237c-47e5-4cd7-872e-e4869d47e45e",
         "tenantId": "72f988bf-86f1-41af-91ab-2d7cd011db47"
        },
        "sku": {
         "name": "Basic",
         "tier": "Free"
        }
       }
    headers:
      Cache-Control:
      - no-cache
      Content-Type:
      - application/json
      Expires:
      - "-1"
      Pragma:
      - no-cache
      Server:
      - nginx
      Strict-Transport-Security:
      - max-age=31536000; includeSubDomains
      Vary:
      - Accept-Encoding
      X-Content-Type-Options:
      - nosniff
    status: 200 OK
    code: 200
    duration: ""
- request:
    body: ""
    form: {}
    headers:
      Accept:
      - application/json
      Test-Request-Attempt:
      - "14"
    url: https://management.azure.com/subscriptions/00000000-0000-0000-0000-000000000000/resourceGroups/asotest-rg-pcirvs/providers/Microsoft.ContainerService/managedClusters/samplemanagedcluster?api-version=2021-05-01
    method: GET
  response:
    body: |-
      {
        "id": "/subscriptions/00000000-0000-0000-0000-000000000000/resourcegroups/asotest-rg-pcirvs/providers/Microsoft.ContainerService/managedClusters/samplemanagedcluster",
        "location": "westcentralus",
        "name": "samplemanagedcluster",
        "type": "Microsoft.ContainerService/ManagedClusters",
        "properties": {
         "provisioningState": "Deleting",
         "powerState": {
          "code": "Running"
         },
         "kubernetesVersion": "1.22.6",
         "dnsPrefix": "aso",
         "fqdn": "aso-eefca157.hcp.westcentralus.azmk8s.io",
         "azurePortalFQDN": "aso-eefca157.portal.hcp.westcentralus.azmk8s.io",
         "agentPoolProfiles": [
          {
           "name": "pool1",
           "count": 1,
           "vmSize": "Standard_DS2_v2",
           "osDiskSizeGB": 128,
           "osDiskType": "Managed",
           "kubeletDiskType": "OS",
           "maxPods": 110,
           "type": "VirtualMachineScaleSets",
           "provisioningState": "Deleting",
           "powerState": {
            "code": "Running"
           },
           "orchestratorVersion": "1.22.6",
           "mode": "System",
           "osType": "Linux",
           "osSKU": "Ubuntu",
           "nodeImageVersion": "AKSUbuntu-1804gen2containerd-2022.06.08",
           "enableFIPS": false
          },
          {
           "name": "pool3",
           "count": 1,
           "vmSize": "Standard_DS2_v2",
           "osDiskSizeGB": 128,
           "osDiskType": "Managed",
           "kubeletDiskType": "OS",
           "maxPods": 110,
           "type": "VirtualMachineScaleSets",
           "provisioningState": "Deleting",
           "powerState": {
            "code": "Running"
           },
           "orchestratorVersion": "1.22.6",
           "mode": "User",
           "osType": "Linux",
           "osSKU": "Ubuntu",
           "nodeImageVersion": "AKSUbuntu-1804gen2containerd-2022.06.08",
           "enableFIPS": false
          }
         ],
         "servicePrincipalProfile": {
          "clientId": "msi"
         },
         "nodeResourceGroup": "MC_asotest-rg-pcirvs_samplemanagedcluster_westcentralus",
         "enableRBAC": true,
         "networkProfile": {
          "networkPlugin": "kubenet",
          "loadBalancerSku": "Standard",
          "loadBalancerProfile": {
           "managedOutboundIPs": {
            "count": 1
           },
           "effectiveOutboundIPs": [
            {
             "id": "/subscriptions/00000000-0000-0000-0000-000000000000/resourceGroups/MC_asotest-rg-pcirvs_samplemanagedcluster_westcentralus/providers/Microsoft.Network/publicIPAddresses/ffa85724-8ed9-4d79-8c1c-e53119ab5bea"
            }
           ]
          },
          "podCidr": "10.244.0.0/16",
          "serviceCidr": "10.0.0.0/16",
          "dnsServiceIP": "10.0.0.10",
          "dockerBridgeCidr": "172.17.0.1/16",
          "outboundType": "loadBalancer"
         },
         "maxAgentPools": 100,
         "identityProfile": {
          "kubeletidentity": {
           "resourceId": "/subscriptions/00000000-0000-0000-0000-000000000000/resourcegroups/MC_asotest-rg-pcirvs_samplemanagedcluster_westcentralus/providers/Microsoft.ManagedIdentity/userAssignedIdentities/samplemanagedcluster-agentpool",
           "clientId": "55bf1de4-41c0-483c-914c-63d48db0d33d",
           "objectId": "47359ec2-88ea-4598-a023-8c963b5883ba"
          }
         }
        },
        "identity": {
         "type": "SystemAssigned",
         "principalId": "3b2b237c-47e5-4cd7-872e-e4869d47e45e",
         "tenantId": "72f988bf-86f1-41af-91ab-2d7cd011db47"
        },
        "sku": {
         "name": "Basic",
         "tier": "Free"
        }
       }
    headers:
      Cache-Control:
      - no-cache
      Content-Type:
      - application/json
      Expires:
      - "-1"
      Pragma:
      - no-cache
      Server:
      - nginx
      Strict-Transport-Security:
      - max-age=31536000; includeSubDomains
      Vary:
      - Accept-Encoding
      X-Content-Type-Options:
      - nosniff
    status: 200 OK
    code: 200
    duration: ""
- request:
    body: ""
    form: {}
    headers:
      Accept:
      - application/json
      Test-Request-Attempt:
      - "15"
    url: https://management.azure.com/subscriptions/00000000-0000-0000-0000-000000000000/resourceGroups/asotest-rg-pcirvs/providers/Microsoft.ContainerService/managedClusters/samplemanagedcluster?api-version=2021-05-01
    method: GET
  response:
    body: |-
      {
        "id": "/subscriptions/00000000-0000-0000-0000-000000000000/resourcegroups/asotest-rg-pcirvs/providers/Microsoft.ContainerService/managedClusters/samplemanagedcluster",
        "location": "westcentralus",
        "name": "samplemanagedcluster",
        "type": "Microsoft.ContainerService/ManagedClusters",
        "properties": {
         "provisioningState": "Deleting",
         "powerState": {
          "code": "Running"
         },
         "kubernetesVersion": "1.22.6",
         "dnsPrefix": "aso",
         "fqdn": "aso-eefca157.hcp.westcentralus.azmk8s.io",
         "azurePortalFQDN": "aso-eefca157.portal.hcp.westcentralus.azmk8s.io",
         "agentPoolProfiles": [
          {
           "name": "pool1",
           "count": 1,
           "vmSize": "Standard_DS2_v2",
           "osDiskSizeGB": 128,
           "osDiskType": "Managed",
           "kubeletDiskType": "OS",
           "maxPods": 110,
           "type": "VirtualMachineScaleSets",
           "provisioningState": "Deleting",
           "powerState": {
            "code": "Running"
           },
           "orchestratorVersion": "1.22.6",
           "mode": "System",
           "osType": "Linux",
           "osSKU": "Ubuntu",
           "nodeImageVersion": "AKSUbuntu-1804gen2containerd-2022.06.08",
           "enableFIPS": false
          },
          {
           "name": "pool3",
           "count": 1,
           "vmSize": "Standard_DS2_v2",
           "osDiskSizeGB": 128,
           "osDiskType": "Managed",
           "kubeletDiskType": "OS",
           "maxPods": 110,
           "type": "VirtualMachineScaleSets",
           "provisioningState": "Deleting",
           "powerState": {
            "code": "Running"
           },
           "orchestratorVersion": "1.22.6",
           "mode": "User",
           "osType": "Linux",
           "osSKU": "Ubuntu",
           "nodeImageVersion": "AKSUbuntu-1804gen2containerd-2022.06.08",
           "enableFIPS": false
          }
         ],
         "servicePrincipalProfile": {
          "clientId": "msi"
         },
         "nodeResourceGroup": "MC_asotest-rg-pcirvs_samplemanagedcluster_westcentralus",
         "enableRBAC": true,
         "networkProfile": {
          "networkPlugin": "kubenet",
          "loadBalancerSku": "Standard",
          "loadBalancerProfile": {
           "managedOutboundIPs": {
            "count": 1
           },
           "effectiveOutboundIPs": [
            {
             "id": "/subscriptions/00000000-0000-0000-0000-000000000000/resourceGroups/MC_asotest-rg-pcirvs_samplemanagedcluster_westcentralus/providers/Microsoft.Network/publicIPAddresses/ffa85724-8ed9-4d79-8c1c-e53119ab5bea"
            }
           ]
          },
          "podCidr": "10.244.0.0/16",
          "serviceCidr": "10.0.0.0/16",
          "dnsServiceIP": "10.0.0.10",
          "dockerBridgeCidr": "172.17.0.1/16",
          "outboundType": "loadBalancer"
         },
         "maxAgentPools": 100,
         "identityProfile": {
          "kubeletidentity": {
           "resourceId": "/subscriptions/00000000-0000-0000-0000-000000000000/resourcegroups/MC_asotest-rg-pcirvs_samplemanagedcluster_westcentralus/providers/Microsoft.ManagedIdentity/userAssignedIdentities/samplemanagedcluster-agentpool",
           "clientId": "55bf1de4-41c0-483c-914c-63d48db0d33d",
           "objectId": "47359ec2-88ea-4598-a023-8c963b5883ba"
          }
         }
        },
        "identity": {
         "type": "SystemAssigned",
         "principalId": "3b2b237c-47e5-4cd7-872e-e4869d47e45e",
         "tenantId": "72f988bf-86f1-41af-91ab-2d7cd011db47"
        },
        "sku": {
         "name": "Basic",
         "tier": "Free"
        }
       }
    headers:
      Cache-Control:
      - no-cache
      Content-Type:
      - application/json
      Expires:
      - "-1"
      Pragma:
      - no-cache
      Server:
      - nginx
      Strict-Transport-Security:
      - max-age=31536000; includeSubDomains
      Vary:
      - Accept-Encoding
      X-Content-Type-Options:
      - nosniff
    status: 200 OK
    code: 200
    duration: ""
- request:
    body: ""
    form: {}
    headers:
      Accept:
      - application/json
      Test-Request-Attempt:
      - "16"
    url: https://management.azure.com/subscriptions/00000000-0000-0000-0000-000000000000/resourceGroups/asotest-rg-pcirvs/providers/Microsoft.ContainerService/managedClusters/samplemanagedcluster?api-version=2021-05-01
    method: GET
  response:
    body: '{"error":{"code":"ResourceNotFound","message":"The Resource ''Microsoft.ContainerService/managedClusters/samplemanagedcluster''
      under resource group ''asotest-rg-pcirvs'' was not found. For more details please
      go to https://aka.ms/ARMResourceNotFoundFix"}}'
    headers:
      Cache-Control:
      - no-cache
      Content-Length:
      - "252"
      Content-Type:
      - application/json; charset=utf-8
      Expires:
      - "-1"
      Pragma:
      - no-cache
      Strict-Transport-Security:
      - max-age=31536000; includeSubDomains
      X-Content-Type-Options:
      - nosniff
      X-Ms-Failure-Cause:
      - gateway
    status: 404 Not Found
    code: 404
    duration: ""
- request:
    body: ""
    form: {}
    headers:
      Accept:
      - application/json
      Test-Request-Attempt:
      - "0"
    url: https://management.azure.com/subscriptions/00000000-0000-0000-0000-000000000000/resourceGroups/asotest-rg-pcirvs?api-version=2020-06-01
    method: DELETE
  response:
    body: ""
    headers:
      Cache-Control:
      - no-cache
      Content-Length:
      - "0"
      Expires:
      - "-1"
      Location:
      - https://management.azure.com/subscriptions/00000000-0000-0000-0000-000000000000/operationresults/eyJqb2JJZCI6IlJFU09VUkNFR1JPVVBERUxFVElPTkpPQi1BU09URVNUOjJEUkc6MkRQQ0lSVlMtV0VTVFVTMiIsImpvYkxvY2F0aW9uIjoid2VzdHVzMiJ9?api-version=2020-06-01
      Pragma:
      - no-cache
      Retry-After:
      - "15"
      Strict-Transport-Security:
      - max-age=31536000; includeSubDomains
      X-Content-Type-Options:
      - nosniff
    status: 202 Accepted
    code: 202
    duration: ""
- request:
    body: ""
    form: {}
    headers:
      Accept:
      - application/json
      Test-Request-Attempt:
      - "1"
    url: https://management.azure.com/subscriptions/00000000-0000-0000-0000-000000000000/resourceGroups/asotest-rg-pcirvs?api-version=2020-06-01
    method: GET
  response:
    body: '{"id":"/subscriptions/00000000-0000-0000-0000-000000000000/resourceGroups/asotest-rg-pcirvs","name":"asotest-rg-pcirvs","type":"Microsoft.Resources/resourceGroups","location":"westus2","tags":{"CreatedAt":"2001-02-03T04:05:06Z"},"properties":{"provisioningState":"Deleting"}}'
    headers:
      Cache-Control:
      - no-cache
      Content-Type:
      - application/json; charset=utf-8
      Expires:
      - "-1"
      Pragma:
      - no-cache
      Strict-Transport-Security:
      - max-age=31536000; includeSubDomains
      Vary:
      - Accept-Encoding
      X-Content-Type-Options:
      - nosniff
    status: 200 OK
    code: 200
    duration: ""
- request:
    body: ""
    form: {}
    headers:
      Accept:
      - application/json
      Test-Request-Attempt:
      - "2"
    url: https://management.azure.com/subscriptions/00000000-0000-0000-0000-000000000000/resourceGroups/asotest-rg-pcirvs?api-version=2020-06-01
    method: GET
  response:
    body: '{"id":"/subscriptions/00000000-0000-0000-0000-000000000000/resourceGroups/asotest-rg-pcirvs","name":"asotest-rg-pcirvs","type":"Microsoft.Resources/resourceGroups","location":"westus2","tags":{"CreatedAt":"2001-02-03T04:05:06Z"},"properties":{"provisioningState":"Deleting"}}'
    headers:
      Cache-Control:
      - no-cache
      Content-Type:
      - application/json; charset=utf-8
      Expires:
      - "-1"
      Pragma:
      - no-cache
      Strict-Transport-Security:
      - max-age=31536000; includeSubDomains
      Vary:
      - Accept-Encoding
      X-Content-Type-Options:
      - nosniff
    status: 200 OK
    code: 200
    duration: ""
- request:
    body: ""
    form: {}
    headers:
      Accept:
      - application/json
      Test-Request-Attempt:
      - "3"
    url: https://management.azure.com/subscriptions/00000000-0000-0000-0000-000000000000/resourceGroups/asotest-rg-pcirvs?api-version=2020-06-01
    method: GET
  response:
    body: '{"id":"/subscriptions/00000000-0000-0000-0000-000000000000/resourceGroups/asotest-rg-pcirvs","name":"asotest-rg-pcirvs","type":"Microsoft.Resources/resourceGroups","location":"westus2","tags":{"CreatedAt":"2001-02-03T04:05:06Z"},"properties":{"provisioningState":"Deleting"}}'
    headers:
      Cache-Control:
      - no-cache
      Content-Type:
      - application/json; charset=utf-8
      Expires:
      - "-1"
      Pragma:
      - no-cache
      Strict-Transport-Security:
      - max-age=31536000; includeSubDomains
      Vary:
      - Accept-Encoding
      X-Content-Type-Options:
      - nosniff
    status: 200 OK
    code: 200
    duration: ""
- request:
    body: ""
    form: {}
    headers:
      Accept:
      - application/json
      Test-Request-Attempt:
      - "4"
    url: https://management.azure.com/subscriptions/00000000-0000-0000-0000-000000000000/resourceGroups/asotest-rg-pcirvs?api-version=2020-06-01
    method: GET
  response:
    body: '{"id":"/subscriptions/00000000-0000-0000-0000-000000000000/resourceGroups/asotest-rg-pcirvs","name":"asotest-rg-pcirvs","type":"Microsoft.Resources/resourceGroups","location":"westus2","tags":{"CreatedAt":"2001-02-03T04:05:06Z"},"properties":{"provisioningState":"Deleting"}}'
    headers:
      Cache-Control:
      - no-cache
      Content-Type:
      - application/json; charset=utf-8
      Expires:
      - "-1"
      Pragma:
      - no-cache
      Strict-Transport-Security:
      - max-age=31536000; includeSubDomains
      Vary:
      - Accept-Encoding
      X-Content-Type-Options:
      - nosniff
    status: 200 OK
    code: 200
    duration: ""
- request:
    body: ""
    form: {}
    headers:
      Accept:
      - application/json
      Test-Request-Attempt:
      - "5"
    url: https://management.azure.com/subscriptions/00000000-0000-0000-0000-000000000000/resourceGroups/asotest-rg-pcirvs?api-version=2020-06-01
    method: GET
  response:
    body: '{"error":{"code":"ResourceGroupNotFound","message":"Resource group ''asotest-rg-pcirvs''
      could not be found."}}'
    headers:
      Cache-Control:
      - no-cache
      Content-Length:
      - "109"
      Content-Type:
      - application/json; charset=utf-8
      Expires:
      - "-1"
      Pragma:
      - no-cache
      Strict-Transport-Security:
      - max-age=31536000; includeSubDomains
      X-Content-Type-Options:
      - nosniff
      X-Ms-Failure-Cause:
      - gateway
    status: 404 Not Found
    code: 404
    duration: ""
