---
version: 1
interactions:
- request:
    body: '{"location":"westus2","name":"asotest-rg-ottrav","tags":{"CreatedAt":"2001-02-03T04:05:06Z"}}'
    form: {}
    headers:
      Accept:
      - application/json
      Content-Length:
      - "93"
      Content-Type:
      - application/json
      Test-Request-Attempt:
      - "0"
    url: https://management.azure.com/subscriptions/00000000-0000-0000-0000-000000000000/resourceGroups/asotest-rg-ottrav?api-version=2020-06-01
    method: PUT
  response:
    body: '{"id":"/subscriptions/00000000-0000-0000-0000-000000000000/resourceGroups/asotest-rg-ottrav","name":"asotest-rg-ottrav","type":"Microsoft.Resources/resourceGroups","location":"westus2","tags":{"CreatedAt":"2001-02-03T04:05:06Z"},"properties":{"provisioningState":"Succeeded"}}'
    headers:
      Cache-Control:
      - no-cache
      Content-Length:
      - "276"
      Content-Type:
      - application/json; charset=utf-8
      Expires:
      - "-1"
      Pragma:
      - no-cache
      Strict-Transport-Security:
      - max-age=31536000; includeSubDomains
      X-Content-Type-Options:
      - nosniff
    status: 201 Created
    code: 201
    duration: ""
- request:
    body: ""
    form: {}
    headers:
      Accept:
      - application/json
      Test-Request-Attempt:
      - "0"
    url: https://management.azure.com/subscriptions/00000000-0000-0000-0000-000000000000/resourceGroups/asotest-rg-ottrav?api-version=2020-06-01
    method: GET
  response:
    body: '{"id":"/subscriptions/00000000-0000-0000-0000-000000000000/resourceGroups/asotest-rg-ottrav","name":"asotest-rg-ottrav","type":"Microsoft.Resources/resourceGroups","location":"westus2","tags":{"CreatedAt":"2001-02-03T04:05:06Z"},"properties":{"provisioningState":"Succeeded"}}'
    headers:
      Cache-Control:
      - no-cache
      Content-Type:
      - application/json; charset=utf-8
      Expires:
      - "-1"
      Pragma:
      - no-cache
      Strict-Transport-Security:
      - max-age=31536000; includeSubDomains
      Vary:
      - Accept-Encoding
      X-Content-Type-Options:
      - nosniff
    status: 200 OK
    code: 200
    duration: ""
- request:
    body: '{"location":"westus2","name":"asotest-namespace-tsffrn","properties":{"zoneRedundant":false},"sku":{"name":"Basic"}}'
    form: {}
    headers:
      Accept:
      - application/json
      Content-Length:
      - "116"
      Content-Type:
      - application/json
      Test-Request-Attempt:
      - "0"
    url: https://management.azure.com/subscriptions/00000000-0000-0000-0000-000000000000/resourceGroups/asotest-rg-ottrav/providers/Microsoft.ServiceBus/namespaces/asotest-namespace-tsffrn?api-version=2022-10-01-preview
    method: PUT
  response:
    body: '{"sku":{"name":"Basic","tier":"Basic"},"id":"/subscriptions/00000000-0000-0000-0000-000000000000/resourceGroups/asotest-rg-ottrav/providers/Microsoft.ServiceBus/namespaces/asotest-namespace-tsffrn","name":"asotest-namespace-tsffrn","type":"Microsoft.ServiceBus/Namespaces","location":"West
      US 2","tags":{},"properties":{"premiumMessagingPartitions":0,"minimumTlsVersion":"1.2","publicNetworkAccess":"Enabled","disableLocalAuth":false,"zoneRedundant":false,"provisioningState":"Created","metricId":"00000000-0000-0000-0000-000000000000:asotest-namespace-tsffrn","createdAt":"2001-02-03T04:05:06Z","updatedAt":"2001-02-03T04:05:06Z","serviceBusEndpoint":"https://asotest-namespace-tsffrn.servicebus.windows.net:443/","status":"Activating"}}'
    headers:
      Cache-Control:
      - no-cache
      Content-Type:
      - application/json; charset=utf-8
      Expires:
      - "-1"
      Pragma:
      - no-cache
      Server:
      - Service-Bus-Resource-Provider/SN1
      - Microsoft-HTTPAPI/2.0
      Server-Sb:
      - Service-Bus-Resource-Provider/SN1
      Strict-Transport-Security:
      - max-age=31536000; includeSubDomains
      Vary:
      - Accept-Encoding
      X-Content-Type-Options:
      - nosniff
    status: 200 OK
    code: 200
    duration: ""
- request:
    body: ""
    form: {}
    headers:
      Test-Request-Attempt:
      - "0"
    url: https://management.azure.com/subscriptions/00000000-0000-0000-0000-000000000000/resourceGroups/asotest-rg-ottrav/providers/Microsoft.ServiceBus/namespaces/asotest-namespace-tsffrn?api-version=2022-10-01-preview
    method: GET
  response:
    body: '{"sku":{"name":"Basic","tier":"Basic"},"id":"/subscriptions/00000000-0000-0000-0000-000000000000/resourceGroups/asotest-rg-ottrav/providers/Microsoft.ServiceBus/namespaces/asotest-namespace-tsffrn","name":"asotest-namespace-tsffrn","type":"Microsoft.ServiceBus/Namespaces","location":"West
      US 2","tags":{},"properties":{"premiumMessagingPartitions":0,"minimumTlsVersion":"1.2","publicNetworkAccess":"Enabled","disableLocalAuth":false,"zoneRedundant":false,"provisioningState":"Created","metricId":"00000000-0000-0000-0000-000000000000:asotest-namespace-tsffrn","createdAt":"2001-02-03T04:05:06Z","updatedAt":"2001-02-03T04:05:06Z","serviceBusEndpoint":"https://asotest-namespace-tsffrn.servicebus.windows.net:443/","status":"Activating"}}'
    headers:
      Cache-Control:
      - no-cache
      Content-Type:
      - application/json; charset=utf-8
      Expires:
      - "-1"
      Pragma:
      - no-cache
      Server:
      - Service-Bus-Resource-Provider/SN1
      - Microsoft-HTTPAPI/2.0
      Server-Sb:
      - Service-Bus-Resource-Provider/SN1
      Strict-Transport-Security:
      - max-age=31536000; includeSubDomains
      Vary:
      - Accept-Encoding
      X-Content-Type-Options:
      - nosniff
    status: 200 OK
    code: 200
    duration: ""
- request:
    body: ""
    form: {}
    headers:
      Test-Request-Attempt:
      - "1"
    url: https://management.azure.com/subscriptions/00000000-0000-0000-0000-000000000000/resourceGroups/asotest-rg-ottrav/providers/Microsoft.ServiceBus/namespaces/asotest-namespace-tsffrn?api-version=2022-10-01-preview
    method: GET
  response:
    body: '{"sku":{"name":"Basic","tier":"Basic"},"id":"/subscriptions/00000000-0000-0000-0000-000000000000/resourceGroups/asotest-rg-ottrav/providers/Microsoft.ServiceBus/namespaces/asotest-namespace-tsffrn","name":"asotest-namespace-tsffrn","type":"Microsoft.ServiceBus/Namespaces","location":"West
      US 2","tags":{},"properties":{"premiumMessagingPartitions":0,"minimumTlsVersion":"1.2","publicNetworkAccess":"Enabled","disableLocalAuth":false,"zoneRedundant":false,"provisioningState":"Created","metricId":"00000000-0000-0000-0000-000000000000:asotest-namespace-tsffrn","createdAt":"2001-02-03T04:05:06Z","updatedAt":"2001-02-03T04:05:06Z","serviceBusEndpoint":"https://asotest-namespace-tsffrn.servicebus.windows.net:443/","status":"Activating"}}'
    headers:
      Cache-Control:
      - no-cache
      Content-Type:
      - application/json; charset=utf-8
      Expires:
      - "-1"
      Pragma:
      - no-cache
      Server:
      - Service-Bus-Resource-Provider/SN1
      - Microsoft-HTTPAPI/2.0
      Server-Sb:
      - Service-Bus-Resource-Provider/SN1
      Strict-Transport-Security:
      - max-age=31536000; includeSubDomains
      Vary:
      - Accept-Encoding
      X-Content-Type-Options:
      - nosniff
    status: 200 OK
    code: 200
    duration: ""
- request:
    body: ""
    form: {}
    headers:
      Test-Request-Attempt:
      - "2"
    url: https://management.azure.com/subscriptions/00000000-0000-0000-0000-000000000000/resourceGroups/asotest-rg-ottrav/providers/Microsoft.ServiceBus/namespaces/asotest-namespace-tsffrn?api-version=2022-10-01-preview
    method: GET
  response:
    body: '{"sku":{"name":"Basic","tier":"Basic"},"id":"/subscriptions/00000000-0000-0000-0000-000000000000/resourceGroups/asotest-rg-ottrav/providers/Microsoft.ServiceBus/namespaces/asotest-namespace-tsffrn","name":"asotest-namespace-tsffrn","type":"Microsoft.ServiceBus/Namespaces","location":"West
      US 2","tags":{},"properties":{"premiumMessagingPartitions":0,"minimumTlsVersion":"1.2","publicNetworkAccess":"Enabled","disableLocalAuth":false,"zoneRedundant":false,"provisioningState":"Created","metricId":"00000000-0000-0000-0000-000000000000:asotest-namespace-tsffrn","createdAt":"2001-02-03T04:05:06Z","updatedAt":"2001-02-03T04:05:06Z","serviceBusEndpoint":"https://asotest-namespace-tsffrn.servicebus.windows.net:443/","status":"Activating"}}'
    headers:
      Cache-Control:
      - no-cache
      Content-Type:
      - application/json; charset=utf-8
      Expires:
      - "-1"
      Pragma:
      - no-cache
      Server:
      - Service-Bus-Resource-Provider/SN1
      - Microsoft-HTTPAPI/2.0
      Server-Sb:
      - Service-Bus-Resource-Provider/SN1
      Strict-Transport-Security:
      - max-age=31536000; includeSubDomains
      Vary:
      - Accept-Encoding
      X-Content-Type-Options:
      - nosniff
    status: 200 OK
    code: 200
    duration: ""
- request:
    body: ""
    form: {}
    headers:
      Test-Request-Attempt:
      - "3"
    url: https://management.azure.com/subscriptions/00000000-0000-0000-0000-000000000000/resourceGroups/asotest-rg-ottrav/providers/Microsoft.ServiceBus/namespaces/asotest-namespace-tsffrn?api-version=2022-10-01-preview
    method: GET
  response:
    body: '{"sku":{"name":"Basic","tier":"Basic"},"id":"/subscriptions/00000000-0000-0000-0000-000000000000/resourceGroups/asotest-rg-ottrav/providers/Microsoft.ServiceBus/namespaces/asotest-namespace-tsffrn","name":"asotest-namespace-tsffrn","type":"Microsoft.ServiceBus/Namespaces","location":"West
      US 2","tags":{},"properties":{"premiumMessagingPartitions":0,"minimumTlsVersion":"1.2","publicNetworkAccess":"Enabled","disableLocalAuth":false,"zoneRedundant":false,"provisioningState":"Created","metricId":"00000000-0000-0000-0000-000000000000:asotest-namespace-tsffrn","createdAt":"2001-02-03T04:05:06Z","updatedAt":"2001-02-03T04:05:06Z","serviceBusEndpoint":"https://asotest-namespace-tsffrn.servicebus.windows.net:443/","status":"Activating"}}'
    headers:
      Cache-Control:
      - no-cache
      Content-Type:
      - application/json; charset=utf-8
      Expires:
      - "-1"
      Pragma:
      - no-cache
      Server:
      - Service-Bus-Resource-Provider/SN1
      - Microsoft-HTTPAPI/2.0
      Server-Sb:
      - Service-Bus-Resource-Provider/SN1
      Strict-Transport-Security:
      - max-age=31536000; includeSubDomains
      Vary:
      - Accept-Encoding
      X-Content-Type-Options:
      - nosniff
    status: 200 OK
    code: 200
    duration: ""
- request:
    body: ""
    form: {}
    headers:
      Test-Request-Attempt:
      - "4"
    url: https://management.azure.com/subscriptions/00000000-0000-0000-0000-000000000000/resourceGroups/asotest-rg-ottrav/providers/Microsoft.ServiceBus/namespaces/asotest-namespace-tsffrn?api-version=2022-10-01-preview
    method: GET
  response:
    body: '{"sku":{"name":"Basic","tier":"Basic"},"id":"/subscriptions/00000000-0000-0000-0000-000000000000/resourceGroups/asotest-rg-ottrav/providers/Microsoft.ServiceBus/namespaces/asotest-namespace-tsffrn","name":"asotest-namespace-tsffrn","type":"Microsoft.ServiceBus/Namespaces","location":"West
      US 2","tags":{},"properties":{"premiumMessagingPartitions":0,"minimumTlsVersion":"1.2","publicNetworkAccess":"Enabled","disableLocalAuth":false,"zoneRedundant":false,"provisioningState":"Created","metricId":"00000000-0000-0000-0000-000000000000:asotest-namespace-tsffrn","createdAt":"2001-02-03T04:05:06Z","updatedAt":"2001-02-03T04:05:06Z","serviceBusEndpoint":"https://asotest-namespace-tsffrn.servicebus.windows.net:443/","status":"Activating"}}'
    headers:
      Cache-Control:
      - no-cache
      Content-Type:
      - application/json; charset=utf-8
      Expires:
      - "-1"
      Pragma:
      - no-cache
      Server:
      - Service-Bus-Resource-Provider/SN1
      - Microsoft-HTTPAPI/2.0
      Server-Sb:
      - Service-Bus-Resource-Provider/SN1
      Strict-Transport-Security:
      - max-age=31536000; includeSubDomains
      Vary:
      - Accept-Encoding
      X-Content-Type-Options:
      - nosniff
    status: 200 OK
    code: 200
    duration: ""
- request:
    body: ""
    form: {}
    headers:
      Test-Request-Attempt:
      - "5"
    url: https://management.azure.com/subscriptions/00000000-0000-0000-0000-000000000000/resourceGroups/asotest-rg-ottrav/providers/Microsoft.ServiceBus/namespaces/asotest-namespace-tsffrn?api-version=2022-10-01-preview
    method: GET
  response:
    body: '{"sku":{"name":"Basic","tier":"Basic"},"id":"/subscriptions/00000000-0000-0000-0000-000000000000/resourceGroups/asotest-rg-ottrav/providers/Microsoft.ServiceBus/namespaces/asotest-namespace-tsffrn","name":"asotest-namespace-tsffrn","type":"Microsoft.ServiceBus/Namespaces","location":"West
      US 2","tags":{},"properties":{"premiumMessagingPartitions":0,"minimumTlsVersion":"1.2","publicNetworkAccess":"Enabled","disableLocalAuth":false,"zoneRedundant":false,"provisioningState":"Succeeded","metricId":"00000000-0000-0000-0000-000000000000:asotest-namespace-tsffrn","createdAt":"2001-02-03T04:05:06Z","updatedAt":"2001-02-03T04:05:06Z","serviceBusEndpoint":"https://asotest-namespace-tsffrn.servicebus.windows.net:443/","status":"Active"}}'
    headers:
      Cache-Control:
      - no-cache
      Content-Type:
      - application/json; charset=utf-8
      Expires:
      - "-1"
      Pragma:
      - no-cache
      Server:
      - Service-Bus-Resource-Provider/SN1
      - Microsoft-HTTPAPI/2.0
      Server-Sb:
      - Service-Bus-Resource-Provider/SN1
      Strict-Transport-Security:
      - max-age=31536000; includeSubDomains
      Vary:
      - Accept-Encoding
      X-Content-Type-Options:
      - nosniff
    status: 200 OK
    code: 200
    duration: ""
- request:
    body: ""
    form: {}
    headers:
      Accept:
      - application/json
      Test-Request-Attempt:
      - "6"
    url: https://management.azure.com/subscriptions/00000000-0000-0000-0000-000000000000/resourceGroups/asotest-rg-ottrav/providers/Microsoft.ServiceBus/namespaces/asotest-namespace-tsffrn?api-version=2022-10-01-preview
    method: GET
  response:
    body: '{"sku":{"name":"Basic","tier":"Basic"},"id":"/subscriptions/00000000-0000-0000-0000-000000000000/resourceGroups/asotest-rg-ottrav/providers/Microsoft.ServiceBus/namespaces/asotest-namespace-tsffrn","name":"asotest-namespace-tsffrn","type":"Microsoft.ServiceBus/Namespaces","location":"West
      US 2","tags":{},"properties":{"premiumMessagingPartitions":0,"minimumTlsVersion":"1.2","publicNetworkAccess":"Enabled","disableLocalAuth":false,"zoneRedundant":false,"provisioningState":"Succeeded","metricId":"00000000-0000-0000-0000-000000000000:asotest-namespace-tsffrn","createdAt":"2001-02-03T04:05:06Z","updatedAt":"2001-02-03T04:05:06Z","serviceBusEndpoint":"https://asotest-namespace-tsffrn.servicebus.windows.net:443/","status":"Active"}}'
    headers:
      Cache-Control:
      - no-cache
      Content-Type:
      - application/json; charset=utf-8
      Expires:
      - "-1"
      Pragma:
      - no-cache
      Server:
      - Service-Bus-Resource-Provider/SN1
      - Microsoft-HTTPAPI/2.0
      Server-Sb:
      - Service-Bus-Resource-Provider/SN1
      Strict-Transport-Security:
      - max-age=31536000; includeSubDomains
      Vary:
      - Accept-Encoding
      X-Content-Type-Options:
      - nosniff
    status: 200 OK
    code: 200
    duration: ""
- request:
    body: '{"name":"asotest-queue-btuete"}'
    form: {}
    headers:
      Accept:
      - application/json
      Content-Length:
      - "31"
      Content-Type:
      - application/json
      Test-Request-Attempt:
      - "0"
    url: https://management.azure.com/subscriptions/00000000-0000-0000-0000-000000000000/resourceGroups/asotest-rg-ottrav/providers/Microsoft.ServiceBus/namespaces/asotest-namespace-tsffrn/queues/asotest-queue-btuete?api-version=2022-10-01-preview
    method: PUT
  response:
    body: '{"id":"/subscriptions/00000000-0000-0000-0000-000000000000/resourceGroups/asotest-rg-ottrav/providers/Microsoft.ServiceBus/namespaces/asotest-namespace-tsffrn/queues/asotest-queue-btuete","name":"asotest-queue-btuete","type":"Microsoft.ServiceBus/namespaces/queues","location":"westus2","properties":{"maxMessageSizeInKilobytes":256,"lockDuration":"PT1M","maxSizeInMegabytes":1024,"requiresDuplicateDetection":false,"requiresSession":false,"defaultMessageTimeToLive":"P14D","deadLetteringOnMessageExpiration":false,"enableBatchedOperations":true,"duplicateDetectionHistoryTimeWindow":"PT10M","maxDeliveryCount":10,"sizeInBytes":0,"messageCount":0,"status":"Active","autoDeleteOnIdle":"P10675199DT2H48M5.4775807S","enablePartitioning":false,"enableExpress":false,"countDetails":{"activeMessageCount":0,"deadLetterMessageCount":0,"scheduledMessageCount":0,"transferMessageCount":0,"transferDeadLetterMessageCount":0},"createdAt":"2001-02-03T04:05:06Z","updatedAt":"2001-02-03T04:05:06Z","accessedAt":"0001-01-01T00:00:00"}}'
    headers:
      Cache-Control:
      - no-cache
      Content-Type:
      - application/json; charset=utf-8
      Expires:
      - "-1"
      Pragma:
      - no-cache
      Server:
      - Microsoft-HTTPAPI/2.0
      Strict-Transport-Security:
      - max-age=31536000; includeSubDomains
      Vary:
      - Accept-Encoding
      X-Content-Type-Options:
      - nosniff
    status: 200 OK
    code: 200
    duration: ""
- request:
    body: ""
    form: {}
    headers:
      Accept:
      - application/json
      Test-Request-Attempt:
      - "0"
    url: https://management.azure.com/subscriptions/00000000-0000-0000-0000-000000000000/resourceGroups/asotest-rg-ottrav/providers/Microsoft.ServiceBus/namespaces/asotest-namespace-tsffrn/queues/asotest-queue-btuete?api-version=2022-10-01-preview
    method: GET
  response:
    body: '{"id":"/subscriptions/00000000-0000-0000-0000-000000000000/resourceGroups/asotest-rg-ottrav/providers/Microsoft.ServiceBus/namespaces/asotest-namespace-tsffrn/queues/asotest-queue-btuete","name":"asotest-queue-btuete","type":"Microsoft.ServiceBus/namespaces/queues","location":"westus2","properties":{"maxMessageSizeInKilobytes":256,"lockDuration":"PT1M","maxSizeInMegabytes":1024,"requiresDuplicateDetection":false,"requiresSession":false,"defaultMessageTimeToLive":"P14D","deadLetteringOnMessageExpiration":false,"enableBatchedOperations":true,"duplicateDetectionHistoryTimeWindow":"PT10M","maxDeliveryCount":10,"sizeInBytes":0,"messageCount":0,"status":"Active","autoDeleteOnIdle":"P10675199DT2H48M5.4775807S","enablePartitioning":false,"enableExpress":false,"countDetails":{"activeMessageCount":0,"deadLetterMessageCount":0,"scheduledMessageCount":0,"transferMessageCount":0,"transferDeadLetterMessageCount":0},"createdAt":"2001-02-03T04:05:06Z","updatedAt":"2001-02-03T04:05:06Z","accessedAt":"2001-02-03T04:05:06Z"}}'
    headers:
      Cache-Control:
      - no-cache
      Content-Type:
      - application/json; charset=utf-8
      Expires:
      - "-1"
      Pragma:
      - no-cache
      Server:
      - Microsoft-HTTPAPI/2.0
      Strict-Transport-Security:
      - max-age=31536000; includeSubDomains
      Vary:
      - Accept-Encoding
      X-Content-Type-Options:
      - nosniff
    status: 200 OK
    code: 200
    duration: ""
- request:
    body: ""
    form: {}
    headers:
      Accept:
      - application/json
      Test-Request-Attempt:
      - "0"
    url: https://management.azure.com/subscriptions/00000000-0000-0000-0000-000000000000/resourceGroups/asotest-rg-ottrav/providers/Microsoft.ServiceBus/namespaces/asotest-namespace-tsffrn/queues/asotest-queue-btuete?api-version=2022-10-01-preview
    method: DELETE
  response:
    body: ""
    headers:
      Cache-Control:
      - no-cache
      Content-Length:
      - "0"
      Expires:
      - "-1"
      Pragma:
      - no-cache
      Server:
      - Microsoft-HTTPAPI/2.0
      Strict-Transport-Security:
      - max-age=31536000; includeSubDomains
      X-Content-Type-Options:
      - nosniff
    status: 200 OK
    code: 200
    duration: ""
- request:
    body: '{"location":"westus2","name":"asotest-namespace-tsffrn","properties":{"zoneRedundant":false},"sku":{"name":"Basic"}}'
    form: {}
    headers:
      Accept:
      - application/json
      Content-Length:
      - "116"
      Content-Type:
      - application/json
      Test-Request-Attempt:
      - "1"
    url: https://management.azure.com/subscriptions/00000000-0000-0000-0000-000000000000/resourceGroups/asotest-rg-ottrav/providers/Microsoft.ServiceBus/namespaces/asotest-namespace-tsffrn?api-version=2022-10-01-preview
    method: PUT
  response:
    body: '{"sku":{"name":"Basic","tier":"Basic"},"id":"/subscriptions/00000000-0000-0000-0000-000000000000/resourceGroups/asotest-rg-ottrav/providers/Microsoft.ServiceBus/namespaces/asotest-namespace-tsffrn","name":"asotest-namespace-tsffrn","type":"Microsoft.ServiceBus/Namespaces","location":"West
      US 2","tags":{},"properties":{"premiumMessagingPartitions":0,"minimumTlsVersion":"1.2","publicNetworkAccess":"Enabled","disableLocalAuth":false,"zoneRedundant":false,"provisioningState":"Updating","metricId":"00000000-0000-0000-0000-000000000000:asotest-namespace-tsffrn","createdAt":"2001-02-03T04:05:06Z","updatedAt":"2001-02-03T04:05:06Z","serviceBusEndpoint":"https://asotest-namespace-tsffrn.servicebus.windows.net:443/","status":"Activating"}}'
    headers:
      Cache-Control:
      - no-cache
      Content-Type:
      - application/json; charset=utf-8
      Expires:
      - "-1"
      Pragma:
      - no-cache
      Server:
      - Service-Bus-Resource-Provider/SN1
      - Microsoft-HTTPAPI/2.0
      Server-Sb:
      - Service-Bus-Resource-Provider/SN1
      Strict-Transport-Security:
      - max-age=31536000; includeSubDomains
      Vary:
      - Accept-Encoding
      X-Content-Type-Options:
      - nosniff
    status: 200 OK
    code: 200
    duration: ""
- request:
    body: ""
    form: {}
    headers:
      Test-Request-Attempt:
      - "7"
    url: https://management.azure.com/subscriptions/00000000-0000-0000-0000-000000000000/resourceGroups/asotest-rg-ottrav/providers/Microsoft.ServiceBus/namespaces/asotest-namespace-tsffrn?api-version=2022-10-01-preview
    method: GET
  response:
    body: '{"sku":{"name":"Basic","tier":"Basic"},"id":"/subscriptions/00000000-0000-0000-0000-000000000000/resourceGroups/asotest-rg-ottrav/providers/Microsoft.ServiceBus/namespaces/asotest-namespace-tsffrn","name":"asotest-namespace-tsffrn","type":"Microsoft.ServiceBus/Namespaces","location":"West
      US 2","tags":{},"properties":{"premiumMessagingPartitions":0,"minimumTlsVersion":"1.2","publicNetworkAccess":"Enabled","disableLocalAuth":false,"zoneRedundant":false,"provisioningState":"Updating","metricId":"00000000-0000-0000-0000-000000000000:asotest-namespace-tsffrn","createdAt":"2001-02-03T04:05:06Z","updatedAt":"2001-02-03T04:05:06Z","serviceBusEndpoint":"https://asotest-namespace-tsffrn.servicebus.windows.net:443/","status":"Activating"}}'
    headers:
      Cache-Control:
      - no-cache
      Content-Type:
      - application/json; charset=utf-8
      Expires:
      - "-1"
      Pragma:
      - no-cache
      Server:
      - Service-Bus-Resource-Provider/SN1
      - Microsoft-HTTPAPI/2.0
      Server-Sb:
      - Service-Bus-Resource-Provider/SN1
      Strict-Transport-Security:
      - max-age=31536000; includeSubDomains
      Vary:
      - Accept-Encoding
      X-Content-Type-Options:
      - nosniff
    status: 200 OK
    code: 200
    duration: ""
- request:
    body: ""
    form: {}
    headers:
      Test-Request-Attempt:
      - "8"
    url: https://management.azure.com/subscriptions/00000000-0000-0000-0000-000000000000/resourceGroups/asotest-rg-ottrav/providers/Microsoft.ServiceBus/namespaces/asotest-namespace-tsffrn?api-version=2022-10-01-preview
    method: GET
  response:
    body: '{"sku":{"name":"Basic","tier":"Basic"},"id":"/subscriptions/00000000-0000-0000-0000-000000000000/resourceGroups/asotest-rg-ottrav/providers/Microsoft.ServiceBus/namespaces/asotest-namespace-tsffrn","name":"asotest-namespace-tsffrn","type":"Microsoft.ServiceBus/Namespaces","location":"West
      US 2","tags":{},"properties":{"premiumMessagingPartitions":0,"minimumTlsVersion":"1.2","publicNetworkAccess":"Enabled","disableLocalAuth":false,"zoneRedundant":false,"provisioningState":"Succeeded","metricId":"00000000-0000-0000-0000-000000000000:asotest-namespace-tsffrn","createdAt":"2001-02-03T04:05:06Z","updatedAt":"2001-02-03T04:05:06Z","serviceBusEndpoint":"https://asotest-namespace-tsffrn.servicebus.windows.net:443/","status":"Active"}}'
    headers:
      Cache-Control:
      - no-cache
      Content-Type:
      - application/json; charset=utf-8
      Expires:
      - "-1"
      Pragma:
      - no-cache
      Server:
      - Service-Bus-Resource-Provider/SN1
      - Microsoft-HTTPAPI/2.0
      Server-Sb:
      - Service-Bus-Resource-Provider/SN1
      Strict-Transport-Security:
      - max-age=31536000; includeSubDomains
      Vary:
      - Accept-Encoding
      X-Content-Type-Options:
      - nosniff
    status: 200 OK
    code: 200
    duration: ""
- request:
    body: ""
    form: {}
    headers:
      Accept:
      - application/json
      Test-Request-Attempt:
      - "9"
    url: https://management.azure.com/subscriptions/00000000-0000-0000-0000-000000000000/resourceGroups/asotest-rg-ottrav/providers/Microsoft.ServiceBus/namespaces/asotest-namespace-tsffrn?api-version=2022-10-01-preview
    method: GET
  response:
    body: '{"sku":{"name":"Basic","tier":"Basic"},"id":"/subscriptions/00000000-0000-0000-0000-000000000000/resourceGroups/asotest-rg-ottrav/providers/Microsoft.ServiceBus/namespaces/asotest-namespace-tsffrn","name":"asotest-namespace-tsffrn","type":"Microsoft.ServiceBus/Namespaces","location":"West
      US 2","tags":{},"properties":{"premiumMessagingPartitions":0,"minimumTlsVersion":"1.2","publicNetworkAccess":"Enabled","disableLocalAuth":false,"zoneRedundant":false,"provisioningState":"Succeeded","metricId":"00000000-0000-0000-0000-000000000000:asotest-namespace-tsffrn","createdAt":"2001-02-03T04:05:06Z","updatedAt":"2001-02-03T04:05:06Z","serviceBusEndpoint":"https://asotest-namespace-tsffrn.servicebus.windows.net:443/","status":"Active"}}'
    headers:
      Cache-Control:
      - no-cache
      Content-Type:
      - application/json; charset=utf-8
      Expires:
      - "-1"
      Pragma:
      - no-cache
      Server:
      - Service-Bus-Resource-Provider/SN1
      - Microsoft-HTTPAPI/2.0
      Server-Sb:
      - Service-Bus-Resource-Provider/SN1
      Strict-Transport-Security:
      - max-age=31536000; includeSubDomains
      Vary:
      - Accept-Encoding
      X-Content-Type-Options:
      - nosniff
    status: 200 OK
    code: 200
    duration: ""
- request:
    body: ""
    form: {}
    headers:
      Accept:
      - application/json
      Test-Request-Attempt:
      - "0"
    url: https://management.azure.com/subscriptions/00000000-0000-0000-0000-000000000000/resourceGroups/asotest-rg-ottrav/providers/Microsoft.ServiceBus/namespaces/asotest-namespace-tsffrn/AuthorizationRules/RootManageSharedAccessKey/listKeys?api-version=2021-11-01
    method: POST
  response:
    body: '{"primaryConnectionString":"Endpoint=sb://asotest-namespace-tsffrn.servicebus.windows.net/;SharedAccessKeyName=RootManageSharedAccessKey;SharedAccessKey={KEY}","secondaryConnectionString":"Endpoint=sb://asotest-namespace-tsffrn.servicebus.windows.net/;SharedAccessKeyName=RootManageSharedAccessKey;SharedAccessKey={KEY}","primaryKey":"{KEY}","secondaryKey":"{KEY}","keyName":"RootManageSharedAccessKey"}'
    headers:
      Cache-Control:
      - no-cache
      Content-Type:
      - application/json; charset=utf-8
      Expires:
      - "-1"
      Pragma:
      - no-cache
      Server:
      - Microsoft-HTTPAPI/2.0
      Strict-Transport-Security:
      - max-age=31536000; includeSubDomains
      Vary:
      - Accept-Encoding
      X-Content-Type-Options:
      - nosniff
    status: 200 OK
    code: 200
    duration: ""
- request:
    body: ""
    form: {}
    headers:
      Accept:
      - application/json
      Test-Request-Attempt:
      - "0"
    url: https://management.azure.com/subscriptions/00000000-0000-0000-0000-000000000000/resourceGroups/asotest-rg-ottrav/providers/Microsoft.ServiceBus/namespaces/asotest-namespace-tsffrn?api-version=2022-10-01-preview
    method: DELETE
  response:
    body: ""
    headers:
      Cache-Control:
      - no-cache
      Content-Length:
      - "0"
      Expires:
      - "-1"
      Location:
      - https://management.azure.com/subscriptions/00000000-0000-0000-0000-000000000000/resourcegroups/asotest-rg-ottrav/providers/Microsoft.ServiceBus/locations/westus2/operationStatus/asotest-namespace-tsffrn?api-version=2022-10-01-preview&resourceType=Namespace
      Pragma:
      - no-cache
      Server:
      - Service-Bus-Resource-Provider/SN1
      - Microsoft-HTTPAPI/2.0
      Server-Sb:
      - Service-Bus-Resource-Provider/SN1
      Strict-Transport-Security:
      - max-age=31536000; includeSubDomains
      X-Content-Type-Options:
      - nosniff
    status: 202 Accepted
    code: 202
    duration: ""
- request:
    body: ""
    form: {}
    headers:
      Test-Request-Attempt:
      - "0"
    url: https://management.azure.com/subscriptions/00000000-0000-0000-0000-000000000000/resourcegroups/asotest-rg-ottrav/providers/Microsoft.ServiceBus/locations/westus2/operationStatus/asotest-namespace-tsffrn?api-version=2022-10-01-preview&resourceType=Namespace
    method: GET
  response:
    body: ""
    headers:
      Cache-Control:
      - no-cache
      Content-Length:
      - "0"
      Expires:
      - "-1"
      Location:
      - https://management.azure.com/subscriptions/00000000-0000-0000-0000-000000000000/resourcegroups/asotest-rg-ottrav/providers/Microsoft.ServiceBus/locations/westus2/operationStatus/asotest-namespace-tsffrn?api-version=2022-10-01-preview&resourceType=Namespace
      Pragma:
      - no-cache
      Server:
      - Service-Bus-Resource-Provider/SN1
      - Microsoft-HTTPAPI/2.0
      Server-Sb:
      - Service-Bus-Resource-Provider/SN1
      Strict-Transport-Security:
      - max-age=31536000; includeSubDomains
      X-Content-Type-Options:
      - nosniff
    status: 202 Accepted
    code: 202
    duration: ""
- request:
    body: ""
    form: {}
    headers:
      Test-Request-Attempt:
      - "1"
    url: https://management.azure.com/subscriptions/00000000-0000-0000-0000-000000000000/resourcegroups/asotest-rg-ottrav/providers/Microsoft.ServiceBus/locations/westus2/operationStatus/asotest-namespace-tsffrn?api-version=2022-10-01-preview&resourceType=Namespace
    method: GET
  response:
    body: ""
    headers:
      Cache-Control:
      - no-cache
      Content-Length:
      - "0"
      Expires:
      - "-1"
      Location:
      - https://management.azure.com/subscriptions/00000000-0000-0000-0000-000000000000/resourcegroups/asotest-rg-ottrav/providers/Microsoft.ServiceBus/locations/westus2/operationStatus/asotest-namespace-tsffrn?api-version=2022-10-01-preview&resourceType=Namespace
      Pragma:
      - no-cache
      Server:
      - Service-Bus-Resource-Provider/SN1
      - Microsoft-HTTPAPI/2.0
      Server-Sb:
      - Service-Bus-Resource-Provider/SN1
      Strict-Transport-Security:
      - max-age=31536000; includeSubDomains
      X-Content-Type-Options:
      - nosniff
    status: 202 Accepted
    code: 202
    duration: ""
- request:
    body: ""
    form: {}
    headers:
      Test-Request-Attempt:
      - "2"
    url: https://management.azure.com/subscriptions/00000000-0000-0000-0000-000000000000/resourcegroups/asotest-rg-ottrav/providers/Microsoft.ServiceBus/locations/westus2/operationStatus/asotest-namespace-tsffrn?api-version=2022-10-01-preview&resourceType=Namespace
    method: GET
  response:
    body: ""
    headers:
      Cache-Control:
      - no-cache
      Content-Length:
      - "0"
      Expires:
      - "-1"
      Location:
      - https://management.azure.com/subscriptions/00000000-0000-0000-0000-000000000000/resourcegroups/asotest-rg-ottrav/providers/Microsoft.ServiceBus/locations/westus2/operationStatus/asotest-namespace-tsffrn?api-version=2022-10-01-preview&resourceType=Namespace
      Pragma:
      - no-cache
      Server:
      - Service-Bus-Resource-Provider/SN1
      - Microsoft-HTTPAPI/2.0
      Server-Sb:
      - Service-Bus-Resource-Provider/SN1
      Strict-Transport-Security:
      - max-age=31536000; includeSubDomains
      X-Content-Type-Options:
      - nosniff
    status: 202 Accepted
    code: 202
    duration: ""
- request:
    body: ""
    form: {}
    headers:
      Test-Request-Attempt:
      - "3"
    url: https://management.azure.com/subscriptions/00000000-0000-0000-0000-000000000000/resourcegroups/asotest-rg-ottrav/providers/Microsoft.ServiceBus/locations/westus2/operationStatus/asotest-namespace-tsffrn?api-version=2022-10-01-preview&resourceType=Namespace
    method: GET
  response:
    body: ""
    headers:
      Cache-Control:
      - no-cache
      Content-Length:
      - "0"
      Expires:
      - "-1"
      Location:
      - https://management.azure.com/subscriptions/00000000-0000-0000-0000-000000000000/resourcegroups/asotest-rg-ottrav/providers/Microsoft.ServiceBus/locations/westus2/operationStatus/asotest-namespace-tsffrn?api-version=2022-10-01-preview&resourceType=Namespace
      Pragma:
      - no-cache
      Server:
      - Service-Bus-Resource-Provider/SN1
      - Microsoft-HTTPAPI/2.0
      Server-Sb:
      - Service-Bus-Resource-Provider/SN1
      Strict-Transport-Security:
      - max-age=31536000; includeSubDomains
      X-Content-Type-Options:
      - nosniff
    status: 202 Accepted
    code: 202
    duration: ""
- request:
    body: ""
    form: {}
    headers:
      Test-Request-Attempt:
      - "4"
    url: https://management.azure.com/subscriptions/00000000-0000-0000-0000-000000000000/resourcegroups/asotest-rg-ottrav/providers/Microsoft.ServiceBus/locations/westus2/operationStatus/asotest-namespace-tsffrn?api-version=2022-10-01-preview&resourceType=Namespace
    method: GET
  response:
    body: ""
    headers:
      Cache-Control:
      - no-cache
      Expires:
      - "-1"
      Pragma:
      - no-cache
      Server:
      - Service-Bus-Resource-Provider/SN1
      - Microsoft-HTTPAPI/2.0
      Server-Sb:
      - Service-Bus-Resource-Provider/SN1
      Strict-Transport-Security:
      - max-age=31536000; includeSubDomains
      X-Content-Type-Options:
      - nosniff
    status: 204 No Content
    code: 204
    duration: ""
- request:
    body: ""
    form: {}
    headers:
      Accept:
      - application/json
      Test-Request-Attempt:
      - "10"
    url: https://management.azure.com/subscriptions/00000000-0000-0000-0000-000000000000/resourceGroups/asotest-rg-ottrav/providers/Microsoft.ServiceBus/namespaces/asotest-namespace-tsffrn?api-version=2022-10-01-preview
    method: GET
  response:
    body: '{"error":{"code":"ResourceNotFound","message":"The Resource ''Microsoft.ServiceBus/namespaces/asotest-namespace-tsffrn''
      under resource group ''asotest-rg-ottrav'' was not found. For more details please
      go to https://aka.ms/ARMResourceNotFoundFix"}}'
    headers:
      Cache-Control:
      - no-cache
      Content-Length:
      - "245"
      Content-Type:
      - application/json; charset=utf-8
      Expires:
      - "-1"
      Pragma:
      - no-cache
      Strict-Transport-Security:
      - max-age=31536000; includeSubDomains
      X-Content-Type-Options:
      - nosniff
      X-Ms-Failure-Cause:
      - gateway
    status: 404 Not Found
    code: 404
    duration: ""
- request:
    body: ""
    form: {}
    headers:
      Accept:
      - application/json
      Test-Request-Attempt:
      - "0"
    url: https://management.azure.com/subscriptions/00000000-0000-0000-0000-000000000000/resourceGroups/asotest-rg-ottrav?api-version=2020-06-01
    method: DELETE
  response:
    body: ""
    headers:
      Cache-Control:
      - no-cache
      Content-Length:
      - "0"
      Expires:
      - "-1"
      Location:
      - https://management.azure.com/subscriptions/00000000-0000-0000-0000-000000000000/operationresults/eyJqb2JJZCI6IlJFU09VUkNFR1JPVVBERUxFVElPTkpPQi1BU09URVNUOjJEUkc6MkRPVFRSQVYtV0VTVFVTMiIsImpvYkxvY2F0aW9uIjoid2VzdHVzMiJ9?api-version=2020-06-01
      Pragma:
      - no-cache
      Retry-After:
      - "15"
      Strict-Transport-Security:
      - max-age=31536000; includeSubDomains
      X-Content-Type-Options:
      - nosniff
    status: 202 Accepted
    code: 202
    duration: ""
- request:
    body: ""
    form: {}
    headers:
      Test-Request-Attempt:
      - "0"
    url: https://management.azure.com/subscriptions/00000000-0000-0000-0000-000000000000/operationresults/eyJqb2JJZCI6IlJFU09VUkNFR1JPVVBERUxFVElPTkpPQi1BU09URVNUOjJEUkc6MkRPVFRSQVYtV0VTVFVTMiIsImpvYkxvY2F0aW9uIjoid2VzdHVzMiJ9?api-version=2020-06-01
    method: GET
  response:
    body: ""
    headers:
      Cache-Control:
      - no-cache
      Content-Length:
      - "0"
      Expires:
      - "-1"
      Pragma:
      - no-cache
      Strict-Transport-Security:
      - max-age=31536000; includeSubDomains
      X-Content-Type-Options:
      - nosniff
    status: 200 OK
    code: 200
    duration: ""
