---
version: 1
interactions:
- request:
    body: '{"name":"asotest-rg-agwubx","location":"westus2","tags":{"CreatedAt":"2001-02-03T04:05:06Z"}}'
    form: {}
    headers:
      Accept:
      - application/json
      Content-Length:
      - "93"
      Content-Type:
      - application/json
      Test-Request-Attempt:
      - "0"
    url: https://management.azure.com/subscriptions/00000000-0000-0000-0000-000000000000/resourceGroups/asotest-rg-agwubx?api-version=2020-06-01
    method: PUT
  response:
    body: '{"id":"/subscriptions/00000000-0000-0000-0000-000000000000/resourceGroups/asotest-rg-agwubx","name":"asotest-rg-agwubx","type":"Microsoft.Resources/resourceGroups","location":"westus2","tags":{"CreatedAt":"2001-02-03T04:05:06Z"},"properties":{"provisioningState":"Succeeded"}}'
    headers:
      Cache-Control:
      - no-cache
      Content-Length:
      - "276"
      Content-Type:
      - application/json; charset=utf-8
      Expires:
      - "-1"
      Pragma:
      - no-cache
      Strict-Transport-Security:
      - max-age=31536000; includeSubDomains
      X-Content-Type-Options:
      - nosniff
    status: 201 Created
    code: 201
    duration: ""
- request:
    body: ""
    form: {}
    headers:
      Accept:
      - application/json
      Test-Request-Attempt:
      - "0"
    url: https://management.azure.com/subscriptions/00000000-0000-0000-0000-000000000000/resourceGroups/asotest-rg-agwubx?api-version=2020-06-01
    method: GET
  response:
    body: '{"id":"/subscriptions/00000000-0000-0000-0000-000000000000/resourceGroups/asotest-rg-agwubx","name":"asotest-rg-agwubx","type":"Microsoft.Resources/resourceGroups","location":"westus2","tags":{"CreatedAt":"2001-02-03T04:05:06Z"},"properties":{"provisioningState":"Succeeded"}}'
    headers:
      Cache-Control:
      - no-cache
      Content-Type:
      - application/json; charset=utf-8
      Expires:
      - "-1"
      Pragma:
      - no-cache
      Strict-Transport-Security:
      - max-age=31536000; includeSubDomains
      Vary:
      - Accept-Encoding
      X-Content-Type-Options:
      - nosniff
    status: 200 OK
    code: 200
    duration: ""
- request:
    body: '{"location":"westus2","name":"asotest-sbstandard-nrqflo","properties":{"zoneRedundant":false},"sku":{"name":"Standard"}}'
    form: {}
    headers:
      Accept:
      - application/json
      Content-Length:
      - "120"
      Content-Type:
      - application/json
      Test-Request-Attempt:
      - "0"
    url: https://management.azure.com/subscriptions/00000000-0000-0000-0000-000000000000/resourceGroups/asotest-rg-agwubx/providers/Microsoft.ServiceBus/namespaces/asotest-sbstandard-nrqflo?api-version=2021-01-01-preview
    method: PUT
  response:
    body: '{"sku":{"name":"Standard","tier":"Standard"},"id":"/subscriptions/00000000-0000-0000-0000-000000000000/resourceGroups/asotest-rg-agwubx/providers/Microsoft.ServiceBus/namespaces/asotest-sbstandard-nrqflo","name":"asotest-sbstandard-nrqflo","type":"Microsoft.ServiceBus/Namespaces","location":"West
      US 2","tags":{},"properties":{"zoneRedundant":false,"provisioningState":"Created","metricId":"00000000-0000-0000-0000-000000000000:asotest-sbstandard-nrqflo","createdAt":"2001-02-03T04:05:06Z","updatedAt":"2001-02-03T04:05:06Z","serviceBusEndpoint":"https://asotest-sbstandard-nrqflo.servicebus.windows.net:443/","status":"Activating"}}'
    headers:
      Cache-Control:
      - no-cache
      Content-Type:
      - application/json; charset=utf-8
      Expires:
      - "-1"
      Pragma:
      - no-cache
      Server:
      - Service-Bus-Resource-Provider/CH3
      - Microsoft-HTTPAPI/2.0
      Server-Sb:
      - Service-Bus-Resource-Provider/CH3
      Strict-Transport-Security:
      - max-age=31536000; includeSubDomains
      Vary:
      - Accept-Encoding
      X-Content-Type-Options:
      - nosniff
    status: 200 OK
    code: 200
    duration: ""
- request:
    body: ""
    form: {}
    headers:
      Test-Request-Attempt:
      - "0"
    url: https://management.azure.com/subscriptions/00000000-0000-0000-0000-000000000000/resourceGroups/asotest-rg-agwubx/providers/Microsoft.ServiceBus/namespaces/asotest-sbstandard-nrqflo?api-version=2021-01-01-preview
    method: GET
  response:
    body: '{"sku":{"name":"Standard","tier":"Standard"},"id":"/subscriptions/00000000-0000-0000-0000-000000000000/resourceGroups/asotest-rg-agwubx/providers/Microsoft.ServiceBus/namespaces/asotest-sbstandard-nrqflo","name":"asotest-sbstandard-nrqflo","type":"Microsoft.ServiceBus/Namespaces","location":"West
      US 2","tags":{},"properties":{"zoneRedundant":false,"provisioningState":"Created","metricId":"00000000-0000-0000-0000-000000000000:asotest-sbstandard-nrqflo","createdAt":"2001-02-03T04:05:06Z","updatedAt":"2001-02-03T04:05:06Z","serviceBusEndpoint":"https://asotest-sbstandard-nrqflo.servicebus.windows.net:443/","status":"Activating"}}'
    headers:
      Cache-Control:
      - no-cache
      Content-Type:
      - application/json; charset=utf-8
      Expires:
      - "-1"
      Pragma:
      - no-cache
      Server:
      - Service-Bus-Resource-Provider/CH3
      - Microsoft-HTTPAPI/2.0
      Server-Sb:
      - Service-Bus-Resource-Provider/CH3
      Strict-Transport-Security:
      - max-age=31536000; includeSubDomains
      Vary:
      - Accept-Encoding
      X-Content-Type-Options:
      - nosniff
    status: 200 OK
    code: 200
    duration: ""
- request:
    body: ""
    form: {}
    headers:
      Test-Request-Attempt:
      - "1"
    url: https://management.azure.com/subscriptions/00000000-0000-0000-0000-000000000000/resourceGroups/asotest-rg-agwubx/providers/Microsoft.ServiceBus/namespaces/asotest-sbstandard-nrqflo?api-version=2021-01-01-preview
    method: GET
  response:
    body: '{"sku":{"name":"Standard","tier":"Standard"},"id":"/subscriptions/00000000-0000-0000-0000-000000000000/resourceGroups/asotest-rg-agwubx/providers/Microsoft.ServiceBus/namespaces/asotest-sbstandard-nrqflo","name":"asotest-sbstandard-nrqflo","type":"Microsoft.ServiceBus/Namespaces","location":"West
      US 2","tags":{},"properties":{"zoneRedundant":false,"provisioningState":"Created","metricId":"00000000-0000-0000-0000-000000000000:asotest-sbstandard-nrqflo","createdAt":"2001-02-03T04:05:06Z","updatedAt":"2001-02-03T04:05:06Z","serviceBusEndpoint":"https://asotest-sbstandard-nrqflo.servicebus.windows.net:443/","status":"Activating"}}'
    headers:
      Cache-Control:
      - no-cache
      Content-Type:
      - application/json; charset=utf-8
      Expires:
      - "-1"
      Pragma:
      - no-cache
      Server:
      - Service-Bus-Resource-Provider/CH3
      - Microsoft-HTTPAPI/2.0
      Server-Sb:
      - Service-Bus-Resource-Provider/CH3
      Strict-Transport-Security:
      - max-age=31536000; includeSubDomains
      Vary:
      - Accept-Encoding
      X-Content-Type-Options:
      - nosniff
    status: 200 OK
    code: 200
    duration: ""
- request:
    body: ""
    form: {}
    headers:
      Test-Request-Attempt:
      - "2"
    url: https://management.azure.com/subscriptions/00000000-0000-0000-0000-000000000000/resourceGroups/asotest-rg-agwubx/providers/Microsoft.ServiceBus/namespaces/asotest-sbstandard-nrqflo?api-version=2021-01-01-preview
    method: GET
  response:
    body: '{"sku":{"name":"Standard","tier":"Standard"},"id":"/subscriptions/00000000-0000-0000-0000-000000000000/resourceGroups/asotest-rg-agwubx/providers/Microsoft.ServiceBus/namespaces/asotest-sbstandard-nrqflo","name":"asotest-sbstandard-nrqflo","type":"Microsoft.ServiceBus/Namespaces","location":"West
      US 2","tags":{},"properties":{"zoneRedundant":false,"provisioningState":"Succeeded","metricId":"00000000-0000-0000-0000-000000000000:asotest-sbstandard-nrqflo","createdAt":"2001-02-03T04:05:06Z","updatedAt":"2001-02-03T04:05:06Z","serviceBusEndpoint":"https://asotest-sbstandard-nrqflo.servicebus.windows.net:443/","status":"Active"}}'
    headers:
      Cache-Control:
      - no-cache
      Content-Type:
      - application/json; charset=utf-8
      Expires:
      - "-1"
      Pragma:
      - no-cache
      Server:
      - Service-Bus-Resource-Provider/CH3
      - Microsoft-HTTPAPI/2.0
      Server-Sb:
      - Service-Bus-Resource-Provider/CH3
      Strict-Transport-Security:
      - max-age=31536000; includeSubDomains
      Vary:
      - Accept-Encoding
      X-Content-Type-Options:
      - nosniff
    status: 200 OK
    code: 200
    duration: ""
- request:
    body: ""
    form: {}
    headers:
      Accept:
      - application/json
      Test-Request-Attempt:
      - "3"
    url: https://management.azure.com/subscriptions/00000000-0000-0000-0000-000000000000/resourceGroups/asotest-rg-agwubx/providers/Microsoft.ServiceBus/namespaces/asotest-sbstandard-nrqflo?api-version=2021-01-01-preview
    method: GET
  response:
    body: '{"sku":{"name":"Standard","tier":"Standard"},"id":"/subscriptions/00000000-0000-0000-0000-000000000000/resourceGroups/asotest-rg-agwubx/providers/Microsoft.ServiceBus/namespaces/asotest-sbstandard-nrqflo","name":"asotest-sbstandard-nrqflo","type":"Microsoft.ServiceBus/Namespaces","location":"West
      US 2","tags":{},"properties":{"zoneRedundant":false,"provisioningState":"Succeeded","metricId":"00000000-0000-0000-0000-000000000000:asotest-sbstandard-nrqflo","createdAt":"2001-02-03T04:05:06Z","updatedAt":"2001-02-03T04:05:06Z","serviceBusEndpoint":"https://asotest-sbstandard-nrqflo.servicebus.windows.net:443/","status":"Active"}}'
    headers:
      Cache-Control:
      - no-cache
      Content-Type:
      - application/json; charset=utf-8
      Expires:
      - "-1"
      Pragma:
      - no-cache
      Server:
      - Service-Bus-Resource-Provider/CH3
      - Microsoft-HTTPAPI/2.0
      Server-Sb:
      - Service-Bus-Resource-Provider/CH3
      Strict-Transport-Security:
      - max-age=31536000; includeSubDomains
      Vary:
      - Accept-Encoding
      X-Content-Type-Options:
      - nosniff
    status: 200 OK
    code: 200
    duration: ""
- request:
    body: '{"location":"westus2","name":"asotest-topic-aouwry"}'
    form: {}
    headers:
      Accept:
      - application/json
      Content-Length:
      - "68"
      Content-Type:
      - application/json
      Test-Request-Attempt:
      - "0"
    url: https://management.azure.com/subscriptions/00000000-0000-0000-0000-000000000000/resourceGroups/asotest-rg-agwubx/providers/Microsoft.ServiceBus/namespaces/asotest-sbstandard-nrqflo/topics/asotest-topic-aouwry?api-version=2021-01-01-preview
    method: PUT
  response:
    body: '{"id":"/subscriptions/00000000-0000-0000-0000-000000000000/resourceGroups/asotest-rg-agwubx/providers/Microsoft.ServiceBus/namespaces/asotest-sbstandard-nrqflo/topics/asotest-topic-aouwry","name":"asotest-topic-aouwry","type":"Microsoft.ServiceBus/Namespaces/Topics","location":"West
      US 2","properties":{"maxMessageSizeInKilobytes":256,"defaultMessageTimeToLive":"P10675199DT2H48M5.4775807S","maxSizeInMegabytes":1024,"requiresDuplicateDetection":false,"duplicateDetectionHistoryTimeWindow":"PT10M","enableBatchedOperations":true,"sizeInBytes":0,"status":"Active","supportOrdering":true,"autoDeleteOnIdle":"P10675199DT2H48M5.4775807S","enablePartitioning":false,"enableExpress":false,"createdAt":"2001-02-03T04:05:06Z","updatedAt":"2001-02-03T04:05:06Z","accessedAt":"0001-01-01T00:00:00","subscriptionCount":0,"countDetails":{"activeMessageCount":0,"deadLetterMessageCount":0,"scheduledMessageCount":0,"transferMessageCount":0,"transferDeadLetterMessageCount":0}}}'
    headers:
      Cache-Control:
      - no-cache
      Content-Type:
      - application/json; charset=utf-8
      Expires:
      - "-1"
      Pragma:
      - no-cache
      Server:
      - Service-Bus-Resource-Provider/CH3
      - Microsoft-HTTPAPI/2.0
      Server-Sb:
      - Service-Bus-Resource-Provider/CH3
      Strict-Transport-Security:
      - max-age=31536000; includeSubDomains
      Vary:
      - Accept-Encoding
      X-Content-Type-Options:
      - nosniff
    status: 200 OK
    code: 200
    duration: ""
- request:
    body: '{"location":"westus2","name":"asotest-queue-kxegfh"}'
    form: {}
    headers:
      Accept:
      - application/json
      Content-Length:
      - "68"
      Content-Type:
      - application/json
      Test-Request-Attempt:
      - "0"
    url: https://management.azure.com/subscriptions/00000000-0000-0000-0000-000000000000/resourceGroups/asotest-rg-agwubx/providers/Microsoft.ServiceBus/namespaces/asotest-sbstandard-nrqflo/queues/asotest-queue-kxegfh?api-version=2021-01-01-preview
    method: PUT
  response:
    body: '{"id":"/subscriptions/00000000-0000-0000-0000-000000000000/resourceGroups/asotest-rg-agwubx/providers/Microsoft.ServiceBus/namespaces/asotest-sbstandard-nrqflo/queues/asotest-queue-kxegfh","name":"asotest-queue-kxegfh","type":"Microsoft.ServiceBus/Namespaces/Queues","location":"West
      US 2","properties":{"maxMessageSizeInKilobytes":256,"lockDuration":"PT1M","maxSizeInMegabytes":1024,"requiresDuplicateDetection":false,"requiresSession":false,"defaultMessageTimeToLive":"P10675199DT2H48M5.4775807S","deadLetteringOnMessageExpiration":false,"enableBatchedOperations":true,"duplicateDetectionHistoryTimeWindow":"PT10M","maxDeliveryCount":10,"sizeInBytes":0,"messageCount":0,"status":"Active","autoDeleteOnIdle":"P10675199DT2H48M5.4775807S","enablePartitioning":false,"enableExpress":false,"countDetails":{"activeMessageCount":0,"deadLetterMessageCount":0,"scheduledMessageCount":0,"transferMessageCount":0,"transferDeadLetterMessageCount":0},"createdAt":"2001-02-03T04:05:06Z","updatedAt":"2001-02-03T04:05:06Z","accessedAt":"0001-01-01T00:00:00"}}'
    headers:
      Cache-Control:
      - no-cache
      Content-Type:
      - application/json; charset=utf-8
      Expires:
      - "-1"
      Pragma:
      - no-cache
      Server:
      - Service-Bus-Resource-Provider/CH3
      - Microsoft-HTTPAPI/2.0
      Server-Sb:
      - Service-Bus-Resource-Provider/CH3
      Strict-Transport-Security:
      - max-age=31536000; includeSubDomains
      Vary:
      - Accept-Encoding
      X-Content-Type-Options:
      - nosniff
    status: 200 OK
    code: 200
    duration: ""
- request:
    body: ""
    form: {}
    headers:
      Accept:
      - application/json
      Test-Request-Attempt:
      - "0"
    url: https://management.azure.com/subscriptions/00000000-0000-0000-0000-000000000000/resourceGroups/asotest-rg-agwubx/providers/Microsoft.ServiceBus/namespaces/asotest-sbstandard-nrqflo/topics/asotest-topic-aouwry?api-version=2021-01-01-preview
    method: GET
  response:
    body: '{"id":"/subscriptions/00000000-0000-0000-0000-000000000000/resourceGroups/asotest-rg-agwubx/providers/Microsoft.ServiceBus/namespaces/asotest-sbstandard-nrqflo/topics/asotest-topic-aouwry","name":"asotest-topic-aouwry","type":"Microsoft.ServiceBus/Namespaces/Topics","location":"West
      US 2","properties":{"maxMessageSizeInKilobytes":256,"defaultMessageTimeToLive":"P10675199DT2H48M5.4775807S","maxSizeInMegabytes":1024,"requiresDuplicateDetection":false,"duplicateDetectionHistoryTimeWindow":"PT10M","enableBatchedOperations":true,"sizeInBytes":0,"status":"Active","supportOrdering":true,"autoDeleteOnIdle":"P10675199DT2H48M5.4775807S","enablePartitioning":false,"enableExpress":false,"createdAt":"2001-02-03T04:05:06Z","updatedAt":"2001-02-03T04:05:06Z","accessedAt":"2001-02-03T04:05:06Z","subscriptionCount":0,"countDetails":{"activeMessageCount":0,"deadLetterMessageCount":0,"scheduledMessageCount":0,"transferMessageCount":0,"transferDeadLetterMessageCount":0}}}'
    headers:
      Cache-Control:
      - no-cache
      Content-Type:
      - application/json; charset=utf-8
      Expires:
      - "-1"
      Pragma:
      - no-cache
      Server:
      - Service-Bus-Resource-Provider/CH3
      - Microsoft-HTTPAPI/2.0
      Server-Sb:
      - Service-Bus-Resource-Provider/CH3
      Strict-Transport-Security:
      - max-age=31536000; includeSubDomains
      Vary:
      - Accept-Encoding
      X-Content-Type-Options:
      - nosniff
    status: 200 OK
    code: 200
    duration: ""
- request:
    body: ""
    form: {}
    headers:
      Accept:
      - application/json
      Test-Request-Attempt:
      - "0"
    url: https://management.azure.com/subscriptions/00000000-0000-0000-0000-000000000000/resourceGroups/asotest-rg-agwubx/providers/Microsoft.ServiceBus/namespaces/asotest-sbstandard-nrqflo/queues/asotest-queue-kxegfh?api-version=2021-01-01-preview
    method: GET
  response:
    body: '{"id":"/subscriptions/00000000-0000-0000-0000-000000000000/resourceGroups/asotest-rg-agwubx/providers/Microsoft.ServiceBus/namespaces/asotest-sbstandard-nrqflo/queues/asotest-queue-kxegfh","name":"asotest-queue-kxegfh","type":"Microsoft.ServiceBus/Namespaces/Queues","location":"West
      US 2","properties":{"maxMessageSizeInKilobytes":256,"lockDuration":"PT1M","maxSizeInMegabytes":1024,"requiresDuplicateDetection":false,"requiresSession":false,"defaultMessageTimeToLive":"P10675199DT2H48M5.4775807S","deadLetteringOnMessageExpiration":false,"enableBatchedOperations":true,"duplicateDetectionHistoryTimeWindow":"PT10M","maxDeliveryCount":10,"sizeInBytes":0,"messageCount":0,"status":"Active","autoDeleteOnIdle":"P10675199DT2H48M5.4775807S","enablePartitioning":false,"enableExpress":false,"countDetails":{"activeMessageCount":0,"deadLetterMessageCount":0,"scheduledMessageCount":0,"transferMessageCount":0,"transferDeadLetterMessageCount":0},"createdAt":"2001-02-03T04:05:06Z","updatedAt":"2001-02-03T04:05:06Z","accessedAt":"2001-02-03T04:05:06Z"}}'
    headers:
      Cache-Control:
      - no-cache
      Content-Type:
      - application/json; charset=utf-8
      Expires:
      - "-1"
      Pragma:
      - no-cache
      Server:
      - Service-Bus-Resource-Provider/CH3
      - Microsoft-HTTPAPI/2.0
      Server-Sb:
      - Service-Bus-Resource-Provider/CH3
      Strict-Transport-Security:
      - max-age=31536000; includeSubDomains
      Vary:
      - Accept-Encoding
      X-Content-Type-Options:
      - nosniff
    status: 200 OK
    code: 200
    duration: ""
- request:
    body: ""
    form: {}
    headers:
      Accept:
      - application/json
      Test-Request-Attempt:
      - "0"
    url: https://management.azure.com/subscriptions/00000000-0000-0000-0000-000000000000/resourceGroups/asotest-rg-agwubx/providers/Microsoft.ServiceBus/namespaces/asotest-sbstandard-nrqflo/queues/asotest-queue-kxegfh?api-version=2021-01-01-preview
    method: DELETE
  response:
    body: ""
    headers:
      Cache-Control:
      - no-cache
      Content-Length:
      - "0"
      Expires:
      - "-1"
      Pragma:
      - no-cache
      Server:
      - Service-Bus-Resource-Provider/CH3
      - Microsoft-HTTPAPI/2.0
      Server-Sb:
      - Service-Bus-Resource-Provider/CH3
      Strict-Transport-Security:
      - max-age=31536000; includeSubDomains
      X-Content-Type-Options:
      - nosniff
    status: 200 OK
    code: 200
    duration: ""
- request:
    body: ""
    form: {}
    headers:
      Accept:
      - application/json
      Test-Request-Attempt:
      - "0"
    url: https://management.azure.com/subscriptions/00000000-0000-0000-0000-000000000000/resourceGroups/asotest-rg-agwubx/providers/Microsoft.ServiceBus/namespaces/asotest-sbstandard-nrqflo/topics/asotest-topic-aouwry?api-version=2021-01-01-preview
    method: DELETE
  response:
    body: ""
    headers:
      Cache-Control:
      - no-cache
      Content-Length:
      - "0"
      Expires:
      - "-1"
      Pragma:
      - no-cache
      Server:
      - Service-Bus-Resource-Provider/CH3
      - Microsoft-HTTPAPI/2.0
      Server-Sb:
      - Service-Bus-Resource-Provider/CH3
      Strict-Transport-Security:
      - max-age=31536000; includeSubDomains
      X-Content-Type-Options:
      - nosniff
    status: 200 OK
    code: 200
    duration: ""
- request:
    body: ""
    form: {}
    headers:
      Accept:
      - application/json
      Test-Request-Attempt:
      - "1"
    url: https://management.azure.com/subscriptions/00000000-0000-0000-0000-000000000000/resourceGroups/asotest-rg-agwubx/providers/Microsoft.ServiceBus/namespaces/asotest-sbstandard-nrqflo/queues/asotest-queue-kxegfh?api-version=2021-01-01-preview
    method: GET
  response:
    body: '{"error":{"message":"The requested resource asotest-queue-kxegfh does not
      exist. CorrelationId: 43cd5530-66fb-4661-ad70-ea2aa6ebd803","code":"NotFound"}}'
    headers:
      Cache-Control:
      - no-cache
      Content-Length:
      - "153"
      Content-Type:
      - application/json; charset=utf-8
      Expires:
      - "-1"
      Pragma:
      - no-cache
      Server:
      - Service-Bus-Resource-Provider/CH3
      - Microsoft-HTTPAPI/2.0
      Server-Sb:
      - Service-Bus-Resource-Provider/CH3
      Strict-Transport-Security:
      - max-age=31536000; includeSubDomains
      X-Content-Type-Options:
      - nosniff
    status: 404 Not Found
    code: 404
    duration: ""
- request:
    body: ""
    form: {}
    headers:
      Accept:
      - application/json
      Test-Request-Attempt:
      - "1"
    url: https://management.azure.com/subscriptions/00000000-0000-0000-0000-000000000000/resourceGroups/asotest-rg-agwubx/providers/Microsoft.ServiceBus/namespaces/asotest-sbstandard-nrqflo/topics/asotest-topic-aouwry?api-version=2021-01-01-preview
    method: GET
  response:
    body: '{"error":{"message":"The requested resource asotest-topic-aouwry does not
      exist. CorrelationId: 52d6004d-cf34-4117-9b86-39a357bc669a","code":"NotFound"}}'
    headers:
      Cache-Control:
      - no-cache
      Content-Length:
      - "153"
      Content-Type:
      - application/json; charset=utf-8
      Expires:
      - "-1"
      Pragma:
      - no-cache
      Server:
      - Service-Bus-Resource-Provider/CH3
      - Microsoft-HTTPAPI/2.0
      Server-Sb:
      - Service-Bus-Resource-Provider/CH3
      Strict-Transport-Security:
      - max-age=31536000; includeSubDomains
      X-Content-Type-Options:
      - nosniff
    status: 404 Not Found
    code: 404
    duration: ""
- request:
    body: ""
    form: {}
    headers:
      Accept:
      - application/json
      Test-Request-Attempt:
      - "0"
    url: https://management.azure.com/subscriptions/00000000-0000-0000-0000-000000000000/resourceGroups/asotest-rg-agwubx/providers/Microsoft.ServiceBus/namespaces/asotest-sbstandard-nrqflo?api-version=2021-01-01-preview
    method: DELETE
  response:
    body: ""
    headers:
      Cache-Control:
      - no-cache
      Content-Length:
      - "0"
      Expires:
      - "-1"
      Location:
      - https://management.azure.com/subscriptions/00000000-0000-0000-0000-000000000000/resourceGroups/asotest-rg-agwubx/providers/Microsoft.ServiceBus/namespaces/asotest-sbstandard-nrqflo/operationresults/asotest-sbstandard-nrqflo?api-version=2021-01-01-preview
      Pragma:
      - no-cache
      Server:
      - Service-Bus-Resource-Provider/CH3
      - Microsoft-HTTPAPI/2.0
      Server-Sb:
      - Service-Bus-Resource-Provider/CH3
      Strict-Transport-Security:
      - max-age=31536000; includeSubDomains
      X-Content-Type-Options:
      - nosniff
    status: 202 Accepted
    code: 202
    duration: ""
- request:
    body: ""
    form: {}
    headers:
      Accept:
      - application/json
      Test-Request-Attempt:
      - "4"
    url: https://management.azure.com/subscriptions/00000000-0000-0000-0000-000000000000/resourceGroups/asotest-rg-agwubx/providers/Microsoft.ServiceBus/namespaces/asotest-sbstandard-nrqflo?api-version=2021-01-01-preview
    method: GET
  response:
    body: '{"sku":{"name":"Standard","tier":"Standard"},"id":"/subscriptions/00000000-0000-0000-0000-000000000000/resourceGroups/asotest-rg-agwubx/providers/Microsoft.ServiceBus/namespaces/asotest-sbstandard-nrqflo","name":"asotest-sbstandard-nrqflo","type":"Microsoft.ServiceBus/Namespaces","location":"West
      US 2","tags":{},"properties":{"zoneRedundant":false,"provisioningState":"Succeeded","metricId":"00000000-0000-0000-0000-000000000000:asotest-sbstandard-nrqflo","createdAt":"2001-02-03T04:05:06Z","updatedAt":"2001-02-03T04:05:06Z","serviceBusEndpoint":"https://asotest-sbstandard-nrqflo.servicebus.windows.net:443/","status":"Removing"}}'
    headers:
      Cache-Control:
      - no-cache
      Content-Type:
      - application/json; charset=utf-8
      Expires:
      - "-1"
      Pragma:
      - no-cache
      Server:
      - Service-Bus-Resource-Provider/CH3
      - Microsoft-HTTPAPI/2.0
      Server-Sb:
      - Service-Bus-Resource-Provider/CH3
      Strict-Transport-Security:
      - max-age=31536000; includeSubDomains
      Vary:
      - Accept-Encoding
      X-Content-Type-Options:
      - nosniff
    status: 200 OK
    code: 200
    duration: ""
- request:
    body: ""
    form: {}
    headers:
      Accept:
      - application/json
      Test-Request-Attempt:
      - "5"
    url: https://management.azure.com/subscriptions/00000000-0000-0000-0000-000000000000/resourceGroups/asotest-rg-agwubx/providers/Microsoft.ServiceBus/namespaces/asotest-sbstandard-nrqflo?api-version=2021-01-01-preview
    method: GET
  response:
    body: '{"sku":{"name":"Standard","tier":"Standard"},"id":"/subscriptions/00000000-0000-0000-0000-000000000000/resourceGroups/asotest-rg-agwubx/providers/Microsoft.ServiceBus/namespaces/asotest-sbstandard-nrqflo","name":"asotest-sbstandard-nrqflo","type":"Microsoft.ServiceBus/Namespaces","location":"West
      US 2","tags":{},"properties":{"zoneRedundant":false,"provisioningState":"Succeeded","metricId":"00000000-0000-0000-0000-000000000000:asotest-sbstandard-nrqflo","createdAt":"2001-02-03T04:05:06Z","updatedAt":"2001-02-03T04:05:06Z","serviceBusEndpoint":"https://asotest-sbstandard-nrqflo.servicebus.windows.net:443/","status":"Removing"}}'
    headers:
      Cache-Control:
      - no-cache
      Content-Type:
      - application/json; charset=utf-8
      Expires:
      - "-1"
      Pragma:
      - no-cache
      Server:
      - Service-Bus-Resource-Provider/CH3
      - Microsoft-HTTPAPI/2.0
      Server-Sb:
      - Service-Bus-Resource-Provider/CH3
      Strict-Transport-Security:
      - max-age=31536000; includeSubDomains
      Vary:
      - Accept-Encoding
      X-Content-Type-Options:
      - nosniff
    status: 200 OK
    code: 200
    duration: ""
- request:
    body: ""
    form: {}
    headers:
      Accept:
      - application/json
      Test-Request-Attempt:
      - "6"
    url: https://management.azure.com/subscriptions/00000000-0000-0000-0000-000000000000/resourceGroups/asotest-rg-agwubx/providers/Microsoft.ServiceBus/namespaces/asotest-sbstandard-nrqflo?api-version=2021-01-01-preview
    method: GET
  response:
    body: '{"error":{"message":"Namespace does not exist. CorrelationId: 4d3d7946-e8a3-44f0-9c02-ea3245c03825","code":"NotFound"}}'
    headers:
      Cache-Control:
      - no-cache
      Content-Length:
      - "119"
      Content-Type:
      - application/json; charset=utf-8
      Expires:
      - "-1"
      Pragma:
      - no-cache
      Server:
      - Service-Bus-Resource-Provider/CH3
      - Microsoft-HTTPAPI/2.0
      Server-Sb:
      - Service-Bus-Resource-Provider/CH3
      Strict-Transport-Security:
      - max-age=31536000; includeSubDomains
      X-Content-Type-Options:
      - nosniff
    status: 404 Not Found
    code: 404
    duration: ""
- request:
    body: ""
    form: {}
    headers:
      Accept:
      - application/json
      Test-Request-Attempt:
      - "7"
    url: https://management.azure.com/subscriptions/00000000-0000-0000-0000-000000000000/resourceGroups/asotest-rg-agwubx/providers/Microsoft.ServiceBus/namespaces/asotest-sbstandard-nrqflo?api-version=2021-01-01-preview
    method: GET
  response:
    body: '{"error":{"message":"Namespace does not exist. CorrelationId: ba7a5946-9e16-4662-8a18-09e0ed1a6dbd","code":"NotFound"}}'
    headers:
      Cache-Control:
      - no-cache
      Content-Length:
      - "119"
      Content-Type:
      - application/json; charset=utf-8
      Expires:
      - "-1"
      Pragma:
      - no-cache
      Server:
      - Service-Bus-Resource-Provider/CH3
      - Microsoft-HTTPAPI/2.0
      Server-Sb:
      - Service-Bus-Resource-Provider/CH3
      Strict-Transport-Security:
      - max-age=31536000; includeSubDomains
      X-Content-Type-Options:
      - nosniff
    status: 404 Not Found
    code: 404
    duration: ""
- request:
    body: ""
    form: {}
    headers:
      Accept:
      - application/json
      Test-Request-Attempt:
      - "0"
    url: https://management.azure.com/subscriptions/00000000-0000-0000-0000-000000000000/resourceGroups/asotest-rg-agwubx?api-version=2020-06-01
    method: DELETE
  response:
    body: ""
    headers:
      Cache-Control:
      - no-cache
      Content-Length:
      - "0"
      Expires:
      - "-1"
      Location:
      - https://management.azure.com/subscriptions/00000000-0000-0000-0000-000000000000/operationresults/eyJqb2JJZCI6IlJFU09VUkNFR1JPVVBERUxFVElPTkpPQi1BU09URVNUOjJEUkc6MkRBR1dVQlgtV0VTVFVTMiIsImpvYkxvY2F0aW9uIjoid2VzdHVzMiJ9?api-version=2020-06-01
      Pragma:
      - no-cache
      Retry-After:
      - "15"
      Strict-Transport-Security:
      - max-age=31536000; includeSubDomains
      X-Content-Type-Options:
      - nosniff
    status: 202 Accepted
    code: 202
    duration: ""
- request:
    body: ""
    form: {}
    headers:
      Accept:
      - application/json
      Test-Request-Attempt:
      - "1"
    url: https://management.azure.com/subscriptions/00000000-0000-0000-0000-000000000000/resourceGroups/asotest-rg-agwubx?api-version=2020-06-01
    method: GET
  response:
    body: '{"id":"/subscriptions/00000000-0000-0000-0000-000000000000/resourceGroups/asotest-rg-agwubx","name":"asotest-rg-agwubx","type":"Microsoft.Resources/resourceGroups","location":"westus2","tags":{"CreatedAt":"2001-02-03T04:05:06Z"},"properties":{"provisioningState":"Deleting"}}'
    headers:
      Cache-Control:
      - no-cache
      Content-Type:
      - application/json; charset=utf-8
      Expires:
      - "-1"
      Pragma:
      - no-cache
      Strict-Transport-Security:
      - max-age=31536000; includeSubDomains
      Vary:
      - Accept-Encoding
      X-Content-Type-Options:
      - nosniff
    status: 200 OK
    code: 200
    duration: ""
- request:
    body: ""
    form: {}
    headers:
      Accept:
      - application/json
      Test-Request-Attempt:
      - "2"
    url: https://management.azure.com/subscriptions/00000000-0000-0000-0000-000000000000/resourceGroups/asotest-rg-agwubx?api-version=2020-06-01
    method: GET
  response:
    body: '{"id":"/subscriptions/00000000-0000-0000-0000-000000000000/resourceGroups/asotest-rg-agwubx","name":"asotest-rg-agwubx","type":"Microsoft.Resources/resourceGroups","location":"westus2","tags":{"CreatedAt":"2001-02-03T04:05:06Z"},"properties":{"provisioningState":"Deleting"}}'
    headers:
      Cache-Control:
      - no-cache
      Content-Type:
      - application/json; charset=utf-8
      Expires:
      - "-1"
      Pragma:
      - no-cache
      Strict-Transport-Security:
      - max-age=31536000; includeSubDomains
      Vary:
      - Accept-Encoding
      X-Content-Type-Options:
      - nosniff
    status: 200 OK
    code: 200
    duration: ""
- request:
    body: ""
    form: {}
    headers:
      Accept:
      - application/json
      Test-Request-Attempt:
      - "3"
    url: https://management.azure.com/subscriptions/00000000-0000-0000-0000-000000000000/resourceGroups/asotest-rg-agwubx?api-version=2020-06-01
    method: GET
  response:
    body: '{"id":"/subscriptions/00000000-0000-0000-0000-000000000000/resourceGroups/asotest-rg-agwubx","name":"asotest-rg-agwubx","type":"Microsoft.Resources/resourceGroups","location":"westus2","tags":{"CreatedAt":"2001-02-03T04:05:06Z"},"properties":{"provisioningState":"Deleting"}}'
    headers:
      Cache-Control:
      - no-cache
      Content-Type:
      - application/json; charset=utf-8
      Expires:
      - "-1"
      Pragma:
      - no-cache
      Strict-Transport-Security:
      - max-age=31536000; includeSubDomains
      Vary:
      - Accept-Encoding
      X-Content-Type-Options:
      - nosniff
    status: 200 OK
    code: 200
    duration: ""
- request:
    body: ""
    form: {}
    headers:
      Accept:
      - application/json
      Test-Request-Attempt:
      - "4"
    url: https://management.azure.com/subscriptions/00000000-0000-0000-0000-000000000000/resourceGroups/asotest-rg-agwubx?api-version=2020-06-01
    method: GET
  response:
    body: '{"id":"/subscriptions/00000000-0000-0000-0000-000000000000/resourceGroups/asotest-rg-agwubx","name":"asotest-rg-agwubx","type":"Microsoft.Resources/resourceGroups","location":"westus2","tags":{"CreatedAt":"2001-02-03T04:05:06Z"},"properties":{"provisioningState":"Deleting"}}'
    headers:
      Cache-Control:
      - no-cache
      Content-Type:
      - application/json; charset=utf-8
      Expires:
      - "-1"
      Pragma:
      - no-cache
      Strict-Transport-Security:
      - max-age=31536000; includeSubDomains
      Vary:
      - Accept-Encoding
      X-Content-Type-Options:
      - nosniff
    status: 200 OK
    code: 200
    duration: ""
- request:
    body: ""
    form: {}
    headers:
      Accept:
      - application/json
      Test-Request-Attempt:
      - "5"
    url: https://management.azure.com/subscriptions/00000000-0000-0000-0000-000000000000/resourceGroups/asotest-rg-agwubx?api-version=2020-06-01
    method: GET
  response:
    body: '{"error":{"code":"ResourceGroupNotFound","message":"Resource group ''asotest-rg-agwubx''
      could not be found."}}'
    headers:
      Cache-Control:
      - no-cache
      Content-Length:
      - "109"
      Content-Type:
      - application/json; charset=utf-8
      Expires:
      - "-1"
      Pragma:
      - no-cache
      Strict-Transport-Security:
      - max-age=31536000; includeSubDomains
      X-Content-Type-Options:
      - nosniff
      X-Ms-Failure-Cause:
      - gateway
    status: 404 Not Found
    code: 404
    duration: ""
