---
version: 1
interactions:
- request:
    body: '{"name":"asotest-rg-zlljte","location":"westus2","tags":{"CreatedAt":"2001-02-03T04:05:06Z"}}'
    form: {}
    headers:
      Accept:
      - application/json
      Content-Length:
      - "93"
      Content-Type:
      - application/json
      Test-Request-Attempt:
      - "0"
    url: https://management.azure.com/subscriptions/00000000-0000-0000-0000-000000000000/resourceGroups/asotest-rg-zlljte?api-version=2020-06-01
    method: PUT
  response:
    body: '{"id":"/subscriptions/00000000-0000-0000-0000-000000000000/resourceGroups/asotest-rg-zlljte","name":"asotest-rg-zlljte","type":"Microsoft.Resources/resourceGroups","location":"westus2","tags":{"CreatedAt":"2001-02-03T04:05:06Z"},"properties":{"provisioningState":"Succeeded"}}'
    headers:
      Cache-Control:
      - no-cache
      Content-Length:
      - "276"
      Content-Type:
      - application/json; charset=utf-8
      Expires:
      - "-1"
      Pragma:
      - no-cache
      Strict-Transport-Security:
      - max-age=31536000; includeSubDomains
      X-Content-Type-Options:
      - nosniff
    status: 201 Created
    code: 201
    duration: ""
- request:
    body: ""
    form: {}
    headers:
      Accept:
      - application/json
      Test-Request-Attempt:
      - "0"
    url: https://management.azure.com/subscriptions/00000000-0000-0000-0000-000000000000/resourceGroups/asotest-rg-zlljte?api-version=2020-06-01
    method: GET
  response:
    body: '{"id":"/subscriptions/00000000-0000-0000-0000-000000000000/resourceGroups/asotest-rg-zlljte","name":"asotest-rg-zlljte","type":"Microsoft.Resources/resourceGroups","location":"westus2","tags":{"CreatedAt":"2001-02-03T04:05:06Z"},"properties":{"provisioningState":"Succeeded"}}'
    headers:
      Cache-Control:
      - no-cache
      Content-Type:
      - application/json; charset=utf-8
      Expires:
      - "-1"
      Pragma:
      - no-cache
      Strict-Transport-Security:
      - max-age=31536000; includeSubDomains
      Vary:
      - Accept-Encoding
      X-Content-Type-Options:
      - nosniff
    status: 200 OK
    code: 200
    duration: ""
- request:
    body: '{"location":"westus2","name":"asotest-vn-mantuh","properties":{"addressSpace":{"addressPrefixes":["10.0.0.0/16"]}}}'
    form: {}
    headers:
      Accept:
      - application/json
      Content-Length:
      - "115"
      Content-Type:
      - application/json
      Test-Request-Attempt:
      - "0"
    url: https://management.azure.com/subscriptions/00000000-0000-0000-0000-000000000000/resourceGroups/asotest-rg-zlljte/providers/Microsoft.Network/virtualNetworks/asotest-vn-mantuh?api-version=2020-11-01
    method: PUT
  response:
    body: "{\r\n  \"name\": \"asotest-vn-mantuh\",\r\n  \"id\": \"/subscriptions/00000000-0000-0000-0000-000000000000/resourceGroups/asotest-rg-zlljte/providers/Microsoft.Network/virtualNetworks/asotest-vn-mantuh\",\r\n
      \ \"etag\": \"W/\\\"567a30d7-bf59-4365-b6b6-3bf94606725c\\\"\",\r\n  \"type\":
      \"Microsoft.Network/virtualNetworks\",\r\n  \"location\": \"westus2\",\r\n  \"properties\":
      {\r\n    \"provisioningState\": \"Updating\",\r\n    \"resourceGuid\": \"719ba203-5462-4ef2-abf6-c8239a42fc14\",\r\n
      \   \"addressSpace\": {\r\n      \"addressPrefixes\": [\r\n        \"10.0.0.0/16\"\r\n
      \     ]\r\n    },\r\n    \"subnets\": [],\r\n    \"virtualNetworkPeerings\":
      [],\r\n    \"enableDdosProtection\": false\r\n  }\r\n}"
    headers:
      Azure-Asyncnotification:
      - Enabled
      Azure-Asyncoperation:
      - https://management.azure.com/subscriptions/00000000-0000-0000-0000-000000000000/providers/Microsoft.Network/locations/westus2/operations/a9a11e78-6f16-4ff8-9e48-4bde1de0d15a?api-version=2020-11-01
      Cache-Control:
      - no-cache
      Content-Length:
      - "630"
      Content-Type:
      - application/json; charset=utf-8
      Expires:
      - "-1"
      Pragma:
      - no-cache
      Retry-After:
      - "3"
      Server:
      - Microsoft-HTTPAPI/2.0
      - Microsoft-HTTPAPI/2.0
      Strict-Transport-Security:
      - max-age=31536000; includeSubDomains
      X-Content-Type-Options:
      - nosniff
    status: 201 Created
    code: 201
    duration: ""
- request:
    body: ""
    form: {}
    headers:
      Test-Request-Attempt:
      - "0"
    url: https://management.azure.com/subscriptions/00000000-0000-0000-0000-000000000000/providers/Microsoft.Network/locations/westus2/operations/a9a11e78-6f16-4ff8-9e48-4bde1de0d15a?api-version=2020-11-01
    method: GET
  response:
    body: "{\r\n  \"status\": \"Succeeded\"\r\n}"
    headers:
      Cache-Control:
      - no-cache
      Content-Type:
      - application/json; charset=utf-8
      Expires:
      - "-1"
      Pragma:
      - no-cache
      Server:
      - Microsoft-HTTPAPI/2.0
      - Microsoft-HTTPAPI/2.0
      Strict-Transport-Security:
      - max-age=31536000; includeSubDomains
      Vary:
      - Accept-Encoding
      X-Content-Type-Options:
      - nosniff
    status: 200 OK
    code: 200
    duration: ""
- request:
    body: ""
    form: {}
    headers:
      Test-Request-Attempt:
      - "0"
    url: https://management.azure.com/subscriptions/00000000-0000-0000-0000-000000000000/resourceGroups/asotest-rg-zlljte/providers/Microsoft.Network/virtualNetworks/asotest-vn-mantuh?api-version=2020-11-01
    method: GET
  response:
    body: "{\r\n  \"name\": \"asotest-vn-mantuh\",\r\n  \"id\": \"/subscriptions/00000000-0000-0000-0000-000000000000/resourceGroups/asotest-rg-zlljte/providers/Microsoft.Network/virtualNetworks/asotest-vn-mantuh\",\r\n
      \ \"etag\": \"W/\\\"adc66642-4c0e-425a-a437-6bd3c76099b2\\\"\",\r\n  \"type\":
      \"Microsoft.Network/virtualNetworks\",\r\n  \"location\": \"westus2\",\r\n  \"properties\":
      {\r\n    \"provisioningState\": \"Succeeded\",\r\n    \"resourceGuid\": \"719ba203-5462-4ef2-abf6-c8239a42fc14\",\r\n
      \   \"addressSpace\": {\r\n      \"addressPrefixes\": [\r\n        \"10.0.0.0/16\"\r\n
      \     ]\r\n    },\r\n    \"subnets\": [],\r\n    \"virtualNetworkPeerings\":
      [],\r\n    \"enableDdosProtection\": false\r\n  }\r\n}"
    headers:
      Cache-Control:
      - no-cache
      Content-Type:
      - application/json; charset=utf-8
      Etag:
      - W/"adc66642-4c0e-425a-a437-6bd3c76099b2"
      Expires:
      - "-1"
      Pragma:
      - no-cache
      Server:
      - Microsoft-HTTPAPI/2.0
      - Microsoft-HTTPAPI/2.0
      Strict-Transport-Security:
      - max-age=31536000; includeSubDomains
      Vary:
      - Accept-Encoding
      X-Content-Type-Options:
      - nosniff
    status: 200 OK
    code: 200
    duration: ""
- request:
    body: ""
    form: {}
    headers:
      Accept:
      - application/json
      Test-Request-Attempt:
      - "1"
    url: https://management.azure.com/subscriptions/00000000-0000-0000-0000-000000000000/resourceGroups/asotest-rg-zlljte/providers/Microsoft.Network/virtualNetworks/asotest-vn-mantuh?api-version=2020-11-01
    method: GET
  response:
    body: "{\r\n  \"name\": \"asotest-vn-mantuh\",\r\n  \"id\": \"/subscriptions/00000000-0000-0000-0000-000000000000/resourceGroups/asotest-rg-zlljte/providers/Microsoft.Network/virtualNetworks/asotest-vn-mantuh\",\r\n
      \ \"etag\": \"W/\\\"adc66642-4c0e-425a-a437-6bd3c76099b2\\\"\",\r\n  \"type\":
      \"Microsoft.Network/virtualNetworks\",\r\n  \"location\": \"westus2\",\r\n  \"properties\":
      {\r\n    \"provisioningState\": \"Succeeded\",\r\n    \"resourceGuid\": \"719ba203-5462-4ef2-abf6-c8239a42fc14\",\r\n
      \   \"addressSpace\": {\r\n      \"addressPrefixes\": [\r\n        \"10.0.0.0/16\"\r\n
      \     ]\r\n    },\r\n    \"subnets\": [],\r\n    \"virtualNetworkPeerings\":
      [],\r\n    \"enableDdosProtection\": false\r\n  }\r\n}"
    headers:
      Cache-Control:
      - no-cache
      Content-Type:
      - application/json; charset=utf-8
      Etag:
      - W/"adc66642-4c0e-425a-a437-6bd3c76099b2"
      Expires:
      - "-1"
      Pragma:
      - no-cache
      Server:
      - Microsoft-HTTPAPI/2.0
      - Microsoft-HTTPAPI/2.0
      Strict-Transport-Security:
      - max-age=31536000; includeSubDomains
      Vary:
      - Accept-Encoding
      X-Content-Type-Options:
      - nosniff
    status: 200 OK
    code: 200
    duration: ""
- request:
    body: '{"name":"asotest-subnet-ltrich","properties":{"addressPrefix":"10.0.0.0/24"}}'
    form: {}
    headers:
      Accept:
      - application/json
      Content-Length:
      - "77"
      Content-Type:
      - application/json
      Test-Request-Attempt:
      - "0"
    url: https://management.azure.com/subscriptions/00000000-0000-0000-0000-000000000000/resourceGroups/asotest-rg-zlljte/providers/Microsoft.Network/virtualNetworks/asotest-vn-mantuh/subnets/asotest-subnet-ltrich?api-version=2020-11-01
    method: PUT
  response:
    body: "{\r\n  \"name\": \"asotest-subnet-ltrich\",\r\n  \"id\": \"/subscriptions/00000000-0000-0000-0000-000000000000/resourceGroups/asotest-rg-zlljte/providers/Microsoft.Network/virtualNetworks/asotest-vn-mantuh/subnets/asotest-subnet-ltrich\",\r\n
      \ \"etag\": \"W/\\\"61fb8272-dbcc-4028-9446-3fc408289157\\\"\",\r\n  \"properties\":
      {\r\n    \"provisioningState\": \"Updating\",\r\n    \"addressPrefix\": \"10.0.0.0/24\",\r\n
      \   \"delegations\": [],\r\n    \"privateEndpointNetworkPolicies\": \"Disabled\",\r\n
      \   \"privateLinkServiceNetworkPolicies\": \"Enabled\"\r\n  },\r\n  \"type\":
      \"Microsoft.Network/virtualNetworks/subnets\"\r\n}"
    headers:
      Azure-Asyncoperation:
      - https://management.azure.com/subscriptions/00000000-0000-0000-0000-000000000000/providers/Microsoft.Network/locations/westus2/operations/8b08f3e5-bab8-4e85-957f-8378a49d00e5?api-version=2020-11-01
      Cache-Control:
      - no-cache
      Content-Length:
      - "568"
      Content-Type:
      - application/json; charset=utf-8
      Expires:
      - "-1"
      Pragma:
      - no-cache
      Retry-After:
      - "3"
      Server:
      - Microsoft-HTTPAPI/2.0
      - Microsoft-HTTPAPI/2.0
      Strict-Transport-Security:
      - max-age=31536000; includeSubDomains
      X-Content-Type-Options:
      - nosniff
    status: 201 Created
    code: 201
    duration: ""
- request:
    body: '{"location":"westus2","name":"asotest-nic-dajxvb","properties":{"ipConfigurations":[{"name":"ipconfig1","properties":{"privateIPAllocationMethod":"Dynamic","subnet":{"id":"/subscriptions/00000000-0000-0000-0000-000000000000/resourceGroups/asotest-rg-zlljte/providers/Microsoft.Network/virtualNetworks/asotest-vn-mantuh/subnets/asotest-subnet-ltrich"}}}]}}'
    form: {}
    headers:
      Accept:
      - application/json
      Content-Length:
      - "355"
      Content-Type:
      - application/json
      Test-Request-Attempt:
      - "0"
    url: https://management.azure.com/subscriptions/00000000-0000-0000-0000-000000000000/resourceGroups/asotest-rg-zlljte/providers/Microsoft.Network/networkInterfaces/asotest-nic-dajxvb?api-version=2020-11-01
    method: PUT
  response:
    body: "{\r\n  \"name\": \"asotest-nic-dajxvb\",\r\n  \"id\": \"/subscriptions/00000000-0000-0000-0000-000000000000/resourceGroups/asotest-rg-zlljte/providers/Microsoft.Network/networkInterfaces/asotest-nic-dajxvb\",\r\n
      \ \"etag\": \"W/\\\"6116411e-18cb-49f5-94e4-3dc73251849c\\\"\",\r\n  \"properties\":
      {\r\n    \"provisioningState\": \"Succeeded\",\r\n    \"resourceGuid\": \"368835b1-680b-4f8f-b750-e828036c3c00\",\r\n
      \   \"ipConfigurations\": [\r\n      {\r\n        \"name\": \"ipconfig1\",\r\n
      \       \"id\": \"/subscriptions/00000000-0000-0000-0000-000000000000/resourceGroups/asotest-rg-zlljte/providers/Microsoft.Network/networkInterfaces/asotest-nic-dajxvb/ipConfigurations/ipconfig1\",\r\n
      \       \"etag\": \"W/\\\"6116411e-18cb-49f5-94e4-3dc73251849c\\\"\",\r\n        \"type\":
      \"Microsoft.Network/networkInterfaces/ipConfigurations\",\r\n        \"properties\":
      {\r\n          \"provisioningState\": \"Succeeded\",\r\n          \"privateIPAddress\":
      \"10.0.0.4\",\r\n          \"privateIPAllocationMethod\": \"Dynamic\",\r\n          \"subnet\":
      {\r\n            \"id\": \"/subscriptions/00000000-0000-0000-0000-000000000000/resourceGroups/asotest-rg-zlljte/providers/Microsoft.Network/virtualNetworks/asotest-vn-mantuh/subnets/asotest-subnet-ltrich\"\r\n
      \         },\r\n          \"primary\": true,\r\n          \"privateIPAddressVersion\":
      \"IPv4\"\r\n        }\r\n      }\r\n    ],\r\n    \"dnsSettings\": {\r\n      \"dnsServers\":
      [],\r\n      \"appliedDnsServers\": [],\r\n      \"internalDomainNameSuffix\":
      \"aorjw2lcktze3k5wzarzuqx2ce.xx.internal.cloudapp.net\"\r\n    },\r\n    \"enableAcceleratedNetworking\":
      false,\r\n    \"vnetEncryptionSupported\": false,\r\n    \"enableIPForwarding\":
      false,\r\n    \"hostedWorkloads\": [],\r\n    \"tapConfigurations\": [],\r\n
      \   \"nicType\": \"Standard\"\r\n  },\r\n  \"type\": \"Microsoft.Network/networkInterfaces\",\r\n
      \ \"location\": \"westus2\"\r\n}"
    headers:
      Azure-Asyncnotification:
      - Enabled
      Azure-Asyncoperation:
      - https://management.azure.com/subscriptions/00000000-0000-0000-0000-000000000000/providers/Microsoft.Network/locations/westus2/operations/d15609ef-a0b7-4f4e-a70e-ee367ab63263?api-version=2020-11-01
      Cache-Control:
      - no-cache
      Content-Length:
      - "1730"
      Content-Type:
      - application/json; charset=utf-8
      Expires:
      - "-1"
      Pragma:
      - no-cache
      Server:
      - Microsoft-HTTPAPI/2.0
      - Microsoft-HTTPAPI/2.0
      Strict-Transport-Security:
      - max-age=31536000; includeSubDomains
      X-Content-Type-Options:
      - nosniff
    status: 201 Created
    code: 201
    duration: ""
- request:
    body: ""
    form: {}
    headers:
      Accept:
      - application/json
      Test-Request-Attempt:
      - "0"
    url: https://management.azure.com/subscriptions/00000000-0000-0000-0000-000000000000/resourceGroups/asotest-rg-zlljte/providers/Microsoft.Network/networkInterfaces/asotest-nic-dajxvb?api-version=2020-11-01
    method: GET
  response:
    body: "{\r\n  \"name\": \"asotest-nic-dajxvb\",\r\n  \"id\": \"/subscriptions/00000000-0000-0000-0000-000000000000/resourceGroups/asotest-rg-zlljte/providers/Microsoft.Network/networkInterfaces/asotest-nic-dajxvb\",\r\n
      \ \"etag\": \"W/\\\"6116411e-18cb-49f5-94e4-3dc73251849c\\\"\",\r\n  \"properties\":
      {\r\n    \"provisioningState\": \"Succeeded\",\r\n    \"resourceGuid\": \"368835b1-680b-4f8f-b750-e828036c3c00\",\r\n
      \   \"ipConfigurations\": [\r\n      {\r\n        \"name\": \"ipconfig1\",\r\n
      \       \"id\": \"/subscriptions/00000000-0000-0000-0000-000000000000/resourceGroups/asotest-rg-zlljte/providers/Microsoft.Network/networkInterfaces/asotest-nic-dajxvb/ipConfigurations/ipconfig1\",\r\n
      \       \"etag\": \"W/\\\"6116411e-18cb-49f5-94e4-3dc73251849c\\\"\",\r\n        \"type\":
      \"Microsoft.Network/networkInterfaces/ipConfigurations\",\r\n        \"properties\":
      {\r\n          \"provisioningState\": \"Succeeded\",\r\n          \"privateIPAddress\":
      \"10.0.0.4\",\r\n          \"privateIPAllocationMethod\": \"Dynamic\",\r\n          \"subnet\":
      {\r\n            \"id\": \"/subscriptions/00000000-0000-0000-0000-000000000000/resourceGroups/asotest-rg-zlljte/providers/Microsoft.Network/virtualNetworks/asotest-vn-mantuh/subnets/asotest-subnet-ltrich\"\r\n
      \         },\r\n          \"primary\": true,\r\n          \"privateIPAddressVersion\":
      \"IPv4\"\r\n        }\r\n      }\r\n    ],\r\n    \"dnsSettings\": {\r\n      \"dnsServers\":
      [],\r\n      \"appliedDnsServers\": [],\r\n      \"internalDomainNameSuffix\":
      \"aorjw2lcktze3k5wzarzuqx2ce.xx.internal.cloudapp.net\"\r\n    },\r\n    \"enableAcceleratedNetworking\":
      false,\r\n    \"vnetEncryptionSupported\": false,\r\n    \"enableIPForwarding\":
      false,\r\n    \"hostedWorkloads\": [],\r\n    \"tapConfigurations\": [],\r\n
      \   \"nicType\": \"Standard\"\r\n  },\r\n  \"type\": \"Microsoft.Network/networkInterfaces\",\r\n
      \ \"location\": \"westus2\"\r\n}"
    headers:
      Cache-Control:
      - no-cache
      Content-Type:
      - application/json; charset=utf-8
      Etag:
      - W/"6116411e-18cb-49f5-94e4-3dc73251849c"
      Expires:
      - "-1"
      Pragma:
      - no-cache
      Server:
      - Microsoft-HTTPAPI/2.0
      - Microsoft-HTTPAPI/2.0
      Strict-Transport-Security:
      - max-age=31536000; includeSubDomains
      Vary:
      - Accept-Encoding
      X-Content-Type-Options:
      - nosniff
    status: 200 OK
    code: 200
    duration: ""
- request:
    body: ""
    form: {}
    headers:
      Test-Request-Attempt:
      - "0"
    url: https://management.azure.com/subscriptions/00000000-0000-0000-0000-000000000000/providers/Microsoft.Network/locations/westus2/operations/8b08f3e5-bab8-4e85-957f-8378a49d00e5?api-version=2020-11-01
    method: GET
  response:
    body: "{\r\n  \"status\": \"Succeeded\"\r\n}"
    headers:
      Cache-Control:
      - no-cache
      Content-Type:
      - application/json; charset=utf-8
      Expires:
      - "-1"
      Pragma:
      - no-cache
      Server:
      - Microsoft-HTTPAPI/2.0
      - Microsoft-HTTPAPI/2.0
      Strict-Transport-Security:
      - max-age=31536000; includeSubDomains
      Vary:
      - Accept-Encoding
      X-Content-Type-Options:
      - nosniff
    status: 200 OK
    code: 200
    duration: ""
- request:
    body: ""
    form: {}
    headers:
      Test-Request-Attempt:
      - "0"
    url: https://management.azure.com/subscriptions/00000000-0000-0000-0000-000000000000/resourceGroups/asotest-rg-zlljte/providers/Microsoft.Network/virtualNetworks/asotest-vn-mantuh/subnets/asotest-subnet-ltrich?api-version=2020-11-01
    method: GET
  response:
    body: "{\r\n  \"name\": \"asotest-subnet-ltrich\",\r\n  \"id\": \"/subscriptions/00000000-0000-0000-0000-000000000000/resourceGroups/asotest-rg-zlljte/providers/Microsoft.Network/virtualNetworks/asotest-vn-mantuh/subnets/asotest-subnet-ltrich\",\r\n
      \ \"etag\": \"W/\\\"f7221da1-c9a8-41b1-8380-f540cbcf96a9\\\"\",\r\n  \"properties\":
      {\r\n    \"provisioningState\": \"Succeeded\",\r\n    \"addressPrefix\": \"10.0.0.0/24\",\r\n
      \   \"ipConfigurations\": [\r\n      {\r\n        \"id\": \"/subscriptions/00000000-0000-0000-0000-000000000000/resourceGroups/asotest-rg-zlljte/providers/Microsoft.Network/networkInterfaces/asotest-nic-dajxvb/ipConfigurations/ipconfig1\"\r\n
      \     }\r\n    ],\r\n    \"delegations\": [],\r\n    \"privateEndpointNetworkPolicies\":
      \"Disabled\",\r\n    \"privateLinkServiceNetworkPolicies\": \"Enabled\"\r\n
      \ },\r\n  \"type\": \"Microsoft.Network/virtualNetworks/subnets\"\r\n}"
    headers:
      Cache-Control:
      - no-cache
      Content-Type:
      - application/json; charset=utf-8
      Etag:
      - W/"f7221da1-c9a8-41b1-8380-f540cbcf96a9"
      Expires:
      - "-1"
      Pragma:
      - no-cache
      Server:
      - Microsoft-HTTPAPI/2.0
      - Microsoft-HTTPAPI/2.0
      Strict-Transport-Security:
      - max-age=31536000; includeSubDomains
      Vary:
      - Accept-Encoding
      X-Content-Type-Options:
      - nosniff
    status: 200 OK
    code: 200
    duration: ""
- request:
    body: ""
    form: {}
    headers:
      Accept:
      - application/json
      Test-Request-Attempt:
      - "1"
    url: https://management.azure.com/subscriptions/00000000-0000-0000-0000-000000000000/resourceGroups/asotest-rg-zlljte/providers/Microsoft.Network/virtualNetworks/asotest-vn-mantuh/subnets/asotest-subnet-ltrich?api-version=2020-11-01
    method: GET
  response:
    body: "{\r\n  \"name\": \"asotest-subnet-ltrich\",\r\n  \"id\": \"/subscriptions/00000000-0000-0000-0000-000000000000/resourceGroups/asotest-rg-zlljte/providers/Microsoft.Network/virtualNetworks/asotest-vn-mantuh/subnets/asotest-subnet-ltrich\",\r\n
      \ \"etag\": \"W/\\\"f7221da1-c9a8-41b1-8380-f540cbcf96a9\\\"\",\r\n  \"properties\":
      {\r\n    \"provisioningState\": \"Succeeded\",\r\n    \"addressPrefix\": \"10.0.0.0/24\",\r\n
      \   \"ipConfigurations\": [\r\n      {\r\n        \"id\": \"/subscriptions/00000000-0000-0000-0000-000000000000/resourceGroups/asotest-rg-zlljte/providers/Microsoft.Network/networkInterfaces/asotest-nic-dajxvb/ipConfigurations/ipconfig1\"\r\n
      \     }\r\n    ],\r\n    \"delegations\": [],\r\n    \"privateEndpointNetworkPolicies\":
      \"Disabled\",\r\n    \"privateLinkServiceNetworkPolicies\": \"Enabled\"\r\n
      \ },\r\n  \"type\": \"Microsoft.Network/virtualNetworks/subnets\"\r\n}"
    headers:
      Cache-Control:
      - no-cache
      Content-Type:
      - application/json; charset=utf-8
      Etag:
      - W/"f7221da1-c9a8-41b1-8380-f540cbcf96a9"
      Expires:
      - "-1"
      Pragma:
      - no-cache
      Server:
      - Microsoft-HTTPAPI/2.0
      - Microsoft-HTTPAPI/2.0
      Strict-Transport-Security:
      - max-age=31536000; includeSubDomains
      Vary:
      - Accept-Encoding
      X-Content-Type-Options:
      - nosniff
    status: 200 OK
    code: 200
    duration: ""
- request:
    body: '{"location":"westus2","name":"asotest-vm-ljhvpw","properties":{"hardwareProfile":{"vmSize":"Standard_D1_v2"},"networkProfile":{"networkInterfaces":[{"id":"/subscriptions/00000000-0000-0000-0000-000000000000/resourceGroups/asotest-rg-zlljte/providers/Microsoft.Network/networkInterfaces/asotest-nic-dajxvb"}]},"osProfile":{"adminPassword":"{PASSWORD}","adminUsername":"bloom","computerName":"poppy"},"storageProfile":{"imageReference":{"offer":"UbuntuServer","publisher":"Canonical","sku":"18.04-LTS","version":"latest"}}}}'
    form: {}
    headers:
      Accept:
      - application/json
      Content-Length:
      - "560"
      Content-Type:
      - application/json
      Test-Request-Attempt:
      - "0"
    url: https://management.azure.com/subscriptions/00000000-0000-0000-0000-000000000000/resourceGroups/asotest-rg-zlljte/providers/Microsoft.Compute/virtualMachines/asotest-vm-ljhvpw?api-version=2022-03-01
    method: PUT
  response:
    body: "{\r\n  \"name\": \"asotest-vm-ljhvpw\",\r\n  \"id\": \"/subscriptions/00000000-0000-0000-0000-000000000000/resourceGroups/asotest-rg-zlljte/providers/Microsoft.Compute/virtualMachines/asotest-vm-ljhvpw\",\r\n
      \ \"type\": \"Microsoft.Compute/virtualMachines\",\r\n  \"location\": \"westus2\",\r\n
      \ \"properties\": {\r\n    \"vmId\": \"3869d3fa-cdf3-416b-9542-39296c7c0061\",\r\n
      \   \"hardwareProfile\": {\r\n      \"vmSize\": \"Standard_D1_v2\"\r\n    },\r\n
      \   \"storageProfile\": {\r\n      \"imageReference\": {\r\n        \"publisher\":
      \"Canonical\",\r\n        \"offer\": \"UbuntuServer\",\r\n        \"sku\": \"18.04-LTS\",\r\n
      \       \"version\": \"latest\",\r\n        \"exactVersion\": \"18.04.202208100\"\r\n
      \     },\r\n      \"osDisk\": {\r\n        \"osType\": \"Linux\",\r\n        \"createOption\":
      \"FromImage\",\r\n        \"caching\": \"ReadWrite\",\r\n        \"managedDisk\":
      {\r\n          \"storageAccountType\": \"Standard_LRS\"\r\n        },\r\n        \"deleteOption\":
      \"Detach\",\r\n        \"diskSizeGB\": 30\r\n      },\r\n      \"dataDisks\":
      []\r\n    },\r\n    \"osProfile\": {\r\n      \"computerName\": \"poppy\",\r\n
      \     \"adminUsername\": \"bloom\",\r\n      \"linuxConfiguration\": {\r\n        \"disablePasswordAuthentication\":
      false,\r\n        \"provisionVMAgent\": true,\r\n        \"patchSettings\":
      {\r\n          \"patchMode\": \"ImageDefault\",\r\n          \"assessmentMode\":
      \"ImageDefault\"\r\n        },\r\n        \"enableVMAgentPlatformUpdates\":
      false\r\n      },\r\n      \"secrets\": [],\r\n      \"allowExtensionOperations\":
      true,\r\n      \"requireGuestProvisionSignal\": true\r\n    },\r\n    \"networkProfile\":
      {\"networkInterfaces\":[{\"id\":\"/subscriptions/00000000-0000-0000-0000-000000000000/resourceGroups/asotest-rg-zlljte/providers/Microsoft.Network/networkInterfaces/asotest-nic-dajxvb\"}]},\r\n
      \   \"provisioningState\": \"Creating\",\r\n    \"timeCreated\": \"2022-08-13T00:01:49.5546743+00:00\"\r\n
      \ }\r\n}"
    headers:
      Azure-Asyncnotification:
      - Enabled
      Azure-Asyncoperation:
      - https://management.azure.com/subscriptions/00000000-0000-0000-0000-000000000000/providers/Microsoft.Compute/locations/westus2/operations/de2509b6-cffc-4bf6-88a4-7305f7c7d9da?p=293bc17d-9efb-4af6-9c31-0eb97e7abc2e&api-version=2022-03-01
      Cache-Control:
      - no-cache
      Content-Length:
      - "1749"
      Content-Type:
      - application/json; charset=utf-8
      Expires:
      - "-1"
      Pragma:
      - no-cache
      Retry-After:
      - "10"
      Server:
      - Microsoft-HTTPAPI/2.0
      - Microsoft-HTTPAPI/2.0
      Strict-Transport-Security:
      - max-age=31536000; includeSubDomains
      X-Content-Type-Options:
      - nosniff
      X-Ms-Ratelimit-Remaining-Resource:
      - Microsoft.Compute/PutVM3Min;239,Microsoft.Compute/PutVM30Min;1199
    status: 201 Created
    code: 201
    duration: ""
- request:
    body: ""
    form: {}
    headers:
      Test-Request-Attempt:
      - "0"
    url: https://management.azure.com/subscriptions/00000000-0000-0000-0000-000000000000/providers/Microsoft.Compute/locations/westus2/operations/de2509b6-cffc-4bf6-88a4-7305f7c7d9da?p=293bc17d-9efb-4af6-9c31-0eb97e7abc2e&api-version=2022-03-01
    method: GET
  response:
    body: "{\r\n  \"startTime\": \"2022-08-13T00:01:46.8046976+00:00\",\r\n  \"status\":
      \"InProgress\",\r\n  \"name\": \"de2509b6-cffc-4bf6-88a4-7305f7c7d9da\"\r\n}"
    headers:
      Cache-Control:
      - no-cache
      Content-Type:
      - application/json; charset=utf-8
      Expires:
      - "-1"
      Pragma:
      - no-cache
      Retry-After:
      - "35"
      Server:
      - Microsoft-HTTPAPI/2.0
      - Microsoft-HTTPAPI/2.0
      Strict-Transport-Security:
      - max-age=31536000; includeSubDomains
      Vary:
      - Accept-Encoding
      X-Content-Type-Options:
      - nosniff
      X-Ms-Ratelimit-Remaining-Resource:
      - Microsoft.Compute/GetOperation3Min;14999,Microsoft.Compute/GetOperation30Min;29999
    status: 200 OK
    code: 200
    duration: ""
- request:
    body: ""
    form: {}
    headers:
      Test-Request-Attempt:
      - "1"
    url: https://management.azure.com/subscriptions/00000000-0000-0000-0000-000000000000/providers/Microsoft.Compute/locations/westus2/operations/de2509b6-cffc-4bf6-88a4-7305f7c7d9da?p=293bc17d-9efb-4af6-9c31-0eb97e7abc2e&api-version=2022-03-01
    method: GET
  response:
    body: "{\r\n  \"startTime\": \"2022-08-13T00:01:46.8046976+00:00\",\r\n  \"status\":
      \"InProgress\",\r\n  \"name\": \"de2509b6-cffc-4bf6-88a4-7305f7c7d9da\"\r\n}"
    headers:
      Cache-Control:
      - no-cache
      Content-Type:
      - application/json; charset=utf-8
      Expires:
      - "-1"
      Pragma:
      - no-cache
      Server:
      - Microsoft-HTTPAPI/2.0
      - Microsoft-HTTPAPI/2.0
      Strict-Transport-Security:
      - max-age=31536000; includeSubDomains
      Vary:
      - Accept-Encoding
      X-Content-Type-Options:
      - nosniff
      X-Ms-Ratelimit-Remaining-Resource:
      - Microsoft.Compute/GetOperation3Min;14998,Microsoft.Compute/GetOperation30Min;29998
    status: 200 OK
    code: 200
    duration: ""
- request:
    body: ""
    form: {}
    headers:
      Test-Request-Attempt:
      - "2"
    url: https://management.azure.com/subscriptions/00000000-0000-0000-0000-000000000000/providers/Microsoft.Compute/locations/westus2/operations/de2509b6-cffc-4bf6-88a4-7305f7c7d9da?p=293bc17d-9efb-4af6-9c31-0eb97e7abc2e&api-version=2022-03-01
    method: GET
  response:
    body: "{\r\n  \"startTime\": \"2022-08-13T00:01:46.8046976+00:00\",\r\n  \"status\":
      \"InProgress\",\r\n  \"name\": \"de2509b6-cffc-4bf6-88a4-7305f7c7d9da\"\r\n}"
    headers:
      Cache-Control:
      - no-cache
      Content-Type:
      - application/json; charset=utf-8
      Expires:
      - "-1"
      Pragma:
      - no-cache
      Server:
      - Microsoft-HTTPAPI/2.0
      - Microsoft-HTTPAPI/2.0
      Strict-Transport-Security:
      - max-age=31536000; includeSubDomains
      Vary:
      - Accept-Encoding
      X-Content-Type-Options:
      - nosniff
      X-Ms-Ratelimit-Remaining-Resource:
      - Microsoft.Compute/GetOperation3Min;14997,Microsoft.Compute/GetOperation30Min;29997
    status: 200 OK
    code: 200
    duration: ""
- request:
    body: ""
    form: {}
    headers:
      Test-Request-Attempt:
      - "3"
    url: https://management.azure.com/subscriptions/00000000-0000-0000-0000-000000000000/providers/Microsoft.Compute/locations/westus2/operations/de2509b6-cffc-4bf6-88a4-7305f7c7d9da?p=293bc17d-9efb-4af6-9c31-0eb97e7abc2e&api-version=2022-03-01
    method: GET
  response:
    body: "{\r\n  \"startTime\": \"2022-08-13T00:01:46.8046976+00:00\",\r\n  \"endTime\":
      \"2022-08-13T00:02:37.5862736+00:00\",\r\n  \"status\": \"Succeeded\",\r\n  \"name\":
      \"de2509b6-cffc-4bf6-88a4-7305f7c7d9da\"\r\n}"
    headers:
      Cache-Control:
      - no-cache
      Content-Type:
      - application/json; charset=utf-8
      Expires:
      - "-1"
      Pragma:
      - no-cache
      Server:
      - Microsoft-HTTPAPI/2.0
      - Microsoft-HTTPAPI/2.0
      Strict-Transport-Security:
      - max-age=31536000; includeSubDomains
      Vary:
      - Accept-Encoding
      X-Content-Type-Options:
      - nosniff
      X-Ms-Ratelimit-Remaining-Resource:
      - Microsoft.Compute/GetOperation3Min;14996,Microsoft.Compute/GetOperation30Min;29996
    status: 200 OK
    code: 200
    duration: ""
- request:
    body: ""
    form: {}
    headers:
      Test-Request-Attempt:
      - "0"
    url: https://management.azure.com/subscriptions/00000000-0000-0000-0000-000000000000/resourceGroups/asotest-rg-zlljte/providers/Microsoft.Compute/virtualMachines/asotest-vm-ljhvpw?api-version=2022-03-01
    method: GET
  response:
    body: "{\r\n  \"name\": \"asotest-vm-ljhvpw\",\r\n  \"id\": \"/subscriptions/00000000-0000-0000-0000-000000000000/resourceGroups/asotest-rg-zlljte/providers/Microsoft.Compute/virtualMachines/asotest-vm-ljhvpw\",\r\n
      \ \"type\": \"Microsoft.Compute/virtualMachines\",\r\n  \"location\": \"westus2\",\r\n
      \ \"properties\": {\r\n    \"vmId\": \"3869d3fa-cdf3-416b-9542-39296c7c0061\",\r\n
      \   \"hardwareProfile\": {\r\n      \"vmSize\": \"Standard_D1_v2\"\r\n    },\r\n
      \   \"storageProfile\": {\r\n      \"imageReference\": {\r\n        \"publisher\":
      \"Canonical\",\r\n        \"offer\": \"UbuntuServer\",\r\n        \"sku\": \"18.04-LTS\",\r\n
      \       \"version\": \"latest\",\r\n        \"exactVersion\": \"18.04.202208100\"\r\n
      \     },\r\n      \"osDisk\": {\r\n        \"osType\": \"Linux\",\r\n        \"name\":
      \"asotest-vm-ljhvpw_OsDisk_1_276be68d72204f2fbe851dea64d3dba9\",\r\n        \"createOption\":
      \"FromImage\",\r\n        \"caching\": \"ReadWrite\",\r\n        \"managedDisk\":
      {\r\n          \"storageAccountType\": \"Standard_LRS\",\r\n          \"id\":
      \"/subscriptions/00000000-0000-0000-0000-000000000000/resourceGroups/asotest-rg-zlljte/providers/Microsoft.Compute/disks/asotest-vm-ljhvpw_OsDisk_1_276be68d72204f2fbe851dea64d3dba9\"\r\n
      \       },\r\n        \"deleteOption\": \"Detach\",\r\n        \"diskSizeGB\":
      30\r\n      },\r\n      \"dataDisks\": []\r\n    },\r\n    \"osProfile\": {\r\n
      \     \"computerName\": \"poppy\",\r\n      \"adminUsername\": \"bloom\",\r\n
      \     \"linuxConfiguration\": {\r\n        \"disablePasswordAuthentication\":
      false,\r\n        \"provisionVMAgent\": true,\r\n        \"patchSettings\":
      {\r\n          \"patchMode\": \"ImageDefault\",\r\n          \"assessmentMode\":
      \"ImageDefault\"\r\n        },\r\n        \"enableVMAgentPlatformUpdates\":
      false\r\n      },\r\n      \"secrets\": [],\r\n      \"allowExtensionOperations\":
      true,\r\n      \"requireGuestProvisionSignal\": true\r\n    },\r\n    \"networkProfile\":
      {\"networkInterfaces\":[{\"id\":\"/subscriptions/00000000-0000-0000-0000-000000000000/resourceGroups/asotest-rg-zlljte/providers/Microsoft.Network/networkInterfaces/asotest-nic-dajxvb\"}]},\r\n
      \   \"provisioningState\": \"Succeeded\",\r\n    \"timeCreated\": \"2022-08-13T00:01:49.5546743+00:00\"\r\n
      \ }\r\n}"
    headers:
      Cache-Control:
      - no-cache
      Content-Type:
      - application/json; charset=utf-8
      Expires:
      - "-1"
      Pragma:
      - no-cache
      Server:
      - Microsoft-HTTPAPI/2.0
      - Microsoft-HTTPAPI/2.0
      Strict-Transport-Security:
      - max-age=31536000; includeSubDomains
      Vary:
      - Accept-Encoding
      X-Content-Type-Options:
      - nosniff
      X-Ms-Ratelimit-Remaining-Resource:
      - Microsoft.Compute/LowCostGet3Min;3998,Microsoft.Compute/LowCostGet30Min;31993
    status: 200 OK
    code: 200
    duration: ""
- request:
    body: ""
    form: {}
    headers:
      Accept:
      - application/json
      Test-Request-Attempt:
      - "1"
    url: https://management.azure.com/subscriptions/00000000-0000-0000-0000-000000000000/resourceGroups/asotest-rg-zlljte/providers/Microsoft.Compute/virtualMachines/asotest-vm-ljhvpw?api-version=2022-03-01
    method: GET
  response:
    body: "{\r\n  \"name\": \"asotest-vm-ljhvpw\",\r\n  \"id\": \"/subscriptions/00000000-0000-0000-0000-000000000000/resourceGroups/asotest-rg-zlljte/providers/Microsoft.Compute/virtualMachines/asotest-vm-ljhvpw\",\r\n
      \ \"type\": \"Microsoft.Compute/virtualMachines\",\r\n  \"location\": \"westus2\",\r\n
      \ \"properties\": {\r\n    \"vmId\": \"3869d3fa-cdf3-416b-9542-39296c7c0061\",\r\n
      \   \"hardwareProfile\": {\r\n      \"vmSize\": \"Standard_D1_v2\"\r\n    },\r\n
      \   \"storageProfile\": {\r\n      \"imageReference\": {\r\n        \"publisher\":
      \"Canonical\",\r\n        \"offer\": \"UbuntuServer\",\r\n        \"sku\": \"18.04-LTS\",\r\n
      \       \"version\": \"latest\",\r\n        \"exactVersion\": \"18.04.202208100\"\r\n
      \     },\r\n      \"osDisk\": {\r\n        \"osType\": \"Linux\",\r\n        \"name\":
      \"asotest-vm-ljhvpw_OsDisk_1_276be68d72204f2fbe851dea64d3dba9\",\r\n        \"createOption\":
      \"FromImage\",\r\n        \"caching\": \"ReadWrite\",\r\n        \"managedDisk\":
      {\r\n          \"storageAccountType\": \"Standard_LRS\",\r\n          \"id\":
      \"/subscriptions/00000000-0000-0000-0000-000000000000/resourceGroups/asotest-rg-zlljte/providers/Microsoft.Compute/disks/asotest-vm-ljhvpw_OsDisk_1_276be68d72204f2fbe851dea64d3dba9\"\r\n
      \       },\r\n        \"deleteOption\": \"Detach\",\r\n        \"diskSizeGB\":
      30\r\n      },\r\n      \"dataDisks\": []\r\n    },\r\n    \"osProfile\": {\r\n
      \     \"computerName\": \"poppy\",\r\n      \"adminUsername\": \"bloom\",\r\n
      \     \"linuxConfiguration\": {\r\n        \"disablePasswordAuthentication\":
      false,\r\n        \"provisionVMAgent\": true,\r\n        \"patchSettings\":
      {\r\n          \"patchMode\": \"ImageDefault\",\r\n          \"assessmentMode\":
      \"ImageDefault\"\r\n        },\r\n        \"enableVMAgentPlatformUpdates\":
      false\r\n      },\r\n      \"secrets\": [],\r\n      \"allowExtensionOperations\":
      true,\r\n      \"requireGuestProvisionSignal\": true\r\n    },\r\n    \"networkProfile\":
      {\"networkInterfaces\":[{\"id\":\"/subscriptions/00000000-0000-0000-0000-000000000000/resourceGroups/asotest-rg-zlljte/providers/Microsoft.Network/networkInterfaces/asotest-nic-dajxvb\"}]},\r\n
      \   \"provisioningState\": \"Succeeded\",\r\n    \"timeCreated\": \"2022-08-13T00:01:49.5546743+00:00\"\r\n
      \ }\r\n}"
    headers:
      Cache-Control:
      - no-cache
      Content-Type:
      - application/json; charset=utf-8
      Expires:
      - "-1"
      Pragma:
      - no-cache
      Server:
      - Microsoft-HTTPAPI/2.0
      - Microsoft-HTTPAPI/2.0
      Strict-Transport-Security:
      - max-age=31536000; includeSubDomains
      Vary:
      - Accept-Encoding
      X-Content-Type-Options:
      - nosniff
      X-Ms-Ratelimit-Remaining-Resource:
      - Microsoft.Compute/LowCostGet3Min;3997,Microsoft.Compute/LowCostGet30Min;31992
    status: 200 OK
    code: 200
    duration: ""
- request:
    body: '{"location":"westus2","name":"asotest-vm-ljhvpw","properties":{"diagnosticsProfile":{"bootDiagnostics":{"enabled":true}},"hardwareProfile":{"vmSize":"Standard_D1_v2"},"networkProfile":{"networkInterfaces":[{"id":"/subscriptions/00000000-0000-0000-0000-000000000000/resourceGroups/asotest-rg-zlljte/providers/Microsoft.Network/networkInterfaces/asotest-nic-dajxvb"}]},"osProfile":{"adminPassword":"{PASSWORD}","adminUsername":"bloom","computerName":"poppy"},"storageProfile":{"imageReference":{"offer":"UbuntuServer","publisher":"Canonical","sku":"18.04-LTS","version":"latest"}}}}'
    form: {}
    headers:
      Accept:
      - application/json
      Content-Length:
      - "618"
      Content-Type:
      - application/json
      Test-Request-Attempt:
      - "1"
    url: https://management.azure.com/subscriptions/00000000-0000-0000-0000-000000000000/resourceGroups/asotest-rg-zlljte/providers/Microsoft.Compute/virtualMachines/asotest-vm-ljhvpw?api-version=2022-03-01
    method: PUT
  response:
    body: "{\r\n  \"name\": \"asotest-vm-ljhvpw\",\r\n  \"id\": \"/subscriptions/00000000-0000-0000-0000-000000000000/resourceGroups/asotest-rg-zlljte/providers/Microsoft.Compute/virtualMachines/asotest-vm-ljhvpw\",\r\n
      \ \"type\": \"Microsoft.Compute/virtualMachines\",\r\n  \"location\": \"westus2\",\r\n
      \ \"properties\": {\r\n    \"vmId\": \"3869d3fa-cdf3-416b-9542-39296c7c0061\",\r\n
      \   \"hardwareProfile\": {\r\n      \"vmSize\": \"Standard_D1_v2\"\r\n    },\r\n
      \   \"storageProfile\": {\r\n      \"imageReference\": {\r\n        \"publisher\":
      \"Canonical\",\r\n        \"offer\": \"UbuntuServer\",\r\n        \"sku\": \"18.04-LTS\",\r\n
      \       \"version\": \"latest\",\r\n        \"exactVersion\": \"18.04.202208100\"\r\n
      \     },\r\n      \"osDisk\": {\r\n        \"osType\": \"Linux\",\r\n        \"name\":
      \"asotest-vm-ljhvpw_OsDisk_1_276be68d72204f2fbe851dea64d3dba9\",\r\n        \"createOption\":
      \"FromImage\",\r\n        \"caching\": \"ReadWrite\",\r\n        \"managedDisk\":
      {\r\n          \"storageAccountType\": \"Standard_LRS\",\r\n          \"id\":
      \"/subscriptions/00000000-0000-0000-0000-000000000000/resourceGroups/asotest-rg-zlljte/providers/Microsoft.Compute/disks/asotest-vm-ljhvpw_OsDisk_1_276be68d72204f2fbe851dea64d3dba9\"\r\n
      \       },\r\n        \"deleteOption\": \"Detach\",\r\n        \"diskSizeGB\":
      30\r\n      },\r\n      \"dataDisks\": []\r\n    },\r\n    \"osProfile\": {\r\n
      \     \"computerName\": \"poppy\",\r\n      \"adminUsername\": \"bloom\",\r\n
      \     \"linuxConfiguration\": {\r\n        \"disablePasswordAuthentication\":
      false,\r\n        \"provisionVMAgent\": true,\r\n        \"patchSettings\":
      {\r\n          \"patchMode\": \"ImageDefault\",\r\n          \"assessmentMode\":
      \"ImageDefault\"\r\n        },\r\n        \"enableVMAgentPlatformUpdates\":
      false\r\n      },\r\n      \"secrets\": [],\r\n      \"allowExtensionOperations\":
      true,\r\n      \"requireGuestProvisionSignal\": true\r\n    },\r\n    \"networkProfile\":
      {\"networkInterfaces\":[{\"id\":\"/subscriptions/00000000-0000-0000-0000-000000000000/resourceGroups/asotest-rg-zlljte/providers/Microsoft.Network/networkInterfaces/asotest-nic-dajxvb\"}]},\r\n
      \   \"diagnosticsProfile\": {\r\n      \"bootDiagnostics\": {\r\n        \"enabled\":
      true\r\n      }\r\n    },\r\n    \"provisioningState\": \"Updating\",\r\n    \"timeCreated\":
      \"2022-08-13T00:01:49.5546743+00:00\"\r\n  }\r\n}"
    headers:
      Azure-Asyncnotification:
      - Enabled
      Azure-Asyncoperation:
      - https://management.azure.com/subscriptions/00000000-0000-0000-0000-000000000000/providers/Microsoft.Compute/locations/westus2/operations/115e4382-aa5b-4650-a3d6-5f6c797a952c?p=293bc17d-9efb-4af6-9c31-0eb97e7abc2e&api-version=2022-03-01
      Cache-Control:
      - no-cache
      Content-Type:
      - application/json; charset=utf-8
      Expires:
      - "-1"
      Pragma:
      - no-cache
      Server:
      - Microsoft-HTTPAPI/2.0
      - Microsoft-HTTPAPI/2.0
      Strict-Transport-Security:
      - max-age=31536000; includeSubDomains
      Vary:
      - Accept-Encoding
      X-Content-Type-Options:
      - nosniff
      X-Ms-Ratelimit-Remaining-Resource:
      - Microsoft.Compute/PutVM3Min;238,Microsoft.Compute/PutVM30Min;1198
    status: 200 OK
    code: 200
    duration: ""
- request:
    body: ""
    form: {}
    headers:
      Test-Request-Attempt:
      - "0"
    url: https://management.azure.com/subscriptions/00000000-0000-0000-0000-000000000000/providers/Microsoft.Compute/locations/westus2/operations/115e4382-aa5b-4650-a3d6-5f6c797a952c?p=293bc17d-9efb-4af6-9c31-0eb97e7abc2e&api-version=2022-03-01
    method: GET
  response:
    body: "{\r\n  \"startTime\": \"2022-08-13T00:02:46.9300536+00:00\",\r\n  \"status\":
      \"InProgress\",\r\n  \"name\": \"115e4382-aa5b-4650-a3d6-5f6c797a952c\"\r\n}"
    headers:
      Cache-Control:
      - no-cache
      Content-Type:
      - application/json; charset=utf-8
      Expires:
      - "-1"
      Pragma:
      - no-cache
      Server:
      - Microsoft-HTTPAPI/2.0
      - Microsoft-HTTPAPI/2.0
      Strict-Transport-Security:
      - max-age=31536000; includeSubDomains
      Vary:
      - Accept-Encoding
      X-Content-Type-Options:
      - nosniff
      X-Ms-Ratelimit-Remaining-Resource:
      - Microsoft.Compute/GetOperation3Min;14995,Microsoft.Compute/GetOperation30Min;29995
    status: 200 OK
    code: 200
    duration: ""
- request:
    body: ""
    form: {}
    headers:
      Test-Request-Attempt:
      - "1"
    url: https://management.azure.com/subscriptions/00000000-0000-0000-0000-000000000000/providers/Microsoft.Compute/locations/westus2/operations/115e4382-aa5b-4650-a3d6-5f6c797a952c?p=293bc17d-9efb-4af6-9c31-0eb97e7abc2e&api-version=2022-03-01
    method: GET
  response:
    body: "{\r\n  \"startTime\": \"2022-08-13T00:02:46.9300536+00:00\",\r\n  \"endTime\":
      \"2022-08-13T00:02:53.805057+00:00\",\r\n  \"status\": \"Succeeded\",\r\n  \"name\":
      \"115e4382-aa5b-4650-a3d6-5f6c797a952c\"\r\n}"
    headers:
      Cache-Control:
      - no-cache
      Content-Type:
      - application/json; charset=utf-8
      Expires:
      - "-1"
      Pragma:
      - no-cache
      Server:
      - Microsoft-HTTPAPI/2.0
      - Microsoft-HTTPAPI/2.0
      Strict-Transport-Security:
      - max-age=31536000; includeSubDomains
      Vary:
      - Accept-Encoding
      X-Content-Type-Options:
      - nosniff
      X-Ms-Ratelimit-Remaining-Resource:
      - Microsoft.Compute/GetOperation3Min;14994,Microsoft.Compute/GetOperation30Min;29994
    status: 200 OK
    code: 200
    duration: ""
- request:
    body: ""
    form: {}
    headers:
      Test-Request-Attempt:
      - "2"
    url: https://management.azure.com/subscriptions/00000000-0000-0000-0000-000000000000/resourceGroups/asotest-rg-zlljte/providers/Microsoft.Compute/virtualMachines/asotest-vm-ljhvpw?api-version=2022-03-01
    method: GET
  response:
    body: "{\r\n  \"name\": \"asotest-vm-ljhvpw\",\r\n  \"id\": \"/subscriptions/00000000-0000-0000-0000-000000000000/resourceGroups/asotest-rg-zlljte/providers/Microsoft.Compute/virtualMachines/asotest-vm-ljhvpw\",\r\n
      \ \"type\": \"Microsoft.Compute/virtualMachines\",\r\n  \"location\": \"westus2\",\r\n
      \ \"properties\": {\r\n    \"vmId\": \"3869d3fa-cdf3-416b-9542-39296c7c0061\",\r\n
      \   \"hardwareProfile\": {\r\n      \"vmSize\": \"Standard_D1_v2\"\r\n    },\r\n
      \   \"storageProfile\": {\r\n      \"imageReference\": {\r\n        \"publisher\":
      \"Canonical\",\r\n        \"offer\": \"UbuntuServer\",\r\n        \"sku\": \"18.04-LTS\",\r\n
      \       \"version\": \"latest\",\r\n        \"exactVersion\": \"18.04.202208100\"\r\n
      \     },\r\n      \"osDisk\": {\r\n        \"osType\": \"Linux\",\r\n        \"name\":
      \"asotest-vm-ljhvpw_OsDisk_1_276be68d72204f2fbe851dea64d3dba9\",\r\n        \"createOption\":
      \"FromImage\",\r\n        \"caching\": \"ReadWrite\",\r\n        \"managedDisk\":
      {\r\n          \"storageAccountType\": \"Standard_LRS\",\r\n          \"id\":
      \"/subscriptions/00000000-0000-0000-0000-000000000000/resourceGroups/asotest-rg-zlljte/providers/Microsoft.Compute/disks/asotest-vm-ljhvpw_OsDisk_1_276be68d72204f2fbe851dea64d3dba9\"\r\n
      \       },\r\n        \"deleteOption\": \"Detach\",\r\n        \"diskSizeGB\":
      30\r\n      },\r\n      \"dataDisks\": []\r\n    },\r\n    \"osProfile\": {\r\n
      \     \"computerName\": \"poppy\",\r\n      \"adminUsername\": \"bloom\",\r\n
      \     \"linuxConfiguration\": {\r\n        \"disablePasswordAuthentication\":
      false,\r\n        \"provisionVMAgent\": true,\r\n        \"patchSettings\":
      {\r\n          \"patchMode\": \"ImageDefault\",\r\n          \"assessmentMode\":
      \"ImageDefault\"\r\n        },\r\n        \"enableVMAgentPlatformUpdates\":
      false\r\n      },\r\n      \"secrets\": [],\r\n      \"allowExtensionOperations\":
      true,\r\n      \"requireGuestProvisionSignal\": true\r\n    },\r\n    \"networkProfile\":
      {\"networkInterfaces\":[{\"id\":\"/subscriptions/00000000-0000-0000-0000-000000000000/resourceGroups/asotest-rg-zlljte/providers/Microsoft.Network/networkInterfaces/asotest-nic-dajxvb\"}]},\r\n
      \   \"diagnosticsProfile\": {\r\n      \"bootDiagnostics\": {\r\n        \"enabled\":
      true\r\n      }\r\n    },\r\n    \"provisioningState\": \"Succeeded\",\r\n    \"timeCreated\":
      \"2022-08-13T00:01:49.5546743+00:00\"\r\n  }\r\n}"
    headers:
      Cache-Control:
      - no-cache
      Content-Type:
      - application/json; charset=utf-8
      Expires:
      - "-1"
      Pragma:
      - no-cache
      Server:
      - Microsoft-HTTPAPI/2.0
      - Microsoft-HTTPAPI/2.0
      Strict-Transport-Security:
      - max-age=31536000; includeSubDomains
      Vary:
      - Accept-Encoding
      X-Content-Type-Options:
      - nosniff
      X-Ms-Ratelimit-Remaining-Resource:
      - Microsoft.Compute/LowCostGet3Min;3994,Microsoft.Compute/LowCostGet30Min;31989
    status: 200 OK
    code: 200
    duration: ""
- request:
    body: ""
    form: {}
    headers:
      Accept:
      - application/json
      Test-Request-Attempt:
      - "3"
    url: https://management.azure.com/subscriptions/00000000-0000-0000-0000-000000000000/resourceGroups/asotest-rg-zlljte/providers/Microsoft.Compute/virtualMachines/asotest-vm-ljhvpw?api-version=2022-03-01
    method: GET
  response:
    body: "{\r\n  \"name\": \"asotest-vm-ljhvpw\",\r\n  \"id\": \"/subscriptions/00000000-0000-0000-0000-000000000000/resourceGroups/asotest-rg-zlljte/providers/Microsoft.Compute/virtualMachines/asotest-vm-ljhvpw\",\r\n
      \ \"type\": \"Microsoft.Compute/virtualMachines\",\r\n  \"location\": \"westus2\",\r\n
      \ \"properties\": {\r\n    \"vmId\": \"3869d3fa-cdf3-416b-9542-39296c7c0061\",\r\n
      \   \"hardwareProfile\": {\r\n      \"vmSize\": \"Standard_D1_v2\"\r\n    },\r\n
      \   \"storageProfile\": {\r\n      \"imageReference\": {\r\n        \"publisher\":
      \"Canonical\",\r\n        \"offer\": \"UbuntuServer\",\r\n        \"sku\": \"18.04-LTS\",\r\n
      \       \"version\": \"latest\",\r\n        \"exactVersion\": \"18.04.202208100\"\r\n
      \     },\r\n      \"osDisk\": {\r\n        \"osType\": \"Linux\",\r\n        \"name\":
      \"asotest-vm-ljhvpw_OsDisk_1_276be68d72204f2fbe851dea64d3dba9\",\r\n        \"createOption\":
      \"FromImage\",\r\n        \"caching\": \"ReadWrite\",\r\n        \"managedDisk\":
      {\r\n          \"storageAccountType\": \"Standard_LRS\",\r\n          \"id\":
      \"/subscriptions/00000000-0000-0000-0000-000000000000/resourceGroups/asotest-rg-zlljte/providers/Microsoft.Compute/disks/asotest-vm-ljhvpw_OsDisk_1_276be68d72204f2fbe851dea64d3dba9\"\r\n
      \       },\r\n        \"deleteOption\": \"Detach\",\r\n        \"diskSizeGB\":
      30\r\n      },\r\n      \"dataDisks\": []\r\n    },\r\n    \"osProfile\": {\r\n
      \     \"computerName\": \"poppy\",\r\n      \"adminUsername\": \"bloom\",\r\n
      \     \"linuxConfiguration\": {\r\n        \"disablePasswordAuthentication\":
      false,\r\n        \"provisionVMAgent\": true,\r\n        \"patchSettings\":
      {\r\n          \"patchMode\": \"ImageDefault\",\r\n          \"assessmentMode\":
      \"ImageDefault\"\r\n        },\r\n        \"enableVMAgentPlatformUpdates\":
      false\r\n      },\r\n      \"secrets\": [],\r\n      \"allowExtensionOperations\":
      true,\r\n      \"requireGuestProvisionSignal\": true\r\n    },\r\n    \"networkProfile\":
      {\"networkInterfaces\":[{\"id\":\"/subscriptions/00000000-0000-0000-0000-000000000000/resourceGroups/asotest-rg-zlljte/providers/Microsoft.Network/networkInterfaces/asotest-nic-dajxvb\"}]},\r\n
      \   \"diagnosticsProfile\": {\r\n      \"bootDiagnostics\": {\r\n        \"enabled\":
      true\r\n      }\r\n    },\r\n    \"provisioningState\": \"Succeeded\",\r\n    \"timeCreated\":
      \"2022-08-13T00:01:49.5546743+00:00\"\r\n  }\r\n}"
    headers:
      Cache-Control:
      - no-cache
      Content-Type:
      - application/json; charset=utf-8
      Expires:
      - "-1"
      Pragma:
      - no-cache
      Server:
      - Microsoft-HTTPAPI/2.0
      - Microsoft-HTTPAPI/2.0
      Strict-Transport-Security:
      - max-age=31536000; includeSubDomains
      Vary:
      - Accept-Encoding
      X-Content-Type-Options:
      - nosniff
      X-Ms-Ratelimit-Remaining-Resource:
      - Microsoft.Compute/LowCostGet3Min;3993,Microsoft.Compute/LowCostGet30Min;31988
    status: 200 OK
    code: 200
    duration: ""
- request:
    body: ""
    form: {}
    headers:
      Accept:
      - application/json
      Test-Request-Attempt:
      - "0"
    url: https://management.azure.com/subscriptions/00000000-0000-0000-0000-000000000000/resourceGroups/asotest-rg-zlljte/providers/Microsoft.Compute/virtualMachines/asotest-vm-ljhvpw?api-version=2022-03-01
    method: DELETE
  response:
    body: ""
    headers:
      Azure-Asyncnotification:
      - Enabled
      Azure-Asyncoperation:
      - https://management.azure.com/subscriptions/00000000-0000-0000-0000-000000000000/providers/Microsoft.Compute/locations/westus2/operations/5c8d1dd0-be13-40d5-9afc-8dbc82196897?p=293bc17d-9efb-4af6-9c31-0eb97e7abc2e&api-version=2022-03-01
      Cache-Control:
      - no-cache
      Content-Length:
      - "0"
      Expires:
      - "-1"
      Location:
      - https://management.azure.com/subscriptions/00000000-0000-0000-0000-000000000000/providers/Microsoft.Compute/locations/westus2/operations/5c8d1dd0-be13-40d5-9afc-8dbc82196897?p=293bc17d-9efb-4af6-9c31-0eb97e7abc2e&monitor=true&api-version=2022-03-01
      Pragma:
      - no-cache
      Retry-After:
      - "10"
      Server:
      - Microsoft-HTTPAPI/2.0
      - Microsoft-HTTPAPI/2.0
      Strict-Transport-Security:
      - max-age=31536000; includeSubDomains
      X-Content-Type-Options:
      - nosniff
      X-Ms-Ratelimit-Remaining-Resource:
      - Microsoft.Compute/DeleteVM3Min;239,Microsoft.Compute/DeleteVM30Min;1199
    status: 202 Accepted
    code: 202
    duration: ""
- request:
    body: ""
    form: {}
    headers:
      Test-Request-Attempt:
      - "0"
    url: https://management.azure.com/subscriptions/00000000-0000-0000-0000-000000000000/providers/Microsoft.Compute/locations/westus2/operations/5c8d1dd0-be13-40d5-9afc-8dbc82196897?p=293bc17d-9efb-4af6-9c31-0eb97e7abc2e&api-version=2022-03-01
    method: GET
  response:
    body: "{\r\n  \"startTime\": \"2022-08-13T00:03:06.898896+00:00\",\r\n  \"status\":
      \"InProgress\",\r\n  \"name\": \"5c8d1dd0-be13-40d5-9afc-8dbc82196897\"\r\n}"
    headers:
      Cache-Control:
      - no-cache
      Content-Type:
      - application/json; charset=utf-8
      Expires:
      - "-1"
      Pragma:
      - no-cache
      Retry-After:
      - "30"
      Server:
      - Microsoft-HTTPAPI/2.0
      - Microsoft-HTTPAPI/2.0
      Strict-Transport-Security:
      - max-age=31536000; includeSubDomains
      Vary:
      - Accept-Encoding
      X-Content-Type-Options:
      - nosniff
      X-Ms-Ratelimit-Remaining-Resource:
      - Microsoft.Compute/GetOperation3Min;14993,Microsoft.Compute/GetOperation30Min;29993
    status: 200 OK
    code: 200
    duration: ""
- request:
    body: ""
    form: {}
    headers:
      Test-Request-Attempt:
      - "1"
    url: https://management.azure.com/subscriptions/00000000-0000-0000-0000-000000000000/providers/Microsoft.Compute/locations/westus2/operations/5c8d1dd0-be13-40d5-9afc-8dbc82196897?p=293bc17d-9efb-4af6-9c31-0eb97e7abc2e&api-version=2022-03-01
    method: GET
  response:
    body: "{\r\n  \"startTime\": \"2022-08-13T00:03:06.898896+00:00\",\r\n  \"endTime\":
      \"2022-08-13T00:03:40.5084857+00:00\",\r\n  \"status\": \"Succeeded\",\r\n  \"name\":
      \"5c8d1dd0-be13-40d5-9afc-8dbc82196897\"\r\n}"
    headers:
      Cache-Control:
      - no-cache
      Content-Type:
      - application/json; charset=utf-8
      Expires:
      - "-1"
      Pragma:
      - no-cache
      Server:
      - Microsoft-HTTPAPI/2.0
      - Microsoft-HTTPAPI/2.0
      Strict-Transport-Security:
      - max-age=31536000; includeSubDomains
      Vary:
      - Accept-Encoding
      X-Content-Type-Options:
      - nosniff
      X-Ms-Ratelimit-Remaining-Resource:
      - Microsoft.Compute/GetOperation3Min;14992,Microsoft.Compute/GetOperation30Min;29992
    status: 200 OK
    code: 200
    duration: ""
- request:
    body: ""
    form: {}
    headers:
      Accept:
      - application/json
      Test-Request-Attempt:
      - "4"
    url: https://management.azure.com/subscriptions/00000000-0000-0000-0000-000000000000/resourceGroups/asotest-rg-zlljte/providers/Microsoft.Compute/virtualMachines/asotest-vm-ljhvpw?api-version=2022-03-01
    method: GET
  response:
    body: '{"error":{"code":"ResourceNotFound","message":"The Resource ''Microsoft.Compute/virtualMachines/asotest-vm-ljhvpw''
      under resource group ''asotest-rg-zlljte'' was not found. For more details please
      go to https://aka.ms/ARMResourceNotFoundFix"}}'
    headers:
      Cache-Control:
      - no-cache
      Content-Length:
      - "240"
      Content-Type:
      - application/json; charset=utf-8
      Expires:
      - "-1"
      Pragma:
      - no-cache
      Strict-Transport-Security:
      - max-age=31536000; includeSubDomains
      X-Content-Type-Options:
      - nosniff
      X-Ms-Failure-Cause:
      - gateway
    status: 404 Not Found
    code: 404
    duration: ""
- request:
    body: ""
    form: {}
    headers:
      Accept:
      - application/json
      Test-Request-Attempt:
      - "0"
    url: https://management.azure.com/subscriptions/00000000-0000-0000-0000-000000000000/resourceGroups/asotest-rg-zlljte?api-version=2020-06-01
    method: DELETE
  response:
    body: ""
    headers:
      Cache-Control:
      - no-cache
      Content-Length:
      - "0"
      Expires:
      - "-1"
      Location:
      - https://management.azure.com/subscriptions/00000000-0000-0000-0000-000000000000/operationresults/eyJqb2JJZCI6IlJFU09VUkNFR1JPVVBERUxFVElPTkpPQi1BU09URVNUOjJEUkc6MkRaTExKVEUtV0VTVFVTMiIsImpvYkxvY2F0aW9uIjoid2VzdHVzMiJ9?api-version=2020-06-01
      Pragma:
      - no-cache
      Retry-After:
      - "15"
      Strict-Transport-Security:
      - max-age=31536000; includeSubDomains
      X-Content-Type-Options:
      - nosniff
    status: 202 Accepted
    code: 202
    duration: ""
- request:
    body: ""
    form: {}
    headers:
      Test-Request-Attempt:
      - "0"
    url: https://management.azure.com/subscriptions/00000000-0000-0000-0000-000000000000/operationresults/eyJqb2JJZCI6IlJFU09VUkNFR1JPVVBERUxFVElPTkpPQi1BU09URVNUOjJEUkc6MkRaTExKVEUtV0VTVFVTMiIsImpvYkxvY2F0aW9uIjoid2VzdHVzMiJ9?api-version=2020-06-01
    method: GET
  response:
    body: ""
    headers:
      Cache-Control:
      - no-cache
      Content-Length:
      - "0"
      Expires:
      - "-1"
      Location:
      - https://management.azure.com/subscriptions/00000000-0000-0000-0000-000000000000/operationresults/eyJqb2JJZCI6IlJFU09VUkNFR1JPVVBERUxFVElPTkpPQi1BU09URVNUOjJEUkc6MkRaTExKVEUtV0VTVFVTMiIsImpvYkxvY2F0aW9uIjoid2VzdHVzMiJ9?api-version=2020-06-01
      Pragma:
      - no-cache
      Retry-After:
      - "15"
      Strict-Transport-Security:
      - max-age=31536000; includeSubDomains
      X-Content-Type-Options:
      - nosniff
    status: 202 Accepted
    code: 202
    duration: ""
- request:
    body: ""
    form: {}
    headers:
      Test-Request-Attempt:
      - "1"
    url: https://management.azure.com/subscriptions/00000000-0000-0000-0000-000000000000/operationresults/eyJqb2JJZCI6IlJFU09VUkNFR1JPVVBERUxFVElPTkpPQi1BU09URVNUOjJEUkc6MkRaTExKVEUtV0VTVFVTMiIsImpvYkxvY2F0aW9uIjoid2VzdHVzMiJ9?api-version=2020-06-01
    method: GET
  response:
    body: ""
    headers:
      Cache-Control:
      - no-cache
      Content-Length:
      - "0"
      Expires:
      - "-1"
      Location:
      - https://management.azure.com/subscriptions/00000000-0000-0000-0000-000000000000/operationresults/eyJqb2JJZCI6IlJFU09VUkNFR1JPVVBERUxFVElPTkpPQi1BU09URVNUOjJEUkc6MkRaTExKVEUtV0VTVFVTMiIsImpvYkxvY2F0aW9uIjoid2VzdHVzMiJ9?api-version=2020-06-01
      Pragma:
      - no-cache
      Retry-After:
      - "15"
      Strict-Transport-Security:
      - max-age=31536000; includeSubDomains
      X-Content-Type-Options:
      - nosniff
    status: 202 Accepted
    code: 202
    duration: ""
- request:
    body: ""
    form: {}
    headers:
      Test-Request-Attempt:
      - "2"
    url: https://management.azure.com/subscriptions/00000000-0000-0000-0000-000000000000/operationresults/eyJqb2JJZCI6IlJFU09VUkNFR1JPVVBERUxFVElPTkpPQi1BU09URVNUOjJEUkc6MkRaTExKVEUtV0VTVFVTMiIsImpvYkxvY2F0aW9uIjoid2VzdHVzMiJ9?api-version=2020-06-01
    method: GET
  response:
    body: ""
    headers:
      Cache-Control:
      - no-cache
      Content-Length:
      - "0"
      Expires:
      - "-1"
      Location:
      - https://management.azure.com/subscriptions/00000000-0000-0000-0000-000000000000/operationresults/eyJqb2JJZCI6IlJFU09VUkNFR1JPVVBERUxFVElPTkpPQi1BU09URVNUOjJEUkc6MkRaTExKVEUtV0VTVFVTMiIsImpvYkxvY2F0aW9uIjoid2VzdHVzMiJ9?api-version=2020-06-01
      Pragma:
      - no-cache
      Retry-After:
      - "15"
      Strict-Transport-Security:
      - max-age=31536000; includeSubDomains
      X-Content-Type-Options:
      - nosniff
    status: 202 Accepted
    code: 202
    duration: ""
- request:
    body: ""
    form: {}
    headers:
      Test-Request-Attempt:
      - "3"
    url: https://management.azure.com/subscriptions/00000000-0000-0000-0000-000000000000/operationresults/eyJqb2JJZCI6IlJFU09VUkNFR1JPVVBERUxFVElPTkpPQi1BU09URVNUOjJEUkc6MkRaTExKVEUtV0VTVFVTMiIsImpvYkxvY2F0aW9uIjoid2VzdHVzMiJ9?api-version=2020-06-01
    method: GET
  response:
    body: ""
    headers:
      Cache-Control:
      - no-cache
      Content-Length:
      - "0"
      Expires:
      - "-1"
      Location:
      - https://management.azure.com/subscriptions/00000000-0000-0000-0000-000000000000/operationresults/eyJqb2JJZCI6IlJFU09VUkNFR1JPVVBERUxFVElPTkpPQi1BU09URVNUOjJEUkc6MkRaTExKVEUtV0VTVFVTMiIsImpvYkxvY2F0aW9uIjoid2VzdHVzMiJ9?api-version=2020-06-01
      Pragma:
      - no-cache
      Retry-After:
      - "15"
      Strict-Transport-Security:
      - max-age=31536000; includeSubDomains
      X-Content-Type-Options:
      - nosniff
    status: 202 Accepted
    code: 202
    duration: ""
- request:
    body: ""
    form: {}
    headers:
      Test-Request-Attempt:
      - "4"
    url: https://management.azure.com/subscriptions/00000000-0000-0000-0000-000000000000/operationresults/eyJqb2JJZCI6IlJFU09VUkNFR1JPVVBERUxFVElPTkpPQi1BU09URVNUOjJEUkc6MkRaTExKVEUtV0VTVFVTMiIsImpvYkxvY2F0aW9uIjoid2VzdHVzMiJ9?api-version=2020-06-01
    method: GET
  response:
    body: ""
    headers:
      Cache-Control:
      - no-cache
      Content-Length:
      - "0"
      Expires:
      - "-1"
      Pragma:
      - no-cache
      Strict-Transport-Security:
      - max-age=31536000; includeSubDomains
      X-Content-Type-Options:
      - nosniff
    status: 200 OK
    code: 200
    duration: ""
