Expected Pipeline Stages for ARM Code Generation
------------------------------------------------
loadSchema                                         Load and walk schema
addStatusFromSwagger                               Add information from Swagger specs for 'status' fields
allof-anyof-objects                                Convert allOf and oneOf to object types
flattenResources                                   Flatten nested resource types
augmentSpecWithStatus                              Merge information from Status into Spec
stripUnreferenced                                  Strip unreferenced types
nameTypes                                          Name inner types for CRD
propertyRewrites                                   Modify property types using configured transforms
removeResourceScope                                Remove scope from all resources
makeStatusPropertiesOptional                       Force all status properties to be optional
removeStatusPropertyValidation                     Remove validation from all status properties
transformValidatedFloats                           Transform validated 'spec' float type values to validated integer types for compatibility with controller-gen
unrollRecursiveTypes                               Unroll directly recursive types since they are not supported by controller-gen
determineResourceOwnership                         Determine ARM resource relationships
removeAliases                                      Remove type aliases
collapseCrossGroupReferences                       Find and remove cross group references
pluralizeNames                                     Improve resource pluralization
stripUnreferenced                                  Strip unreferenced types
assertTypesStructureValid                          Verify that all local TypeNames refer to a type
filterTypes                                        Apply export filters to reduce the number of generated types
removeTypeProperty                                 Remove the ARM type property and instead augment the ResourceType with it
removeAPIVersionProperty                           Remove the ARM API version property and instead augment the ResourceType with it
verifyNoErroredTypes                               Verify there are no ErroredType's containing errors
stripUnreferenced                                  Strip unreferenced types
replaceAnyTypeWithJSON                             Replace properties using interface{} with arbitrary JSON
flattenProperties                                  Apply flattening to properties marked for flattening
stripUnreferenced                                  Strip unreferenced types
addCrossplaneOwnerProperties            crossplane Add the 3-tuple of (xName, xNameRef, xNameSelector) for each owning resource
addCrossplaneForProviderProperty        crossplane Add a 'ForProvider' property on every spec
addCrossplaneAtProviderProperty         crossplane Add an 'AtProvider' property on every status
addCrossplaneEmbeddedResourceSpec       crossplane Add an embedded runtimev1alpha1.ResourceSpec to every spec type
addCrossplaneEmbeddedResourceStatus     crossplane Add an embedded runtimev1alpha1.ResourceStatus to every status type
markStorageVersion                      crossplane Mark the latest API version of each resource as the storage version
simplifyDefinitions                                Flatten definitions by removing wrapper types
rogueCheck                                         Check for rogue definitions using AnyTypes
deleteGenerated                                    Delete generated code from .
exportPackages                                     Export packages to "."
reportResourceVersions                             Generate a report listing all the resources generated
