---
version: 1
interactions:
- request:
    body: '{"location":"westus2","name":"asotest-rg-vekjqn","tags":{"CreatedAt":"2001-02-03T04:05:06Z"}}'
    form: {}
    headers:
      Accept:
      - application/json
      Content-Length:
      - "93"
      Content-Type:
      - application/json
      Test-Request-Attempt:
      - "0"
    url: https://management.azure.com/subscriptions/00000000-0000-0000-0000-000000000000/resourceGroups/asotest-rg-vekjqn?api-version=2020-06-01
    method: PUT
  response:
    body: '{"id":"/subscriptions/00000000-0000-0000-0000-000000000000/resourceGroups/asotest-rg-vekjqn","name":"asotest-rg-vekjqn","type":"Microsoft.Resources/resourceGroups","location":"westus2","tags":{"CreatedAt":"2001-02-03T04:05:06Z"},"properties":{"provisioningState":"Succeeded"}}'
    headers:
      Cache-Control:
      - no-cache
      Content-Length:
      - "276"
      Content-Type:
      - application/json; charset=utf-8
      Expires:
      - "-1"
      Pragma:
      - no-cache
      Strict-Transport-Security:
      - max-age=31536000; includeSubDomains
      X-Content-Type-Options:
      - nosniff
    status: 201 Created
    code: 201
    duration: ""
- request:
    body: ""
    form: {}
    headers:
      Accept:
      - application/json
      Test-Request-Attempt:
      - "0"
    url: https://management.azure.com/subscriptions/00000000-0000-0000-0000-000000000000/resourceGroups/asotest-rg-vekjqn?api-version=2020-06-01
    method: GET
  response:
    body: '{"id":"/subscriptions/00000000-0000-0000-0000-000000000000/resourceGroups/asotest-rg-vekjqn","name":"asotest-rg-vekjqn","type":"Microsoft.Resources/resourceGroups","location":"westus2","tags":{"CreatedAt":"2001-02-03T04:05:06Z"},"properties":{"provisioningState":"Succeeded"}}'
    headers:
      Cache-Control:
      - no-cache
      Content-Type:
      - application/json; charset=utf-8
      Expires:
      - "-1"
      Pragma:
      - no-cache
      Strict-Transport-Security:
      - max-age=31536000; includeSubDomains
      Vary:
      - Accept-Encoding
      X-Content-Type-Options:
      - nosniff
    status: 200 OK
    code: 200
    duration: ""
- request:
    body: '{"kind":"StorageV2","location":"westcentralus","name":"asotestdnalnj","properties":{"accessTier":"Hot"},"sku":{"name":"Standard_LRS"}}'
    form: {}
    headers:
      Accept:
      - application/json
      Content-Length:
      - "134"
      Content-Type:
      - application/json
      Test-Request-Attempt:
      - "0"
    url: https://management.azure.com/subscriptions/00000000-0000-0000-0000-000000000000/resourceGroups/asotest-rg-vekjqn/providers/Microsoft.Storage/storageAccounts/asotestdnalnj?api-version=2021-04-01
    method: PUT
  response:
    body: ""
    headers:
      Cache-Control:
      - no-cache
      Content-Length:
      - "0"
      Content-Type:
      - text/plain; charset=utf-8
      Expires:
      - "-1"
      Location:
      - https://management.azure.com/subscriptions/00000000-0000-0000-0000-000000000000/providers/Microsoft.Storage/locations/westcentralus/asyncoperations/195df72f-1e3f-4124-82f6-c91a310b6b0e?monitor=true&api-version=2021-04-01
      Pragma:
      - no-cache
      Retry-After:
      - "17"
      Server:
      - Microsoft-Azure-Storage-Resource-Provider/1.0,Microsoft-HTTPAPI/2.0 Microsoft-HTTPAPI/2.0
      Strict-Transport-Security:
      - max-age=31536000; includeSubDomains
      X-Content-Type-Options:
      - nosniff
    status: 202 Accepted
    code: 202
    duration: ""
- request:
    body: ""
    form: {}
    headers:
      Test-Request-Attempt:
      - "0"
    url: https://management.azure.com/subscriptions/00000000-0000-0000-0000-000000000000/providers/Microsoft.Storage/locations/westcentralus/asyncoperations/195df72f-1e3f-4124-82f6-c91a310b6b0e?monitor=true&api-version=2021-04-01
    method: GET
  response:
    body: ""
    headers:
      Cache-Control:
      - no-cache
      Content-Length:
      - "0"
      Content-Type:
      - text/plain; charset=utf-8
      Expires:
      - "-1"
      Location:
      - https://management.azure.com/subscriptions/00000000-0000-0000-0000-000000000000/providers/Microsoft.Storage/locations/westcentralus/asyncoperations/195df72f-1e3f-4124-82f6-c91a310b6b0e?monitor=true&api-version=2021-04-01
      Pragma:
      - no-cache
      Retry-After:
      - "17"
      Server:
      - Microsoft-Azure-Storage-Resource-Provider/1.0,Microsoft-HTTPAPI/2.0 Microsoft-HTTPAPI/2.0
      Strict-Transport-Security:
      - max-age=31536000; includeSubDomains
      X-Content-Type-Options:
      - nosniff
    status: 202 Accepted
    code: 202
    duration: ""
- request:
    body: ""
    form: {}
    headers:
      Test-Request-Attempt:
      - "1"
    url: https://management.azure.com/subscriptions/00000000-0000-0000-0000-000000000000/providers/Microsoft.Storage/locations/westcentralus/asyncoperations/195df72f-1e3f-4124-82f6-c91a310b6b0e?monitor=true&api-version=2021-04-01
    method: GET
  response:
    body: '{"sku":{"name":"Standard_LRS","tier":"Standard"},"kind":"StorageV2","id":"/subscriptions/00000000-0000-0000-0000-000000000000/resourceGroups/asotest-rg-vekjqn/providers/Microsoft.Storage/storageAccounts/asotestdnalnj","name":"asotestdnalnj","type":"Microsoft.Storage/storageAccounts","location":"westcentralus","tags":{},"properties":{"keyCreationTime":{"key1":"2001-02-03T04:05:06Z","key2":"2001-02-03T04:05:06Z"},"privateEndpointConnections":[],"networkAcls":{"bypass":"AzureServices","virtualNetworkRules":[],"ipRules":[],"defaultAction":"Allow"},"supportsHttpsTrafficOnly":true,"encryption":{"services":{"file":{"keyType":"Account","enabled":true,"lastEnabledTime":"2001-02-03T04:05:06Z"},"blob":{"keyType":"Account","enabled":true,"lastEnabledTime":"2001-02-03T04:05:06Z"}},"keySource":"Microsoft.Storage"},"accessTier":"Hot","provisioningState":"Succeeded","creationTime":"2001-02-03T04:05:06Z","primaryEndpoints":{"dfs":"https://asotestdnalnj.dfs.core.windows.net/","web":"https://asotestdnalnj.z4.web.core.windows.net/","blob":"https://asotestdnalnj.blob.core.windows.net/","queue":"https://asotestdnalnj.queue.core.windows.net/","table":"https://asotestdnalnj.table.core.windows.net/","file":"https://asotestdnalnj.file.core.windows.net/"},"primaryLocation":"westcentralus","statusOfPrimary":"available"}}'
    headers:
      Cache-Control:
      - no-cache
      Content-Type:
      - application/json
      Expires:
      - "-1"
      Pragma:
      - no-cache
      Server:
      - Microsoft-Azure-Storage-Resource-Provider/1.0,Microsoft-HTTPAPI/2.0 Microsoft-HTTPAPI/2.0
      Strict-Transport-Security:
      - max-age=31536000; includeSubDomains
      Vary:
      - Accept-Encoding
      X-Content-Type-Options:
      - nosniff
    status: 200 OK
    code: 200
    duration: ""
- request:
    body: ""
    form: {}
    headers:
      Accept:
      - application/json
      Test-Request-Attempt:
      - "0"
    url: https://management.azure.com/subscriptions/00000000-0000-0000-0000-000000000000/resourceGroups/asotest-rg-vekjqn/providers/Microsoft.Storage/storageAccounts/asotestdnalnj?api-version=2021-04-01
    method: GET
  response:
    body: '{"sku":{"name":"Standard_LRS","tier":"Standard"},"kind":"StorageV2","id":"/subscriptions/00000000-0000-0000-0000-000000000000/resourceGroups/asotest-rg-vekjqn/providers/Microsoft.Storage/storageAccounts/asotestdnalnj","name":"asotestdnalnj","type":"Microsoft.Storage/storageAccounts","location":"westcentralus","tags":{},"properties":{"keyCreationTime":{"key1":"2001-02-03T04:05:06Z","key2":"2001-02-03T04:05:06Z"},"privateEndpointConnections":[],"networkAcls":{"bypass":"AzureServices","virtualNetworkRules":[],"ipRules":[],"defaultAction":"Allow"},"supportsHttpsTrafficOnly":true,"encryption":{"services":{"file":{"keyType":"Account","enabled":true,"lastEnabledTime":"2001-02-03T04:05:06Z"},"blob":{"keyType":"Account","enabled":true,"lastEnabledTime":"2001-02-03T04:05:06Z"}},"keySource":"Microsoft.Storage"},"accessTier":"Hot","provisioningState":"Succeeded","creationTime":"2001-02-03T04:05:06Z","primaryEndpoints":{"dfs":"https://asotestdnalnj.dfs.core.windows.net/","web":"https://asotestdnalnj.z4.web.core.windows.net/","blob":"https://asotestdnalnj.blob.core.windows.net/","queue":"https://asotestdnalnj.queue.core.windows.net/","table":"https://asotestdnalnj.table.core.windows.net/","file":"https://asotestdnalnj.file.core.windows.net/"},"primaryLocation":"westcentralus","statusOfPrimary":"available"}}'
    headers:
      Cache-Control:
      - no-cache
      Content-Type:
      - application/json
      Expires:
      - "-1"
      Pragma:
      - no-cache
      Server:
      - Microsoft-Azure-Storage-Resource-Provider/1.0,Microsoft-HTTPAPI/2.0 Microsoft-HTTPAPI/2.0
      Strict-Transport-Security:
      - max-age=31536000; includeSubDomains
      Vary:
      - Accept-Encoding
      X-Content-Type-Options:
      - nosniff
    status: 200 OK
    code: 200
    duration: ""
- request:
    body: '{"name":"default"}'
    form: {}
    headers:
      Accept:
      - application/json
      Content-Length:
      - "18"
      Content-Type:
      - application/json
      Test-Request-Attempt:
      - "0"
    url: https://management.azure.com/subscriptions/00000000-0000-0000-0000-000000000000/resourceGroups/asotest-rg-vekjqn/providers/Microsoft.Storage/storageAccounts/asotestdnalnj/queueServices/default?api-version=2021-04-01
    method: PUT
  response:
    body: '{"name":"default"}'
    headers:
      Cache-Control:
      - no-cache
      Content-Type:
      - application/json
      Expires:
      - "-1"
      Pragma:
      - no-cache
      Server:
      - Microsoft-Azure-Storage-Resource-Provider/1.0,Microsoft-HTTPAPI/2.0 Microsoft-HTTPAPI/2.0
      Strict-Transport-Security:
      - max-age=31536000; includeSubDomains
      Vary:
      - Accept-Encoding
      X-Content-Type-Options:
      - nosniff
    status: 200 OK
    code: 200
    duration: ""
- request:
    body: '{"name":"default"}'
    form: {}
    headers:
      Accept:
      - application/json
      Content-Length:
      - "18"
      Content-Type:
      - application/json
      Test-Request-Attempt:
      - "0"
    url: https://management.azure.com/subscriptions/00000000-0000-0000-0000-000000000000/resourceGroups/asotest-rg-vekjqn/providers/Microsoft.Storage/storageAccounts/asotestdnalnj/tableServices/default?api-version=2022-09-01
    method: PUT
  response:
    body: '{"name":"default"}'
    headers:
      Cache-Control:
      - no-cache
      Content-Type:
      - application/json
      Expires:
      - "-1"
      Pragma:
      - no-cache
      Server:
      - Microsoft-Azure-Storage-Resource-Provider/1.0,Microsoft-HTTPAPI/2.0 Microsoft-HTTPAPI/2.0
      Strict-Transport-Security:
      - max-age=31536000; includeSubDomains
      Vary:
      - Accept-Encoding
      X-Content-Type-Options:
      - nosniff
    status: 200 OK
    code: 200
    duration: ""
- request:
    body: '{"name":"default"}'
    form: {}
    headers:
      Accept:
      - application/json
      Content-Length:
      - "18"
      Content-Type:
      - application/json
      Test-Request-Attempt:
      - "0"
    url: https://management.azure.com/subscriptions/00000000-0000-0000-0000-000000000000/resourceGroups/asotest-rg-vekjqn/providers/Microsoft.Storage/storageAccounts/asotestdnalnj/blobServices/default?api-version=2021-04-01
    method: PUT
  response:
    body: '{"name":"default"}'
    headers:
      Cache-Control:
      - no-cache
      Content-Type:
      - application/json
      Expires:
      - "-1"
      Pragma:
      - no-cache
      Server:
      - Microsoft-Azure-Storage-Resource-Provider/1.0,Microsoft-HTTPAPI/2.0 Microsoft-HTTPAPI/2.0
      Strict-Transport-Security:
      - max-age=31536000; includeSubDomains
      Vary:
      - Accept-Encoding
      X-Content-Type-Options:
      - nosniff
    status: 200 OK
    code: 200
    duration: ""
- request:
    body: '{"name":"default","properties":{"policy":{"rules":[{"definition":{"actions":{"version":{"delete":{"daysAfterCreationGreaterThan":30}}},"filters":{"blobTypes":["blockBlob"],"prefixMatch":["sample-container/blob1"]}},"enabled":true,"name":"test-rule","type":"Lifecycle"}]}}}'
    form: {}
    headers:
      Accept:
      - application/json
      Content-Length:
      - "272"
      Content-Type:
      - application/json
      Test-Request-Attempt:
      - "0"
    url: https://management.azure.com/subscriptions/00000000-0000-0000-0000-000000000000/resourceGroups/asotest-rg-vekjqn/providers/Microsoft.Storage/storageAccounts/asotestdnalnj/managementPolicies/default?api-version=2021-04-01
    method: PUT
  response:
    body: '{"id":"/subscriptions/00000000-0000-0000-0000-000000000000/resourceGroups/asotest-rg-vekjqn/providers/Microsoft.Storage/storageAccounts/asotestdnalnj/managementPolicies/default","name":"DefaultManagementPolicy","type":"Microsoft.Storage/storageAccounts/managementPolicies","properties":{"policy":{"rules":[{"enabled":true,"name":"test-rule","type":"Lifecycle","definition":{"actions":{"version":{"delete":{"daysAfterCreationGreaterThan":30.0}}},"filters":{"blobTypes":["blockBlob"],"prefixMatch":["sample-container/blob1"]}}}]},"lastModifiedTime":"2001-02-03T04:05:06Z"}}'
    headers:
      Cache-Control:
      - no-cache
      Content-Type:
      - application/json
      Expires:
      - "-1"
      Pragma:
      - no-cache
      Server:
      - Microsoft-Azure-Storage-Resource-Provider/1.0,Microsoft-HTTPAPI/2.0 Microsoft-HTTPAPI/2.0
      Strict-Transport-Security:
      - max-age=31536000; includeSubDomains
      Vary:
      - Accept-Encoding
      X-Content-Type-Options:
      - nosniff
    status: 200 OK
    code: 200
    duration: ""
- request:
    body: ""
    form: {}
    headers:
      Accept:
      - application/json
      Test-Request-Attempt:
      - "0"
    url: https://management.azure.com/subscriptions/00000000-0000-0000-0000-000000000000/resourceGroups/asotest-rg-vekjqn/providers/Microsoft.Storage/storageAccounts/asotestdnalnj/queueServices/default?api-version=2021-04-01
    method: GET
  response:
    body: '{"id":"/subscriptions/00000000-0000-0000-0000-000000000000/resourceGroups/asotest-rg-vekjqn/providers/Microsoft.Storage/storageAccounts/asotestdnalnj/queueServices/default","name":"default","type":"Microsoft.Storage/storageAccounts/queueServices","properties":{"cors":{"corsRules":[]}}}'
    headers:
      Cache-Control:
      - no-cache
      Content-Type:
      - application/json
      Expires:
      - "-1"
      Pragma:
      - no-cache
      Server:
      - Microsoft-Azure-Storage-Resource-Provider/1.0,Microsoft-HTTPAPI/2.0 Microsoft-HTTPAPI/2.0
      Strict-Transport-Security:
      - max-age=31536000; includeSubDomains
      Vary:
      - Accept-Encoding
      X-Content-Type-Options:
      - nosniff
    status: 200 OK
    code: 200
    duration: ""
- request:
    body: ""
    form: {}
    headers:
      Accept:
      - application/json
      Test-Request-Attempt:
      - "0"
    url: https://management.azure.com/subscriptions/00000000-0000-0000-0000-000000000000/resourceGroups/asotest-rg-vekjqn/providers/Microsoft.Storage/storageAccounts/asotestdnalnj/tableServices/default?api-version=2022-09-01
    method: GET
  response:
    body: '{"id":"/subscriptions/00000000-0000-0000-0000-000000000000/resourceGroups/asotest-rg-vekjqn/providers/Microsoft.Storage/storageAccounts/asotestdnalnj/tableServices/default","name":"default","type":"Microsoft.Storage/storageAccounts/tableServices","properties":{"cors":{"corsRules":[]}}}'
    headers:
      Cache-Control:
      - no-cache
      Content-Type:
      - application/json
      Expires:
      - "-1"
      Pragma:
      - no-cache
      Server:
      - Microsoft-Azure-Storage-Resource-Provider/1.0,Microsoft-HTTPAPI/2.0 Microsoft-HTTPAPI/2.0
      Strict-Transport-Security:
      - max-age=31536000; includeSubDomains
      Vary:
      - Accept-Encoding
      X-Content-Type-Options:
      - nosniff
    status: 200 OK
    code: 200
    duration: ""
- request:
    body: ""
    form: {}
    headers:
      Accept:
      - application/json
      Test-Request-Attempt:
      - "0"
    url: https://management.azure.com/subscriptions/00000000-0000-0000-0000-000000000000/resourceGroups/asotest-rg-vekjqn/providers/Microsoft.Storage/storageAccounts/asotestdnalnj/managementPolicies/default?api-version=2021-04-01
    method: GET
  response:
    body: '{"id":"/subscriptions/00000000-0000-0000-0000-000000000000/resourceGroups/asotest-rg-vekjqn/providers/Microsoft.Storage/storageAccounts/asotestdnalnj/managementPolicies/default","name":"DefaultManagementPolicy","type":"Microsoft.Storage/storageAccounts/managementPolicies","properties":{"policy":{"rules":[{"enabled":true,"name":"test-rule","type":"Lifecycle","definition":{"actions":{"version":{"delete":{"daysAfterCreationGreaterThan":30.0}}},"filters":{"blobTypes":["blockBlob"],"prefixMatch":["sample-container/blob1"]}}}]},"lastModifiedTime":"2001-02-03T04:05:06Z"}}'
    headers:
      Cache-Control:
      - no-cache
      Content-Type:
      - application/json
      Expires:
      - "-1"
      Pragma:
      - no-cache
      Server:
      - Microsoft-Azure-Storage-Resource-Provider/1.0,Microsoft-HTTPAPI/2.0 Microsoft-HTTPAPI/2.0
      Strict-Transport-Security:
      - max-age=31536000; includeSubDomains
      Vary:
      - Accept-Encoding
      X-Content-Type-Options:
      - nosniff
    status: 200 OK
    code: 200
    duration: ""
- request:
    body: ""
    form: {}
    headers:
      Accept:
      - application/json
      Test-Request-Attempt:
      - "0"
    url: https://management.azure.com/subscriptions/00000000-0000-0000-0000-000000000000/resourceGroups/asotest-rg-vekjqn/providers/Microsoft.Storage/storageAccounts/asotestdnalnj/blobServices/default?api-version=2021-04-01
    method: GET
  response:
    body: '{"sku":{"name":"Standard_LRS","tier":"Standard"},"id":"/subscriptions/00000000-0000-0000-0000-000000000000/resourceGroups/asotest-rg-vekjqn/providers/Microsoft.Storage/storageAccounts/asotestdnalnj/blobServices/default","name":"default","type":"Microsoft.Storage/storageAccounts/blobServices","properties":{"cors":{"corsRules":[]},"deleteRetentionPolicy":{"allowPermanentDelete":false,"enabled":false}}}'
    headers:
      Cache-Control:
      - no-cache
      Content-Type:
      - application/json
      Expires:
      - "-1"
      Pragma:
      - no-cache
      Server:
      - Microsoft-Azure-Storage-Resource-Provider/1.0,Microsoft-HTTPAPI/2.0 Microsoft-HTTPAPI/2.0
      Strict-Transport-Security:
      - max-age=31536000; includeSubDomains
      Vary:
      - Accept-Encoding
      X-Content-Type-Options:
      - nosniff
    status: 200 OK
    code: 200
    duration: ""
- request:
    body: '{"name":"default"}'
    form: {}
    headers:
      Accept:
      - application/json
      Content-Length:
      - "18"
      Content-Type:
      - application/json
      Test-Request-Attempt:
      - "0"
    url: https://management.azure.com/subscriptions/00000000-0000-0000-0000-000000000000/resourceGroups/asotest-rg-vekjqn/providers/Microsoft.Storage/storageAccounts/asotestdnalnj/fileServices/default?api-version=2022-09-01
    method: PUT
  response:
    body: '{"name":"default"}'
    headers:
      Cache-Control:
      - no-cache
      Content-Type:
      - application/json
      Expires:
      - "-1"
      Pragma:
      - no-cache
      Server:
      - Microsoft-Azure-Storage-Resource-Provider/1.0,Microsoft-HTTPAPI/2.0 Microsoft-HTTPAPI/2.0
      Strict-Transport-Security:
      - max-age=31536000; includeSubDomains
      Vary:
      - Accept-Encoding
      X-Content-Type-Options:
      - nosniff
    status: 200 OK
    code: 200
    duration: ""
- request:
    body: ""
    form: {}
    headers:
      Accept:
      - application/json
      Test-Request-Attempt:
      - "0"
    url: https://management.azure.com/subscriptions/00000000-0000-0000-0000-000000000000/resourceGroups/asotest-rg-vekjqn/providers/Microsoft.Storage/storageAccounts/asotestdnalnj/fileServices/default?api-version=2022-09-01
    method: GET
  response:
    body: '{"sku":{"name":"Standard_LRS","tier":"Standard"},"id":"/subscriptions/00000000-0000-0000-0000-000000000000/resourceGroups/asotest-rg-vekjqn/providers/Microsoft.Storage/storageAccounts/asotestdnalnj/fileServices/default","name":"default","type":"Microsoft.Storage/storageAccounts/fileServices","properties":{"protocolSettings":{"smb":{}},"cors":{"corsRules":[]},"shareDeleteRetentionPolicy":{"enabled":true,"days":7}}}'
    headers:
      Cache-Control:
      - no-cache
      Content-Type:
      - application/json
      Expires:
      - "-1"
      Pragma:
      - no-cache
      Server:
      - Microsoft-Azure-Storage-Resource-Provider/1.0,Microsoft-HTTPAPI/2.0 Microsoft-HTTPAPI/2.0
      Strict-Transport-Security:
      - max-age=31536000; includeSubDomains
      Vary:
      - Accept-Encoding
      X-Content-Type-Options:
      - nosniff
    status: 200 OK
    code: 200
    duration: ""
- request:
    body: '{"name":"asotestiaacmi"}'
    form: {}
    headers:
      Accept:
      - application/json
      Content-Length:
      - "24"
      Content-Type:
      - application/json
      Test-Request-Attempt:
      - "0"
    url: https://management.azure.com/subscriptions/00000000-0000-0000-0000-000000000000/resourceGroups/asotest-rg-vekjqn/providers/Microsoft.Storage/storageAccounts/asotestdnalnj/queueServices/default/queues/asotestiaacmi?api-version=2021-04-01
    method: PUT
  response:
    body: '{"id":"/subscriptions/00000000-0000-0000-0000-000000000000/resourceGroups/asotest-rg-vekjqn/providers/Microsoft.Storage/storageAccounts/asotestdnalnj/queueServices/default/queues/asotestiaacmi","name":"asotestiaacmi","type":"Microsoft.Storage/storageAccounts/queueServices/queues","properties":{"metadata":{}}}'
    headers:
      Cache-Control:
      - no-cache
      Content-Type:
      - application/json
      Expires:
      - "-1"
      Pragma:
      - no-cache
      Server:
      - Microsoft-Azure-Storage-Resource-Provider/1.0,Microsoft-HTTPAPI/2.0 Microsoft-HTTPAPI/2.0
      Strict-Transport-Security:
      - max-age=31536000; includeSubDomains
      Vary:
      - Accept-Encoding
      X-Content-Type-Options:
      - nosniff
    status: 200 OK
    code: 200
    duration: ""
- request:
    body: '{"name":"asotestjzzznm"}'
    form: {}
    headers:
      Accept:
      - application/json
      Content-Length:
      - "24"
      Content-Type:
      - application/json
      Test-Request-Attempt:
      - "0"
    url: https://management.azure.com/subscriptions/00000000-0000-0000-0000-000000000000/resourceGroups/asotest-rg-vekjqn/providers/Microsoft.Storage/storageAccounts/asotestdnalnj/tableServices/default/tables/asotestjzzznm?api-version=2022-09-01
    method: PUT
  response:
    body: '{"id":"/subscriptions/00000000-0000-0000-0000-000000000000/resourceGroups/asotest-rg-vekjqn/providers/Microsoft.Storage/storageAccounts/asotestdnalnj/tableServices/default/tables/asotestjzzznm","name":"asotestjzzznm","type":"Microsoft.Storage/storageAccounts/tableServices/tables","properties":{"tableName":"asotestjzzznm"}}'
    headers:
      Cache-Control:
      - no-cache
      Content-Type:
      - application/json
      Expires:
      - "-1"
      Pragma:
      - no-cache
      Server:
      - Microsoft-Azure-Storage-Resource-Provider/1.0,Microsoft-HTTPAPI/2.0 Microsoft-HTTPAPI/2.0
      Strict-Transport-Security:
      - max-age=31536000; includeSubDomains
      Vary:
      - Accept-Encoding
      X-Content-Type-Options:
      - nosniff
    status: 200 OK
    code: 200
    duration: ""
- request:
    body: '{"name":"asotesturonji"}'
    form: {}
    headers:
      Accept:
      - application/json
      Content-Length:
      - "24"
      Content-Type:
      - application/json
      Test-Request-Attempt:
      - "0"
    url: https://management.azure.com/subscriptions/00000000-0000-0000-0000-000000000000/resourceGroups/asotest-rg-vekjqn/providers/Microsoft.Storage/storageAccounts/asotestdnalnj/blobServices/default/containers/asotesturonji?api-version=2021-04-01
    method: PUT
  response:
    body: '{"id":"/subscriptions/00000000-0000-0000-0000-000000000000/resourceGroups/asotest-rg-vekjqn/providers/Microsoft.Storage/storageAccounts/asotestdnalnj/blobServices/default/containers/asotesturonji","name":"asotesturonji","type":"Microsoft.Storage/storageAccounts/blobServices/containers"}'
    headers:
      Cache-Control:
      - no-cache
      Content-Length:
      - "287"
      Content-Type:
      - application/json
      Etag:
      - '"0x8DB51B4E665774F"'
      Expires:
      - "-1"
      Pragma:
      - no-cache
      Server:
      - Microsoft-Azure-Storage-Resource-Provider/1.0,Microsoft-HTTPAPI/2.0 Microsoft-HTTPAPI/2.0
      Strict-Transport-Security:
      - max-age=31536000; includeSubDomains
      X-Content-Type-Options:
      - nosniff
    status: 201 Created
    code: 201
    duration: ""
- request:
    body: '{"name":"asotestapahft"}'
    form: {}
    headers:
      Accept:
      - application/json
      Content-Length:
      - "24"
      Content-Type:
      - application/json
      Test-Request-Attempt:
      - "0"
    url: https://management.azure.com/subscriptions/00000000-0000-0000-0000-000000000000/resourceGroups/asotest-rg-vekjqn/providers/Microsoft.Storage/storageAccounts/asotestdnalnj/fileServices/default/shares/asotestapahft?api-version=2022-09-01
    method: PUT
  response:
    body: '{"id":"/subscriptions/00000000-0000-0000-0000-000000000000/resourceGroups/asotest-rg-vekjqn/providers/Microsoft.Storage/storageAccounts/asotestdnalnj/fileServices/default/shares/asotestapahft","name":"asotestapahft","type":"Microsoft.Storage/storageAccounts/fileServices/shares"}'
    headers:
      Cache-Control:
      - no-cache
      Content-Length:
      - "279"
      Content-Type:
      - application/json
      Etag:
      - '"0x8DB51B4E66FF136"'
      Expires:
      - "-1"
      Pragma:
      - no-cache
      Server:
      - Microsoft-Azure-Storage-Resource-Provider/1.0,Microsoft-HTTPAPI/2.0 Microsoft-HTTPAPI/2.0
      Strict-Transport-Security:
      - max-age=31536000; includeSubDomains
      X-Content-Type-Options:
      - nosniff
    status: 201 Created
    code: 201
    duration: ""
- request:
    body: ""
    form: {}
    headers:
      Accept:
      - application/json
      Test-Request-Attempt:
      - "0"
    url: https://management.azure.com/subscriptions/00000000-0000-0000-0000-000000000000/resourceGroups/asotest-rg-vekjqn/providers/Microsoft.Storage/storageAccounts/asotestdnalnj/queueServices/default/queues/asotestiaacmi?api-version=2021-04-01
    method: GET
  response:
    body: '{"id":"/subscriptions/00000000-0000-0000-0000-000000000000/resourceGroups/asotest-rg-vekjqn/providers/Microsoft.Storage/storageAccounts/asotestdnalnj/queueServices/default/queues/asotestiaacmi","name":"asotestiaacmi","type":"Microsoft.Storage/storageAccounts/queueServices/queues","properties":{"metadata":{},"approximateMessageCount":0}}'
    headers:
      Cache-Control:
      - no-cache
      Content-Type:
      - application/json
      Expires:
      - "-1"
      Pragma:
      - no-cache
      Server:
      - Microsoft-Azure-Storage-Resource-Provider/1.0,Microsoft-HTTPAPI/2.0 Microsoft-HTTPAPI/2.0
      Strict-Transport-Security:
      - max-age=31536000; includeSubDomains
      Vary:
      - Accept-Encoding
      X-Content-Type-Options:
      - nosniff
    status: 200 OK
    code: 200
    duration: ""
- request:
    body: ""
    form: {}
    headers:
      Accept:
      - application/json
      Test-Request-Attempt:
      - "0"
    url: https://management.azure.com/subscriptions/00000000-0000-0000-0000-000000000000/resourceGroups/asotest-rg-vekjqn/providers/Microsoft.Storage/storageAccounts/asotestdnalnj/tableServices/default/tables/asotestjzzznm?api-version=2022-09-01
    method: GET
  response:
    body: '{"id":"/subscriptions/00000000-0000-0000-0000-000000000000/resourceGroups/asotest-rg-vekjqn/providers/Microsoft.Storage/storageAccounts/asotestdnalnj/tableServices/default/tables/asotestjzzznm","name":"asotestjzzznm","type":"Microsoft.Storage/storageAccounts/tableServices/tables","properties":{"signedIdentifiers":[],"tableName":"asotestjzzznm"}}'
    headers:
      Cache-Control:
      - no-cache
      Content-Type:
      - application/json
      Expires:
      - "-1"
      Pragma:
      - no-cache
      Server:
      - Microsoft-Azure-Storage-Resource-Provider/1.0,Microsoft-HTTPAPI/2.0 Microsoft-HTTPAPI/2.0
      Strict-Transport-Security:
      - max-age=31536000; includeSubDomains
      Vary:
      - Accept-Encoding
      X-Content-Type-Options:
      - nosniff
    status: 200 OK
    code: 200
    duration: ""
- request:
    body: ""
    form: {}
    headers:
      Test-Request-Attempt:
      - "0"
    url: https://management.azure.com/subscriptions/00000000-0000-0000-0000-000000000000/resourceGroups/asotest-rg-vekjqn/providers/Microsoft.Storage/storageAccounts/asotestdnalnj/blobServices/default/containers/asotesturonji?api-version=2021-04-01
    method: GET
  response:
    body: '{"id":"/subscriptions/00000000-0000-0000-0000-000000000000/resourceGroups/asotest-rg-vekjqn/providers/Microsoft.Storage/storageAccounts/asotestdnalnj/blobServices/default/containers/asotesturonji","name":"asotesturonji","type":"Microsoft.Storage/storageAccounts/blobServices/containers","etag":"\"0x8DB51B4E665774F\"","properties":{"deleted":false,"remainingRetentionDays":0,"defaultEncryptionScope":"$account-encryption-key","denyEncryptionScopeOverride":false,"publicAccess":"None","leaseStatus":"Unlocked","leaseState":"Available","lastModifiedTime":"2001-02-03T04:05:06Z","legalHold":{"hasLegalHold":false,"tags":[]},"hasImmutabilityPolicy":false,"hasLegalHold":false}}'
    headers:
      Cache-Control:
      - no-cache
      Content-Type:
      - application/json
      Etag:
      - '"0x8DB51B4E665774F"'
      Expires:
      - "-1"
      Pragma:
      - no-cache
      Server:
      - Microsoft-Azure-Storage-Resource-Provider/1.0,Microsoft-HTTPAPI/2.0 Microsoft-HTTPAPI/2.0
      Strict-Transport-Security:
      - max-age=31536000; includeSubDomains
      Vary:
      - Accept-Encoding
      X-Content-Type-Options:
      - nosniff
    status: 200 OK
    code: 200
    duration: ""
- request:
    body: ""
    form: {}
    headers:
      Test-Request-Attempt:
      - "0"
    url: https://management.azure.com/subscriptions/00000000-0000-0000-0000-000000000000/resourceGroups/asotest-rg-vekjqn/providers/Microsoft.Storage/storageAccounts/asotestdnalnj/fileServices/default/shares/asotestapahft?api-version=2022-09-01
    method: GET
  response:
    body: '{"id":"/subscriptions/00000000-0000-0000-0000-000000000000/resourceGroups/asotest-rg-vekjqn/providers/Microsoft.Storage/storageAccounts/asotestdnalnj/fileServices/default/shares/asotestapahft","name":"asotestapahft","type":"Microsoft.Storage/storageAccounts/fileServices/shares","etag":"\"0x8DB51B4E66FF136\"","properties":{"leaseStatus":"unlocked","leaseState":"available","signedIdentifiers":[],"accessTier":"TransactionOptimized","accessTierChangeTime":"2001-02-03T04:05:06Z","lastModifiedTime":"2001-02-03T04:05:06Z","shareQuota":5120}}'
    headers:
      Cache-Control:
      - no-cache
      Content-Type:
      - application/json
      Etag:
      - '"0x8DB51B4E66FF136"'
      Expires:
      - "-1"
      Pragma:
      - no-cache
      Server:
      - Microsoft-Azure-Storage-Resource-Provider/1.0,Microsoft-HTTPAPI/2.0 Microsoft-HTTPAPI/2.0
      Strict-Transport-Security:
      - max-age=31536000; includeSubDomains
      Vary:
      - Accept-Encoding
      X-Content-Type-Options:
      - nosniff
    status: 200 OK
    code: 200
    duration: ""
- request:
    body: ""
    form: {}
    headers:
      Accept:
      - application/json
      Test-Request-Attempt:
      - "1"
    url: https://management.azure.com/subscriptions/00000000-0000-0000-0000-000000000000/resourceGroups/asotest-rg-vekjqn/providers/Microsoft.Storage/storageAccounts/asotestdnalnj/blobServices/default/containers/asotesturonji?api-version=2021-04-01
    method: GET
  response:
    body: '{"id":"/subscriptions/00000000-0000-0000-0000-000000000000/resourceGroups/asotest-rg-vekjqn/providers/Microsoft.Storage/storageAccounts/asotestdnalnj/blobServices/default/containers/asotesturonji","name":"asotesturonji","type":"Microsoft.Storage/storageAccounts/blobServices/containers","etag":"\"0x8DB51B4E665774F\"","properties":{"deleted":false,"remainingRetentionDays":0,"defaultEncryptionScope":"$account-encryption-key","denyEncryptionScopeOverride":false,"publicAccess":"None","leaseStatus":"Unlocked","leaseState":"Available","lastModifiedTime":"2001-02-03T04:05:06Z","legalHold":{"hasLegalHold":false,"tags":[]},"hasImmutabilityPolicy":false,"hasLegalHold":false}}'
    headers:
      Cache-Control:
      - no-cache
      Content-Type:
      - application/json
      Etag:
      - '"0x8DB51B4E665774F"'
      Expires:
      - "-1"
      Pragma:
      - no-cache
      Server:
      - Microsoft-Azure-Storage-Resource-Provider/1.0,Microsoft-HTTPAPI/2.0 Microsoft-HTTPAPI/2.0
      Strict-Transport-Security:
      - max-age=31536000; includeSubDomains
      Vary:
      - Accept-Encoding
      X-Content-Type-Options:
      - nosniff
    status: 200 OK
    code: 200
    duration: ""
- request:
    body: ""
    form: {}
    headers:
      Accept:
      - application/json
      Test-Request-Attempt:
      - "1"
    url: https://management.azure.com/subscriptions/00000000-0000-0000-0000-000000000000/resourceGroups/asotest-rg-vekjqn/providers/Microsoft.Storage/storageAccounts/asotestdnalnj/fileServices/default/shares/asotestapahft?api-version=2022-09-01
    method: GET
  response:
    body: '{"id":"/subscriptions/00000000-0000-0000-0000-000000000000/resourceGroups/asotest-rg-vekjqn/providers/Microsoft.Storage/storageAccounts/asotestdnalnj/fileServices/default/shares/asotestapahft","name":"asotestapahft","type":"Microsoft.Storage/storageAccounts/fileServices/shares","etag":"\"0x8DB51B4E66FF136\"","properties":{"leaseStatus":"unlocked","leaseState":"available","signedIdentifiers":[],"accessTier":"TransactionOptimized","accessTierChangeTime":"2001-02-03T04:05:06Z","lastModifiedTime":"2001-02-03T04:05:06Z","shareQuota":5120}}'
    headers:
      Cache-Control:
      - no-cache
      Content-Type:
      - application/json
      Etag:
      - '"0x8DB51B4E66FF136"'
      Expires:
      - "-1"
      Pragma:
      - no-cache
      Server:
      - Microsoft-Azure-Storage-Resource-Provider/1.0,Microsoft-HTTPAPI/2.0 Microsoft-HTTPAPI/2.0
      Strict-Transport-Security:
      - max-age=31536000; includeSubDomains
      Vary:
      - Accept-Encoding
      X-Content-Type-Options:
      - nosniff
    status: 200 OK
    code: 200
    duration: ""
- request:
    body: ""
    form: {}
    headers:
      Accept:
      - application/json
      Test-Request-Attempt:
      - "0"
    url: https://management.azure.com/subscriptions/00000000-0000-0000-0000-000000000000/resourceGroups/asotest-rg-vekjqn?api-version=2020-06-01
    method: DELETE
  response:
    body: ""
    headers:
      Cache-Control:
      - no-cache
      Content-Length:
      - "0"
      Expires:
      - "-1"
      Location:
      - https://management.azure.com/subscriptions/00000000-0000-0000-0000-000000000000/operationresults/eyJqb2JJZCI6IlJFU09VUkNFR1JPVVBERUxFVElPTkpPQi1BU09URVNUOjJEUkc6MkRWRUtKUU4tV0VTVFVTMiIsImpvYkxvY2F0aW9uIjoid2VzdHVzMiJ9?api-version=2020-06-01
      Pragma:
      - no-cache
      Retry-After:
      - "15"
      Strict-Transport-Security:
      - max-age=31536000; includeSubDomains
      X-Content-Type-Options:
      - nosniff
    status: 202 Accepted
    code: 202
    duration: ""
- request:
    body: ""
    form: {}
    headers:
      Test-Request-Attempt:
      - "0"
    url: https://management.azure.com/subscriptions/00000000-0000-0000-0000-000000000000/operationresults/eyJqb2JJZCI6IlJFU09VUkNFR1JPVVBERUxFVElPTkpPQi1BU09URVNUOjJEUkc6MkRWRUtKUU4tV0VTVFVTMiIsImpvYkxvY2F0aW9uIjoid2VzdHVzMiJ9?api-version=2020-06-01
    method: GET
  response:
    body: ""
    headers:
      Cache-Control:
      - no-cache
      Content-Length:
      - "0"
      Expires:
      - "-1"
      Location:
      - https://management.azure.com/subscriptions/00000000-0000-0000-0000-000000000000/operationresults/eyJqb2JJZCI6IlJFU09VUkNFR1JPVVBERUxFVElPTkpPQi1BU09URVNUOjJEUkc6MkRWRUtKUU4tV0VTVFVTMiIsImpvYkxvY2F0aW9uIjoid2VzdHVzMiJ9?api-version=2020-06-01
      Pragma:
      - no-cache
      Retry-After:
      - "15"
      Strict-Transport-Security:
      - max-age=31536000; includeSubDomains
      X-Content-Type-Options:
      - nosniff
    status: 202 Accepted
    code: 202
    duration: ""
- request:
    body: ""
    form: {}
    headers:
      Test-Request-Attempt:
      - "1"
    url: https://management.azure.com/subscriptions/00000000-0000-0000-0000-000000000000/operationresults/eyJqb2JJZCI6IlJFU09VUkNFR1JPVVBERUxFVElPTkpPQi1BU09URVNUOjJEUkc6MkRWRUtKUU4tV0VTVFVTMiIsImpvYkxvY2F0aW9uIjoid2VzdHVzMiJ9?api-version=2020-06-01
    method: GET
  response:
    body: ""
    headers:
      Cache-Control:
      - no-cache
      Content-Length:
      - "0"
      Expires:
      - "-1"
      Location:
      - https://management.azure.com/subscriptions/00000000-0000-0000-0000-000000000000/operationresults/eyJqb2JJZCI6IlJFU09VUkNFR1JPVVBERUxFVElPTkpPQi1BU09URVNUOjJEUkc6MkRWRUtKUU4tV0VTVFVTMiIsImpvYkxvY2F0aW9uIjoid2VzdHVzMiJ9?api-version=2020-06-01
      Pragma:
      - no-cache
      Retry-After:
      - "15"
      Strict-Transport-Security:
      - max-age=31536000; includeSubDomains
      X-Content-Type-Options:
      - nosniff
    status: 202 Accepted
    code: 202
    duration: ""
- request:
    body: ""
    form: {}
    headers:
      Test-Request-Attempt:
      - "2"
    url: https://management.azure.com/subscriptions/00000000-0000-0000-0000-000000000000/operationresults/eyJqb2JJZCI6IlJFU09VUkNFR1JPVVBERUxFVElPTkpPQi1BU09URVNUOjJEUkc6MkRWRUtKUU4tV0VTVFVTMiIsImpvYkxvY2F0aW9uIjoid2VzdHVzMiJ9?api-version=2020-06-01
    method: GET
  response:
    body: ""
    headers:
      Cache-Control:
      - no-cache
      Content-Length:
      - "0"
      Expires:
      - "-1"
      Location:
      - https://management.azure.com/subscriptions/00000000-0000-0000-0000-000000000000/operationresults/eyJqb2JJZCI6IlJFU09VUkNFR1JPVVBERUxFVElPTkpPQi1BU09URVNUOjJEUkc6MkRWRUtKUU4tV0VTVFVTMiIsImpvYkxvY2F0aW9uIjoid2VzdHVzMiJ9?api-version=2020-06-01
      Pragma:
      - no-cache
      Retry-After:
      - "15"
      Strict-Transport-Security:
      - max-age=31536000; includeSubDomains
      X-Content-Type-Options:
      - nosniff
    status: 202 Accepted
    code: 202
    duration: ""
- request:
    body: ""
    form: {}
    headers:
      Test-Request-Attempt:
      - "3"
    url: https://management.azure.com/subscriptions/00000000-0000-0000-0000-000000000000/operationresults/eyJqb2JJZCI6IlJFU09VUkNFR1JPVVBERUxFVElPTkpPQi1BU09URVNUOjJEUkc6MkRWRUtKUU4tV0VTVFVTMiIsImpvYkxvY2F0aW9uIjoid2VzdHVzMiJ9?api-version=2020-06-01
    method: GET
  response:
    body: ""
    headers:
      Cache-Control:
      - no-cache
      Content-Length:
      - "0"
      Expires:
      - "-1"
      Location:
      - https://management.azure.com/subscriptions/00000000-0000-0000-0000-000000000000/operationresults/eyJqb2JJZCI6IlJFU09VUkNFR1JPVVBERUxFVElPTkpPQi1BU09URVNUOjJEUkc6MkRWRUtKUU4tV0VTVFVTMiIsImpvYkxvY2F0aW9uIjoid2VzdHVzMiJ9?api-version=2020-06-01
      Pragma:
      - no-cache
      Retry-After:
      - "15"
      Strict-Transport-Security:
      - max-age=31536000; includeSubDomains
      X-Content-Type-Options:
      - nosniff
    status: 202 Accepted
    code: 202
    duration: ""
- request:
    body: ""
    form: {}
    headers:
      Test-Request-Attempt:
      - "4"
    url: https://management.azure.com/subscriptions/00000000-0000-0000-0000-000000000000/operationresults/eyJqb2JJZCI6IlJFU09VUkNFR1JPVVBERUxFVElPTkpPQi1BU09URVNUOjJEUkc6MkRWRUtKUU4tV0VTVFVTMiIsImpvYkxvY2F0aW9uIjoid2VzdHVzMiJ9?api-version=2020-06-01
    method: GET
  response:
    body: ""
    headers:
      Cache-Control:
      - no-cache
      Content-Length:
      - "0"
      Expires:
      - "-1"
      Pragma:
      - no-cache
      Strict-Transport-Security:
      - max-age=31536000; includeSubDomains
      X-Content-Type-Options:
      - nosniff
    status: 200 OK
    code: 200
    duration: ""
- request:
    body: ""
    form: {}
    headers:
      Accept:
      - application/json
      Test-Request-Attempt:
      - "0"
    url: https://management.azure.com/subscriptions/00000000-0000-0000-0000-000000000000/resourceGroups/asotest-rg-vekjqn/providers/Microsoft.Storage/storageAccounts/asotestdnalnj?api-version=2021-04-01
    method: DELETE
  response:
    body: '{"error":{"code":"ResourceGroupNotFound","message":"Resource group ''asotest-rg-vekjqn''
      could not be found."}}'
    headers:
      Cache-Control:
      - no-cache
      Content-Length:
      - "109"
      Content-Type:
      - application/json; charset=utf-8
      Expires:
      - "-1"
      Pragma:
      - no-cache
      Strict-Transport-Security:
      - max-age=31536000; includeSubDomains
      X-Content-Type-Options:
      - nosniff
      X-Ms-Failure-Cause:
      - gateway
    status: 404 Not Found
    code: 404
    duration: ""
- request:
    body: ""
    form: {}
    headers:
      Accept:
      - application/json
      Test-Request-Attempt:
      - "0"
    url: https://management.azure.com/subscriptions/00000000-0000-0000-0000-000000000000/resourceGroups/asotest-rg-vekjqn/providers/Microsoft.Storage/storageAccounts/asotestdnalnj/blobServices/default?api-version=2021-04-01
    method: DELETE
  response:
    body: '{"error":{"code":"ParentResourceNotFound","message":"Can not perform requested
      operation on nested resource. Parent resource ''asotestdnalnj'' not found."}}'
    headers:
      Cache-Control:
      - no-cache
      Content-Length:
      - "154"
      Content-Type:
      - application/json; charset=utf-8
      Expires:
      - "-1"
      Pragma:
      - no-cache
      Strict-Transport-Security:
      - max-age=31536000; includeSubDomains
      X-Content-Type-Options:
      - nosniff
      X-Ms-Failure-Cause:
      - gateway
    status: 404 Not Found
    code: 404
    duration: ""
- request:
    body: ""
    form: {}
    headers:
      Accept:
      - application/json
      Test-Request-Attempt:
      - "0"
    url: https://management.azure.com/subscriptions/00000000-0000-0000-0000-000000000000/resourceGroups/asotest-rg-vekjqn/providers/Microsoft.Storage/storageAccounts/asotestdnalnj/queueServices/default?api-version=2021-04-01
    method: DELETE
  response:
    body: '{"error":{"code":"ParentResourceNotFound","message":"Can not perform requested
      operation on nested resource. Parent resource ''asotestdnalnj'' not found."}}'
    headers:
      Cache-Control:
      - no-cache
      Content-Length:
      - "154"
      Content-Type:
      - application/json; charset=utf-8
      Expires:
      - "-1"
      Pragma:
      - no-cache
      Strict-Transport-Security:
      - max-age=31536000; includeSubDomains
      X-Content-Type-Options:
      - nosniff
      X-Ms-Failure-Cause:
      - gateway
    status: 404 Not Found
    code: 404
    duration: ""
- request:
    body: ""
    form: {}
    headers:
      Accept:
      - application/json
      Test-Request-Attempt:
      - "0"
    url: https://management.azure.com/subscriptions/00000000-0000-0000-0000-000000000000/resourceGroups/asotest-rg-vekjqn/providers/Microsoft.Storage/storageAccounts/asotestdnalnj/managementPolicies/default?api-version=2021-04-01
    method: DELETE
  response:
    body: '{"error":{"code":"ResourceNotFound","message":"The Resource ''Microsoft.Storage/storageAccounts/asotestdnalnj''
      under resource group ''asotest-rg-vekjqn'' was not found. For more details please
      go to https://aka.ms/ARMResourceNotFoundFix"}}'
    headers:
      Cache-Control:
      - no-cache
      Content-Length:
      - "236"
      Content-Type:
      - application/json; charset=utf-8
      Expires:
      - "-1"
      Pragma:
      - no-cache
      Strict-Transport-Security:
      - max-age=31536000; includeSubDomains
      X-Content-Type-Options:
      - nosniff
      X-Ms-Failure-Cause:
      - gateway
    status: 404 Not Found
    code: 404
    duration: ""
- request:
    body: ""
    form: {}
    headers:
      Accept:
      - application/json
      Test-Request-Attempt:
      - "0"
    url: https://management.azure.com/subscriptions/00000000-0000-0000-0000-000000000000/resourceGroups/asotest-rg-vekjqn/providers/Microsoft.Storage/storageAccounts/asotestdnalnj/fileServices/default?api-version=2022-09-01
    method: DELETE
  response:
    body: '{"error":{"code":"ParentResourceNotFound","message":"Can not perform requested
      operation on nested resource. Parent resource ''asotestdnalnj'' not found."}}'
    headers:
      Cache-Control:
      - no-cache
      Content-Length:
      - "154"
      Content-Type:
      - application/json; charset=utf-8
      Expires:
      - "-1"
      Pragma:
      - no-cache
      Strict-Transport-Security:
      - max-age=31536000; includeSubDomains
      X-Content-Type-Options:
      - nosniff
      X-Ms-Failure-Cause:
      - gateway
    status: 404 Not Found
    code: 404
    duration: ""
- request:
    body: ""
    form: {}
    headers:
      Accept:
      - application/json
      Test-Request-Attempt:
      - "0"
    url: https://management.azure.com/subscriptions/00000000-0000-0000-0000-000000000000/resourceGroups/asotest-rg-vekjqn/providers/Microsoft.Storage/storageAccounts/asotestdnalnj/tableServices/default?api-version=2022-09-01
    method: DELETE
  response:
    body: '{"error":{"code":"ParentResourceNotFound","message":"Can not perform requested
      operation on nested resource. Parent resource ''asotestdnalnj'' not found."}}'
    headers:
      Cache-Control:
      - no-cache
      Content-Length:
      - "154"
      Content-Type:
      - application/json; charset=utf-8
      Expires:
      - "-1"
      Pragma:
      - no-cache
      Strict-Transport-Security:
      - max-age=31536000; includeSubDomains
      X-Content-Type-Options:
      - nosniff
      X-Ms-Failure-Cause:
      - gateway
    status: 404 Not Found
    code: 404
    duration: ""
- request:
    body: ""
    form: {}
    headers:
      Accept:
      - application/json
      Test-Request-Attempt:
      - "0"
    url: https://management.azure.com/subscriptions/00000000-0000-0000-0000-000000000000/resourceGroups/asotest-rg-vekjqn/providers/Microsoft.Storage/storageAccounts/asotestdnalnj/tableServices/default/tables/asotestjzzznm?api-version=2022-09-01
    method: DELETE
  response:
    body: '{"error":{"code":"ParentResourceNotFound","message":"Can not perform requested
      operation on nested resource. Parent resource ''asotestdnalnj'' not found."}}'
    headers:
      Cache-Control:
      - no-cache
      Content-Length:
      - "154"
      Content-Type:
      - application/json; charset=utf-8
      Expires:
      - "-1"
      Pragma:
      - no-cache
      Strict-Transport-Security:
      - max-age=31536000; includeSubDomains
      X-Content-Type-Options:
      - nosniff
      X-Ms-Failure-Cause:
      - gateway
    status: 404 Not Found
    code: 404
    duration: ""
- request:
    body: ""
    form: {}
    headers:
      Accept:
      - application/json
      Test-Request-Attempt:
      - "0"
    url: https://management.azure.com/subscriptions/00000000-0000-0000-0000-000000000000/resourceGroups/asotest-rg-vekjqn/providers/Microsoft.Storage/storageAccounts/asotestdnalnj/fileServices/default/shares/asotestapahft?api-version=2022-09-01
    method: DELETE
  response:
    body: '{"error":{"code":"ParentResourceNotFound","message":"Can not perform requested
      operation on nested resource. Parent resource ''asotestdnalnj'' not found."}}'
    headers:
      Cache-Control:
      - no-cache
      Content-Length:
      - "154"
      Content-Type:
      - application/json; charset=utf-8
      Expires:
      - "-1"
      Pragma:
      - no-cache
      Strict-Transport-Security:
      - max-age=31536000; includeSubDomains
      X-Content-Type-Options:
      - nosniff
      X-Ms-Failure-Cause:
      - gateway
    status: 404 Not Found
    code: 404
    duration: ""
- request:
    body: ""
    form: {}
    headers:
      Accept:
      - application/json
      Test-Request-Attempt:
      - "0"
    url: https://management.azure.com/subscriptions/00000000-0000-0000-0000-000000000000/resourceGroups/asotest-rg-vekjqn/providers/Microsoft.Storage/storageAccounts/asotestdnalnj/queueServices/default/queues/asotestiaacmi?api-version=2021-04-01
    method: DELETE
  response:
    body: '{"error":{"code":"ParentResourceNotFound","message":"Can not perform requested
      operation on nested resource. Parent resource ''asotestdnalnj'' not found."}}'
    headers:
      Cache-Control:
      - no-cache
      Content-Length:
      - "154"
      Content-Type:
      - application/json; charset=utf-8
      Expires:
      - "-1"
      Pragma:
      - no-cache
      Strict-Transport-Security:
      - max-age=31536000; includeSubDomains
      X-Content-Type-Options:
      - nosniff
      X-Ms-Failure-Cause:
      - gateway
    status: 404 Not Found
    code: 404
    duration: ""
- request:
    body: ""
    form: {}
    headers:
      Accept:
      - application/json
      Test-Request-Attempt:
      - "0"
    url: https://management.azure.com/subscriptions/00000000-0000-0000-0000-000000000000/resourceGroups/asotest-rg-vekjqn/providers/Microsoft.Storage/storageAccounts/asotestdnalnj/blobServices/default/containers/asotesturonji?api-version=2021-04-01
    method: DELETE
  response:
    body: '{"error":{"code":"ParentResourceNotFound","message":"Can not perform requested
      operation on nested resource. Parent resource ''asotestdnalnj'' not found."}}'
    headers:
      Cache-Control:
      - no-cache
      Content-Length:
      - "154"
      Content-Type:
      - application/json; charset=utf-8
      Expires:
      - "-1"
      Pragma:
      - no-cache
      Strict-Transport-Security:
      - max-age=31536000; includeSubDomains
      X-Content-Type-Options:
      - nosniff
      X-Ms-Failure-Cause:
      - gateway
    status: 404 Not Found
    code: 404
    duration: ""
