---
version: 1
interactions:
- request:
    body: '{"name":"asotest-rg-gwixyz","location":"westus2","tags":{"CreatedAt":"2001-02-03T04:05:06Z"}}'
    form: {}
    headers:
      Accept:
      - application/json
      Content-Length:
      - "93"
      Content-Type:
      - application/json
      Test-Request-Attempt:
      - "0"
    url: https://management.azure.com/subscriptions/00000000-0000-0000-0000-000000000000/resourceGroups/asotest-rg-gwixyz?api-version=2020-06-01
    method: PUT
  response:
    body: '{"id":"/subscriptions/00000000-0000-0000-0000-000000000000/resourceGroups/asotest-rg-gwixyz","name":"asotest-rg-gwixyz","type":"Microsoft.Resources/resourceGroups","location":"westus2","tags":{"CreatedAt":"2001-02-03T04:05:06Z"},"properties":{"provisioningState":"Succeeded"}}'
    headers:
      Cache-Control:
      - no-cache
      Content-Length:
      - "276"
      Content-Type:
      - application/json; charset=utf-8
      Expires:
      - "-1"
      Pragma:
      - no-cache
      Strict-Transport-Security:
      - max-age=31536000; includeSubDomains
      X-Content-Type-Options:
      - nosniff
    status: 201 Created
    code: 201
    duration: ""
- request:
    body: ""
    form: {}
    headers:
      Accept:
      - application/json
      Test-Request-Attempt:
      - "0"
    url: https://management.azure.com/subscriptions/00000000-0000-0000-0000-000000000000/resourceGroups/asotest-rg-gwixyz?api-version=2020-06-01
    method: GET
  response:
    body: '{"id":"/subscriptions/00000000-0000-0000-0000-000000000000/resourceGroups/asotest-rg-gwixyz","name":"asotest-rg-gwixyz","type":"Microsoft.Resources/resourceGroups","location":"westus2","tags":{"CreatedAt":"2001-02-03T04:05:06Z"},"properties":{"provisioningState":"Succeeded"}}'
    headers:
      Cache-Control:
      - no-cache
      Content-Type:
      - application/json; charset=utf-8
      Expires:
      - "-1"
      Pragma:
      - no-cache
      Strict-Transport-Security:
      - max-age=31536000; includeSubDomains
      Vary:
      - Accept-Encoding
      X-Content-Type-Options:
      - nosniff
    status: 200 OK
    code: 200
    duration: ""
- request:
    body: '{"location":"westus2","name":"asotestuzefrx","properties":{"createMode":"Default","publicNetworkAccess":"Disabled"},"sku":{"name":"standard"}}'
    form: {}
    headers:
      Accept:
      - application/json
      Content-Length:
      - "142"
      Content-Type:
      - application/json
      Test-Request-Attempt:
      - "0"
    url: https://management.azure.com/subscriptions/00000000-0000-0000-0000-000000000000/resourceGroups/asotest-rg-gwixyz/providers/Microsoft.AppConfiguration/configurationStores/asotestuzefrx?api-version=2022-05-01
    method: PUT
  response:
    body: '{"type":"Microsoft.AppConfiguration/configurationStores","location":"westus2","properties":{"provisioningState":"Creating","creationDate":"2022-08-26T03:34:16.6207559+00:00","endpoint":null,"encryption":null,"privateEndpointConnections":null,"disableLocalAuth":null,"softDeleteRetentionInDays":null,"enablePurgeProtection":null},"sku":{"name":"standard"},"systemData":null,"id":"/subscriptions/00000000-0000-0000-0000-000000000000/resourceGroups/asotest-rg-gwixyz/providers/Microsoft.AppConfiguration/configurationStores/asotestuzefrx","name":"asotestuzefrx","tags":{}}'
    headers:
      Azure-Asyncoperation:
      - https://management.azure.com/subscriptions/00000000-0000-0000-0000-000000000000/providers/Microsoft.AppConfiguration/locations/westus2/operationsStatus/VBXuqIY9uKtw0Z6-6GJ42uL6zqsfy3OHGoaZrJk7A5E?api-version=2022-05-01
      Cache-Control:
      - no-cache
      Content-Length:
      - "569"
      Content-Type:
      - application/json; charset=utf-8
      Expires:
      - "-1"
      Pragma:
      - no-cache
      Retry-After:
      - "10"
      Server:
      - nginx/1.17.10
      Strict-Transport-Security:
      - max-age=31536000; includeSubDomains
      X-Content-Type-Options:
      - nosniff
    status: 201 Created
    code: 201
    duration: ""
- request:
    body: ""
    form: {}
    headers:
      Test-Request-Attempt:
      - "0"
    url: https://management.azure.com/subscriptions/00000000-0000-0000-0000-000000000000/providers/Microsoft.AppConfiguration/locations/westus2/operationsStatus/VBXuqIY9uKtw0Z6-6GJ42uL6zqsfy3OHGoaZrJk7A5E?api-version=2022-05-01
    method: GET
  response:
    body: '{"id":"/subscriptions/00000000-0000-0000-0000-000000000000/providers/Microsoft.AppConfiguration/locations/westus2/operationsStatus/VBXuqIY9uKtw0Z6-6GJ42uL6zqsfy3OHGoaZrJk7A5E","name":"VBXuqIY9uKtw0Z6-6GJ42uL6zqsfy3OHGoaZrJk7A5E","status":"Succeeded","error":null}'
    headers:
      Azure-Asyncoperation:
      - https://management.azure.com/subscriptions/00000000-0000-0000-0000-000000000000/providers/Microsoft.AppConfiguration/locations/westus2/operationsStatus/VBXuqIY9uKtw0Z6-6GJ42uL6zqsfy3OHGoaZrJk7A5E?api-version=2022-05-01
      Cache-Control:
      - no-cache
      Content-Type:
      - application/json; charset=utf-8
      Expires:
      - "-1"
      Pragma:
      - no-cache
      Server:
      - nginx/1.17.10
      Strict-Transport-Security:
      - max-age=31536000; includeSubDomains
      Vary:
      - Accept-Encoding,Accept-Encoding
      X-Content-Type-Options:
      - nosniff
    status: 200 OK
    code: 200
    duration: ""
- request:
    body: ""
    form: {}
    headers:
      Test-Request-Attempt:
      - "0"
    url: https://management.azure.com/subscriptions/00000000-0000-0000-0000-000000000000/resourceGroups/asotest-rg-gwixyz/providers/Microsoft.AppConfiguration/configurationStores/asotestuzefrx?api-version=2022-05-01
    method: GET
  response:
    body: '{"type":"Microsoft.AppConfiguration/configurationStores","location":"westus2","properties":{"provisioningState":"Succeeded","creationDate":"2022-08-26T03:34:17+00:00","endpoint":"https://asotestuzefrx.azconfig.io","encryption":{"keyVaultProperties":null},"privateEndpointConnections":null,"publicNetworkAccess":"Disabled","disableLocalAuth":false,"softDeleteRetentionInDays":7,"enablePurgeProtection":false},"sku":{"name":"standard"},"systemData":{"createdBy":"e99b5771-87b0-473b-b919-9b70e36ece7a","createdByType":"Application","createdAt":"2022-08-26T03:34:17+00:00","lastModifiedBy":"e99b5771-87b0-473b-b919-9b70e36ece7a","lastModifiedByType":"Application","lastModifiedAt":"2022-08-26T03:34:17+00:00"},"id":"/subscriptions/00000000-0000-0000-0000-000000000000/resourceGroups/asotest-rg-gwixyz/providers/Microsoft.AppConfiguration/configurationStores/asotestuzefrx","name":"asotestuzefrx","tags":{}}'
    headers:
      Cache-Control:
      - no-cache
      Content-Type:
      - application/json; charset=utf-8
      Etag:
      - W/"2900ca2e-0000-0800-0000-63083f390000"
      Expires:
      - "-1"
      Pragma:
      - no-cache
      Server:
      - nginx/1.17.10
      Strict-Transport-Security:
      - max-age=31536000; includeSubDomains
      Vary:
      - Accept-Encoding,Accept-Encoding
      X-Content-Type-Options:
      - nosniff
    status: 200 OK
    code: 200
    duration: ""
- request:
    body: ""
    form: {}
    headers:
      Accept:
      - application/json
      Test-Request-Attempt:
      - "1"
    url: https://management.azure.com/subscriptions/00000000-0000-0000-0000-000000000000/resourceGroups/asotest-rg-gwixyz/providers/Microsoft.AppConfiguration/configurationStores/asotestuzefrx?api-version=2022-05-01
    method: GET
  response:
    body: '{"type":"Microsoft.AppConfiguration/configurationStores","location":"westus2","properties":{"provisioningState":"Succeeded","creationDate":"2022-08-26T03:34:17+00:00","endpoint":"https://asotestuzefrx.azconfig.io","encryption":{"keyVaultProperties":null},"privateEndpointConnections":null,"publicNetworkAccess":"Disabled","disableLocalAuth":false,"softDeleteRetentionInDays":7,"enablePurgeProtection":false},"sku":{"name":"standard"},"systemData":{"createdBy":"e99b5771-87b0-473b-b919-9b70e36ece7a","createdByType":"Application","createdAt":"2022-08-26T03:34:17+00:00","lastModifiedBy":"e99b5771-87b0-473b-b919-9b70e36ece7a","lastModifiedByType":"Application","lastModifiedAt":"2022-08-26T03:34:17+00:00"},"id":"/subscriptions/00000000-0000-0000-0000-000000000000/resourceGroups/asotest-rg-gwixyz/providers/Microsoft.AppConfiguration/configurationStores/asotestuzefrx","name":"asotestuzefrx","tags":{}}'
    headers:
      Cache-Control:
      - no-cache
      Content-Type:
      - application/json; charset=utf-8
      Etag:
      - W/"2900ca2e-0000-0800-0000-63083f390000"
      Expires:
      - "-1"
      Pragma:
      - no-cache
      Server:
      - nginx/1.17.10
      Strict-Transport-Security:
      - max-age=31536000; includeSubDomains
      Vary:
      - Accept-Encoding,Accept-Encoding
      X-Content-Type-Options:
      - nosniff
    status: 200 OK
    code: 200
    duration: ""
- request:
    body: ""
    form: {}
    headers:
      Accept:
      - application/json
      Test-Request-Attempt:
      - "0"
    url: https://management.azure.com/subscriptions/00000000-0000-0000-0000-000000000000/resourceGroups/asotest-rg-gwixyz?api-version=2020-06-01
    method: DELETE
  response:
    body: ""
    headers:
      Cache-Control:
      - no-cache
      Content-Length:
      - "0"
      Expires:
      - "-1"
      Location:
      - https://management.azure.com/subscriptions/00000000-0000-0000-0000-000000000000/operationresults/eyJqb2JJZCI6IlJFU09VUkNFR1JPVVBERUxFVElPTkpPQi1BU09URVNUOjJEUkc6MkRHV0lYWVotV0VTVFVTMiIsImpvYkxvY2F0aW9uIjoid2VzdHVzMiJ9?api-version=2020-06-01
      Pragma:
      - no-cache
      Retry-After:
      - "15"
      Strict-Transport-Security:
      - max-age=31536000; includeSubDomains
      X-Content-Type-Options:
      - nosniff
    status: 202 Accepted
    code: 202
    duration: ""
- request:
    body: ""
    form: {}
    headers:
      Test-Request-Attempt:
      - "0"
    url: https://management.azure.com/subscriptions/00000000-0000-0000-0000-000000000000/operationresults/eyJqb2JJZCI6IlJFU09VUkNFR1JPVVBERUxFVElPTkpPQi1BU09URVNUOjJEUkc6MkRHV0lYWVotV0VTVFVTMiIsImpvYkxvY2F0aW9uIjoid2VzdHVzMiJ9?api-version=2020-06-01
    method: GET
  response:
    body: ""
    headers:
      Cache-Control:
      - no-cache
      Content-Length:
      - "0"
      Expires:
      - "-1"
      Location:
      - https://management.azure.com/subscriptions/00000000-0000-0000-0000-000000000000/operationresults/eyJqb2JJZCI6IlJFU09VUkNFR1JPVVBERUxFVElPTkpPQi1BU09URVNUOjJEUkc6MkRHV0lYWVotV0VTVFVTMiIsImpvYkxvY2F0aW9uIjoid2VzdHVzMiJ9?api-version=2020-06-01
      Pragma:
      - no-cache
      Retry-After:
      - "15"
      Strict-Transport-Security:
      - max-age=31536000; includeSubDomains
      X-Content-Type-Options:
      - nosniff
    status: 202 Accepted
    code: 202
    duration: ""
- request:
    body: ""
    form: {}
    headers:
      Test-Request-Attempt:
      - "1"
    url: https://management.azure.com/subscriptions/00000000-0000-0000-0000-000000000000/operationresults/eyJqb2JJZCI6IlJFU09VUkNFR1JPVVBERUxFVElPTkpPQi1BU09URVNUOjJEUkc6MkRHV0lYWVotV0VTVFVTMiIsImpvYkxvY2F0aW9uIjoid2VzdHVzMiJ9?api-version=2020-06-01
    method: GET
  response:
    body: ""
    headers:
      Cache-Control:
      - no-cache
      Content-Length:
      - "0"
      Expires:
      - "-1"
      Location:
      - https://management.azure.com/subscriptions/00000000-0000-0000-0000-000000000000/operationresults/eyJqb2JJZCI6IlJFU09VUkNFR1JPVVBERUxFVElPTkpPQi1BU09URVNUOjJEUkc6MkRHV0lYWVotV0VTVFVTMiIsImpvYkxvY2F0aW9uIjoid2VzdHVzMiJ9?api-version=2020-06-01
      Pragma:
      - no-cache
      Retry-After:
      - "15"
      Strict-Transport-Security:
      - max-age=31536000; includeSubDomains
      X-Content-Type-Options:
      - nosniff
    status: 202 Accepted
    code: 202
    duration: ""
- request:
    body: ""
    form: {}
    headers:
      Test-Request-Attempt:
      - "2"
    url: https://management.azure.com/subscriptions/00000000-0000-0000-0000-000000000000/operationresults/eyJqb2JJZCI6IlJFU09VUkNFR1JPVVBERUxFVElPTkpPQi1BU09URVNUOjJEUkc6MkRHV0lYWVotV0VTVFVTMiIsImpvYkxvY2F0aW9uIjoid2VzdHVzMiJ9?api-version=2020-06-01
    method: GET
  response:
    body: ""
    headers:
      Cache-Control:
      - no-cache
      Content-Length:
      - "0"
      Expires:
      - "-1"
      Location:
      - https://management.azure.com/subscriptions/00000000-0000-0000-0000-000000000000/operationresults/eyJqb2JJZCI6IlJFU09VUkNFR1JPVVBERUxFVElPTkpPQi1BU09URVNUOjJEUkc6MkRHV0lYWVotV0VTVFVTMiIsImpvYkxvY2F0aW9uIjoid2VzdHVzMiJ9?api-version=2020-06-01
      Pragma:
      - no-cache
      Retry-After:
      - "15"
      Strict-Transport-Security:
      - max-age=31536000; includeSubDomains
      X-Content-Type-Options:
      - nosniff
    status: 202 Accepted
    code: 202
    duration: ""
- request:
    body: ""
    form: {}
    headers:
      Test-Request-Attempt:
      - "3"
    url: https://management.azure.com/subscriptions/00000000-0000-0000-0000-000000000000/operationresults/eyJqb2JJZCI6IlJFU09VUkNFR1JPVVBERUxFVElPTkpPQi1BU09URVNUOjJEUkc6MkRHV0lYWVotV0VTVFVTMiIsImpvYkxvY2F0aW9uIjoid2VzdHVzMiJ9?api-version=2020-06-01
    method: GET
  response:
    body: ""
    headers:
      Cache-Control:
      - no-cache
      Content-Length:
      - "0"
      Expires:
      - "-1"
      Location:
      - https://management.azure.com/subscriptions/00000000-0000-0000-0000-000000000000/operationresults/eyJqb2JJZCI6IlJFU09VUkNFR1JPVVBERUxFVElPTkpPQi1BU09URVNUOjJEUkc6MkRHV0lYWVotV0VTVFVTMiIsImpvYkxvY2F0aW9uIjoid2VzdHVzMiJ9?api-version=2020-06-01
      Pragma:
      - no-cache
      Retry-After:
      - "15"
      Strict-Transport-Security:
      - max-age=31536000; includeSubDomains
      X-Content-Type-Options:
      - nosniff
    status: 202 Accepted
    code: 202
    duration: ""
- request:
    body: ""
    form: {}
    headers:
      Test-Request-Attempt:
      - "4"
    url: https://management.azure.com/subscriptions/00000000-0000-0000-0000-000000000000/operationresults/eyJqb2JJZCI6IlJFU09VUkNFR1JPVVBERUxFVElPTkpPQi1BU09URVNUOjJEUkc6MkRHV0lYWVotV0VTVFVTMiIsImpvYkxvY2F0aW9uIjoid2VzdHVzMiJ9?api-version=2020-06-01
    method: GET
  response:
    body: ""
    headers:
      Cache-Control:
      - no-cache
      Content-Length:
      - "0"
      Expires:
      - "-1"
      Pragma:
      - no-cache
      Strict-Transport-Security:
      - max-age=31536000; includeSubDomains
      X-Content-Type-Options:
      - nosniff
    status: 200 OK
    code: 200
    duration: ""
