---
version: 1
interactions:
- request:
    body: '{"name":"asotest-rg-ugkshl","location":"westus2","tags":{"CreatedAt":"2001-02-03T04:05:06Z"}}'
    form: {}
    headers:
      Accept:
      - application/json
      Content-Length:
      - "93"
      Content-Type:
      - application/json
      Test-Request-Attempt:
      - "0"
    url: https://management.azure.com/subscriptions/00000000-0000-0000-0000-000000000000/resourceGroups/asotest-rg-ugkshl?api-version=2020-06-01
    method: PUT
  response:
    body: '{"id":"/subscriptions/00000000-0000-0000-0000-000000000000/resourceGroups/asotest-rg-ugkshl","name":"asotest-rg-ugkshl","type":"Microsoft.Resources/resourceGroups","location":"westus2","tags":{"CreatedAt":"2001-02-03T04:05:06Z"},"properties":{"provisioningState":"Succeeded"}}'
    headers:
      Cache-Control:
      - no-cache
      Content-Length:
      - "276"
      Content-Type:
      - application/json; charset=utf-8
      Expires:
      - "-1"
      Pragma:
      - no-cache
      Strict-Transport-Security:
      - max-age=31536000; includeSubDomains
      X-Content-Type-Options:
      - nosniff
    status: 201 Created
    code: 201
    duration: ""
- request:
    body: ""
    form: {}
    headers:
      Accept:
      - application/json
      Test-Request-Attempt:
      - "0"
    url: https://management.azure.com/subscriptions/00000000-0000-0000-0000-000000000000/resourceGroups/asotest-rg-ugkshl?api-version=2020-06-01
    method: GET
  response:
    body: '{"id":"/subscriptions/00000000-0000-0000-0000-000000000000/resourceGroups/asotest-rg-ugkshl","name":"asotest-rg-ugkshl","type":"Microsoft.Resources/resourceGroups","location":"westus2","tags":{"CreatedAt":"2001-02-03T04:05:06Z"},"properties":{"provisioningState":"Succeeded"}}'
    headers:
      Cache-Control:
      - no-cache
      Content-Type:
      - application/json; charset=utf-8
      Expires:
      - "-1"
      Pragma:
      - no-cache
      Strict-Transport-Security:
      - max-age=31536000; includeSubDomains
      Vary:
      - Accept-Encoding
      X-Content-Type-Options:
      - nosniff
    status: 200 OK
    code: 200
    duration: ""
- request:
    body: '{"location":"eastus","name":"asotestiidskx","properties":{"administratorLogin":"myAdmin","administratorLoginPassword":"{PASSWORD}","storage":{"storageSizeGB":128},"version":"13"},"sku":{"name":"Standard_D4s_v3","tier":"GeneralPurpose"}}'
    form: {}
    headers:
      Accept:
      - application/json
      Content-Length:
      - "279"
      Content-Type:
      - application/json
      Test-Request-Attempt:
      - "0"
    url: https://management.azure.com/subscriptions/00000000-0000-0000-0000-000000000000/resourceGroups/asotest-rg-ugkshl/providers/Microsoft.DBforPostgreSQL/flexibleServers/asotestiidskx?api-version=2021-06-01
    method: PUT
  response:
    body: '{"operation":"UpsertServerManagementOperationV2","startTime":"2001-02-03T04:05:06Z"}'
    headers:
      Azure-Asyncoperation:
      - https://management.azure.com/subscriptions/00000000-0000-0000-0000-000000000000/providers/Microsoft.DBforPostgreSQL/locations/eastus/azureAsyncOperation/afadd9ab-59d5-4b7a-899f-c7eb9c563b9f?api-version=2021-06-01
      Cache-Control:
      - no-cache
      Content-Length:
      - "88"
      Content-Type:
      - application/json; charset=utf-8
      Expires:
      - "-1"
      Location:
      - https://management.azure.com/subscriptions/00000000-0000-0000-0000-000000000000/providers/Microsoft.DBforPostgreSQL/locations/eastus/operationResults/afadd9ab-59d5-4b7a-899f-c7eb9c563b9f?api-version=2021-06-01
      Pragma:
      - no-cache
      Retry-After:
      - "60"
      Server:
      - Microsoft-HTTPAPI/2.0
      Strict-Transport-Security:
      - max-age=31536000; includeSubDomains
      X-Content-Type-Options:
      - nosniff
    status: 202 Accepted
    code: 202
    duration: ""
- request:
    body: ""
    form: {}
    headers:
      Test-Request-Attempt:
      - "0"
    url: https://management.azure.com/subscriptions/00000000-0000-0000-0000-000000000000/providers/Microsoft.DBforPostgreSQL/locations/eastus/azureAsyncOperation/afadd9ab-59d5-4b7a-899f-c7eb9c563b9f?api-version=2021-06-01
    method: GET
  response:
    body: '{"name":"afadd9ab-59d5-4b7a-899f-c7eb9c563b9f","status":"InProgress","startTime":"2001-02-03T04:05:06Z"}'
    headers:
      Cache-Control:
      - no-cache
      Content-Type:
      - application/json; charset=utf-8
      Expires:
      - "-1"
      Pragma:
      - no-cache
      Retry-After:
      - "60"
      Server:
      - Microsoft-HTTPAPI/2.0
      Strict-Transport-Security:
      - max-age=31536000; includeSubDomains
      Vary:
      - Accept-Encoding
      X-Content-Type-Options:
      - nosniff
    status: 200 OK
    code: 200
    duration: ""
- request:
    body: ""
    form: {}
    headers:
      Test-Request-Attempt:
      - "1"
    url: https://management.azure.com/subscriptions/00000000-0000-0000-0000-000000000000/providers/Microsoft.DBforPostgreSQL/locations/eastus/azureAsyncOperation/afadd9ab-59d5-4b7a-899f-c7eb9c563b9f?api-version=2021-06-01
    method: GET
  response:
    body: '{"name":"afadd9ab-59d5-4b7a-899f-c7eb9c563b9f","status":"InProgress","startTime":"2001-02-03T04:05:06Z"}'
    headers:
      Cache-Control:
      - no-cache
      Content-Type:
      - application/json; charset=utf-8
      Expires:
      - "-1"
      Pragma:
      - no-cache
      Retry-After:
      - "60"
      Server:
      - Microsoft-HTTPAPI/2.0
      Strict-Transport-Security:
      - max-age=31536000; includeSubDomains
      Vary:
      - Accept-Encoding
      X-Content-Type-Options:
      - nosniff
    status: 200 OK
    code: 200
    duration: ""
- request:
    body: ""
    form: {}
    headers:
      Test-Request-Attempt:
      - "2"
    url: https://management.azure.com/subscriptions/00000000-0000-0000-0000-000000000000/providers/Microsoft.DBforPostgreSQL/locations/eastus/azureAsyncOperation/afadd9ab-59d5-4b7a-899f-c7eb9c563b9f?api-version=2021-06-01
    method: GET
  response:
    body: '{"name":"afadd9ab-59d5-4b7a-899f-c7eb9c563b9f","status":"InProgress","startTime":"2001-02-03T04:05:06Z"}'
    headers:
      Cache-Control:
      - no-cache
      Content-Type:
      - application/json; charset=utf-8
      Expires:
      - "-1"
      Pragma:
      - no-cache
      Retry-After:
      - "60"
      Server:
      - Microsoft-HTTPAPI/2.0
      Strict-Transport-Security:
      - max-age=31536000; includeSubDomains
      Vary:
      - Accept-Encoding
      X-Content-Type-Options:
      - nosniff
    status: 200 OK
    code: 200
    duration: ""
- request:
    body: ""
    form: {}
    headers:
      Test-Request-Attempt:
      - "3"
    url: https://management.azure.com/subscriptions/00000000-0000-0000-0000-000000000000/providers/Microsoft.DBforPostgreSQL/locations/eastus/azureAsyncOperation/afadd9ab-59d5-4b7a-899f-c7eb9c563b9f?api-version=2021-06-01
    method: GET
  response:
    body: '{"name":"afadd9ab-59d5-4b7a-899f-c7eb9c563b9f","status":"InProgress","startTime":"2001-02-03T04:05:06Z"}'
    headers:
      Cache-Control:
      - no-cache
      Content-Type:
      - application/json; charset=utf-8
      Expires:
      - "-1"
      Pragma:
      - no-cache
      Retry-After:
      - "60"
      Server:
      - Microsoft-HTTPAPI/2.0
      Strict-Transport-Security:
      - max-age=31536000; includeSubDomains
      Vary:
      - Accept-Encoding
      X-Content-Type-Options:
      - nosniff
    status: 200 OK
    code: 200
    duration: ""
- request:
    body: ""
    form: {}
    headers:
      Test-Request-Attempt:
      - "4"
    url: https://management.azure.com/subscriptions/00000000-0000-0000-0000-000000000000/providers/Microsoft.DBforPostgreSQL/locations/eastus/azureAsyncOperation/afadd9ab-59d5-4b7a-899f-c7eb9c563b9f?api-version=2021-06-01
    method: GET
  response:
    body: '{"name":"afadd9ab-59d5-4b7a-899f-c7eb9c563b9f","status":"InProgress","startTime":"2001-02-03T04:05:06Z"}'
    headers:
      Cache-Control:
      - no-cache
      Content-Type:
      - application/json; charset=utf-8
      Expires:
      - "-1"
      Pragma:
      - no-cache
      Retry-After:
      - "60"
      Server:
      - Microsoft-HTTPAPI/2.0
      Strict-Transport-Security:
      - max-age=31536000; includeSubDomains
      Vary:
      - Accept-Encoding
      X-Content-Type-Options:
      - nosniff
    status: 200 OK
    code: 200
    duration: ""
- request:
    body: ""
    form: {}
    headers:
      Test-Request-Attempt:
      - "5"
    url: https://management.azure.com/subscriptions/00000000-0000-0000-0000-000000000000/providers/Microsoft.DBforPostgreSQL/locations/eastus/azureAsyncOperation/afadd9ab-59d5-4b7a-899f-c7eb9c563b9f?api-version=2021-06-01
    method: GET
  response:
    body: '{"name":"afadd9ab-59d5-4b7a-899f-c7eb9c563b9f","status":"InProgress","startTime":"2001-02-03T04:05:06Z"}'
    headers:
      Cache-Control:
      - no-cache
      Content-Type:
      - application/json; charset=utf-8
      Expires:
      - "-1"
      Pragma:
      - no-cache
      Retry-After:
      - "60"
      Server:
      - Microsoft-HTTPAPI/2.0
      Strict-Transport-Security:
      - max-age=31536000; includeSubDomains
      Vary:
      - Accept-Encoding
      X-Content-Type-Options:
      - nosniff
    status: 200 OK
    code: 200
    duration: ""
- request:
    body: ""
    form: {}
    headers:
      Test-Request-Attempt:
      - "6"
    url: https://management.azure.com/subscriptions/00000000-0000-0000-0000-000000000000/providers/Microsoft.DBforPostgreSQL/locations/eastus/azureAsyncOperation/afadd9ab-59d5-4b7a-899f-c7eb9c563b9f?api-version=2021-06-01
    method: GET
  response:
    body: '{"name":"afadd9ab-59d5-4b7a-899f-c7eb9c563b9f","status":"InProgress","startTime":"2001-02-03T04:05:06Z"}'
    headers:
      Cache-Control:
      - no-cache
      Content-Type:
      - application/json; charset=utf-8
      Expires:
      - "-1"
      Pragma:
      - no-cache
      Retry-After:
      - "60"
      Server:
      - Microsoft-HTTPAPI/2.0
      Strict-Transport-Security:
      - max-age=31536000; includeSubDomains
      Vary:
      - Accept-Encoding
      X-Content-Type-Options:
      - nosniff
    status: 200 OK
    code: 200
    duration: ""
- request:
    body: ""
    form: {}
    headers:
      Test-Request-Attempt:
      - "7"
    url: https://management.azure.com/subscriptions/00000000-0000-0000-0000-000000000000/providers/Microsoft.DBforPostgreSQL/locations/eastus/azureAsyncOperation/afadd9ab-59d5-4b7a-899f-c7eb9c563b9f?api-version=2021-06-01
    method: GET
  response:
    body: '{"name":"afadd9ab-59d5-4b7a-899f-c7eb9c563b9f","status":"InProgress","startTime":"2001-02-03T04:05:06Z"}'
    headers:
      Cache-Control:
      - no-cache
      Content-Type:
      - application/json; charset=utf-8
      Expires:
      - "-1"
      Pragma:
      - no-cache
      Retry-After:
      - "60"
      Server:
      - Microsoft-HTTPAPI/2.0
      Strict-Transport-Security:
      - max-age=31536000; includeSubDomains
      Vary:
      - Accept-Encoding
      X-Content-Type-Options:
      - nosniff
    status: 200 OK
    code: 200
    duration: ""
- request:
    body: ""
    form: {}
    headers:
      Test-Request-Attempt:
      - "8"
    url: https://management.azure.com/subscriptions/00000000-0000-0000-0000-000000000000/providers/Microsoft.DBforPostgreSQL/locations/eastus/azureAsyncOperation/afadd9ab-59d5-4b7a-899f-c7eb9c563b9f?api-version=2021-06-01
    method: GET
  response:
    body: '{"name":"afadd9ab-59d5-4b7a-899f-c7eb9c563b9f","status":"Succeeded","startTime":"2001-02-03T04:05:06Z"}'
    headers:
      Cache-Control:
      - no-cache
      Content-Type:
      - application/json; charset=utf-8
      Expires:
      - "-1"
      Pragma:
      - no-cache
      Retry-After:
      - "60"
      Server:
      - Microsoft-HTTPAPI/2.0
      Strict-Transport-Security:
      - max-age=31536000; includeSubDomains
      Vary:
      - Accept-Encoding
      X-Content-Type-Options:
      - nosniff
    status: 200 OK
    code: 200
    duration: ""
- request:
    body: ""
    form: {}
    headers:
      Test-Request-Attempt:
      - "0"
    url: https://management.azure.com/subscriptions/00000000-0000-0000-0000-000000000000/resourceGroups/asotest-rg-ugkshl/providers/Microsoft.DBforPostgreSQL/flexibleServers/asotestiidskx?api-version=2021-06-01
    method: GET
  response:
    body: '{"sku":{"name":"Standard_D4s_v3","tier":"GeneralPurpose"},"properties":{"fullyQualifiedDomainName":"asotestiidskx.postgres.database.azure.com","version":"13","minorVersion":"7","administratorLogin":"myAdmin","state":"Ready","availabilityZone":"2","storage":{"storageSizeGB":128},"backup":{"backupRetentionDays":7,"geoRedundantBackup":"Disabled","earliestRestoreDate":"2022-10-19T23:14:00.8636442+00:00"},"network":{"publicNetworkAccess":"Enabled"},"highAvailability":{"mode":"Disabled","state":"NotEnabled"},"maintenanceWindow":{"customWindow":"Disabled","dayOfWeek":0,"startHour":0,"startMinute":0}},"location":"East
      US","id":"/subscriptions/00000000-0000-0000-0000-000000000000/resourceGroups/asotest-rg-ugkshl/providers/Microsoft.DBforPostgreSQL/flexibleServers/asotestiidskx","name":"asotestiidskx","type":"Microsoft.DBforPostgreSQL/flexibleServers"}'
    headers:
      Cache-Control:
      - no-cache
      Content-Type:
      - application/json; charset=utf-8
      Expires:
      - "-1"
      Pragma:
      - no-cache
      Server:
      - Microsoft-HTTPAPI/2.0
      Strict-Transport-Security:
      - max-age=31536000; includeSubDomains
      Vary:
      - Accept-Encoding
      X-Content-Type-Options:
      - nosniff
    status: 200 OK
    code: 200
    duration: ""
- request:
    body: ""
    form: {}
    headers:
      Accept:
      - application/json
      Test-Request-Attempt:
      - "1"
    url: https://management.azure.com/subscriptions/00000000-0000-0000-0000-000000000000/resourceGroups/asotest-rg-ugkshl/providers/Microsoft.DBforPostgreSQL/flexibleServers/asotestiidskx?api-version=2021-06-01
    method: GET
  response:
    body: '{"sku":{"name":"Standard_D4s_v3","tier":"GeneralPurpose"},"properties":{"fullyQualifiedDomainName":"asotestiidskx.postgres.database.azure.com","version":"13","minorVersion":"7","administratorLogin":"myAdmin","state":"Ready","availabilityZone":"2","storage":{"storageSizeGB":128},"backup":{"backupRetentionDays":7,"geoRedundantBackup":"Disabled","earliestRestoreDate":"2022-10-19T23:14:00.8636442+00:00"},"network":{"publicNetworkAccess":"Enabled"},"highAvailability":{"mode":"Disabled","state":"NotEnabled"},"maintenanceWindow":{"customWindow":"Disabled","dayOfWeek":0,"startHour":0,"startMinute":0}},"location":"East
      US","id":"/subscriptions/00000000-0000-0000-0000-000000000000/resourceGroups/asotest-rg-ugkshl/providers/Microsoft.DBforPostgreSQL/flexibleServers/asotestiidskx","name":"asotestiidskx","type":"Microsoft.DBforPostgreSQL/flexibleServers"}'
    headers:
      Cache-Control:
      - no-cache
      Content-Type:
      - application/json; charset=utf-8
      Expires:
      - "-1"
      Pragma:
      - no-cache
      Server:
      - Microsoft-HTTPAPI/2.0
      Strict-Transport-Security:
      - max-age=31536000; includeSubDomains
      Vary:
      - Accept-Encoding
      X-Content-Type-Options:
      - nosniff
    status: 200 OK
    code: 200
    duration: ""
- request:
    body: '{"name":"asotestctlifs","properties":{"endIpAddress":"1.2.3.4","startIpAddress":"1.2.3.4"}}'
    form: {}
    headers:
      Accept:
      - application/json
      Content-Length:
      - "91"
      Content-Type:
      - application/json
      Test-Request-Attempt:
      - "0"
    url: https://management.azure.com/subscriptions/00000000-0000-0000-0000-000000000000/resourceGroups/asotest-rg-ugkshl/providers/Microsoft.DBforPostgreSQL/flexibleServers/asotestiidskx/firewallRules/asotestctlifs?api-version=2021-06-01
    method: PUT
  response:
    body: '{"operation":"UpsertServerFirewallRulesManagementOperation","startTime":"2001-02-03T04:05:06Z"}'
    headers:
      Azure-Asyncoperation:
      - https://management.azure.com/subscriptions/00000000-0000-0000-0000-000000000000/providers/Microsoft.DBforPostgreSQL/locations/eastus/azureAsyncOperation/ce15b8fc-035c-4e31-9333-361bba4b7330?api-version=2021-06-01
      Cache-Control:
      - no-cache
      Content-Length:
      - "98"
      Content-Type:
      - application/json; charset=utf-8
      Expires:
      - "-1"
      Location:
      - https://management.azure.com/subscriptions/00000000-0000-0000-0000-000000000000/providers/Microsoft.DBforPostgreSQL/locations/eastus/operationResults/ce15b8fc-035c-4e31-9333-361bba4b7330?api-version=2021-06-01
      Pragma:
      - no-cache
      Retry-After:
      - "60"
      Server:
      - Microsoft-HTTPAPI/2.0
      Strict-Transport-Security:
      - max-age=31536000; includeSubDomains
      X-Content-Type-Options:
      - nosniff
    status: 202 Accepted
    code: 202
    duration: ""
- request:
    body: '{"name":"asotestzzwbop","properties":{"charset":"utf8"}}'
    form: {}
    headers:
      Accept:
      - application/json
      Content-Length:
      - "56"
      Content-Type:
      - application/json
      Test-Request-Attempt:
      - "0"
    url: https://management.azure.com/subscriptions/00000000-0000-0000-0000-000000000000/resourceGroups/asotest-rg-ugkshl/providers/Microsoft.DBforPostgreSQL/flexibleServers/asotestiidskx/databases/asotestzzwbop?api-version=2021-06-01
    method: PUT
  response:
    body: '{"operation":"UpsertServerDatabaseManagementOperation","startTime":"2001-02-03T04:05:06Z"}'
    headers:
      Azure-Asyncoperation:
      - https://management.azure.com/subscriptions/00000000-0000-0000-0000-000000000000/providers/Microsoft.DBforPostgreSQL/locations/eastus/azureAsyncOperation/69d82136-870a-4d82-bdc9-87efc6bf96b9?api-version=2021-06-01
      Cache-Control:
      - no-cache
      Content-Length:
      - "94"
      Content-Type:
      - application/json; charset=utf-8
      Expires:
      - "-1"
      Location:
      - https://management.azure.com/subscriptions/00000000-0000-0000-0000-000000000000/providers/Microsoft.DBforPostgreSQL/locations/eastus/operationResults/69d82136-870a-4d82-bdc9-87efc6bf96b9?api-version=2021-06-01
      Pragma:
      - no-cache
      Retry-After:
      - "10"
      Server:
      - Microsoft-HTTPAPI/2.0
      Strict-Transport-Security:
      - max-age=31536000; includeSubDomains
      X-Content-Type-Options:
      - nosniff
    status: 202 Accepted
    code: 202
    duration: ""
- request:
    body: '{"name":"pgaudit.log","properties":{"source":"user-override","value":"READ"}}'
    form: {}
    headers:
      Accept:
      - application/json
      Content-Length:
      - "77"
      Content-Type:
      - application/json
      Test-Request-Attempt:
      - "0"
    url: https://management.azure.com/subscriptions/00000000-0000-0000-0000-000000000000/resourceGroups/asotest-rg-ugkshl/providers/Microsoft.DBforPostgreSQL/flexibleServers/asotestiidskx/configurations/pgaudit.log?api-version=2021-06-01
    method: PUT
  response:
    body: '{"operation":"UpdateConfigurationManagementOperation","startTime":"2001-02-03T04:05:06Z"}'
    headers:
      Azure-Asyncoperation:
      - https://management.azure.com/subscriptions/00000000-0000-0000-0000-000000000000/providers/Microsoft.DBforPostgreSQL/locations/eastus/azureAsyncOperation/ce870e8b-fa0b-4ccf-8417-d67c81b9e5f1?api-version=2021-06-01
      Cache-Control:
      - no-cache
      Content-Length:
      - "93"
      Content-Type:
      - application/json; charset=utf-8
      Expires:
      - "-1"
      Location:
      - https://management.azure.com/subscriptions/00000000-0000-0000-0000-000000000000/providers/Microsoft.DBforPostgreSQL/locations/eastus/operationResults/ce870e8b-fa0b-4ccf-8417-d67c81b9e5f1?api-version=2021-06-01
      Pragma:
      - no-cache
      Retry-After:
      - "10"
      Server:
      - Microsoft-HTTPAPI/2.0
      Strict-Transport-Security:
      - max-age=31536000; includeSubDomains
      X-Content-Type-Options:
      - nosniff
    status: 202 Accepted
    code: 202
    duration: ""
- request:
    body: ""
    form: {}
    headers:
      Test-Request-Attempt:
      - "0"
    url: https://management.azure.com/subscriptions/00000000-0000-0000-0000-000000000000/providers/Microsoft.DBforPostgreSQL/locations/eastus/azureAsyncOperation/69d82136-870a-4d82-bdc9-87efc6bf96b9?api-version=2021-06-01
    method: GET
  response:
    body: '{"name":"69d82136-870a-4d82-bdc9-87efc6bf96b9","status":"Succeeded","startTime":"2001-02-03T04:05:06Z"}'
    headers:
      Cache-Control:
      - no-cache
      Content-Type:
      - application/json; charset=utf-8
      Expires:
      - "-1"
      Pragma:
      - no-cache
      Retry-After:
      - "10"
      Server:
      - Microsoft-HTTPAPI/2.0
      Strict-Transport-Security:
      - max-age=31536000; includeSubDomains
      Vary:
      - Accept-Encoding
      X-Content-Type-Options:
      - nosniff
    status: 200 OK
    code: 200
    duration: ""
- request:
    body: ""
    form: {}
    headers:
      Test-Request-Attempt:
      - "0"
    url: https://management.azure.com/subscriptions/00000000-0000-0000-0000-000000000000/providers/Microsoft.DBforPostgreSQL/locations/eastus/azureAsyncOperation/ce870e8b-fa0b-4ccf-8417-d67c81b9e5f1?api-version=2021-06-01
    method: GET
  response:
    body: '{"name":"ce870e8b-fa0b-4ccf-8417-d67c81b9e5f1","status":"Failed","startTime":"2001-02-03T04:05:06Z","error":{"code":"InternalServerError","message":"An
      unexpected error occured while processing the request. Tracking ID: ''cf64d240-1d59-4303-b3f5-015fad000ece''"}}'
    headers:
      Cache-Control:
      - no-cache
      Content-Type:
      - application/json; charset=utf-8
      Expires:
      - "-1"
      Pragma:
      - no-cache
      Retry-After:
      - "10"
      Server:
      - Microsoft-HTTPAPI/2.0
      Strict-Transport-Security:
      - max-age=31536000; includeSubDomains
      Vary:
      - Accept-Encoding
      X-Content-Type-Options:
      - nosniff
    status: 200 OK
    code: 200
    duration: ""
- request:
    body: ""
    form: {}
    headers:
      Test-Request-Attempt:
      - "0"
    url: https://management.azure.com/subscriptions/00000000-0000-0000-0000-000000000000/providers/Microsoft.DBforPostgreSQL/locations/eastus/azureAsyncOperation/ce15b8fc-035c-4e31-9333-361bba4b7330?api-version=2021-06-01
    method: GET
  response:
    body: '{"name":"ce15b8fc-035c-4e31-9333-361bba4b7330","status":"Succeeded","startTime":"2001-02-03T04:05:06Z"}'
    headers:
      Cache-Control:
      - no-cache
      Content-Type:
      - application/json; charset=utf-8
      Expires:
      - "-1"
      Pragma:
      - no-cache
      Retry-After:
      - "60"
      Server:
      - Microsoft-HTTPAPI/2.0
      Strict-Transport-Security:
      - max-age=31536000; includeSubDomains
      Vary:
      - Accept-Encoding
      X-Content-Type-Options:
      - nosniff
    status: 200 OK
    code: 200
    duration: ""
- request:
    body: ""
    form: {}
    headers:
      Test-Request-Attempt:
      - "0"
    url: https://management.azure.com/subscriptions/00000000-0000-0000-0000-000000000000/resourceGroups/asotest-rg-ugkshl/providers/Microsoft.DBforPostgreSQL/flexibleServers/asotestiidskx/firewallRules/asotestctlifs?api-version=2021-06-01
    method: GET
  response:
    body: '{"properties":{"startIpAddress":"1.2.3.4","endIpAddress":"1.2.3.4"},"id":"/subscriptions/00000000-0000-0000-0000-000000000000/resourceGroups/asotest-rg-ugkshl/providers/Microsoft.DBforPostgreSQL/flexibleServers/asotestiidskx/firewallRules/asotestctlifs","name":"asotestctlifs","type":"Microsoft.DBforPostgreSQL/flexibleServers/firewallRules"}'
    headers:
      Cache-Control:
      - no-cache
      Content-Type:
      - application/json; charset=utf-8
      Expires:
      - "-1"
      Pragma:
      - no-cache
      Server:
      - Microsoft-HTTPAPI/2.0
      Strict-Transport-Security:
      - max-age=31536000; includeSubDomains
      Vary:
      - Accept-Encoding
      X-Content-Type-Options:
      - nosniff
    status: 200 OK
    code: 200
    duration: ""
- request:
    body: ""
    form: {}
    headers:
      Test-Request-Attempt:
      - "0"
    url: https://management.azure.com/subscriptions/00000000-0000-0000-0000-000000000000/resourceGroups/asotest-rg-ugkshl/providers/Microsoft.DBforPostgreSQL/flexibleServers/asotestiidskx/databases/asotestzzwbop?api-version=2021-06-01
    method: GET
  response:
    body: '{"properties":{"charset":"UTF8","collation":"en_US.utf8"},"id":"/subscriptions/00000000-0000-0000-0000-000000000000/resourceGroups/asotest-rg-ugkshl/providers/Microsoft.DBforPostgreSQL/flexibleServers/asotestiidskx/databases/asotestzzwbop","name":"asotestzzwbop","type":"Microsoft.DBforPostgreSQL/flexibleServers/databases"}'
    headers:
      Cache-Control:
      - no-cache
      Content-Type:
      - application/json; charset=utf-8
      Expires:
      - "-1"
      Pragma:
      - no-cache
      Server:
      - Microsoft-HTTPAPI/2.0
      Strict-Transport-Security:
      - max-age=31536000; includeSubDomains
      Vary:
      - Accept-Encoding
      X-Content-Type-Options:
      - nosniff
    status: 200 OK
    code: 200
    duration: ""
- request:
    body: ""
    form: {}
    headers:
      Accept:
      - application/json
      Test-Request-Attempt:
      - "1"
    url: https://management.azure.com/subscriptions/00000000-0000-0000-0000-000000000000/resourceGroups/asotest-rg-ugkshl/providers/Microsoft.DBforPostgreSQL/flexibleServers/asotestiidskx/firewallRules/asotestctlifs?api-version=2021-06-01
    method: GET
  response:
    body: '{"properties":{"startIpAddress":"1.2.3.4","endIpAddress":"1.2.3.4"},"id":"/subscriptions/00000000-0000-0000-0000-000000000000/resourceGroups/asotest-rg-ugkshl/providers/Microsoft.DBforPostgreSQL/flexibleServers/asotestiidskx/firewallRules/asotestctlifs","name":"asotestctlifs","type":"Microsoft.DBforPostgreSQL/flexibleServers/firewallRules"}'
    headers:
      Cache-Control:
      - no-cache
      Content-Type:
      - application/json; charset=utf-8
      Expires:
      - "-1"
      Pragma:
      - no-cache
      Server:
      - Microsoft-HTTPAPI/2.0
      Strict-Transport-Security:
      - max-age=31536000; includeSubDomains
      Vary:
      - Accept-Encoding
      X-Content-Type-Options:
      - nosniff
    status: 200 OK
    code: 200
    duration: ""
- request:
    body: ""
    form: {}
    headers:
      Accept:
      - application/json
      Test-Request-Attempt:
      - "1"
    url: https://management.azure.com/subscriptions/00000000-0000-0000-0000-000000000000/resourceGroups/asotest-rg-ugkshl/providers/Microsoft.DBforPostgreSQL/flexibleServers/asotestiidskx/databases/asotestzzwbop?api-version=2021-06-01
    method: GET
  response:
    body: '{"properties":{"charset":"UTF8","collation":"en_US.utf8"},"id":"/subscriptions/00000000-0000-0000-0000-000000000000/resourceGroups/asotest-rg-ugkshl/providers/Microsoft.DBforPostgreSQL/flexibleServers/asotestiidskx/databases/asotestzzwbop","name":"asotestzzwbop","type":"Microsoft.DBforPostgreSQL/flexibleServers/databases"}'
    headers:
      Cache-Control:
      - no-cache
      Content-Type:
      - application/json; charset=utf-8
      Expires:
      - "-1"
      Pragma:
      - no-cache
      Server:
      - Microsoft-HTTPAPI/2.0
      Strict-Transport-Security:
      - max-age=31536000; includeSubDomains
      Vary:
      - Accept-Encoding
      X-Content-Type-Options:
      - nosniff
    status: 200 OK
    code: 200
    duration: ""
- request:
    body: '{"name":"pgaudit.log","properties":{"source":"user-override","value":"READ"}}'
    form: {}
    headers:
      Accept:
      - application/json
      Content-Length:
      - "77"
      Content-Type:
      - application/json
      Test-Request-Attempt:
      - "1"
    url: https://management.azure.com/subscriptions/00000000-0000-0000-0000-000000000000/resourceGroups/asotest-rg-ugkshl/providers/Microsoft.DBforPostgreSQL/flexibleServers/asotestiidskx/configurations/pgaudit.log?api-version=2021-06-01
    method: PUT
  response:
    body: '{"operation":"UpdateConfigurationManagementOperation","startTime":"2001-02-03T04:05:06Z"}'
    headers:
      Azure-Asyncoperation:
      - https://management.azure.com/subscriptions/00000000-0000-0000-0000-000000000000/providers/Microsoft.DBforPostgreSQL/locations/eastus/azureAsyncOperation/f7611da7-7a2f-4a2f-bbc7-243ab720d22a?api-version=2021-06-01
      Cache-Control:
      - no-cache
      Content-Length:
      - "93"
      Content-Type:
      - application/json; charset=utf-8
      Expires:
      - "-1"
      Location:
      - https://management.azure.com/subscriptions/00000000-0000-0000-0000-000000000000/providers/Microsoft.DBforPostgreSQL/locations/eastus/operationResults/f7611da7-7a2f-4a2f-bbc7-243ab720d22a?api-version=2021-06-01
      Pragma:
      - no-cache
      Retry-After:
      - "10"
      Server:
      - Microsoft-HTTPAPI/2.0
      Strict-Transport-Security:
      - max-age=31536000; includeSubDomains
      X-Content-Type-Options:
      - nosniff
    status: 202 Accepted
    code: 202
    duration: ""
- request:
    body: ""
    form: {}
    headers:
      Test-Request-Attempt:
      - "0"
    url: https://management.azure.com/subscriptions/00000000-0000-0000-0000-000000000000/providers/Microsoft.DBforPostgreSQL/locations/eastus/azureAsyncOperation/f7611da7-7a2f-4a2f-bbc7-243ab720d22a?api-version=2021-06-01
    method: GET
  response:
    body: '{"name":"f7611da7-7a2f-4a2f-bbc7-243ab720d22a","status":"Succeeded","startTime":"2001-02-03T04:05:06Z"}'
    headers:
      Cache-Control:
      - no-cache
      Content-Type:
      - application/json; charset=utf-8
      Expires:
      - "-1"
      Pragma:
      - no-cache
      Retry-After:
      - "10"
      Server:
      - Microsoft-HTTPAPI/2.0
      Strict-Transport-Security:
      - max-age=31536000; includeSubDomains
      Vary:
      - Accept-Encoding
      X-Content-Type-Options:
      - nosniff
    status: 200 OK
    code: 200
    duration: ""
- request:
    body: ""
    form: {}
    headers:
      Test-Request-Attempt:
      - "0"
    url: https://management.azure.com/subscriptions/00000000-0000-0000-0000-000000000000/resourceGroups/asotest-rg-ugkshl/providers/Microsoft.DBforPostgreSQL/flexibleServers/asotestiidskx/configurations/pgaudit.log?api-version=2021-06-01
    method: GET
  response:
    body: '{"properties":{"value":"READ","description":"Specifies which classes of
      statements will be logged by session audit logging.","defaultValue":"none","dataType":"Set","allowedValues":"none,read,write,function,role,ddl,misc,all","source":"user-override","isDynamicConfig":true,"isReadOnly":false,"isConfigPendingRestart":false,"documentationLink":"https://github.com/pgaudit/pgaudit/blob/master/README.md"},"id":"/subscriptions/00000000-0000-0000-0000-000000000000/resourceGroups/asotest-rg-ugkshl/providers/Microsoft.DBforPostgreSQL/flexibleServers/asotestiidskx/configurations/pgaudit.log","name":"pgaudit.log","type":"Microsoft.DBforPostgreSQL/flexibleServers/configurations"}'
    headers:
      Cache-Control:
      - no-cache
      Content-Type:
      - application/json; charset=utf-8
      Expires:
      - "-1"
      Pragma:
      - no-cache
      Server:
      - Microsoft-HTTPAPI/2.0
      Strict-Transport-Security:
      - max-age=31536000; includeSubDomains
      Vary:
      - Accept-Encoding
      X-Content-Type-Options:
      - nosniff
    status: 200 OK
    code: 200
    duration: ""
- request:
    body: ""
    form: {}
    headers:
      Accept:
      - application/json
      Test-Request-Attempt:
      - "1"
    url: https://management.azure.com/subscriptions/00000000-0000-0000-0000-000000000000/resourceGroups/asotest-rg-ugkshl/providers/Microsoft.DBforPostgreSQL/flexibleServers/asotestiidskx/configurations/pgaudit.log?api-version=2021-06-01
    method: GET
  response:
    body: '{"properties":{"value":"READ","description":"Specifies which classes of
      statements will be logged by session audit logging.","defaultValue":"none","dataType":"Set","allowedValues":"none,read,write,function,role,ddl,misc,all","source":"user-override","isDynamicConfig":true,"isReadOnly":false,"isConfigPendingRestart":false,"documentationLink":"https://github.com/pgaudit/pgaudit/blob/master/README.md"},"id":"/subscriptions/00000000-0000-0000-0000-000000000000/resourceGroups/asotest-rg-ugkshl/providers/Microsoft.DBforPostgreSQL/flexibleServers/asotestiidskx/configurations/pgaudit.log","name":"pgaudit.log","type":"Microsoft.DBforPostgreSQL/flexibleServers/configurations"}'
    headers:
      Cache-Control:
      - no-cache
      Content-Type:
      - application/json; charset=utf-8
      Expires:
      - "-1"
      Pragma:
      - no-cache
      Server:
      - Microsoft-HTTPAPI/2.0
      Strict-Transport-Security:
      - max-age=31536000; includeSubDomains
      Vary:
      - Accept-Encoding
      X-Content-Type-Options:
      - nosniff
    status: 200 OK
    code: 200
    duration: ""
- request:
    body: ""
    form: {}
    headers:
      Accept:
      - application/json
      Test-Request-Attempt:
      - "0"
    url: https://management.azure.com/subscriptions/00000000-0000-0000-0000-000000000000/resourceGroups/asotest-rg-ugkshl?api-version=2020-06-01
    method: DELETE
  response:
    body: ""
    headers:
      Cache-Control:
      - no-cache
      Content-Length:
      - "0"
      Expires:
      - "-1"
      Location:
      - https://management.azure.com/subscriptions/00000000-0000-0000-0000-000000000000/operationresults/eyJqb2JJZCI6IlJFU09VUkNFR1JPVVBERUxFVElPTkpPQi1BU09URVNUOjJEUkc6MkRJV0NWTlYtV0VTVFVTMiIsImpvYkxvY2F0aW9uIjoid2VzdHVzMiJ9?api-version=2020-06-01
      Pragma:
      - no-cache
      Retry-After:
      - "15"
      Strict-Transport-Security:
      - max-age=31536000; includeSubDomains
      X-Content-Type-Options:
      - nosniff
    status: 202 Accepted
    code: 202
    duration: ""
- request:
    body: ""
    form: {}
    headers:
      Test-Request-Attempt:
      - "0"
    url: https://management.azure.com/subscriptions/00000000-0000-0000-0000-000000000000/operationresults/eyJqb2JJZCI6IlJFU09VUkNFR1JPVVBERUxFVElPTkpPQi1BU09URVNUOjJEUkc6MkRJV0NWTlYtV0VTVFVTMiIsImpvYkxvY2F0aW9uIjoid2VzdHVzMiJ9?api-version=2020-06-01
    method: GET
  response:
    body: ""
    headers:
      Cache-Control:
      - no-cache
      Content-Length:
      - "0"
      Expires:
      - "-1"
      Location:
      - https://management.azure.com/subscriptions/00000000-0000-0000-0000-000000000000/operationresults/eyJqb2JJZCI6IlJFU09VUkNFR1JPVVBERUxFVElPTkpPQi1BU09URVNUOjJEUkc6MkRJV0NWTlYtV0VTVFVTMiIsImpvYkxvY2F0aW9uIjoid2VzdHVzMiJ9?api-version=2020-06-01
      Pragma:
      - no-cache
      Retry-After:
      - "15"
      Strict-Transport-Security:
      - max-age=31536000; includeSubDomains
      X-Content-Type-Options:
      - nosniff
    status: 202 Accepted
    code: 202
    duration: ""
- request:
    body: ""
    form: {}
    headers:
      Test-Request-Attempt:
      - "1"
    url: https://management.azure.com/subscriptions/00000000-0000-0000-0000-000000000000/operationresults/eyJqb2JJZCI6IlJFU09VUkNFR1JPVVBERUxFVElPTkpPQi1BU09URVNUOjJEUkc6MkRJV0NWTlYtV0VTVFVTMiIsImpvYkxvY2F0aW9uIjoid2VzdHVzMiJ9?api-version=2020-06-01
    method: GET
  response:
    body: ""
    headers:
      Cache-Control:
      - no-cache
      Content-Length:
      - "0"
      Expires:
      - "-1"
      Location:
      - https://management.azure.com/subscriptions/00000000-0000-0000-0000-000000000000/operationresults/eyJqb2JJZCI6IlJFU09VUkNFR1JPVVBERUxFVElPTkpPQi1BU09URVNUOjJEUkc6MkRJV0NWTlYtV0VTVFVTMiIsImpvYkxvY2F0aW9uIjoid2VzdHVzMiJ9?api-version=2020-06-01
      Pragma:
      - no-cache
      Retry-After:
      - "15"
      Strict-Transport-Security:
      - max-age=31536000; includeSubDomains
      X-Content-Type-Options:
      - nosniff
    status: 202 Accepted
    code: 202
    duration: ""
- request:
    body: ""
    form: {}
    headers:
      Test-Request-Attempt:
      - "2"
    url: https://management.azure.com/subscriptions/00000000-0000-0000-0000-000000000000/operationresults/eyJqb2JJZCI6IlJFU09VUkNFR1JPVVBERUxFVElPTkpPQi1BU09URVNUOjJEUkc6MkRJV0NWTlYtV0VTVFVTMiIsImpvYkxvY2F0aW9uIjoid2VzdHVzMiJ9?api-version=2020-06-01
    method: GET
  response:
    body: ""
    headers:
      Cache-Control:
      - no-cache
      Content-Length:
      - "0"
      Expires:
      - "-1"
      Location:
      - https://management.azure.com/subscriptions/00000000-0000-0000-0000-000000000000/operationresults/eyJqb2JJZCI6IlJFU09VUkNFR1JPVVBERUxFVElPTkpPQi1BU09URVNUOjJEUkc6MkRJV0NWTlYtV0VTVFVTMiIsImpvYkxvY2F0aW9uIjoid2VzdHVzMiJ9?api-version=2020-06-01
      Pragma:
      - no-cache
      Retry-After:
      - "15"
      Strict-Transport-Security:
      - max-age=31536000; includeSubDomains
      X-Content-Type-Options:
      - nosniff
    status: 202 Accepted
    code: 202
    duration: ""
- request:
    body: ""
    form: {}
    headers:
      Test-Request-Attempt:
      - "3"
    url: https://management.azure.com/subscriptions/00000000-0000-0000-0000-000000000000/operationresults/eyJqb2JJZCI6IlJFU09VUkNFR1JPVVBERUxFVElPTkpPQi1BU09URVNUOjJEUkc6MkRJV0NWTlYtV0VTVFVTMiIsImpvYkxvY2F0aW9uIjoid2VzdHVzMiJ9?api-version=2020-06-01
    method: GET
  response:
    body: ""
    headers:
      Cache-Control:
      - no-cache
      Content-Length:
      - "0"
      Expires:
      - "-1"
      Location:
      - https://management.azure.com/subscriptions/00000000-0000-0000-0000-000000000000/operationresults/eyJqb2JJZCI6IlJFU09VUkNFR1JPVVBERUxFVElPTkpPQi1BU09URVNUOjJEUkc6MkRJV0NWTlYtV0VTVFVTMiIsImpvYkxvY2F0aW9uIjoid2VzdHVzMiJ9?api-version=2020-06-01
      Pragma:
      - no-cache
      Retry-After:
      - "15"
      Strict-Transport-Security:
      - max-age=31536000; includeSubDomains
      X-Content-Type-Options:
      - nosniff
    status: 202 Accepted
    code: 202
    duration: ""
- request:
    body: ""
    form: {}
    headers:
      Test-Request-Attempt:
      - "4"
    url: https://management.azure.com/subscriptions/00000000-0000-0000-0000-000000000000/operationresults/eyJqb2JJZCI6IlJFU09VUkNFR1JPVVBERUxFVElPTkpPQi1BU09URVNUOjJEUkc6MkRJV0NWTlYtV0VTVFVTMiIsImpvYkxvY2F0aW9uIjoid2VzdHVzMiJ9?api-version=2020-06-01
    method: GET
  response:
    body: ""
    headers:
      Cache-Control:
      - no-cache
      Content-Length:
      - "0"
      Expires:
      - "-1"
      Pragma:
      - no-cache
      Strict-Transport-Security:
      - max-age=31536000; includeSubDomains
      X-Content-Type-Options:
      - nosniff
    status: 200 OK
    code: 200
    duration: ""
- request:
    body: ""
    form: {}
    headers:
      Accept:
      - application/json
      Test-Request-Attempt:
      - "0"
    url: https://management.azure.com/subscriptions/00000000-0000-0000-0000-000000000000/resourceGroups/asotest-rg-ugkshl/providers/Microsoft.DBforPostgreSQL/flexibleServers/asotestiidskx?api-version=2021-06-01
    method: DELETE
  response:
    body: '{"error":{"code":"ResourceGroupNotFound","message":"Resource group ''asotest-rg-ugkshl''
      could not be found."}}'
    headers:
      Cache-Control:
      - no-cache
      Content-Length:
      - "109"
      Content-Type:
      - application/json; charset=utf-8
      Expires:
      - "-1"
      Pragma:
      - no-cache
      Strict-Transport-Security:
      - max-age=31536000; includeSubDomains
      X-Content-Type-Options:
      - nosniff
      X-Ms-Failure-Cause:
      - gateway
    status: 404 Not Found
    code: 404
    duration: ""
- request:
    body: ""
    form: {}
    headers:
      Accept:
      - application/json
      Test-Request-Attempt:
      - "0"
    url: https://management.azure.com/subscriptions/00000000-0000-0000-0000-000000000000/resourceGroups/asotest-rg-ugkshl/providers/Microsoft.DBforPostgreSQL/flexibleServers/asotestiidskx/configurations/pgaudit.log?api-version=2021-06-01
    method: DELETE
  response:
    body: '{"error":{"code":"ResourceNotFound","message":"The Resource ''Microsoft.DBforPostgreSQL/flexibleServers/asotestiidskx''
      under resource group ''asotest-rg-ugkshl'' was not found. For more details please
      go to https://aka.ms/ARMResourceNotFoundFix"}}'
    headers:
      Cache-Control:
      - no-cache
      Content-Length:
      - "244"
      Content-Type:
      - application/json; charset=utf-8
      Expires:
      - "-1"
      Pragma:
      - no-cache
      Strict-Transport-Security:
      - max-age=31536000; includeSubDomains
      X-Content-Type-Options:
      - nosniff
      X-Ms-Failure-Cause:
      - gateway
    status: 404 Not Found
    code: 404
    duration: ""
- request:
    body: ""
    form: {}
    headers:
      Accept:
      - application/json
      Test-Request-Attempt:
      - "0"
    url: https://management.azure.com/subscriptions/00000000-0000-0000-0000-000000000000/resourceGroups/asotest-rg-ugkshl/providers/Microsoft.DBforPostgreSQL/flexibleServers/asotestiidskx/databases/asotestzzwbop?api-version=2021-06-01
    method: DELETE
  response:
    body: '{"error":{"code":"ResourceNotFound","message":"The Resource ''Microsoft.DBforPostgreSQL/flexibleServers/asotestiidskx''
      under resource group ''asotest-rg-ugkshl'' was not found. For more details please
      go to https://aka.ms/ARMResourceNotFoundFix"}}'
    headers:
      Cache-Control:
      - no-cache
      Content-Length:
      - "244"
      Content-Type:
      - application/json; charset=utf-8
      Expires:
      - "-1"
      Pragma:
      - no-cache
      Strict-Transport-Security:
      - max-age=31536000; includeSubDomains
      X-Content-Type-Options:
      - nosniff
      X-Ms-Failure-Cause:
      - gateway
    status: 404 Not Found
    code: 404
    duration: ""
- request:
    body: ""
    form: {}
    headers:
      Accept:
      - application/json
      Test-Request-Attempt:
      - "0"
    url: https://management.azure.com/subscriptions/00000000-0000-0000-0000-000000000000/resourceGroups/asotest-rg-ugkshl/providers/Microsoft.DBforPostgreSQL/flexibleServers/asotestiidskx/firewallRules/asotestctlifs?api-version=2021-06-01
    method: DELETE
  response:
    body: '{"error":{"code":"ResourceNotFound","message":"The Resource ''Microsoft.DBforPostgreSQL/flexibleServers/asotestiidskx''
      under resource group ''asotest-rg-ugkshl'' was not found. For more details please
      go to https://aka.ms/ARMResourceNotFoundFix"}}'
    headers:
      Cache-Control:
      - no-cache
      Content-Length:
      - "244"
      Content-Type:
      - application/json; charset=utf-8
      Expires:
      - "-1"
      Pragma:
      - no-cache
      Strict-Transport-Security:
      - max-age=31536000; includeSubDomains
      X-Content-Type-Options:
      - nosniff
      X-Ms-Failure-Cause:
      - gateway
    status: 404 Not Found
    code: 404
    duration: ""
