---
version: 1
interactions:
- request:
    body: '{"name":"asotest-rg-gjnlck","location":"westus2","tags":{"CreatedAt":"2001-02-03T04:05:06Z"}}'
    form: {}
    headers:
      Accept:
      - application/json
      Content-Length:
      - "93"
      Content-Type:
      - application/json
      Test-Request-Attempt:
      - "0"
    url: https://management.azure.com/subscriptions/00000000-0000-0000-0000-000000000000/resourceGroups/asotest-rg-gjnlck?api-version=2020-06-01
    method: PUT
  response:
    body: '{"id":"/subscriptions/00000000-0000-0000-0000-000000000000/resourceGroups/asotest-rg-gjnlck","name":"asotest-rg-gjnlck","type":"Microsoft.Resources/resourceGroups","location":"westus2","tags":{"CreatedAt":"2001-02-03T04:05:06Z"},"properties":{"provisioningState":"Succeeded"}}'
    headers:
      Cache-Control:
      - no-cache
      Content-Length:
      - "276"
      Content-Type:
      - application/json; charset=utf-8
      Expires:
      - "-1"
      Pragma:
      - no-cache
      Strict-Transport-Security:
      - max-age=31536000; includeSubDomains
      X-Content-Type-Options:
      - nosniff
    status: 201 Created
    code: 201
    duration: ""
- request:
    body: ""
    form: {}
    headers:
      Accept:
      - application/json
      Test-Request-Attempt:
      - "0"
    url: https://management.azure.com/subscriptions/00000000-0000-0000-0000-000000000000/resourceGroups/asotest-rg-gjnlck?api-version=2020-06-01
    method: GET
  response:
    body: '{"id":"/subscriptions/00000000-0000-0000-0000-000000000000/resourceGroups/asotest-rg-gjnlck","name":"asotest-rg-gjnlck","type":"Microsoft.Resources/resourceGroups","location":"westus2","tags":{"CreatedAt":"2001-02-03T04:05:06Z"},"properties":{"provisioningState":"Succeeded"}}'
    headers:
      Cache-Control:
      - no-cache
      Content-Type:
      - application/json; charset=utf-8
      Expires:
      - "-1"
      Pragma:
      - no-cache
      Strict-Transport-Security:
      - max-age=31536000; includeSubDomains
      Vary:
      - Accept-Encoding
      X-Content-Type-Options:
      - nosniff
    status: 200 OK
    code: 200
    duration: ""
- request:
    body: '{"kind":"StorageV2","location":"westcentralus","name":"samplekubestoragebeta","properties":{"accessTier":"Hot"},"sku":{"name":"Standard_LRS"}}'
    form: {}
    headers:
      Accept:
      - application/json
      Content-Length:
      - "142"
      Content-Type:
      - application/json
      Test-Request-Attempt:
      - "0"
    url: https://management.azure.com/subscriptions/00000000-0000-0000-0000-000000000000/resourceGroups/asotest-rg-gjnlck/providers/Microsoft.Storage/storageAccounts/samplekubestoragebeta?api-version=2021-04-01
    method: PUT
  response:
    body: ""
    headers:
      Cache-Control:
      - no-cache
      Content-Length:
      - "0"
      Content-Type:
      - text/plain; charset=utf-8
      Expires:
      - "-1"
      Location:
      - https://management.azure.com/subscriptions/00000000-0000-0000-0000-000000000000/providers/Microsoft.Storage/locations/westcentralus/asyncoperations/03428aea-3d9b-4e20-a464-2ad37e8c47ff?monitor=true&api-version=2021-04-01
      Pragma:
      - no-cache
      Retry-After:
      - "17"
      Server:
      - Microsoft-Azure-Storage-Resource-Provider/1.0,Microsoft-HTTPAPI/2.0 Microsoft-HTTPAPI/2.0
      Strict-Transport-Security:
      - max-age=31536000; includeSubDomains
      X-Content-Type-Options:
      - nosniff
    status: 202 Accepted
    code: 202
    duration: ""
- request:
    body: ""
    form: {}
    headers:
      Test-Request-Attempt:
      - "0"
    url: https://management.azure.com/subscriptions/00000000-0000-0000-0000-000000000000/providers/Microsoft.Storage/locations/westcentralus/asyncoperations/03428aea-3d9b-4e20-a464-2ad37e8c47ff?monitor=true&api-version=2021-04-01
    method: GET
  response:
    body: ""
    headers:
      Cache-Control:
      - no-cache
      Content-Length:
      - "0"
      Content-Type:
      - text/plain; charset=utf-8
      Expires:
      - "-1"
      Location:
      - https://management.azure.com/subscriptions/00000000-0000-0000-0000-000000000000/providers/Microsoft.Storage/locations/westcentralus/asyncoperations/03428aea-3d9b-4e20-a464-2ad37e8c47ff?monitor=true&api-version=2021-04-01
      Pragma:
      - no-cache
      Retry-After:
      - "17"
      Server:
      - Microsoft-Azure-Storage-Resource-Provider/1.0,Microsoft-HTTPAPI/2.0 Microsoft-HTTPAPI/2.0
      Strict-Transport-Security:
      - max-age=31536000; includeSubDomains
      X-Content-Type-Options:
      - nosniff
    status: 202 Accepted
    code: 202
    duration: ""
- request:
    body: ""
    form: {}
    headers:
      Test-Request-Attempt:
      - "1"
    url: https://management.azure.com/subscriptions/00000000-0000-0000-0000-000000000000/providers/Microsoft.Storage/locations/westcentralus/asyncoperations/03428aea-3d9b-4e20-a464-2ad37e8c47ff?monitor=true&api-version=2021-04-01
    method: GET
  response:
    body: '{"sku":{"name":"Standard_LRS","tier":"Standard"},"kind":"StorageV2","id":"/subscriptions/00000000-0000-0000-0000-000000000000/resourceGroups/asotest-rg-gjnlck/providers/Microsoft.Storage/storageAccounts/samplekubestoragebeta","name":"samplekubestoragebeta","type":"Microsoft.Storage/storageAccounts","location":"westcentralus","tags":{},"properties":{"keyCreationTime":{"key1":"2001-02-03T04:05:06Z","key2":"2001-02-03T04:05:06Z"},"privateEndpointConnections":[],"networkAcls":{"bypass":"AzureServices","virtualNetworkRules":[],"ipRules":[],"defaultAction":"Allow"},"supportsHttpsTrafficOnly":true,"encryption":{"services":{"file":{"keyType":"Account","enabled":true,"lastEnabledTime":"2001-02-03T04:05:06Z"},"blob":{"keyType":"Account","enabled":true,"lastEnabledTime":"2001-02-03T04:05:06Z"}},"keySource":"Microsoft.Storage"},"accessTier":"Hot","provisioningState":"Succeeded","creationTime":"2001-02-03T04:05:06Z","primaryEndpoints":{"dfs":"https://samplekubestoragebeta.dfs.core.windows.net/","web":"https://samplekubestoragebeta.z4.web.core.windows.net/","blob":"https://samplekubestoragebeta.blob.core.windows.net/","queue":"https://samplekubestoragebeta.queue.core.windows.net/","table":"https://samplekubestoragebeta.table.core.windows.net/","file":"https://samplekubestoragebeta.file.core.windows.net/"},"primaryLocation":"westcentralus","statusOfPrimary":"available"}}'
    headers:
      Cache-Control:
      - no-cache
      Content-Type:
      - application/json
      Expires:
      - "-1"
      Pragma:
      - no-cache
      Server:
      - Microsoft-Azure-Storage-Resource-Provider/1.0,Microsoft-HTTPAPI/2.0 Microsoft-HTTPAPI/2.0
      Strict-Transport-Security:
      - max-age=31536000; includeSubDomains
      Vary:
      - Accept-Encoding
      X-Content-Type-Options:
      - nosniff
    status: 200 OK
    code: 200
    duration: ""
- request:
    body: ""
    form: {}
    headers:
      Accept:
      - application/json
      Test-Request-Attempt:
      - "0"
    url: https://management.azure.com/subscriptions/00000000-0000-0000-0000-000000000000/resourceGroups/asotest-rg-gjnlck/providers/Microsoft.Storage/storageAccounts/samplekubestoragebeta?api-version=2021-04-01
    method: GET
  response:
    body: '{"sku":{"name":"Standard_LRS","tier":"Standard"},"kind":"StorageV2","id":"/subscriptions/00000000-0000-0000-0000-000000000000/resourceGroups/asotest-rg-gjnlck/providers/Microsoft.Storage/storageAccounts/samplekubestoragebeta","name":"samplekubestoragebeta","type":"Microsoft.Storage/storageAccounts","location":"westcentralus","tags":{},"properties":{"keyCreationTime":{"key1":"2001-02-03T04:05:06Z","key2":"2001-02-03T04:05:06Z"},"privateEndpointConnections":[],"networkAcls":{"bypass":"AzureServices","virtualNetworkRules":[],"ipRules":[],"defaultAction":"Allow"},"supportsHttpsTrafficOnly":true,"encryption":{"services":{"file":{"keyType":"Account","enabled":true,"lastEnabledTime":"2001-02-03T04:05:06Z"},"blob":{"keyType":"Account","enabled":true,"lastEnabledTime":"2001-02-03T04:05:06Z"}},"keySource":"Microsoft.Storage"},"accessTier":"Hot","provisioningState":"Succeeded","creationTime":"2001-02-03T04:05:06Z","primaryEndpoints":{"dfs":"https://samplekubestoragebeta.dfs.core.windows.net/","web":"https://samplekubestoragebeta.z4.web.core.windows.net/","blob":"https://samplekubestoragebeta.blob.core.windows.net/","queue":"https://samplekubestoragebeta.queue.core.windows.net/","table":"https://samplekubestoragebeta.table.core.windows.net/","file":"https://samplekubestoragebeta.file.core.windows.net/"},"primaryLocation":"westcentralus","statusOfPrimary":"available"}}'
    headers:
      Cache-Control:
      - no-cache
      Content-Type:
      - application/json
      Expires:
      - "-1"
      Pragma:
      - no-cache
      Server:
      - Microsoft-Azure-Storage-Resource-Provider/1.0,Microsoft-HTTPAPI/2.0 Microsoft-HTTPAPI/2.0
      Strict-Transport-Security:
      - max-age=31536000; includeSubDomains
      Vary:
      - Accept-Encoding
      X-Content-Type-Options:
      - nosniff
    status: 200 OK
    code: 200
    duration: ""
- request:
    body: ""
    form: {}
    headers:
      Accept:
      - application/json
      Test-Request-Attempt:
      - "0"
    url: https://management.azure.com/subscriptions/00000000-0000-0000-0000-000000000000/resourceGroups/asotest-rg-gjnlck/providers/Microsoft.Storage/storageAccounts/samplekubestoragebeta/listKeys?api-version=2021-09-01
    method: POST
  response:
    body: '{"keys":[{"creationTime":"2001-02-03T04:05:06Z","keyName":"key1","value":"{KEY}","permissions":"FULL"},{"creationTime":"2001-02-03T04:05:06Z","keyName":"key2","value":"{KEY}","permissions":"FULL"}]}'
    headers:
      Cache-Control:
      - no-cache
      Content-Type:
      - application/json
      Expires:
      - "-1"
      Pragma:
      - no-cache
      Server:
      - Microsoft-Azure-Storage-Resource-Provider/1.0,Microsoft-HTTPAPI/2.0 Microsoft-HTTPAPI/2.0
      Strict-Transport-Security:
      - max-age=31536000; includeSubDomains
      Vary:
      - Accept-Encoding
      X-Content-Type-Options:
      - nosniff
      X-Ms-Ratelimit-Remaining-Subscription-Resource-Requests:
      - "11998"
    status: 200 OK
    code: 200
    duration: ""
- request:
    body: '{"name":"default"}'
    form: {}
    headers:
      Accept:
      - application/json
      Content-Length:
      - "18"
      Content-Type:
      - application/json
      Test-Request-Attempt:
      - "0"
    url: https://management.azure.com/subscriptions/00000000-0000-0000-0000-000000000000/resourceGroups/asotest-rg-gjnlck/providers/Microsoft.Storage/storageAccounts/samplekubestoragebeta/queueServices/default?api-version=2021-04-01
    method: PUT
  response:
    body: '{"name":"default"}'
    headers:
      Cache-Control:
      - no-cache
      Content-Type:
      - application/json
      Expires:
      - "-1"
      Pragma:
      - no-cache
      Server:
      - Microsoft-Azure-Storage-Resource-Provider/1.0,Microsoft-HTTPAPI/2.0 Microsoft-HTTPAPI/2.0
      Strict-Transport-Security:
      - max-age=31536000; includeSubDomains
      Vary:
      - Accept-Encoding
      X-Content-Type-Options:
      - nosniff
    status: 200 OK
    code: 200
    duration: ""
- request:
    body: ""
    form: {}
    headers:
      Accept:
      - application/json
      Test-Request-Attempt:
      - "0"
    url: https://management.azure.com/subscriptions/00000000-0000-0000-0000-000000000000/resourceGroups/asotest-rg-gjnlck/providers/Microsoft.Storage/storageAccounts/samplekubestoragebeta/queueServices/default?api-version=2021-04-01
    method: GET
  response:
    body: '{"id":"/subscriptions/00000000-0000-0000-0000-000000000000/resourceGroups/asotest-rg-gjnlck/providers/Microsoft.Storage/storageAccounts/samplekubestoragebeta/queueServices/default","name":"default","type":"Microsoft.Storage/storageAccounts/queueServices","properties":{"cors":{"corsRules":[]}}}'
    headers:
      Cache-Control:
      - no-cache
      Content-Type:
      - application/json
      Expires:
      - "-1"
      Pragma:
      - no-cache
      Server:
      - Microsoft-Azure-Storage-Resource-Provider/1.0,Microsoft-HTTPAPI/2.0 Microsoft-HTTPAPI/2.0
      Strict-Transport-Security:
      - max-age=31536000; includeSubDomains
      Vary:
      - Accept-Encoding
      X-Content-Type-Options:
      - nosniff
    status: 200 OK
    code: 200
    duration: ""
- request:
    body: '{"name":"samplequeuebeta"}'
    form: {}
    headers:
      Accept:
      - application/json
      Content-Length:
      - "26"
      Content-Type:
      - application/json
      Test-Request-Attempt:
      - "0"
    url: https://management.azure.com/subscriptions/00000000-0000-0000-0000-000000000000/resourceGroups/asotest-rg-gjnlck/providers/Microsoft.Storage/storageAccounts/samplekubestoragebeta/queueServices/default/queues/samplequeuebeta?api-version=2021-04-01
    method: PUT
  response:
    body: '{"id":"/subscriptions/00000000-0000-0000-0000-000000000000/resourceGroups/asotest-rg-gjnlck/providers/Microsoft.Storage/storageAccounts/samplekubestoragebeta/queueServices/default/queues/samplequeuebeta","name":"samplequeuebeta","type":"Microsoft.Storage/storageAccounts/queueServices/queues","properties":{"metadata":{}}}'
    headers:
      Cache-Control:
      - no-cache
      Content-Type:
      - application/json
      Expires:
      - "-1"
      Pragma:
      - no-cache
      Server:
      - Microsoft-Azure-Storage-Resource-Provider/1.0,Microsoft-HTTPAPI/2.0 Microsoft-HTTPAPI/2.0
      Strict-Transport-Security:
      - max-age=31536000; includeSubDomains
      Vary:
      - Accept-Encoding
      X-Content-Type-Options:
      - nosniff
    status: 200 OK
    code: 200
    duration: ""
- request:
    body: ""
    form: {}
    headers:
      Accept:
      - application/json
      Test-Request-Attempt:
      - "0"
    url: https://management.azure.com/subscriptions/00000000-0000-0000-0000-000000000000/resourceGroups/asotest-rg-gjnlck/providers/Microsoft.Storage/storageAccounts/samplekubestoragebeta/queueServices/default/queues/samplequeuebeta?api-version=2021-04-01
    method: GET
  response:
    body: '{"id":"/subscriptions/00000000-0000-0000-0000-000000000000/resourceGroups/asotest-rg-gjnlck/providers/Microsoft.Storage/storageAccounts/samplekubestoragebeta/queueServices/default/queues/samplequeuebeta","name":"samplequeuebeta","type":"Microsoft.Storage/storageAccounts/queueServices/queues","properties":{"metadata":{},"approximateMessageCount":0}}'
    headers:
      Cache-Control:
      - no-cache
      Content-Type:
      - application/json
      Expires:
      - "-1"
      Pragma:
      - no-cache
      Server:
      - Microsoft-Azure-Storage-Resource-Provider/1.0,Microsoft-HTTPAPI/2.0 Microsoft-HTTPAPI/2.0
      Strict-Transport-Security:
      - max-age=31536000; includeSubDomains
      Vary:
      - Accept-Encoding
      X-Content-Type-Options:
      - nosniff
    status: 200 OK
    code: 200
    duration: ""
- request:
    body: '{"location":"westcentralus","name":"asotestqqarri"}'
    form: {}
    headers:
      Accept:
      - application/json
      Content-Length:
      - "51"
      Content-Type:
      - application/json
      Test-Request-Attempt:
      - "0"
    url: https://management.azure.com/subscriptions/00000000-0000-0000-0000-000000000000/resourceGroups/asotest-rg-gjnlck/providers/Microsoft.EventGrid/domains/asotestqqarri?api-version=2020-06-01
    method: PUT
  response:
    body: '{"properties":{"provisioningState":"Creating","endpoint":null},"systemData":null,"location":"westcentralus","tags":null,"id":"/subscriptions/00000000-0000-0000-0000-000000000000/resourceGroups/asotest-rg-gjnlck/providers/Microsoft.EventGrid/domains/asotestqqarri","name":"asotestqqarri","type":"Microsoft.EventGrid/domains"}'
    headers:
      Azure-Asyncoperation:
      - https://management.azure.com:443/subscriptions/00000000-0000-0000-0000-000000000000/providers/Microsoft.EventGrid/locations/westcentralus/operationsStatus/452E9B43-5E1F-4D2C-B9B7-DBAF9B8C3C4F?api-version=2020-06-01
      Cache-Control:
      - no-cache
      Content-Length:
      - "324"
      Content-Type:
      - application/json; charset=utf-8
      Expires:
      - "-1"
      Pragma:
      - no-cache
      Retry-After:
      - "10"
      Server:
      - Microsoft-HTTPAPI/2.0
      Strict-Transport-Security:
      - max-age=31536000; includeSubDomains
      X-Content-Type-Options:
      - nosniff
    status: 201 Created
    code: 201
    duration: ""
- request:
    body: ""
    form: {}
    headers:
      Test-Request-Attempt:
      - "0"
    url: https://management.azure.com:443/subscriptions/00000000-0000-0000-0000-000000000000/providers/Microsoft.EventGrid/locations/westcentralus/operationsStatus/452E9B43-5E1F-4D2C-B9B7-DBAF9B8C3C4F?api-version=2020-06-01
    method: GET
  response:
    body: '{"id":"https://management.azure.com/subscriptions/00000000-0000-0000-0000-000000000000/providers/Microsoft.EventGrid/locations/westcentralus/operationsStatus/452E9B43-5E1F-4D2C-B9B7-DBAF9B8C3C4F?api-version=2020-06-01","name":"452e9b43-5e1f-4d2c-b9b7-dbaf9b8c3c4f","status":"Succeeded"}'
    headers:
      Cache-Control:
      - no-cache
      Content-Type:
      - application/json; charset=utf-8
      Expires:
      - "-1"
      Pragma:
      - no-cache
      Server:
      - Microsoft-HTTPAPI/2.0
      Strict-Transport-Security:
      - max-age=31536000; includeSubDomains
      Vary:
      - Accept-Encoding
      X-Content-Type-Options:
      - nosniff
    status: 200 OK
    code: 200
    duration: ""
- request:
    body: ""
    form: {}
    headers:
      Test-Request-Attempt:
      - "0"
    url: https://management.azure.com/subscriptions/00000000-0000-0000-0000-000000000000/resourceGroups/asotest-rg-gjnlck/providers/Microsoft.EventGrid/domains/asotestqqarri?api-version=2020-06-01
    method: GET
  response:
    body: '{"properties":{"provisioningState":"Succeeded","endpoint":"https://asotestqqarri.westcentralus-1.eventgrid.azure.net/api/events","inputSchema":"EventGridSchema","metricResourceId":"a8ff4ed6-267a-4981-8cba-45aa99b51c92","publicNetworkAccess":"Enabled"},"systemData":null,"location":"westcentralus","tags":null,"id":"/subscriptions/00000000-0000-0000-0000-000000000000/resourceGroups/asotest-rg-gjnlck/providers/Microsoft.EventGrid/domains/asotestqqarri","name":"asotestqqarri","type":"Microsoft.EventGrid/domains"}'
    headers:
      Cache-Control:
      - no-cache
      Content-Type:
      - application/json; charset=utf-8
      Expires:
      - "-1"
      Pragma:
      - no-cache
      Server:
      - Microsoft-HTTPAPI/2.0
      Strict-Transport-Security:
      - max-age=31536000; includeSubDomains
      Vary:
      - Accept-Encoding
      X-Content-Type-Options:
      - nosniff
    status: 200 OK
    code: 200
    duration: ""
- request:
    body: ""
    form: {}
    headers:
      Accept:
      - application/json
      Test-Request-Attempt:
      - "1"
    url: https://management.azure.com/subscriptions/00000000-0000-0000-0000-000000000000/resourceGroups/asotest-rg-gjnlck/providers/Microsoft.EventGrid/domains/asotestqqarri?api-version=2020-06-01
    method: GET
  response:
    body: '{"properties":{"provisioningState":"Succeeded","endpoint":"https://asotestqqarri.westcentralus-1.eventgrid.azure.net/api/events","inputSchema":"EventGridSchema","metricResourceId":"a8ff4ed6-267a-4981-8cba-45aa99b51c92","publicNetworkAccess":"Enabled"},"systemData":null,"location":"westcentralus","tags":null,"id":"/subscriptions/00000000-0000-0000-0000-000000000000/resourceGroups/asotest-rg-gjnlck/providers/Microsoft.EventGrid/domains/asotestqqarri","name":"asotestqqarri","type":"Microsoft.EventGrid/domains"}'
    headers:
      Cache-Control:
      - no-cache
      Content-Type:
      - application/json; charset=utf-8
      Expires:
      - "-1"
      Pragma:
      - no-cache
      Server:
      - Microsoft-HTTPAPI/2.0
      Strict-Transport-Security:
      - max-age=31536000; includeSubDomains
      Vary:
      - Accept-Encoding
      X-Content-Type-Options:
      - nosniff
    status: 200 OK
    code: 200
    duration: ""
- request:
    body: '{"location":"westcentralus","name":"asotesteoyquo"}'
    form: {}
    headers:
      Accept:
      - application/json
      Content-Length:
      - "51"
      Content-Type:
      - application/json
      Test-Request-Attempt:
      - "0"
    url: https://management.azure.com/subscriptions/00000000-0000-0000-0000-000000000000/resourceGroups/asotest-rg-gjnlck/providers/Microsoft.EventGrid/topics/asotesteoyquo?api-version=2020-06-01
    method: PUT
  response:
    body: '{"properties":{"provisioningState":"Creating","endpoint":null},"systemData":null,"location":"westcentralus","tags":null,"id":"/subscriptions/00000000-0000-0000-0000-000000000000/resourceGroups/asotest-rg-gjnlck/providers/Microsoft.EventGrid/topics/asotesteoyquo","name":"asotesteoyquo","type":"Microsoft.EventGrid/topics"}'
    headers:
      Azure-Asyncoperation:
      - https://management.azure.com:443/subscriptions/00000000-0000-0000-0000-000000000000/providers/Microsoft.EventGrid/locations/westcentralus/operationsStatus/E7F200C1-B8D9-4820-88CB-D5E52A7CC544?api-version=2020-06-01
      Cache-Control:
      - no-cache
      Content-Length:
      - "322"
      Content-Type:
      - application/json; charset=utf-8
      Expires:
      - "-1"
      Pragma:
      - no-cache
      Retry-After:
      - "10"
      Server:
      - Microsoft-HTTPAPI/2.0
      Strict-Transport-Security:
      - max-age=31536000; includeSubDomains
      X-Content-Type-Options:
      - nosniff
    status: 201 Created
    code: 201
    duration: ""
- request:
    body: ""
    form: {}
    headers:
      Test-Request-Attempt:
      - "0"
    url: https://management.azure.com:443/subscriptions/00000000-0000-0000-0000-000000000000/providers/Microsoft.EventGrid/locations/westcentralus/operationsStatus/E7F200C1-B8D9-4820-88CB-D5E52A7CC544?api-version=2020-06-01
    method: GET
  response:
    body: '{"id":"https://management.azure.com/subscriptions/00000000-0000-0000-0000-000000000000/providers/Microsoft.EventGrid/locations/westcentralus/operationsStatus/E7F200C1-B8D9-4820-88CB-D5E52A7CC544?api-version=2020-06-01","name":"e7f200c1-b8d9-4820-88cb-d5e52a7cc544","status":"Succeeded"}'
    headers:
      Cache-Control:
      - no-cache
      Content-Type:
      - application/json; charset=utf-8
      Expires:
      - "-1"
      Pragma:
      - no-cache
      Server:
      - Microsoft-HTTPAPI/2.0
      Strict-Transport-Security:
      - max-age=31536000; includeSubDomains
      Vary:
      - Accept-Encoding
      X-Content-Type-Options:
      - nosniff
    status: 200 OK
    code: 200
    duration: ""
- request:
    body: ""
    form: {}
    headers:
      Test-Request-Attempt:
      - "0"
    url: https://management.azure.com/subscriptions/00000000-0000-0000-0000-000000000000/resourceGroups/asotest-rg-gjnlck/providers/Microsoft.EventGrid/topics/asotesteoyquo?api-version=2020-06-01
    method: GET
  response:
    body: '{"properties":{"provisioningState":"Succeeded","endpoint":"https://asotesteoyquo.westcentralus-1.eventgrid.azure.net/api/events","inputSchema":"EventGridSchema","metricResourceId":"29b54d3c-3393-4359-94dc-e2238fc0a52c","publicNetworkAccess":"Enabled"},"systemData":null,"location":"westcentralus","tags":null,"id":"/subscriptions/00000000-0000-0000-0000-000000000000/resourceGroups/asotest-rg-gjnlck/providers/Microsoft.EventGrid/topics/asotesteoyquo","name":"asotesteoyquo","type":"Microsoft.EventGrid/topics"}'
    headers:
      Cache-Control:
      - no-cache
      Content-Type:
      - application/json; charset=utf-8
      Expires:
      - "-1"
      Pragma:
      - no-cache
      Server:
      - Microsoft-HTTPAPI/2.0
      Strict-Transport-Security:
      - max-age=31536000; includeSubDomains
      Vary:
      - Accept-Encoding
      X-Content-Type-Options:
      - nosniff
    status: 200 OK
    code: 200
    duration: ""
- request:
    body: ""
    form: {}
    headers:
      Accept:
      - application/json
      Test-Request-Attempt:
      - "1"
    url: https://management.azure.com/subscriptions/00000000-0000-0000-0000-000000000000/resourceGroups/asotest-rg-gjnlck/providers/Microsoft.EventGrid/topics/asotesteoyquo?api-version=2020-06-01
    method: GET
  response:
    body: '{"properties":{"provisioningState":"Succeeded","endpoint":"https://asotesteoyquo.westcentralus-1.eventgrid.azure.net/api/events","inputSchema":"EventGridSchema","metricResourceId":"29b54d3c-3393-4359-94dc-e2238fc0a52c","publicNetworkAccess":"Enabled"},"systemData":null,"location":"westcentralus","tags":null,"id":"/subscriptions/00000000-0000-0000-0000-000000000000/resourceGroups/asotest-rg-gjnlck/providers/Microsoft.EventGrid/topics/asotesteoyquo","name":"asotesteoyquo","type":"Microsoft.EventGrid/topics"}'
    headers:
      Cache-Control:
      - no-cache
      Content-Type:
      - application/json; charset=utf-8
      Expires:
      - "-1"
      Pragma:
      - no-cache
      Server:
      - Microsoft-HTTPAPI/2.0
      Strict-Transport-Security:
      - max-age=31536000; includeSubDomains
      Vary:
      - Accept-Encoding
      X-Content-Type-Options:
      - nosniff
    status: 200 OK
    code: 200
    duration: ""
- request:
    body: '{"name":"asotestuuzwel"}'
    form: {}
    headers:
      Accept:
      - application/json
      Content-Length:
      - "24"
      Content-Type:
      - application/json
      Test-Request-Attempt:
      - "0"
    url: https://management.azure.com/subscriptions/00000000-0000-0000-0000-000000000000/resourceGroups/asotest-rg-gjnlck/providers/Microsoft.EventGrid/domains/asotestqqarri/topics/asotestuuzwel?api-version=2020-06-01
    method: PUT
  response:
    body: '{"properties":{"provisioningState":"Creating"},"systemData":null,"id":"/subscriptions/00000000-0000-0000-0000-000000000000/resourceGroups/asotest-rg-gjnlck/providers/Microsoft.EventGrid/domains/asotestqqarri/topics/asotestuuzwel","name":"asotestuuzwel","type":"Microsoft.EventGrid/domains/topics"}'
    headers:
      Azure-Asyncoperation:
      - https://management.azure.com:443/subscriptions/00000000-0000-0000-0000-000000000000/providers/Microsoft.EventGrid/locations/westcentralus/operationsStatus/8947ABE9-EF68-4014-9B41-27F872723606?api-version=2020-06-01
      Cache-Control:
      - no-cache
      Content-Length:
      - "297"
      Content-Type:
      - application/json; charset=utf-8
      Expires:
      - "-1"
      Pragma:
      - no-cache
      Retry-After:
      - "10"
      Server:
      - Microsoft-HTTPAPI/2.0
      Strict-Transport-Security:
      - max-age=31536000; includeSubDomains
      X-Content-Type-Options:
      - nosniff
    status: 201 Created
    code: 201
    duration: ""
- request:
    body: ""
    form: {}
    headers:
      Test-Request-Attempt:
      - "0"
    url: https://management.azure.com:443/subscriptions/00000000-0000-0000-0000-000000000000/providers/Microsoft.EventGrid/locations/westcentralus/operationsStatus/8947ABE9-EF68-4014-9B41-27F872723606?api-version=2020-06-01
    method: GET
  response:
    body: '{"id":"https://management.azure.com/subscriptions/00000000-0000-0000-0000-000000000000/providers/Microsoft.EventGrid/locations/westcentralus/operationsStatus/8947ABE9-EF68-4014-9B41-27F872723606?api-version=2020-06-01","name":"8947abe9-ef68-4014-9b41-27f872723606","status":"Succeeded"}'
    headers:
      Cache-Control:
      - no-cache
      Content-Type:
      - application/json; charset=utf-8
      Expires:
      - "-1"
      Pragma:
      - no-cache
      Server:
      - Microsoft-HTTPAPI/2.0
      Strict-Transport-Security:
      - max-age=31536000; includeSubDomains
      Vary:
      - Accept-Encoding
      X-Content-Type-Options:
      - nosniff
    status: 200 OK
    code: 200
    duration: ""
- request:
    body: ""
    form: {}
    headers:
      Test-Request-Attempt:
      - "0"
    url: https://management.azure.com/subscriptions/00000000-0000-0000-0000-000000000000/resourceGroups/asotest-rg-gjnlck/providers/Microsoft.EventGrid/domains/asotestqqarri/topics/asotestuuzwel?api-version=2020-06-01
    method: GET
  response:
    body: '{"properties":{"provisioningState":"Succeeded"},"systemData":null,"id":"/subscriptions/00000000-0000-0000-0000-000000000000/resourceGroups/asotest-rg-gjnlck/providers/Microsoft.EventGrid/domains/asotestqqarri/topics/asotestuuzwel","name":"asotestuuzwel","type":"Microsoft.EventGrid/domains/topics"}'
    headers:
      Cache-Control:
      - no-cache
      Content-Type:
      - application/json; charset=utf-8
      Expires:
      - "-1"
      Pragma:
      - no-cache
      Server:
      - Microsoft-HTTPAPI/2.0
      Strict-Transport-Security:
      - max-age=31536000; includeSubDomains
      Vary:
      - Accept-Encoding
      X-Content-Type-Options:
      - nosniff
      X-Ms-Ratelimit-Remaining-Subscription-Resource-Requests:
      - "899"
    status: 200 OK
    code: 200
    duration: ""
- request:
    body: ""
    form: {}
    headers:
      Accept:
      - application/json
      Test-Request-Attempt:
      - "1"
    url: https://management.azure.com/subscriptions/00000000-0000-0000-0000-000000000000/resourceGroups/asotest-rg-gjnlck/providers/Microsoft.EventGrid/domains/asotestqqarri/topics/asotestuuzwel?api-version=2020-06-01
    method: GET
  response:
    body: '{"properties":{"provisioningState":"Succeeded"},"systemData":null,"id":"/subscriptions/00000000-0000-0000-0000-000000000000/resourceGroups/asotest-rg-gjnlck/providers/Microsoft.EventGrid/domains/asotestqqarri/topics/asotestuuzwel","name":"asotestuuzwel","type":"Microsoft.EventGrid/domains/topics"}'
    headers:
      Cache-Control:
      - no-cache
      Content-Type:
      - application/json; charset=utf-8
      Expires:
      - "-1"
      Pragma:
      - no-cache
      Server:
      - Microsoft-HTTPAPI/2.0
      Strict-Transport-Security:
      - max-age=31536000; includeSubDomains
      Vary:
      - Accept-Encoding
      X-Content-Type-Options:
      - nosniff
      X-Ms-Ratelimit-Remaining-Subscription-Resource-Requests:
      - "898"
    status: 200 OK
    code: 200
    duration: ""
- request:
    body: '{"name":"asotestzfzwyp","properties":{"destination":{"endpointType":"StorageQueue","properties":{"queueName":"samplequeuebeta","resourceId":"/subscriptions/00000000-0000-0000-0000-000000000000/resourceGroups/asotest-rg-gjnlck/providers/Microsoft.Storage/storageAccounts/samplekubestoragebeta"}}}}'
    form: {}
    headers:
      Accept:
      - application/json
      Content-Length:
      - "296"
      Content-Type:
      - application/json
      Test-Request-Attempt:
      - "0"
    url: https://management.azure.com/subscriptions/00000000-0000-0000-0000-000000000000/resourceGroups/asotest-rg-gjnlck/providers/Microsoft.EventGrid/domains/asotestqqarri/providers/Microsoft.EventGrid/eventSubscriptions/asotestzfzwyp?api-version=2020-06-01
    method: PUT
  response:
    body: '{"properties":{"topic":"/subscriptions/00000000-0000-0000-0000-000000000000/resourceGroups/asotest-rg-gjnlck/providers/microsoft.eventgrid/domains/asotestqqarri","provisioningState":"Creating","destination":{"properties":{"resourceId":"/subscriptions/00000000-0000-0000-0000-000000000000/resourceGroups/asotest-rg-gjnlck/providers/Microsoft.Storage/storageAccounts/samplekubestoragebeta","queueName":"samplequeuebeta"},"endpointType":"StorageQueue"},"filter":{"subjectBeginsWith":"","subjectEndsWith":""},"labels":null,"retryPolicy":{"maxDeliveryAttempts":30,"eventTimeToLiveInMinutes":1440}},"systemData":null,"id":"/subscriptions/00000000-0000-0000-0000-000000000000/resourceGroups/asotest-rg-gjnlck/providers/Microsoft.EventGrid/domains/asotestqqarri/providers/Microsoft.EventGrid/eventSubscriptions/asotestzfzwyp","name":"asotestzfzwyp","type":"Microsoft.EventGrid/eventSubscriptions"}'
    headers:
      Azure-Asyncoperation:
      - https://management.azure.com:443/subscriptions/00000000-0000-0000-0000-000000000000/providers/Microsoft.EventGrid/locations/westcentralus/operationsStatus/9E4D31B2-95D9-4C7A-B0C6-D7AB2C876729?api-version=2020-06-01
      Cache-Control:
      - no-cache
      Content-Length:
      - "889"
      Content-Type:
      - application/json; charset=utf-8
      Expires:
      - "-1"
      Pragma:
      - no-cache
      Retry-After:
      - "10"
      Server:
      - Microsoft-HTTPAPI/2.0
      Strict-Transport-Security:
      - max-age=31536000; includeSubDomains
      X-Content-Type-Options:
      - nosniff
      X-Ms-Ratelimit-Remaining-Subscription-Resource-Requests:
      - "899"
    status: 201 Created
    code: 201
    duration: ""
- request:
    body: ""
    form: {}
    headers:
      Test-Request-Attempt:
      - "0"
    url: https://management.azure.com:443/subscriptions/00000000-0000-0000-0000-000000000000/providers/Microsoft.EventGrid/locations/westcentralus/operationsStatus/9E4D31B2-95D9-4C7A-B0C6-D7AB2C876729?api-version=2020-06-01
    method: GET
  response:
    body: '{"id":"https://management.azure.com/subscriptions/00000000-0000-0000-0000-000000000000/providers/Microsoft.EventGrid/locations/westcentralus/operationsStatus/9E4D31B2-95D9-4C7A-B0C6-D7AB2C876729?api-version=2020-06-01","name":"9e4d31b2-95d9-4c7a-b0c6-d7ab2c876729","status":"Succeeded"}'
    headers:
      Cache-Control:
      - no-cache
      Content-Type:
      - application/json; charset=utf-8
      Expires:
      - "-1"
      Pragma:
      - no-cache
      Server:
      - Microsoft-HTTPAPI/2.0
      Strict-Transport-Security:
      - max-age=31536000; includeSubDomains
      Vary:
      - Accept-Encoding
      X-Content-Type-Options:
      - nosniff
    status: 200 OK
    code: 200
    duration: ""
- request:
    body: ""
    form: {}
    headers:
      Test-Request-Attempt:
      - "0"
    url: https://management.azure.com/subscriptions/00000000-0000-0000-0000-000000000000/resourceGroups/asotest-rg-gjnlck/providers/Microsoft.EventGrid/domains/asotestqqarri/providers/Microsoft.EventGrid/eventSubscriptions/asotestzfzwyp?api-version=2020-06-01
    method: GET
  response:
    body: '{"properties":{"topic":"/subscriptions/00000000-0000-0000-0000-000000000000/resourceGroups/asotest-rg-gjnlck/providers/microsoft.eventgrid/domains/asotestqqarri","provisioningState":"Succeeded","destination":{"properties":{"resourceId":"/subscriptions/00000000-0000-0000-0000-000000000000/resourceGroups/asotest-rg-gjnlck/providers/Microsoft.Storage/storageAccounts/samplekubestoragebeta","queueName":"samplequeuebeta"},"endpointType":"StorageQueue"},"filter":{"subjectBeginsWith":"","subjectEndsWith":""},"labels":null,"eventDeliverySchema":"EventGridSchema","retryPolicy":{"maxDeliveryAttempts":30,"eventTimeToLiveInMinutes":1440}},"systemData":null,"id":"/subscriptions/00000000-0000-0000-0000-000000000000/resourceGroups/asotest-rg-gjnlck/providers/Microsoft.EventGrid/domains/asotestqqarri/providers/Microsoft.EventGrid/eventSubscriptions/asotestzfzwyp","name":"asotestzfzwyp","type":"Microsoft.EventGrid/eventSubscriptions"}'
    headers:
      Cache-Control:
      - no-cache
      Content-Type:
      - application/json; charset=utf-8
      Expires:
      - "-1"
      Pragma:
      - no-cache
      Server:
      - Microsoft-HTTPAPI/2.0
      Strict-Transport-Security:
      - max-age=31536000; includeSubDomains
      Vary:
      - Accept-Encoding
      X-Content-Type-Options:
      - nosniff
    status: 200 OK
    code: 200
    duration: ""
- request:
    body: ""
    form: {}
    headers:
      Accept:
      - application/json
      Test-Request-Attempt:
      - "1"
    url: https://management.azure.com/subscriptions/00000000-0000-0000-0000-000000000000/resourceGroups/asotest-rg-gjnlck/providers/Microsoft.EventGrid/domains/asotestqqarri/providers/Microsoft.EventGrid/eventSubscriptions/asotestzfzwyp?api-version=2020-06-01
    method: GET
  response:
    body: '{"properties":{"topic":"/subscriptions/00000000-0000-0000-0000-000000000000/resourceGroups/asotest-rg-gjnlck/providers/microsoft.eventgrid/domains/asotestqqarri","provisioningState":"Succeeded","destination":{"properties":{"resourceId":"/subscriptions/00000000-0000-0000-0000-000000000000/resourceGroups/asotest-rg-gjnlck/providers/Microsoft.Storage/storageAccounts/samplekubestoragebeta","queueName":"samplequeuebeta"},"endpointType":"StorageQueue"},"filter":{"subjectBeginsWith":"","subjectEndsWith":""},"labels":null,"eventDeliverySchema":"EventGridSchema","retryPolicy":{"maxDeliveryAttempts":30,"eventTimeToLiveInMinutes":1440}},"systemData":null,"id":"/subscriptions/00000000-0000-0000-0000-000000000000/resourceGroups/asotest-rg-gjnlck/providers/Microsoft.EventGrid/domains/asotestqqarri/providers/Microsoft.EventGrid/eventSubscriptions/asotestzfzwyp","name":"asotestzfzwyp","type":"Microsoft.EventGrid/eventSubscriptions"}'
    headers:
      Cache-Control:
      - no-cache
      Content-Type:
      - application/json; charset=utf-8
      Expires:
      - "-1"
      Pragma:
      - no-cache
      Server:
      - Microsoft-HTTPAPI/2.0
      Strict-Transport-Security:
      - max-age=31536000; includeSubDomains
      Vary:
      - Accept-Encoding
      X-Content-Type-Options:
      - nosniff
    status: 200 OK
    code: 200
    duration: ""
- request:
    body: ""
    form: {}
    headers:
      Accept:
      - application/json
      Test-Request-Attempt:
      - "0"
    url: https://management.azure.com/subscriptions/00000000-0000-0000-0000-000000000000/resourceGroups/asotest-rg-gjnlck?api-version=2020-06-01
    method: DELETE
  response:
    body: ""
    headers:
      Cache-Control:
      - no-cache
      Content-Length:
      - "0"
      Expires:
      - "-1"
      Location:
      - https://management.azure.com/subscriptions/00000000-0000-0000-0000-000000000000/operationresults/eyJqb2JJZCI6IlJFU09VUkNFR1JPVVBERUxFVElPTkpPQi1BU09URVNUOjJEUkc6MkRHSk5MQ0stV0VTVFVTMiIsImpvYkxvY2F0aW9uIjoid2VzdHVzMiJ9?api-version=2020-06-01
      Pragma:
      - no-cache
      Retry-After:
      - "15"
      Strict-Transport-Security:
      - max-age=31536000; includeSubDomains
      X-Content-Type-Options:
      - nosniff
    status: 202 Accepted
    code: 202
    duration: ""
- request:
    body: ""
    form: {}
    headers:
      Accept:
      - application/json
      Test-Request-Attempt:
      - "1"
    url: https://management.azure.com/subscriptions/00000000-0000-0000-0000-000000000000/resourceGroups/asotest-rg-gjnlck?api-version=2020-06-01
    method: GET
  response:
    body: '{"id":"/subscriptions/00000000-0000-0000-0000-000000000000/resourceGroups/asotest-rg-gjnlck","name":"asotest-rg-gjnlck","type":"Microsoft.Resources/resourceGroups","location":"westus2","tags":{"CreatedAt":"2001-02-03T04:05:06Z"},"properties":{"provisioningState":"Deleting"}}'
    headers:
      Cache-Control:
      - no-cache
      Content-Type:
      - application/json; charset=utf-8
      Expires:
      - "-1"
      Pragma:
      - no-cache
      Strict-Transport-Security:
      - max-age=31536000; includeSubDomains
      Vary:
      - Accept-Encoding
      X-Content-Type-Options:
      - nosniff
    status: 200 OK
    code: 200
    duration: ""
- request:
    body: ""
    form: {}
    headers:
      Accept:
      - application/json
      Test-Request-Attempt:
      - "2"
    url: https://management.azure.com/subscriptions/00000000-0000-0000-0000-000000000000/resourceGroups/asotest-rg-gjnlck?api-version=2020-06-01
    method: GET
  response:
    body: '{"id":"/subscriptions/00000000-0000-0000-0000-000000000000/resourceGroups/asotest-rg-gjnlck","name":"asotest-rg-gjnlck","type":"Microsoft.Resources/resourceGroups","location":"westus2","tags":{"CreatedAt":"2001-02-03T04:05:06Z"},"properties":{"provisioningState":"Deleting"}}'
    headers:
      Cache-Control:
      - no-cache
      Content-Type:
      - application/json; charset=utf-8
      Expires:
      - "-1"
      Pragma:
      - no-cache
      Strict-Transport-Security:
      - max-age=31536000; includeSubDomains
      Vary:
      - Accept-Encoding
      X-Content-Type-Options:
      - nosniff
    status: 200 OK
    code: 200
    duration: ""
- request:
    body: ""
    form: {}
    headers:
      Accept:
      - application/json
      Test-Request-Attempt:
      - "3"
    url: https://management.azure.com/subscriptions/00000000-0000-0000-0000-000000000000/resourceGroups/asotest-rg-gjnlck?api-version=2020-06-01
    method: GET
  response:
    body: '{"id":"/subscriptions/00000000-0000-0000-0000-000000000000/resourceGroups/asotest-rg-gjnlck","name":"asotest-rg-gjnlck","type":"Microsoft.Resources/resourceGroups","location":"westus2","tags":{"CreatedAt":"2001-02-03T04:05:06Z"},"properties":{"provisioningState":"Deleting"}}'
    headers:
      Cache-Control:
      - no-cache
      Content-Type:
      - application/json; charset=utf-8
      Expires:
      - "-1"
      Pragma:
      - no-cache
      Strict-Transport-Security:
      - max-age=31536000; includeSubDomains
      Vary:
      - Accept-Encoding
      X-Content-Type-Options:
      - nosniff
    status: 200 OK
    code: 200
    duration: ""
- request:
    body: ""
    form: {}
    headers:
      Accept:
      - application/json
      Test-Request-Attempt:
      - "4"
    url: https://management.azure.com/subscriptions/00000000-0000-0000-0000-000000000000/resourceGroups/asotest-rg-gjnlck?api-version=2020-06-01
    method: GET
  response:
    body: '{"id":"/subscriptions/00000000-0000-0000-0000-000000000000/resourceGroups/asotest-rg-gjnlck","name":"asotest-rg-gjnlck","type":"Microsoft.Resources/resourceGroups","location":"westus2","tags":{"CreatedAt":"2001-02-03T04:05:06Z"},"properties":{"provisioningState":"Deleting"}}'
    headers:
      Cache-Control:
      - no-cache
      Content-Type:
      - application/json; charset=utf-8
      Expires:
      - "-1"
      Pragma:
      - no-cache
      Strict-Transport-Security:
      - max-age=31536000; includeSubDomains
      Vary:
      - Accept-Encoding
      X-Content-Type-Options:
      - nosniff
    status: 200 OK
    code: 200
    duration: ""
- request:
    body: ""
    form: {}
    headers:
      Accept:
      - application/json
      Test-Request-Attempt:
      - "5"
    url: https://management.azure.com/subscriptions/00000000-0000-0000-0000-000000000000/resourceGroups/asotest-rg-gjnlck?api-version=2020-06-01
    method: GET
  response:
    body: '{"error":{"code":"ResourceGroupNotFound","message":"Resource group ''asotest-rg-gjnlck''
      could not be found."}}'
    headers:
      Cache-Control:
      - no-cache
      Content-Length:
      - "109"
      Content-Type:
      - application/json; charset=utf-8
      Expires:
      - "-1"
      Pragma:
      - no-cache
      Strict-Transport-Security:
      - max-age=31536000; includeSubDomains
      X-Content-Type-Options:
      - nosniff
      X-Ms-Failure-Cause:
      - gateway
    status: 404 Not Found
    code: 404
    duration: ""
