---
version: 1
interactions:
- request:
    body: '{"location":"westus2","name":"asotest-rg-yqwsln","tags":{"CreatedAt":"2001-02-03T04:05:06Z"}}'
    form: {}
    headers:
      Accept:
      - application/json
      Content-Length:
      - "93"
      Content-Type:
      - application/json
      Test-Request-Attempt:
      - "0"
    url: https://management.azure.com/subscriptions/00000000-0000-0000-0000-000000000000/resourceGroups/asotest-rg-yqwsln?api-version=2020-06-01
    method: PUT
  response:
    body: '{"id":"/subscriptions/00000000-0000-0000-0000-000000000000/resourceGroups/asotest-rg-yqwsln","name":"asotest-rg-yqwsln","type":"Microsoft.Resources/resourceGroups","location":"westus2","tags":{"CreatedAt":"2001-02-03T04:05:06Z"},"properties":{"provisioningState":"Succeeded"}}'
    headers:
      Cache-Control:
      - no-cache
      Content-Length:
      - "276"
      Content-Type:
      - application/json; charset=utf-8
      Expires:
      - "-1"
      Pragma:
      - no-cache
      Strict-Transport-Security:
      - max-age=31536000; includeSubDomains
      X-Content-Type-Options:
      - nosniff
    status: 201 Created
    code: 201
    duration: ""
- request:
    body: ""
    form: {}
    headers:
      Accept:
      - application/json
      Test-Request-Attempt:
      - "0"
    url: https://management.azure.com/subscriptions/00000000-0000-0000-0000-000000000000/resourceGroups/asotest-rg-yqwsln?api-version=2020-06-01
    method: GET
  response:
    body: '{"id":"/subscriptions/00000000-0000-0000-0000-000000000000/resourceGroups/asotest-rg-yqwsln","name":"asotest-rg-yqwsln","type":"Microsoft.Resources/resourceGroups","location":"westus2","tags":{"CreatedAt":"2001-02-03T04:05:06Z"},"properties":{"provisioningState":"Succeeded"}}'
    headers:
      Cache-Control:
      - no-cache
      Content-Type:
      - application/json; charset=utf-8
      Expires:
      - "-1"
      Pragma:
      - no-cache
      Strict-Transport-Security:
      - max-age=31536000; includeSubDomains
      Vary:
      - Accept-Encoding
      X-Content-Type-Options:
      - nosniff
    status: 200 OK
    code: 200
    duration: ""
- request:
    body: '{"location":"westus2","name":"aso-sample-vn1","properties":{"addressSpace":{"addressPrefixes":["10.0.0.0/16"]}}}'
    form: {}
    headers:
      Accept:
      - application/json
      Content-Length:
      - "112"
      Content-Type:
      - application/json
      Test-Request-Attempt:
      - "0"
    url: https://management.azure.com/subscriptions/00000000-0000-0000-0000-000000000000/resourceGroups/asotest-rg-yqwsln/providers/Microsoft.Network/virtualNetworks/aso-sample-vn1?api-version=2020-11-01
    method: PUT
  response:
    body: "{\r\n  \"name\": \"aso-sample-vn1\",\r\n  \"id\": \"/subscriptions/00000000-0000-0000-0000-000000000000/resourceGroups/asotest-rg-yqwsln/providers/Microsoft.Network/virtualNetworks/aso-sample-vn1\",\r\n
      \ \"etag\": \"W/\\\"0bcd7db3-284e-43a5-9cc8-c2dff7cf2ae9\\\"\",\r\n  \"type\":
      \"Microsoft.Network/virtualNetworks\",\r\n  \"location\": \"westus2\",\r\n  \"properties\":
      {\r\n    \"provisioningState\": \"Updating\",\r\n    \"resourceGuid\": \"97fb9299-6e71-432a-bd5a-81954f1f1205\",\r\n
      \   \"addressSpace\": {\r\n      \"addressPrefixes\": [\r\n        \"10.0.0.0/16\"\r\n
      \     ]\r\n    },\r\n    \"subnets\": [],\r\n    \"virtualNetworkPeerings\":
      [],\r\n    \"enableDdosProtection\": false\r\n  }\r\n}"
    headers:
      Azure-Asyncnotification:
      - Enabled
      Azure-Asyncoperation:
      - https://management.azure.com/subscriptions/00000000-0000-0000-0000-000000000000/providers/Microsoft.Network/locations/westus2/operations/29616d54-ca59-4136-beff-bdc00988d0e4?api-version=2020-11-01
      Cache-Control:
      - no-cache
      Content-Length:
      - "624"
      Content-Type:
      - application/json; charset=utf-8
      Expires:
      - "-1"
      Pragma:
      - no-cache
      Retry-After:
      - "3"
      Server:
      - Microsoft-HTTPAPI/2.0
      - Microsoft-HTTPAPI/2.0
      Strict-Transport-Security:
      - max-age=31536000; includeSubDomains
      X-Content-Type-Options:
      - nosniff
    status: 201 Created
    code: 201
    duration: ""
- request:
    body: '{"location":"westus2","name":"aso-sample-vn","properties":{"addressSpace":{"addressPrefixes":["10.0.0.0/16"]}}}'
    form: {}
    headers:
      Accept:
      - application/json
      Content-Length:
      - "111"
      Content-Type:
      - application/json
      Test-Request-Attempt:
      - "0"
    url: https://management.azure.com/subscriptions/00000000-0000-0000-0000-000000000000/resourceGroups/asotest-rg-yqwsln/providers/Microsoft.Network/virtualNetworks/aso-sample-vn?api-version=2020-11-01
    method: PUT
  response:
    body: "{\r\n  \"name\": \"aso-sample-vn\",\r\n  \"id\": \"/subscriptions/00000000-0000-0000-0000-000000000000/resourceGroups/asotest-rg-yqwsln/providers/Microsoft.Network/virtualNetworks/aso-sample-vn\",\r\n
      \ \"etag\": \"W/\\\"0e0281b9-c034-45d0-a17e-30e8900d7e66\\\"\",\r\n  \"type\":
      \"Microsoft.Network/virtualNetworks\",\r\n  \"location\": \"westus2\",\r\n  \"properties\":
      {\r\n    \"provisioningState\": \"Updating\",\r\n    \"resourceGuid\": \"847fcf77-9518-47b9-869f-c8b0916cbf24\",\r\n
      \   \"addressSpace\": {\r\n      \"addressPrefixes\": [\r\n        \"10.0.0.0/16\"\r\n
      \     ]\r\n    },\r\n    \"subnets\": [],\r\n    \"virtualNetworkPeerings\":
      [],\r\n    \"enableDdosProtection\": false\r\n  }\r\n}"
    headers:
      Azure-Asyncnotification:
      - Enabled
      Azure-Asyncoperation:
      - https://management.azure.com/subscriptions/00000000-0000-0000-0000-000000000000/providers/Microsoft.Network/locations/westus2/operations/d3d9af0e-adce-42fd-8b9c-8193c044119d?api-version=2020-11-01
      Cache-Control:
      - no-cache
      Content-Length:
      - "622"
      Content-Type:
      - application/json; charset=utf-8
      Expires:
      - "-1"
      Pragma:
      - no-cache
      Retry-After:
      - "3"
      Server:
      - Microsoft-HTTPAPI/2.0
      - Microsoft-HTTPAPI/2.0
      Strict-Transport-Security:
      - max-age=31536000; includeSubDomains
      X-Content-Type-Options:
      - nosniff
    status: 201 Created
    code: 201
    duration: ""
- request:
    body: '{"location":"global","name":"privatelink.blob.core.windows.net"}'
    form: {}
    headers:
      Accept:
      - application/json
      Content-Length:
      - "64"
      Content-Type:
      - application/json
      Test-Request-Attempt:
      - "0"
    url: https://management.azure.com/subscriptions/00000000-0000-0000-0000-000000000000/resourceGroups/asotest-rg-yqwsln/providers/Microsoft.Network/privateDnsZones/privatelink.blob.core.windows.net?api-version=2018-09-01
    method: PUT
  response:
    body: '{}'
    headers:
      Azure-Asyncoperation:
      - https://management.azure.com/subscriptions/00000000-0000-0000-0000-000000000000/resourceGroups/asotest-rg-yqwsln/providers/Microsoft.Network/privateDnsOperationStatuses/RnJvbnRFbmRBc3luY09wZXJhdGlvbjtVcHNlcnRQcml2YXRlRG5zWm9uZTs1NDUyMWEyMC04OTllLTQ0ODQtYjc1Ni02MGYyY2I4ZGMyY2ZfODJhY2Q1YmItNDIwNi00N2Q0LTljMTItYTY1ZGIwMjg0ODNk?api-version=2018-09-01
      Cache-Control:
      - private
      Content-Length:
      - "2"
      Content-Type:
      - application/json; charset=utf-8
      Location:
      - https://management.azure.com/subscriptions/00000000-0000-0000-0000-000000000000/resourceGroups/asotest-rg-yqwsln/providers/Microsoft.Network/privateDnsOperationResults/RnJvbnRFbmRBc3luY09wZXJhdGlvbjtVcHNlcnRQcml2YXRlRG5zWm9uZTs1NDUyMWEyMC04OTllLTQ0ODQtYjc1Ni02MGYyY2I4ZGMyY2ZfODJhY2Q1YmItNDIwNi00N2Q0LTljMTItYTY1ZGIwMjg0ODNk?api-version=2018-09-01
      Retry-After:
      - "30"
      Server:
      - Microsoft-IIS/10.0
      Strict-Transport-Security:
      - max-age=31536000; includeSubDomains
      X-Aspnet-Version:
      - 4.0.30319
      X-Content-Type-Options:
      - nosniff
      X-Ms-Ratelimit-Remaining-Subscription-Resource-Requests:
      - "11999"
      X-Powered-By:
      - ASP.NET
    status: 202 Accepted
    code: 202
    duration: ""
- request:
    body: ""
    form: {}
    headers:
      Test-Request-Attempt:
      - "0"
    url: https://management.azure.com/subscriptions/00000000-0000-0000-0000-000000000000/providers/Microsoft.Network/locations/westus2/operations/29616d54-ca59-4136-beff-bdc00988d0e4?api-version=2020-11-01
    method: GET
  response:
    body: "{\r\n  \"status\": \"Succeeded\"\r\n}"
    headers:
      Cache-Control:
      - no-cache
      Content-Type:
      - application/json; charset=utf-8
      Expires:
      - "-1"
      Pragma:
      - no-cache
      Server:
      - Microsoft-HTTPAPI/2.0
      - Microsoft-HTTPAPI/2.0
      Strict-Transport-Security:
      - max-age=31536000; includeSubDomains
      Vary:
      - Accept-Encoding
      X-Content-Type-Options:
      - nosniff
    status: 200 OK
    code: 200
    duration: ""
- request:
    body: ""
    form: {}
    headers:
      Test-Request-Attempt:
      - "0"
    url: https://management.azure.com/subscriptions/00000000-0000-0000-0000-000000000000/providers/Microsoft.Network/locations/westus2/operations/d3d9af0e-adce-42fd-8b9c-8193c044119d?api-version=2020-11-01
    method: GET
  response:
    body: "{\r\n  \"status\": \"Succeeded\"\r\n}"
    headers:
      Cache-Control:
      - no-cache
      Content-Type:
      - application/json; charset=utf-8
      Expires:
      - "-1"
      Pragma:
      - no-cache
      Server:
      - Microsoft-HTTPAPI/2.0
      - Microsoft-HTTPAPI/2.0
      Strict-Transport-Security:
      - max-age=31536000; includeSubDomains
      Vary:
      - Accept-Encoding
      X-Content-Type-Options:
      - nosniff
    status: 200 OK
    code: 200
    duration: ""
- request:
    body: ""
    form: {}
    headers:
      Test-Request-Attempt:
      - "0"
    url: https://management.azure.com/subscriptions/00000000-0000-0000-0000-000000000000/resourceGroups/asotest-rg-yqwsln/providers/Microsoft.Network/virtualNetworks/aso-sample-vn?api-version=2020-11-01
    method: GET
  response:
    body: "{\r\n  \"name\": \"aso-sample-vn\",\r\n  \"id\": \"/subscriptions/00000000-0000-0000-0000-000000000000/resourceGroups/asotest-rg-yqwsln/providers/Microsoft.Network/virtualNetworks/aso-sample-vn\",\r\n
      \ \"etag\": \"W/\\\"cf24a57a-aabb-48a7-90b1-c8250052f87b\\\"\",\r\n  \"type\":
      \"Microsoft.Network/virtualNetworks\",\r\n  \"location\": \"westus2\",\r\n  \"properties\":
      {\r\n    \"provisioningState\": \"Succeeded\",\r\n    \"resourceGuid\": \"847fcf77-9518-47b9-869f-c8b0916cbf24\",\r\n
      \   \"addressSpace\": {\r\n      \"addressPrefixes\": [\r\n        \"10.0.0.0/16\"\r\n
      \     ]\r\n    },\r\n    \"subnets\": [],\r\n    \"virtualNetworkPeerings\":
      [],\r\n    \"enableDdosProtection\": false\r\n  }\r\n}"
    headers:
      Cache-Control:
      - no-cache
      Content-Type:
      - application/json; charset=utf-8
      Etag:
      - W/"cf24a57a-aabb-48a7-90b1-c8250052f87b"
      Expires:
      - "-1"
      Pragma:
      - no-cache
      Server:
      - Microsoft-HTTPAPI/2.0
      - Microsoft-HTTPAPI/2.0
      Strict-Transport-Security:
      - max-age=31536000; includeSubDomains
      Vary:
      - Accept-Encoding
      X-Content-Type-Options:
      - nosniff
    status: 200 OK
    code: 200
    duration: ""
- request:
    body: '{"kind":"BlobStorage","location":"westus2","name":"asosamplestorage","properties":{"accessTier":"Hot"},"sku":{"name":"Standard_LRS"}}'
    form: {}
    headers:
      Accept:
      - application/json
      Content-Length:
      - "133"
      Content-Type:
      - application/json
      Test-Request-Attempt:
      - "0"
    url: https://management.azure.com/subscriptions/00000000-0000-0000-0000-000000000000/resourceGroups/asotest-rg-yqwsln/providers/Microsoft.Storage/storageAccounts/asosamplestorage?api-version=2021-04-01
    method: PUT
  response:
    body: ""
    headers:
      Cache-Control:
      - no-cache
      Content-Length:
      - "0"
      Content-Type:
      - text/plain; charset=utf-8
      Expires:
      - "-1"
      Location:
      - https://management.azure.com/subscriptions/00000000-0000-0000-0000-000000000000/providers/Microsoft.Storage/locations/westus2/asyncoperations/69be9bec-3a99-4117-a322-c0501db50ca1?monitor=true&api-version=2021-04-01
      Pragma:
      - no-cache
      Retry-After:
      - "17"
      Server:
      - Microsoft-Azure-Storage-Resource-Provider/1.0,Microsoft-HTTPAPI/2.0 Microsoft-HTTPAPI/2.0
      Strict-Transport-Security:
      - max-age=31536000; includeSubDomains
      X-Content-Type-Options:
      - nosniff
    status: 202 Accepted
    code: 202
    duration: ""
- request:
    body: ""
    form: {}
    headers:
      Test-Request-Attempt:
      - "0"
    url: https://management.azure.com/subscriptions/00000000-0000-0000-0000-000000000000/resourceGroups/asotest-rg-yqwsln/providers/Microsoft.Network/virtualNetworks/aso-sample-vn1?api-version=2020-11-01
    method: GET
  response:
    body: "{\r\n  \"name\": \"aso-sample-vn1\",\r\n  \"id\": \"/subscriptions/00000000-0000-0000-0000-000000000000/resourceGroups/asotest-rg-yqwsln/providers/Microsoft.Network/virtualNetworks/aso-sample-vn1\",\r\n
      \ \"etag\": \"W/\\\"daccf5f8-4781-4340-9dcb-d1f35b149057\\\"\",\r\n  \"type\":
      \"Microsoft.Network/virtualNetworks\",\r\n  \"location\": \"westus2\",\r\n  \"properties\":
      {\r\n    \"provisioningState\": \"Succeeded\",\r\n    \"resourceGuid\": \"97fb9299-6e71-432a-bd5a-81954f1f1205\",\r\n
      \   \"addressSpace\": {\r\n      \"addressPrefixes\": [\r\n        \"10.0.0.0/16\"\r\n
      \     ]\r\n    },\r\n    \"subnets\": [],\r\n    \"virtualNetworkPeerings\":
      [],\r\n    \"enableDdosProtection\": false\r\n  }\r\n}"
    headers:
      Cache-Control:
      - no-cache
      Content-Type:
      - application/json; charset=utf-8
      Etag:
      - W/"daccf5f8-4781-4340-9dcb-d1f35b149057"
      Expires:
      - "-1"
      Pragma:
      - no-cache
      Server:
      - Microsoft-HTTPAPI/2.0
      - Microsoft-HTTPAPI/2.0
      Strict-Transport-Security:
      - max-age=31536000; includeSubDomains
      Vary:
      - Accept-Encoding
      X-Content-Type-Options:
      - nosniff
    status: 200 OK
    code: 200
    duration: ""
- request:
    body: ""
    form: {}
    headers:
      Test-Request-Attempt:
      - "0"
    url: https://management.azure.com/subscriptions/00000000-0000-0000-0000-000000000000/resourceGroups/asotest-rg-yqwsln/providers/Microsoft.Network/privateDnsOperationStatuses/RnJvbnRFbmRBc3luY09wZXJhdGlvbjtVcHNlcnRQcml2YXRlRG5zWm9uZTs1NDUyMWEyMC04OTllLTQ0ODQtYjc1Ni02MGYyY2I4ZGMyY2ZfODJhY2Q1YmItNDIwNi00N2Q0LTljMTItYTY1ZGIwMjg0ODNk?api-version=2018-09-01
    method: GET
  response:
    body: '{"status":"InProgress"}'
    headers:
      Azure-Asyncoperation:
      - https://management.azure.com/subscriptions/00000000-0000-0000-0000-000000000000/resourceGroups/asotest-rg-yqwsln/providers/Microsoft.Network/privateDnsOperationStatuses/RnJvbnRFbmRBc3luY09wZXJhdGlvbjtVcHNlcnRQcml2YXRlRG5zWm9uZTs1NDUyMWEyMC04OTllLTQ0ODQtYjc1Ni02MGYyY2I4ZGMyY2ZfODJhY2Q1YmItNDIwNi00N2Q0LTljMTItYTY1ZGIwMjg0ODNk?api-version=2018-09-01
      Cache-Control:
      - private
      Content-Length:
      - "23"
      Content-Type:
      - application/json; charset=utf-8
      Location:
      - https://management.azure.com/subscriptions/00000000-0000-0000-0000-000000000000/resourceGroups/asotest-rg-yqwsln/providers/Microsoft.Network/privateDnsOperationResults/RnJvbnRFbmRBc3luY09wZXJhdGlvbjtVcHNlcnRQcml2YXRlRG5zWm9uZTs1NDUyMWEyMC04OTllLTQ0ODQtYjc1Ni02MGYyY2I4ZGMyY2ZfODJhY2Q1YmItNDIwNi00N2Q0LTljMTItYTY1ZGIwMjg0ODNk?api-version=2018-09-01
      Retry-After:
      - "30"
      Server:
      - Microsoft-IIS/10.0
      Strict-Transport-Security:
      - max-age=31536000; includeSubDomains
      X-Aspnet-Version:
      - 4.0.30319
      X-Content-Type-Options:
      - nosniff
      X-Ms-Ratelimit-Remaining-Subscription-Resource-Requests:
      - "499"
      X-Powered-By:
      - ASP.NET
    status: 202 Accepted
    code: 202
    duration: ""
- request:
    body: ""
    form: {}
    headers:
      Accept:
      - application/json
      Test-Request-Attempt:
      - "1"
    url: https://management.azure.com/subscriptions/00000000-0000-0000-0000-000000000000/resourceGroups/asotest-rg-yqwsln/providers/Microsoft.Network/virtualNetworks/aso-sample-vn?api-version=2020-11-01
    method: GET
  response:
    body: "{\r\n  \"name\": \"aso-sample-vn\",\r\n  \"id\": \"/subscriptions/00000000-0000-0000-0000-000000000000/resourceGroups/asotest-rg-yqwsln/providers/Microsoft.Network/virtualNetworks/aso-sample-vn\",\r\n
      \ \"etag\": \"W/\\\"cf24a57a-aabb-48a7-90b1-c8250052f87b\\\"\",\r\n  \"type\":
      \"Microsoft.Network/virtualNetworks\",\r\n  \"location\": \"westus2\",\r\n  \"properties\":
      {\r\n    \"provisioningState\": \"Succeeded\",\r\n    \"resourceGuid\": \"847fcf77-9518-47b9-869f-c8b0916cbf24\",\r\n
      \   \"addressSpace\": {\r\n      \"addressPrefixes\": [\r\n        \"10.0.0.0/16\"\r\n
      \     ]\r\n    },\r\n    \"subnets\": [],\r\n    \"virtualNetworkPeerings\":
      [],\r\n    \"enableDdosProtection\": false\r\n  }\r\n}"
    headers:
      Cache-Control:
      - no-cache
      Content-Type:
      - application/json; charset=utf-8
      Etag:
      - W/"cf24a57a-aabb-48a7-90b1-c8250052f87b"
      Expires:
      - "-1"
      Pragma:
      - no-cache
      Server:
      - Microsoft-HTTPAPI/2.0
      - Microsoft-HTTPAPI/2.0
      Strict-Transport-Security:
      - max-age=31536000; includeSubDomains
      Vary:
      - Accept-Encoding
      X-Content-Type-Options:
      - nosniff
    status: 200 OK
    code: 200
    duration: ""
- request:
    body: ""
    form: {}
    headers:
      Accept:
      - application/json
      Test-Request-Attempt:
      - "1"
    url: https://management.azure.com/subscriptions/00000000-0000-0000-0000-000000000000/resourceGroups/asotest-rg-yqwsln/providers/Microsoft.Network/virtualNetworks/aso-sample-vn1?api-version=2020-11-01
    method: GET
  response:
    body: "{\r\n  \"name\": \"aso-sample-vn1\",\r\n  \"id\": \"/subscriptions/00000000-0000-0000-0000-000000000000/resourceGroups/asotest-rg-yqwsln/providers/Microsoft.Network/virtualNetworks/aso-sample-vn1\",\r\n
      \ \"etag\": \"W/\\\"daccf5f8-4781-4340-9dcb-d1f35b149057\\\"\",\r\n  \"type\":
      \"Microsoft.Network/virtualNetworks\",\r\n  \"location\": \"westus2\",\r\n  \"properties\":
      {\r\n    \"provisioningState\": \"Succeeded\",\r\n    \"resourceGuid\": \"97fb9299-6e71-432a-bd5a-81954f1f1205\",\r\n
      \   \"addressSpace\": {\r\n      \"addressPrefixes\": [\r\n        \"10.0.0.0/16\"\r\n
      \     ]\r\n    },\r\n    \"subnets\": [],\r\n    \"virtualNetworkPeerings\":
      [],\r\n    \"enableDdosProtection\": false\r\n  }\r\n}"
    headers:
      Cache-Control:
      - no-cache
      Content-Type:
      - application/json; charset=utf-8
      Etag:
      - W/"daccf5f8-4781-4340-9dcb-d1f35b149057"
      Expires:
      - "-1"
      Pragma:
      - no-cache
      Server:
      - Microsoft-HTTPAPI/2.0
      - Microsoft-HTTPAPI/2.0
      Strict-Transport-Security:
      - max-age=31536000; includeSubDomains
      Vary:
      - Accept-Encoding
      X-Content-Type-Options:
      - nosniff
    status: 200 OK
    code: 200
    duration: ""
- request:
    body: ""
    form: {}
    headers:
      Test-Request-Attempt:
      - "0"
    url: https://management.azure.com/subscriptions/00000000-0000-0000-0000-000000000000/providers/Microsoft.Storage/locations/westus2/asyncoperations/69be9bec-3a99-4117-a322-c0501db50ca1?monitor=true&api-version=2021-04-01
    method: GET
  response:
    body: ""
    headers:
      Cache-Control:
      - no-cache
      Content-Length:
      - "0"
      Content-Type:
      - text/plain; charset=utf-8
      Expires:
      - "-1"
      Location:
      - https://management.azure.com/subscriptions/00000000-0000-0000-0000-000000000000/providers/Microsoft.Storage/locations/westus2/asyncoperations/69be9bec-3a99-4117-a322-c0501db50ca1?monitor=true&api-version=2021-04-01
      Pragma:
      - no-cache
      Retry-After:
      - "17"
      Server:
      - Microsoft-Azure-Storage-Resource-Provider/1.0,Microsoft-HTTPAPI/2.0 Microsoft-HTTPAPI/2.0
      Strict-Transport-Security:
      - max-age=31536000; includeSubDomains
      X-Content-Type-Options:
      - nosniff
    status: 202 Accepted
    code: 202
    duration: ""
- request:
    body: '{"name":"aso-sample-subnet","properties":{"addressPrefix":"10.0.0.0/24","privateLinkServiceNetworkPolicies":"Disabled"}}'
    form: {}
    headers:
      Accept:
      - application/json
      Content-Length:
      - "120"
      Content-Type:
      - application/json
      Test-Request-Attempt:
      - "0"
    url: https://management.azure.com/subscriptions/00000000-0000-0000-0000-000000000000/resourceGroups/asotest-rg-yqwsln/providers/Microsoft.Network/virtualNetworks/aso-sample-vn/subnets/aso-sample-subnet?api-version=2020-11-01
    method: PUT
  response:
    body: "{\r\n  \"name\": \"aso-sample-subnet\",\r\n  \"id\": \"/subscriptions/00000000-0000-0000-0000-000000000000/resourceGroups/asotest-rg-yqwsln/providers/Microsoft.Network/virtualNetworks/aso-sample-vn/subnets/aso-sample-subnet\",\r\n
      \ \"etag\": \"W/\\\"ad5839bb-b244-4334-9576-a2b4fa0d5b57\\\"\",\r\n  \"properties\":
      {\r\n    \"provisioningState\": \"Updating\",\r\n    \"addressPrefix\": \"10.0.0.0/24\",\r\n
      \   \"delegations\": [],\r\n    \"privateEndpointNetworkPolicies\": \"Disabled\",\r\n
      \   \"privateLinkServiceNetworkPolicies\": \"Disabled\"\r\n  },\r\n  \"type\":
      \"Microsoft.Network/virtualNetworks/subnets\"\r\n}"
    headers:
      Azure-Asyncnotification:
      - Enabled
      Azure-Asyncoperation:
      - https://management.azure.com/subscriptions/00000000-0000-0000-0000-000000000000/providers/Microsoft.Network/locations/westus2/operations/7b8a778f-6f7e-4ed1-8dd0-8139b77e96bf?api-version=2020-11-01
      Cache-Control:
      - no-cache
      Content-Length:
      - "557"
      Content-Type:
      - application/json; charset=utf-8
      Expires:
      - "-1"
      Pragma:
      - no-cache
      Retry-After:
      - "3"
      Server:
      - Microsoft-HTTPAPI/2.0
      - Microsoft-HTTPAPI/2.0
      Strict-Transport-Security:
      - max-age=31536000; includeSubDomains
      X-Content-Type-Options:
      - nosniff
    status: 201 Created
    code: 201
    duration: ""
- request:
    body: '{"name":"aso-sample-subnet1","properties":{"addressPrefix":"10.0.0.0/24"}}'
    form: {}
    headers:
      Accept:
      - application/json
      Content-Length:
      - "74"
      Content-Type:
      - application/json
      Test-Request-Attempt:
      - "0"
    url: https://management.azure.com/subscriptions/00000000-0000-0000-0000-000000000000/resourceGroups/asotest-rg-yqwsln/providers/Microsoft.Network/virtualNetworks/aso-sample-vn1/subnets/aso-sample-subnet1?api-version=2020-11-01
    method: PUT
  response:
    body: "{\r\n  \"name\": \"aso-sample-subnet1\",\r\n  \"id\": \"/subscriptions/00000000-0000-0000-0000-000000000000/resourceGroups/asotest-rg-yqwsln/providers/Microsoft.Network/virtualNetworks/aso-sample-vn1/subnets/aso-sample-subnet1\",\r\n
      \ \"etag\": \"W/\\\"a7356b97-b053-4e63-bf14-5441a0c97e40\\\"\",\r\n  \"properties\":
      {\r\n    \"provisioningState\": \"Updating\",\r\n    \"addressPrefix\": \"10.0.0.0/24\",\r\n
      \   \"delegations\": [],\r\n    \"privateEndpointNetworkPolicies\": \"Disabled\",\r\n
      \   \"privateLinkServiceNetworkPolicies\": \"Enabled\"\r\n  },\r\n  \"type\":
      \"Microsoft.Network/virtualNetworks/subnets\"\r\n}"
    headers:
      Azure-Asyncnotification:
      - Enabled
      Azure-Asyncoperation:
      - https://management.azure.com/subscriptions/00000000-0000-0000-0000-000000000000/providers/Microsoft.Network/locations/westus2/operations/de6ec414-fff2-4622-b7d4-980f35424d68?api-version=2020-11-01
      Cache-Control:
      - no-cache
      Content-Length:
      - "559"
      Content-Type:
      - application/json; charset=utf-8
      Expires:
      - "-1"
      Pragma:
      - no-cache
      Retry-After:
      - "3"
      Server:
      - Microsoft-HTTPAPI/2.0
      - Microsoft-HTTPAPI/2.0
      Strict-Transport-Security:
      - max-age=31536000; includeSubDomains
      X-Content-Type-Options:
      - nosniff
    status: 201 Created
    code: 201
    duration: ""
- request:
    body: ""
    form: {}
    headers:
      Test-Request-Attempt:
      - "0"
    url: https://management.azure.com/subscriptions/00000000-0000-0000-0000-000000000000/providers/Microsoft.Network/locations/westus2/operations/7b8a778f-6f7e-4ed1-8dd0-8139b77e96bf?api-version=2020-11-01
    method: GET
  response:
    body: "{\r\n  \"status\": \"Succeeded\"\r\n}"
    headers:
      Cache-Control:
      - no-cache
      Content-Type:
      - application/json; charset=utf-8
      Expires:
      - "-1"
      Pragma:
      - no-cache
      Server:
      - Microsoft-HTTPAPI/2.0
      - Microsoft-HTTPAPI/2.0
      Strict-Transport-Security:
      - max-age=31536000; includeSubDomains
      Vary:
      - Accept-Encoding
      X-Content-Type-Options:
      - nosniff
    status: 200 OK
    code: 200
    duration: ""
- request:
    body: '{"location":"westus2","name":"aso-sample-loadbalancer","properties":{"frontendIPConfigurations":[{"name":"LoadBalancerFrontend","properties":{"privateIPAllocationMethod":"Dynamic","subnet":{"id":"/subscriptions/00000000-0000-0000-0000-000000000000/resourceGroups/asotest-rg-yqwsln/providers/Microsoft.Network/virtualNetworks/aso-sample-vn/subnets/aso-sample-subnet"}}}],"inboundNatPools":[{"name":"MyFancyNatPool","properties":{"backendPort":22,"frontendIPConfiguration":{"id":"/subscriptions/00000000-0000-0000-0000-000000000000/resourceGroups/asotest-rg-yqwsln/providers/Microsoft.Network/loadBalancers/aso-sample-loadbalancer/frontendIPConfigurations/LoadBalancerFrontend"},"frontendPortRangeEnd":51000,"frontendPortRangeStart":50000,"protocol":"Tcp"}}]},"sku":{"name":"Standard"}}'
    form: {}
    headers:
      Accept:
      - application/json
      Content-Length:
      - "784"
      Content-Type:
      - application/json
      Test-Request-Attempt:
      - "0"
    url: https://management.azure.com/subscriptions/00000000-0000-0000-0000-000000000000/resourceGroups/asotest-rg-yqwsln/providers/Microsoft.Network/loadBalancers/aso-sample-loadbalancer?api-version=2020-11-01
    method: PUT
  response:
    body: "{\r\n  \"name\": \"aso-sample-loadbalancer\",\r\n  \"id\": \"/subscriptions/00000000-0000-0000-0000-000000000000/resourceGroups/asotest-rg-yqwsln/providers/Microsoft.Network/loadBalancers/aso-sample-loadbalancer\",\r\n
      \ \"etag\": \"W/\\\"fcf00a18-ed3a-46aa-a2c9-eaf409116c60\\\"\",\r\n  \"type\":
      \"Microsoft.Network/loadBalancers\",\r\n  \"location\": \"westus2\",\r\n  \"properties\":
      {\r\n    \"provisioningState\": \"Updating\",\r\n    \"resourceGuid\": \"a092f073-7c3d-43f6-9d58-d79eb9acd71c\",\r\n
      \   \"frontendIPConfigurations\": [\r\n      {\r\n        \"name\": \"LoadBalancerFrontend\",\r\n
      \       \"id\": \"/subscriptions/00000000-0000-0000-0000-000000000000/resourceGroups/asotest-rg-yqwsln/providers/Microsoft.Network/loadBalancers/aso-sample-loadbalancer/frontendIPConfigurations/LoadBalancerFrontend\",\r\n
      \       \"etag\": \"W/\\\"fcf00a18-ed3a-46aa-a2c9-eaf409116c60\\\"\",\r\n        \"type\":
      \"Microsoft.Network/loadBalancers/frontendIPConfigurations\",\r\n        \"properties\":
      {\r\n          \"provisioningState\": \"Updating\",\r\n          \"privateIPAddress\":
      \"10.0.0.4\",\r\n          \"privateIPAllocationMethod\": \"Dynamic\",\r\n          \"subnet\":
      {\r\n            \"id\": \"/subscriptions/00000000-0000-0000-0000-000000000000/resourceGroups/asotest-rg-yqwsln/providers/Microsoft.Network/virtualNetworks/aso-sample-vn/subnets/aso-sample-subnet\"\r\n
      \         },\r\n          \"inboundNatPools\": [\r\n            {\r\n              \"id\":
      \"/subscriptions/00000000-0000-0000-0000-000000000000/resourceGroups/asotest-rg-yqwsln/providers/Microsoft.Network/loadBalancers/aso-sample-loadbalancer/inboundNatPools/MyFancyNatPool\"\r\n
      \           }\r\n          ],\r\n          \"privateIPAddressVersion\": \"IPv4\"\r\n
      \       }\r\n      }\r\n    ],\r\n    \"backendAddressPools\": [],\r\n    \"loadBalancingRules\":
      [],\r\n    \"probes\": [],\r\n    \"inboundNatRules\": [],\r\n    \"outboundRules\":
      [],\r\n    \"inboundNatPools\": [\r\n      {\r\n        \"name\": \"MyFancyNatPool\",\r\n
      \       \"id\": \"/subscriptions/00000000-0000-0000-0000-000000000000/resourceGroups/asotest-rg-yqwsln/providers/Microsoft.Network/loadBalancers/aso-sample-loadbalancer/inboundNatPools/MyFancyNatPool\",\r\n
      \       \"etag\": \"W/\\\"fcf00a18-ed3a-46aa-a2c9-eaf409116c60\\\"\",\r\n        \"properties\":
      {\r\n          \"provisioningState\": \"Updating\",\r\n          \"frontendPortRangeStart\":
      50000,\r\n          \"frontendPortRangeEnd\": 51000,\r\n          \"backendPort\":
      22,\r\n          \"protocol\": \"Tcp\",\r\n          \"idleTimeoutInMinutes\":
      4,\r\n          \"enableFloatingIP\": false,\r\n          \"enableDestinationServiceEndpoint\":
      false,\r\n          \"enableTcpReset\": false,\r\n          \"allowBackendPortConflict\":
      false,\r\n          \"frontendIPConfiguration\": {\r\n            \"id\": \"/subscriptions/00000000-0000-0000-0000-000000000000/resourceGroups/asotest-rg-yqwsln/providers/Microsoft.Network/loadBalancers/aso-sample-loadbalancer/frontendIPConfigurations/LoadBalancerFrontend\"\r\n
      \         }\r\n        },\r\n        \"type\": \"Microsoft.Network/loadBalancers/inboundNatPools\"\r\n
      \     }\r\n    ]\r\n  },\r\n  \"sku\": {\r\n    \"name\": \"Standard\",\r\n
      \   \"tier\": \"Regional\"\r\n  }\r\n}"
    headers:
      Azure-Asyncnotification:
      - Enabled
      Azure-Asyncoperation:
      - https://management.azure.com/subscriptions/00000000-0000-0000-0000-000000000000/providers/Microsoft.Network/locations/westus2/operations/8c3d61b6-8714-4f6a-9e6f-1881ac8ffecf?api-version=2020-11-01
      Cache-Control:
      - no-cache
      Content-Length:
      - "2970"
      Content-Type:
      - application/json; charset=utf-8
      Expires:
      - "-1"
      Pragma:
      - no-cache
      Retry-After:
      - "3"
      Server:
      - Microsoft-HTTPAPI/2.0
      - Microsoft-HTTPAPI/2.0
      Strict-Transport-Security:
      - max-age=31536000; includeSubDomains
      X-Content-Type-Options:
      - nosniff
    status: 201 Created
    code: 201
    duration: ""
- request:
    body: ""
    form: {}
    headers:
      Test-Request-Attempt:
      - "0"
    url: https://management.azure.com/subscriptions/00000000-0000-0000-0000-000000000000/providers/Microsoft.Network/locations/westus2/operations/de6ec414-fff2-4622-b7d4-980f35424d68?api-version=2020-11-01
    method: GET
  response:
    body: "{\r\n  \"status\": \"Succeeded\"\r\n}"
    headers:
      Cache-Control:
      - no-cache
      Content-Type:
      - application/json; charset=utf-8
      Expires:
      - "-1"
      Pragma:
      - no-cache
      Server:
      - Microsoft-HTTPAPI/2.0
      - Microsoft-HTTPAPI/2.0
      Strict-Transport-Security:
      - max-age=31536000; includeSubDomains
      Vary:
      - Accept-Encoding
      X-Content-Type-Options:
      - nosniff
    status: 200 OK
    code: 200
    duration: ""
- request:
    body: ""
    form: {}
    headers:
      Test-Request-Attempt:
      - "0"
    url: https://management.azure.com/subscriptions/00000000-0000-0000-0000-000000000000/resourceGroups/asotest-rg-yqwsln/providers/Microsoft.Network/virtualNetworks/aso-sample-vn1/subnets/aso-sample-subnet1?api-version=2020-11-01
    method: GET
  response:
    body: "{\r\n  \"name\": \"aso-sample-subnet1\",\r\n  \"id\": \"/subscriptions/00000000-0000-0000-0000-000000000000/resourceGroups/asotest-rg-yqwsln/providers/Microsoft.Network/virtualNetworks/aso-sample-vn1/subnets/aso-sample-subnet1\",\r\n
      \ \"etag\": \"W/\\\"a7497db2-9de2-44ee-a75a-ca3192699056\\\"\",\r\n  \"properties\":
      {\r\n    \"provisioningState\": \"Succeeded\",\r\n    \"addressPrefix\": \"10.0.0.0/24\",\r\n
      \   \"delegations\": [],\r\n    \"privateEndpointNetworkPolicies\": \"Disabled\",\r\n
      \   \"privateLinkServiceNetworkPolicies\": \"Enabled\"\r\n  },\r\n  \"type\":
      \"Microsoft.Network/virtualNetworks/subnets\"\r\n}"
    headers:
      Cache-Control:
      - no-cache
      Content-Type:
      - application/json; charset=utf-8
      Etag:
      - W/"a7497db2-9de2-44ee-a75a-ca3192699056"
      Expires:
      - "-1"
      Pragma:
      - no-cache
      Server:
      - Microsoft-HTTPAPI/2.0
      - Microsoft-HTTPAPI/2.0
      Strict-Transport-Security:
      - max-age=31536000; includeSubDomains
      Vary:
      - Accept-Encoding
      X-Content-Type-Options:
      - nosniff
    status: 200 OK
    code: 200
    duration: ""
- request:
    body: ""
    form: {}
    headers:
      Test-Request-Attempt:
      - "0"
    url: https://management.azure.com/subscriptions/00000000-0000-0000-0000-000000000000/resourceGroups/asotest-rg-yqwsln/providers/Microsoft.Network/virtualNetworks/aso-sample-vn/subnets/aso-sample-subnet?api-version=2020-11-01
    method: GET
  response:
    body: "{\r\n  \"name\": \"aso-sample-subnet\",\r\n  \"id\": \"/subscriptions/00000000-0000-0000-0000-000000000000/resourceGroups/asotest-rg-yqwsln/providers/Microsoft.Network/virtualNetworks/aso-sample-vn/subnets/aso-sample-subnet\",\r\n
      \ \"etag\": \"W/\\\"4e28814d-f6d9-4242-8052-d12db8ab7c48\\\"\",\r\n  \"properties\":
      {\r\n    \"provisioningState\": \"Succeeded\",\r\n    \"addressPrefix\": \"10.0.0.0/24\",\r\n
      \   \"ipConfigurations\": [\r\n      {\r\n        \"id\": \"/subscriptions/00000000-0000-0000-0000-000000000000/resourceGroups/asotest-rg-yqwsln/providers/Microsoft.Network/loadBalancers/aso-sample-loadbalancer/frontendIPConfigurations/LoadBalancerFrontend\"\r\n
      \     }\r\n    ],\r\n    \"delegations\": [],\r\n    \"privateEndpointNetworkPolicies\":
      \"Disabled\",\r\n    \"privateLinkServiceNetworkPolicies\": \"Disabled\"\r\n
      \ },\r\n  \"type\": \"Microsoft.Network/virtualNetworks/subnets\"\r\n}"
    headers:
      Cache-Control:
      - no-cache
      Content-Type:
      - application/json; charset=utf-8
      Etag:
      - W/"4e28814d-f6d9-4242-8052-d12db8ab7c48"
      Expires:
      - "-1"
      Pragma:
      - no-cache
      Server:
      - Microsoft-HTTPAPI/2.0
      - Microsoft-HTTPAPI/2.0
      Strict-Transport-Security:
      - max-age=31536000; includeSubDomains
      Vary:
      - Accept-Encoding
      X-Content-Type-Options:
      - nosniff
    status: 200 OK
    code: 200
    duration: ""
- request:
    body: ""
    form: {}
    headers:
      Test-Request-Attempt:
      - "0"
    url: https://management.azure.com/subscriptions/00000000-0000-0000-0000-000000000000/providers/Microsoft.Network/locations/westus2/operations/8c3d61b6-8714-4f6a-9e6f-1881ac8ffecf?api-version=2020-11-01
    method: GET
  response:
    body: "{\r\n  \"status\": \"Succeeded\"\r\n}"
    headers:
      Cache-Control:
      - no-cache
      Content-Type:
      - application/json; charset=utf-8
      Expires:
      - "-1"
      Pragma:
      - no-cache
      Server:
      - Microsoft-HTTPAPI/2.0
      - Microsoft-HTTPAPI/2.0
      Strict-Transport-Security:
      - max-age=31536000; includeSubDomains
      Vary:
      - Accept-Encoding
      X-Content-Type-Options:
      - nosniff
    status: 200 OK
    code: 200
    duration: ""
- request:
    body: ""
    form: {}
    headers:
      Accept:
      - application/json
      Test-Request-Attempt:
      - "1"
    url: https://management.azure.com/subscriptions/00000000-0000-0000-0000-000000000000/resourceGroups/asotest-rg-yqwsln/providers/Microsoft.Network/virtualNetworks/aso-sample-vn/subnets/aso-sample-subnet?api-version=2020-11-01
    method: GET
  response:
    body: "{\r\n  \"name\": \"aso-sample-subnet\",\r\n  \"id\": \"/subscriptions/00000000-0000-0000-0000-000000000000/resourceGroups/asotest-rg-yqwsln/providers/Microsoft.Network/virtualNetworks/aso-sample-vn/subnets/aso-sample-subnet\",\r\n
      \ \"etag\": \"W/\\\"4e28814d-f6d9-4242-8052-d12db8ab7c48\\\"\",\r\n  \"properties\":
      {\r\n    \"provisioningState\": \"Succeeded\",\r\n    \"addressPrefix\": \"10.0.0.0/24\",\r\n
      \   \"ipConfigurations\": [\r\n      {\r\n        \"id\": \"/subscriptions/00000000-0000-0000-0000-000000000000/resourceGroups/asotest-rg-yqwsln/providers/Microsoft.Network/loadBalancers/aso-sample-loadbalancer/frontendIPConfigurations/LoadBalancerFrontend\"\r\n
      \     }\r\n    ],\r\n    \"delegations\": [],\r\n    \"privateEndpointNetworkPolicies\":
      \"Disabled\",\r\n    \"privateLinkServiceNetworkPolicies\": \"Disabled\"\r\n
      \ },\r\n  \"type\": \"Microsoft.Network/virtualNetworks/subnets\"\r\n}"
    headers:
      Cache-Control:
      - no-cache
      Content-Type:
      - application/json; charset=utf-8
      Etag:
      - W/"4e28814d-f6d9-4242-8052-d12db8ab7c48"
      Expires:
      - "-1"
      Pragma:
      - no-cache
      Server:
      - Microsoft-HTTPAPI/2.0
      - Microsoft-HTTPAPI/2.0
      Strict-Transport-Security:
      - max-age=31536000; includeSubDomains
      Vary:
      - Accept-Encoding
      X-Content-Type-Options:
      - nosniff
    status: 200 OK
    code: 200
    duration: ""
- request:
    body: ""
    form: {}
    headers:
      Accept:
      - application/json
      Test-Request-Attempt:
      - "1"
    url: https://management.azure.com/subscriptions/00000000-0000-0000-0000-000000000000/resourceGroups/asotest-rg-yqwsln/providers/Microsoft.Network/virtualNetworks/aso-sample-vn1/subnets/aso-sample-subnet1?api-version=2020-11-01
    method: GET
  response:
    body: "{\r\n  \"name\": \"aso-sample-subnet1\",\r\n  \"id\": \"/subscriptions/00000000-0000-0000-0000-000000000000/resourceGroups/asotest-rg-yqwsln/providers/Microsoft.Network/virtualNetworks/aso-sample-vn1/subnets/aso-sample-subnet1\",\r\n
      \ \"etag\": \"W/\\\"a7497db2-9de2-44ee-a75a-ca3192699056\\\"\",\r\n  \"properties\":
      {\r\n    \"provisioningState\": \"Succeeded\",\r\n    \"addressPrefix\": \"10.0.0.0/24\",\r\n
      \   \"delegations\": [],\r\n    \"privateEndpointNetworkPolicies\": \"Disabled\",\r\n
      \   \"privateLinkServiceNetworkPolicies\": \"Enabled\"\r\n  },\r\n  \"type\":
      \"Microsoft.Network/virtualNetworks/subnets\"\r\n}"
    headers:
      Cache-Control:
      - no-cache
      Content-Type:
      - application/json; charset=utf-8
      Etag:
      - W/"a7497db2-9de2-44ee-a75a-ca3192699056"
      Expires:
      - "-1"
      Pragma:
      - no-cache
      Server:
      - Microsoft-HTTPAPI/2.0
      - Microsoft-HTTPAPI/2.0
      Strict-Transport-Security:
      - max-age=31536000; includeSubDomains
      Vary:
      - Accept-Encoding
      X-Content-Type-Options:
      - nosniff
    status: 200 OK
    code: 200
    duration: ""
- request:
    body: ""
    form: {}
    headers:
      Test-Request-Attempt:
      - "0"
    url: https://management.azure.com/subscriptions/00000000-0000-0000-0000-000000000000/resourceGroups/asotest-rg-yqwsln/providers/Microsoft.Network/loadBalancers/aso-sample-loadbalancer?api-version=2020-11-01
    method: GET
  response:
    body: "{\r\n  \"name\": \"aso-sample-loadbalancer\",\r\n  \"id\": \"/subscriptions/00000000-0000-0000-0000-000000000000/resourceGroups/asotest-rg-yqwsln/providers/Microsoft.Network/loadBalancers/aso-sample-loadbalancer\",\r\n
      \ \"etag\": \"W/\\\"e315cd85-7982-43d0-9caf-a30bfc68dcc4\\\"\",\r\n  \"type\":
      \"Microsoft.Network/loadBalancers\",\r\n  \"location\": \"westus2\",\r\n  \"properties\":
      {\r\n    \"provisioningState\": \"Succeeded\",\r\n    \"resourceGuid\": \"a092f073-7c3d-43f6-9d58-d79eb9acd71c\",\r\n
      \   \"frontendIPConfigurations\": [\r\n      {\r\n        \"name\": \"LoadBalancerFrontend\",\r\n
      \       \"id\": \"/subscriptions/00000000-0000-0000-0000-000000000000/resourceGroups/asotest-rg-yqwsln/providers/Microsoft.Network/loadBalancers/aso-sample-loadbalancer/frontendIPConfigurations/LoadBalancerFrontend\",\r\n
      \       \"etag\": \"W/\\\"e315cd85-7982-43d0-9caf-a30bfc68dcc4\\\"\",\r\n        \"type\":
      \"Microsoft.Network/loadBalancers/frontendIPConfigurations\",\r\n        \"properties\":
      {\r\n          \"provisioningState\": \"Succeeded\",\r\n          \"privateIPAddress\":
      \"10.0.0.4\",\r\n          \"privateIPAllocationMethod\": \"Dynamic\",\r\n          \"subnet\":
      {\r\n            \"id\": \"/subscriptions/00000000-0000-0000-0000-000000000000/resourceGroups/asotest-rg-yqwsln/providers/Microsoft.Network/virtualNetworks/aso-sample-vn/subnets/aso-sample-subnet\"\r\n
      \         },\r\n          \"inboundNatPools\": [\r\n            {\r\n              \"id\":
      \"/subscriptions/00000000-0000-0000-0000-000000000000/resourceGroups/asotest-rg-yqwsln/providers/Microsoft.Network/loadBalancers/aso-sample-loadbalancer/inboundNatPools/MyFancyNatPool\"\r\n
      \           }\r\n          ],\r\n          \"privateIPAddressVersion\": \"IPv4\"\r\n
      \       }\r\n      }\r\n    ],\r\n    \"backendAddressPools\": [],\r\n    \"loadBalancingRules\":
      [],\r\n    \"probes\": [],\r\n    \"inboundNatRules\": [],\r\n    \"outboundRules\":
      [],\r\n    \"inboundNatPools\": [\r\n      {\r\n        \"name\": \"MyFancyNatPool\",\r\n
      \       \"id\": \"/subscriptions/00000000-0000-0000-0000-000000000000/resourceGroups/asotest-rg-yqwsln/providers/Microsoft.Network/loadBalancers/aso-sample-loadbalancer/inboundNatPools/MyFancyNatPool\",\r\n
      \       \"etag\": \"W/\\\"e315cd85-7982-43d0-9caf-a30bfc68dcc4\\\"\",\r\n        \"properties\":
      {\r\n          \"provisioningState\": \"Succeeded\",\r\n          \"frontendPortRangeStart\":
      50000,\r\n          \"frontendPortRangeEnd\": 51000,\r\n          \"backendPort\":
      22,\r\n          \"protocol\": \"Tcp\",\r\n          \"idleTimeoutInMinutes\":
      4,\r\n          \"enableFloatingIP\": false,\r\n          \"enableDestinationServiceEndpoint\":
      false,\r\n          \"enableTcpReset\": false,\r\n          \"allowBackendPortConflict\":
      false,\r\n          \"frontendIPConfiguration\": {\r\n            \"id\": \"/subscriptions/00000000-0000-0000-0000-000000000000/resourceGroups/asotest-rg-yqwsln/providers/Microsoft.Network/loadBalancers/aso-sample-loadbalancer/frontendIPConfigurations/LoadBalancerFrontend\"\r\n
      \         }\r\n        },\r\n        \"type\": \"Microsoft.Network/loadBalancers/inboundNatPools\"\r\n
      \     }\r\n    ]\r\n  },\r\n  \"sku\": {\r\n    \"name\": \"Standard\",\r\n
      \   \"tier\": \"Regional\"\r\n  }\r\n}"
    headers:
      Cache-Control:
      - no-cache
      Content-Type:
      - application/json; charset=utf-8
      Etag:
      - W/"e315cd85-7982-43d0-9caf-a30bfc68dcc4"
      Expires:
      - "-1"
      Pragma:
      - no-cache
      Server:
      - Microsoft-HTTPAPI/2.0
      - Microsoft-HTTPAPI/2.0
      Strict-Transport-Security:
      - max-age=31536000; includeSubDomains
      Vary:
      - Accept-Encoding
      X-Content-Type-Options:
      - nosniff
    status: 200 OK
    code: 200
    duration: ""
- request:
    body: ""
    form: {}
    headers:
      Accept:
      - application/json
      Test-Request-Attempt:
      - "1"
    url: https://management.azure.com/subscriptions/00000000-0000-0000-0000-000000000000/resourceGroups/asotest-rg-yqwsln/providers/Microsoft.Network/loadBalancers/aso-sample-loadbalancer?api-version=2020-11-01
    method: GET
  response:
    body: "{\r\n  \"name\": \"aso-sample-loadbalancer\",\r\n  \"id\": \"/subscriptions/00000000-0000-0000-0000-000000000000/resourceGroups/asotest-rg-yqwsln/providers/Microsoft.Network/loadBalancers/aso-sample-loadbalancer\",\r\n
      \ \"etag\": \"W/\\\"e315cd85-7982-43d0-9caf-a30bfc68dcc4\\\"\",\r\n  \"type\":
      \"Microsoft.Network/loadBalancers\",\r\n  \"location\": \"westus2\",\r\n  \"properties\":
      {\r\n    \"provisioningState\": \"Succeeded\",\r\n    \"resourceGuid\": \"a092f073-7c3d-43f6-9d58-d79eb9acd71c\",\r\n
      \   \"frontendIPConfigurations\": [\r\n      {\r\n        \"name\": \"LoadBalancerFrontend\",\r\n
      \       \"id\": \"/subscriptions/00000000-0000-0000-0000-000000000000/resourceGroups/asotest-rg-yqwsln/providers/Microsoft.Network/loadBalancers/aso-sample-loadbalancer/frontendIPConfigurations/LoadBalancerFrontend\",\r\n
      \       \"etag\": \"W/\\\"e315cd85-7982-43d0-9caf-a30bfc68dcc4\\\"\",\r\n        \"type\":
      \"Microsoft.Network/loadBalancers/frontendIPConfigurations\",\r\n        \"properties\":
      {\r\n          \"provisioningState\": \"Succeeded\",\r\n          \"privateIPAddress\":
      \"10.0.0.4\",\r\n          \"privateIPAllocationMethod\": \"Dynamic\",\r\n          \"subnet\":
      {\r\n            \"id\": \"/subscriptions/00000000-0000-0000-0000-000000000000/resourceGroups/asotest-rg-yqwsln/providers/Microsoft.Network/virtualNetworks/aso-sample-vn/subnets/aso-sample-subnet\"\r\n
      \         },\r\n          \"inboundNatPools\": [\r\n            {\r\n              \"id\":
      \"/subscriptions/00000000-0000-0000-0000-000000000000/resourceGroups/asotest-rg-yqwsln/providers/Microsoft.Network/loadBalancers/aso-sample-loadbalancer/inboundNatPools/MyFancyNatPool\"\r\n
      \           }\r\n          ],\r\n          \"privateIPAddressVersion\": \"IPv4\"\r\n
      \       }\r\n      }\r\n    ],\r\n    \"backendAddressPools\": [],\r\n    \"loadBalancingRules\":
      [],\r\n    \"probes\": [],\r\n    \"inboundNatRules\": [],\r\n    \"outboundRules\":
      [],\r\n    \"inboundNatPools\": [\r\n      {\r\n        \"name\": \"MyFancyNatPool\",\r\n
      \       \"id\": \"/subscriptions/00000000-0000-0000-0000-000000000000/resourceGroups/asotest-rg-yqwsln/providers/Microsoft.Network/loadBalancers/aso-sample-loadbalancer/inboundNatPools/MyFancyNatPool\",\r\n
      \       \"etag\": \"W/\\\"e315cd85-7982-43d0-9caf-a30bfc68dcc4\\\"\",\r\n        \"properties\":
      {\r\n          \"provisioningState\": \"Succeeded\",\r\n          \"frontendPortRangeStart\":
      50000,\r\n          \"frontendPortRangeEnd\": 51000,\r\n          \"backendPort\":
      22,\r\n          \"protocol\": \"Tcp\",\r\n          \"idleTimeoutInMinutes\":
      4,\r\n          \"enableFloatingIP\": false,\r\n          \"enableDestinationServiceEndpoint\":
      false,\r\n          \"enableTcpReset\": false,\r\n          \"allowBackendPortConflict\":
      false,\r\n          \"frontendIPConfiguration\": {\r\n            \"id\": \"/subscriptions/00000000-0000-0000-0000-000000000000/resourceGroups/asotest-rg-yqwsln/providers/Microsoft.Network/loadBalancers/aso-sample-loadbalancer/frontendIPConfigurations/LoadBalancerFrontend\"\r\n
      \         }\r\n        },\r\n        \"type\": \"Microsoft.Network/loadBalancers/inboundNatPools\"\r\n
      \     }\r\n    ]\r\n  },\r\n  \"sku\": {\r\n    \"name\": \"Standard\",\r\n
      \   \"tier\": \"Regional\"\r\n  }\r\n}"
    headers:
      Cache-Control:
      - no-cache
      Content-Type:
      - application/json; charset=utf-8
      Etag:
      - W/"e315cd85-7982-43d0-9caf-a30bfc68dcc4"
      Expires:
      - "-1"
      Pragma:
      - no-cache
      Server:
      - Microsoft-HTTPAPI/2.0
      - Microsoft-HTTPAPI/2.0
      Strict-Transport-Security:
      - max-age=31536000; includeSubDomains
      Vary:
      - Accept-Encoding
      X-Content-Type-Options:
      - nosniff
    status: 200 OK
    code: 200
    duration: ""
- request:
    body: ""
    form: {}
    headers:
      Test-Request-Attempt:
      - "1"
    url: https://management.azure.com/subscriptions/00000000-0000-0000-0000-000000000000/providers/Microsoft.Storage/locations/westus2/asyncoperations/69be9bec-3a99-4117-a322-c0501db50ca1?monitor=true&api-version=2021-04-01
    method: GET
  response:
    body: '{"sku":{"name":"Standard_LRS","tier":"Standard"},"kind":"BlobStorage","id":"/subscriptions/00000000-0000-0000-0000-000000000000/resourceGroups/asotest-rg-yqwsln/providers/Microsoft.Storage/storageAccounts/asosamplestorage","name":"asosamplestorage","type":"Microsoft.Storage/storageAccounts","location":"westus2","tags":{},"properties":{"keyCreationTime":{"key1":"2001-02-03T04:05:06Z","key2":"2001-02-03T04:05:06Z"},"privateEndpointConnections":[],"networkAcls":{"bypass":"AzureServices","virtualNetworkRules":[],"ipRules":[],"defaultAction":"Allow"},"supportsHttpsTrafficOnly":true,"encryption":{"services":{"file":{"keyType":"Account","enabled":true,"lastEnabledTime":"2001-02-03T04:05:06Z"},"blob":{"keyType":"Account","enabled":true,"lastEnabledTime":"2001-02-03T04:05:06Z"}},"keySource":"Microsoft.Storage"},"accessTier":"Hot","provisioningState":"Succeeded","creationTime":"2001-02-03T04:05:06Z","primaryEndpoints":{"dfs":"https://asosamplestorage.dfs.core.windows.net/","blob":"https://asosamplestorage.blob.core.windows.net/","table":"https://asosamplestorage.table.core.windows.net/"},"primaryLocation":"westus2","statusOfPrimary":"available"}}'
    headers:
      Cache-Control:
      - no-cache
      Content-Type:
      - application/json
      Expires:
      - "-1"
      Pragma:
      - no-cache
      Server:
      - Microsoft-Azure-Storage-Resource-Provider/1.0,Microsoft-HTTPAPI/2.0 Microsoft-HTTPAPI/2.0
      Strict-Transport-Security:
      - max-age=31536000; includeSubDomains
      Vary:
      - Accept-Encoding
      X-Content-Type-Options:
      - nosniff
    status: 200 OK
    code: 200
    duration: ""
- request:
    body: ""
    form: {}
    headers:
      Accept:
      - application/json
      Test-Request-Attempt:
      - "0"
    url: https://management.azure.com/subscriptions/00000000-0000-0000-0000-000000000000/resourceGroups/asotest-rg-yqwsln/providers/Microsoft.Storage/storageAccounts/asosamplestorage?api-version=2021-04-01
    method: GET
  response:
    body: '{"sku":{"name":"Standard_LRS","tier":"Standard"},"kind":"BlobStorage","id":"/subscriptions/00000000-0000-0000-0000-000000000000/resourceGroups/asotest-rg-yqwsln/providers/Microsoft.Storage/storageAccounts/asosamplestorage","name":"asosamplestorage","type":"Microsoft.Storage/storageAccounts","location":"westus2","tags":{},"properties":{"keyCreationTime":{"key1":"2001-02-03T04:05:06Z","key2":"2001-02-03T04:05:06Z"},"privateEndpointConnections":[],"networkAcls":{"bypass":"AzureServices","virtualNetworkRules":[],"ipRules":[],"defaultAction":"Allow"},"supportsHttpsTrafficOnly":true,"encryption":{"services":{"file":{"keyType":"Account","enabled":true,"lastEnabledTime":"2001-02-03T04:05:06Z"},"blob":{"keyType":"Account","enabled":true,"lastEnabledTime":"2001-02-03T04:05:06Z"}},"keySource":"Microsoft.Storage"},"accessTier":"Hot","provisioningState":"Succeeded","creationTime":"2001-02-03T04:05:06Z","primaryEndpoints":{"dfs":"https://asosamplestorage.dfs.core.windows.net/","blob":"https://asosamplestorage.blob.core.windows.net/","table":"https://asosamplestorage.table.core.windows.net/"},"primaryLocation":"westus2","statusOfPrimary":"available"}}'
    headers:
      Cache-Control:
      - no-cache
      Content-Type:
      - application/json
      Expires:
      - "-1"
      Pragma:
      - no-cache
      Server:
      - Microsoft-Azure-Storage-Resource-Provider/1.0,Microsoft-HTTPAPI/2.0 Microsoft-HTTPAPI/2.0
      Strict-Transport-Security:
      - max-age=31536000; includeSubDomains
      Vary:
      - Accept-Encoding
      X-Content-Type-Options:
      - nosniff
    status: 200 OK
    code: 200
    duration: ""
- request:
    body: ""
    form: {}
    headers:
      Test-Request-Attempt:
      - "1"
    url: https://management.azure.com/subscriptions/00000000-0000-0000-0000-000000000000/resourceGroups/asotest-rg-yqwsln/providers/Microsoft.Network/privateDnsOperationStatuses/RnJvbnRFbmRBc3luY09wZXJhdGlvbjtVcHNlcnRQcml2YXRlRG5zWm9uZTs1NDUyMWEyMC04OTllLTQ0ODQtYjc1Ni02MGYyY2I4ZGMyY2ZfODJhY2Q1YmItNDIwNi00N2Q0LTljMTItYTY1ZGIwMjg0ODNk?api-version=2018-09-01
    method: GET
  response:
    body: '{"status":"Succeeded"}'
    headers:
      Cache-Control:
      - private
      Content-Type:
      - application/json; charset=utf-8
      Server:
      - Microsoft-IIS/10.0
      Strict-Transport-Security:
      - max-age=31536000; includeSubDomains
      Vary:
      - Accept-Encoding
      X-Aspnet-Version:
      - 4.0.30319
      X-Content-Type-Options:
      - nosniff
      X-Ms-Ratelimit-Remaining-Subscription-Resource-Requests:
      - "498"
      X-Powered-By:
      - ASP.NET
    status: 200 OK
    code: 200
    duration: ""
- request:
    body: ""
    form: {}
    headers:
      Test-Request-Attempt:
      - "0"
    url: https://management.azure.com/subscriptions/00000000-0000-0000-0000-000000000000/resourceGroups/asotest-rg-yqwsln/providers/Microsoft.Network/privateDnsZones/privatelink.blob.core.windows.net?api-version=2018-09-01
    method: GET
  response:
    body: '{"id":"\/subscriptions\/00000000-0000-0000-0000-000000000000\/resourceGroups\/asotest-rg-yqwsln\/providers\/Microsoft.Network\/privateDnsZones\/privatelink.blob.core.windows.net","name":"privatelink.blob.core.windows.net","type":"Microsoft.Network\/privateDnsZones","etag":"9103a611-35cf-4885-8842-95c71b0504b0","location":"global","properties":{"maxNumberOfRecordSets":25000,"maxNumberOfVirtualNetworkLinks":1000,"maxNumberOfVirtualNetworkLinksWithRegistration":100,"numberOfRecordSets":1,"numberOfVirtualNetworkLinks":0,"numberOfVirtualNetworkLinksWithRegistration":0,"provisioningState":"Succeeded"}}'
    headers:
      Cache-Control:
      - private
      Content-Type:
      - application/json; charset=utf-8
      Etag:
      - 9103a611-35cf-4885-8842-95c71b0504b0
      Server:
      - Microsoft-IIS/10.0
      Strict-Transport-Security:
      - max-age=31536000; includeSubDomains
      Vary:
      - Accept-Encoding
      X-Aspnet-Version:
      - 4.0.30319
      X-Content-Type-Options:
      - nosniff
      X-Ms-Ratelimit-Remaining-Subscription-Resource-Requests:
      - "499"
      X-Powered-By:
      - ASP.NET
    status: 200 OK
    code: 200
    duration: ""
- request:
    body: ""
    form: {}
    headers:
      Accept:
      - application/json
      Test-Request-Attempt:
      - "1"
    url: https://management.azure.com/subscriptions/00000000-0000-0000-0000-000000000000/resourceGroups/asotest-rg-yqwsln/providers/Microsoft.Network/privateDnsZones/privatelink.blob.core.windows.net?api-version=2018-09-01
    method: GET
  response:
    body: '{"id":"\/subscriptions\/00000000-0000-0000-0000-000000000000\/resourceGroups\/asotest-rg-yqwsln\/providers\/Microsoft.Network\/privateDnsZones\/privatelink.blob.core.windows.net","name":"privatelink.blob.core.windows.net","type":"Microsoft.Network\/privateDnsZones","etag":"9103a611-35cf-4885-8842-95c71b0504b0","location":"global","properties":{"maxNumberOfRecordSets":25000,"maxNumberOfVirtualNetworkLinks":1000,"maxNumberOfVirtualNetworkLinksWithRegistration":100,"numberOfRecordSets":1,"numberOfVirtualNetworkLinks":0,"numberOfVirtualNetworkLinksWithRegistration":0,"provisioningState":"Succeeded"}}'
    headers:
      Cache-Control:
      - private
      Content-Type:
      - application/json; charset=utf-8
      Etag:
      - 9103a611-35cf-4885-8842-95c71b0504b0
      Server:
      - Microsoft-IIS/10.0
      Strict-Transport-Security:
      - max-age=31536000; includeSubDomains
      Vary:
      - Accept-Encoding
      X-Aspnet-Version:
      - 4.0.30319
      X-Content-Type-Options:
      - nosniff
      X-Ms-Ratelimit-Remaining-Subscription-Resource-Requests:
      - "498"
      X-Powered-By:
      - ASP.NET
    status: 200 OK
    code: 200
    duration: ""
- request:
    body: '{"location":"global","name":"aso-sample-vnetlink","properties":{"registrationEnabled":false,"virtualNetwork":{"id":"/subscriptions/00000000-0000-0000-0000-000000000000/resourceGroups/asotest-rg-yqwsln/providers/Microsoft.Network/virtualNetworks/aso-sample-vn1"}}}'
    form: {}
    headers:
      Accept:
      - application/json
      Content-Length:
      - "263"
      Content-Type:
      - application/json
      Test-Request-Attempt:
      - "0"
    url: https://management.azure.com/subscriptions/00000000-0000-0000-0000-000000000000/resourceGroups/asotest-rg-yqwsln/providers/Microsoft.Network/privateDnsZones/privatelink.blob.core.windows.net/virtualNetworkLinks/aso-sample-vnetlink?api-version=2020-06-01
    method: PUT
  response:
    body: '{}'
    headers:
      Azure-Asyncoperation:
      - https://management.azure.com/subscriptions/00000000-0000-0000-0000-000000000000/resourceGroups/asotest-rg-yqwsln/providers/Microsoft.Network/privateDnsOperationStatuses/RnJvbnRFbmRBc3luY09wZXJhdGlvbjtVcHNlcnRWaXJ0dWFsTmV0d29ya0xpbms7ZGY2MzRmMTctN2UyNy00ZTU2LTkyZmYtMmFmZTJiYzI2YWQ0XzgyYWNkNWJiLTQyMDYtNDdkNC05YzEyLWE2NWRiMDI4NDgzZA==?api-version=2020-06-01
      Cache-Control:
      - private
      Content-Length:
      - "2"
      Content-Type:
      - application/json; charset=utf-8
      Location:
      - https://management.azure.com/subscriptions/00000000-0000-0000-0000-000000000000/resourceGroups/asotest-rg-yqwsln/providers/Microsoft.Network/privateDnsOperationResults/RnJvbnRFbmRBc3luY09wZXJhdGlvbjtVcHNlcnRWaXJ0dWFsTmV0d29ya0xpbms7ZGY2MzRmMTctN2UyNy00ZTU2LTkyZmYtMmFmZTJiYzI2YWQ0XzgyYWNkNWJiLTQyMDYtNDdkNC05YzEyLWE2NWRiMDI4NDgzZA==?api-version=2020-06-01
      Retry-After:
      - "30"
      Server:
      - Microsoft-IIS/10.0
      Strict-Transport-Security:
      - max-age=31536000; includeSubDomains
      X-Aspnet-Version:
      - 4.0.30319
      X-Content-Type-Options:
      - nosniff
      X-Ms-Ratelimit-Remaining-Subscription-Resource-Requests:
      - "11999"
      X-Powered-By:
      - ASP.NET
    status: 202 Accepted
    code: 202
    duration: ""
- request:
    body: ""
    form: {}
    headers:
      Test-Request-Attempt:
      - "0"
    url: https://management.azure.com/subscriptions/00000000-0000-0000-0000-000000000000/resourceGroups/asotest-rg-yqwsln/providers/Microsoft.Network/privateDnsOperationStatuses/RnJvbnRFbmRBc3luY09wZXJhdGlvbjtVcHNlcnRWaXJ0dWFsTmV0d29ya0xpbms7ZGY2MzRmMTctN2UyNy00ZTU2LTkyZmYtMmFmZTJiYzI2YWQ0XzgyYWNkNWJiLTQyMDYtNDdkNC05YzEyLWE2NWRiMDI4NDgzZA==?api-version=2020-06-01
    method: GET
  response:
    body: '{"status":"InProgress"}'
    headers:
      Azure-Asyncoperation:
      - https://management.azure.com/subscriptions/00000000-0000-0000-0000-000000000000/resourceGroups/asotest-rg-yqwsln/providers/Microsoft.Network/privateDnsOperationStatuses/RnJvbnRFbmRBc3luY09wZXJhdGlvbjtVcHNlcnRWaXJ0dWFsTmV0d29ya0xpbms7ZGY2MzRmMTctN2UyNy00ZTU2LTkyZmYtMmFmZTJiYzI2YWQ0XzgyYWNkNWJiLTQyMDYtNDdkNC05YzEyLWE2NWRiMDI4NDgzZA==?api-version=2020-06-01
      Cache-Control:
      - private
      Content-Length:
      - "23"
      Content-Type:
      - application/json; charset=utf-8
      Location:
      - https://management.azure.com/subscriptions/00000000-0000-0000-0000-000000000000/resourceGroups/asotest-rg-yqwsln/providers/Microsoft.Network/privateDnsOperationResults/RnJvbnRFbmRBc3luY09wZXJhdGlvbjtVcHNlcnRWaXJ0dWFsTmV0d29ya0xpbms7ZGY2MzRmMTctN2UyNy00ZTU2LTkyZmYtMmFmZTJiYzI2YWQ0XzgyYWNkNWJiLTQyMDYtNDdkNC05YzEyLWE2NWRiMDI4NDgzZA==?api-version=2020-06-01
      Retry-After:
      - "30"
      Server:
      - Microsoft-IIS/10.0
      Strict-Transport-Security:
      - max-age=31536000; includeSubDomains
      X-Aspnet-Version:
      - 4.0.30319
      X-Content-Type-Options:
      - nosniff
      X-Ms-Ratelimit-Remaining-Subscription-Resource-Requests:
      - "497"
      X-Powered-By:
      - ASP.NET
    status: 202 Accepted
    code: 202
    duration: ""
- request:
    body: ""
    form: {}
    headers:
      Test-Request-Attempt:
      - "1"
    url: https://management.azure.com/subscriptions/00000000-0000-0000-0000-000000000000/resourceGroups/asotest-rg-yqwsln/providers/Microsoft.Network/privateDnsOperationStatuses/RnJvbnRFbmRBc3luY09wZXJhdGlvbjtVcHNlcnRWaXJ0dWFsTmV0d29ya0xpbms7ZGY2MzRmMTctN2UyNy00ZTU2LTkyZmYtMmFmZTJiYzI2YWQ0XzgyYWNkNWJiLTQyMDYtNDdkNC05YzEyLWE2NWRiMDI4NDgzZA==?api-version=2020-06-01
    method: GET
  response:
    body: '{"status":"InProgress"}'
    headers:
      Azure-Asyncoperation:
      - https://management.azure.com/subscriptions/00000000-0000-0000-0000-000000000000/resourceGroups/asotest-rg-yqwsln/providers/Microsoft.Network/privateDnsOperationStatuses/RnJvbnRFbmRBc3luY09wZXJhdGlvbjtVcHNlcnRWaXJ0dWFsTmV0d29ya0xpbms7ZGY2MzRmMTctN2UyNy00ZTU2LTkyZmYtMmFmZTJiYzI2YWQ0XzgyYWNkNWJiLTQyMDYtNDdkNC05YzEyLWE2NWRiMDI4NDgzZA==?api-version=2020-06-01
      Cache-Control:
      - private
      Content-Length:
      - "23"
      Content-Type:
      - application/json; charset=utf-8
      Location:
      - https://management.azure.com/subscriptions/00000000-0000-0000-0000-000000000000/resourceGroups/asotest-rg-yqwsln/providers/Microsoft.Network/privateDnsOperationResults/RnJvbnRFbmRBc3luY09wZXJhdGlvbjtVcHNlcnRWaXJ0dWFsTmV0d29ya0xpbms7ZGY2MzRmMTctN2UyNy00ZTU2LTkyZmYtMmFmZTJiYzI2YWQ0XzgyYWNkNWJiLTQyMDYtNDdkNC05YzEyLWE2NWRiMDI4NDgzZA==?api-version=2020-06-01
      Retry-After:
      - "30"
      Server:
      - Microsoft-IIS/10.0
      Strict-Transport-Security:
      - max-age=31536000; includeSubDomains
      X-Aspnet-Version:
      - 4.0.30319
      X-Content-Type-Options:
      - nosniff
      X-Ms-Ratelimit-Remaining-Subscription-Resource-Requests:
      - "496"
      X-Powered-By:
      - ASP.NET
    status: 202 Accepted
    code: 202
    duration: ""
- request:
    body: ""
    form: {}
    headers:
      Test-Request-Attempt:
      - "2"
    url: https://management.azure.com/subscriptions/00000000-0000-0000-0000-000000000000/resourceGroups/asotest-rg-yqwsln/providers/Microsoft.Network/privateDnsOperationStatuses/RnJvbnRFbmRBc3luY09wZXJhdGlvbjtVcHNlcnRWaXJ0dWFsTmV0d29ya0xpbms7ZGY2MzRmMTctN2UyNy00ZTU2LTkyZmYtMmFmZTJiYzI2YWQ0XzgyYWNkNWJiLTQyMDYtNDdkNC05YzEyLWE2NWRiMDI4NDgzZA==?api-version=2020-06-01
    method: GET
  response:
    body: '{"status":"Succeeded"}'
    headers:
      Cache-Control:
      - private
      Content-Type:
      - application/json; charset=utf-8
      Server:
      - Microsoft-IIS/10.0
      Strict-Transport-Security:
      - max-age=31536000; includeSubDomains
      Vary:
      - Accept-Encoding
      X-Aspnet-Version:
      - 4.0.30319
      X-Content-Type-Options:
      - nosniff
      X-Ms-Ratelimit-Remaining-Subscription-Resource-Requests:
      - "495"
      X-Powered-By:
      - ASP.NET
    status: 200 OK
    code: 200
    duration: ""
- request:
    body: ""
    form: {}
    headers:
      Test-Request-Attempt:
      - "0"
    url: https://management.azure.com/subscriptions/00000000-0000-0000-0000-000000000000/resourceGroups/asotest-rg-yqwsln/providers/Microsoft.Network/privateDnsZones/privatelink.blob.core.windows.net/virtualNetworkLinks/aso-sample-vnetlink?api-version=2020-06-01
    method: GET
  response:
    body: '{"id":"\/subscriptions\/00000000-0000-0000-0000-000000000000\/resourceGroups\/asotest-rg-yqwsln\/providers\/Microsoft.Network\/privateDnsZones\/privatelink.blob.core.windows.net\/virtualNetworkLinks\/aso-sample-vnetlink","name":"aso-sample-vnetlink","type":"Microsoft.Network\/privateDnsZones\/virtualNetworkLinks","etag":"\"bd01a231-0000-0100-0000-641b81e50000\"","location":"global","properties":{"provisioningState":"Succeeded","registrationEnabled":false,"virtualNetwork":{"id":"\/subscriptions\/00000000-0000-0000-0000-000000000000\/resourceGroups\/asotest-rg-yqwsln\/providers\/Microsoft.Network\/virtualNetworks\/aso-sample-vn1"},"virtualNetworkLinkState":"Completed"}}'
    headers:
      Cache-Control:
      - private
      Content-Type:
      - application/json; charset=utf-8
      Etag:
      - '"bd01a231-0000-0100-0000-641b81e50000"'
      Server:
      - Microsoft-IIS/10.0
      Strict-Transport-Security:
      - max-age=31536000; includeSubDomains
      Vary:
      - Accept-Encoding
      X-Aspnet-Version:
      - 4.0.30319
      X-Content-Type-Options:
      - nosniff
      X-Ms-Ratelimit-Remaining-Subscription-Resource-Requests:
      - "499"
      X-Powered-By:
      - ASP.NET
    status: 200 OK
    code: 200
    duration: ""
- request:
    body: ""
    form: {}
    headers:
      Accept:
      - application/json
      Test-Request-Attempt:
      - "1"
    url: https://management.azure.com/subscriptions/00000000-0000-0000-0000-000000000000/resourceGroups/asotest-rg-yqwsln/providers/Microsoft.Network/privateDnsZones/privatelink.blob.core.windows.net/virtualNetworkLinks/aso-sample-vnetlink?api-version=2020-06-01
    method: GET
  response:
    body: '{"id":"\/subscriptions\/00000000-0000-0000-0000-000000000000\/resourceGroups\/asotest-rg-yqwsln\/providers\/Microsoft.Network\/privateDnsZones\/privatelink.blob.core.windows.net\/virtualNetworkLinks\/aso-sample-vnetlink","name":"aso-sample-vnetlink","type":"Microsoft.Network\/privateDnsZones\/virtualNetworkLinks","etag":"\"bd01a231-0000-0100-0000-641b81e50000\"","location":"global","properties":{"provisioningState":"Succeeded","registrationEnabled":false,"virtualNetwork":{"id":"\/subscriptions\/00000000-0000-0000-0000-000000000000\/resourceGroups\/asotest-rg-yqwsln\/providers\/Microsoft.Network\/virtualNetworks\/aso-sample-vn1"},"virtualNetworkLinkState":"Completed"}}'
    headers:
      Cache-Control:
      - private
      Content-Type:
      - application/json; charset=utf-8
      Etag:
      - '"bd01a231-0000-0100-0000-641b81e50000"'
      Server:
      - Microsoft-IIS/10.0
      Strict-Transport-Security:
      - max-age=31536000; includeSubDomains
      Vary:
      - Accept-Encoding
      X-Aspnet-Version:
      - 4.0.30319
      X-Content-Type-Options:
      - nosniff
      X-Ms-Ratelimit-Remaining-Subscription-Resource-Requests:
      - "498"
      X-Powered-By:
      - ASP.NET
    status: 200 OK
    code: 200
    duration: ""
- request:
    body: '{"location":"westus2","name":"aso-sample-privateendpoint","properties":{"privateLinkServiceConnections":[{"name":"testEndpoint","properties":{"groupIds":["blob"],"privateLinkServiceId":"/subscriptions/00000000-0000-0000-0000-000000000000/resourceGroups/asotest-rg-yqwsln/providers/Microsoft.Storage/storageAccounts/asosamplestorage"}}],"subnet":{"id":"/subscriptions/00000000-0000-0000-0000-000000000000/resourceGroups/asotest-rg-yqwsln/providers/Microsoft.Network/virtualNetworks/aso-sample-vn1/subnets/aso-sample-subnet1"}}}'
    form: {}
    headers:
      Accept:
      - application/json
      Content-Length:
      - "526"
      Content-Type:
      - application/json
      Test-Request-Attempt:
      - "0"
    url: https://management.azure.com/subscriptions/00000000-0000-0000-0000-000000000000/resourceGroups/asotest-rg-yqwsln/providers/Microsoft.Network/privateEndpoints/aso-sample-privateendpoint?api-version=2022-07-01
    method: PUT
  response:
    body: "{\r\n  \"name\": \"aso-sample-privateendpoint\",\r\n  \"id\": \"/subscriptions/00000000-0000-0000-0000-000000000000/resourceGroups/asotest-rg-yqwsln/providers/Microsoft.Network/privateEndpoints/aso-sample-privateendpoint\",\r\n
      \ \"etag\": \"W/\\\"d7aaf6e1-dc16-479c-b35b-4f060a748425\\\"\",\r\n  \"type\":
      \"Microsoft.Network/privateEndpoints\",\r\n  \"location\": \"westus2\",\r\n
      \ \"properties\": {\r\n    \"provisioningState\": \"Updating\",\r\n    \"resourceGuid\":
      \"50e4caca-50b1-4b0b-a55a-f9f8259b5d88\",\r\n    \"privateLinkServiceConnections\":
      [\r\n      {\r\n        \"name\": \"testEndpoint\",\r\n        \"id\": \"/subscriptions/00000000-0000-0000-0000-000000000000/resourceGroups/asotest-rg-yqwsln/providers/Microsoft.Network/privateEndpoints/aso-sample-privateendpoint/privateLinkServiceConnections/testEndpoint\",\r\n
      \       \"etag\": \"W/\\\"d7aaf6e1-dc16-479c-b35b-4f060a748425\\\"\",\r\n        \"properties\":
      {\r\n          \"provisioningState\": \"Succeeded\",\r\n          \"privateLinkServiceId\":
      \"/subscriptions/00000000-0000-0000-0000-000000000000/resourceGroups/asotest-rg-yqwsln/providers/Microsoft.Storage/storageAccounts/asosamplestorage\",\r\n
      \         \"groupIds\": [\r\n            \"blob\"\r\n          ],\r\n          \"privateLinkServiceConnectionState\":
      {\r\n            \"status\": \"Approved\",\r\n            \"description\": \"Auto
      Approved\",\r\n            \"actionsRequired\": \"None\"\r\n          }\r\n
      \       },\r\n        \"type\": \"Microsoft.Network/privateEndpoints/privateLinkServiceConnections\"\r\n
      \     }\r\n    ],\r\n    \"manualPrivateLinkServiceConnections\": [],\r\n    \"customNetworkInterfaceName\":
      \"\",\r\n    \"subnet\": {\r\n      \"id\": \"/subscriptions/00000000-0000-0000-0000-000000000000/resourceGroups/asotest-rg-yqwsln/providers/Microsoft.Network/virtualNetworks/aso-sample-vn1/subnets/aso-sample-subnet1\"\r\n
      \   },\r\n    \"ipConfigurations\": [],\r\n    \"networkInterfaces\": [\r\n
      \     {\r\n        \"id\": \"/subscriptions/00000000-0000-0000-0000-000000000000/resourceGroups/asotest-rg-yqwsln/providers/Microsoft.Network/networkInterfaces/aso-sample-privateendpoint.nic.fad49e7d-64f8-45b1-bf1b-b5d15c6838ae\"\r\n
      \     }\r\n    ],\r\n    \"customDnsConfigs\": []\r\n  }\r\n}"
    headers:
      Azure-Asyncnotification:
      - Enabled
      Azure-Asyncoperation:
      - https://management.azure.com/subscriptions/00000000-0000-0000-0000-000000000000/providers/Microsoft.Network/locations/westus2/operations/8888bc1f-09e8-4cfc-ba7d-c65eb5933651?api-version=2022-07-01
      Cache-Control:
      - no-cache
      Content-Length:
      - "2065"
      Content-Type:
      - application/json; charset=utf-8
      Expires:
      - "-1"
      Pragma:
      - no-cache
      Retry-After:
      - "10"
      Server:
      - Microsoft-HTTPAPI/2.0
      - Microsoft-HTTPAPI/2.0
      Strict-Transport-Security:
      - max-age=31536000; includeSubDomains
      X-Content-Type-Options:
      - nosniff
    status: 201 Created
    code: 201
    duration: ""
- request:
    body: '{"location":"westus2","name":"aso-sample-pls","properties":{"autoApproval":{"subscriptions":["00000000-0000-0000-0000-000000000000"]},"ipConfigurations":[{"name":"config","properties":{"privateIPAddressVersion":"IPv4","privateIPAllocationMethod":"Dynamic","subnet":{"id":"/subscriptions/00000000-0000-0000-0000-000000000000/resourceGroups/asotest-rg-yqwsln/providers/Microsoft.Network/virtualNetworks/aso-sample-vn/subnets/aso-sample-subnet"}}}],"loadBalancerFrontendIpConfigurations":[{"id":"/subscriptions/00000000-0000-0000-0000-000000000000/resourceGroups/asotest-rg-yqwsln/providers/Microsoft.Network/loadBalancers/aso-sample-loadbalancer/frontendIPConfigurations/LoadBalancerFrontend"}],"visibility":{"subscriptions":["00000000-0000-0000-0000-000000000000"]}}}'
    form: {}
    headers:
      Accept:
      - application/json
      Content-Length:
      - "766"
      Content-Type:
      - application/json
      Test-Request-Attempt:
      - "0"
    url: https://management.azure.com/subscriptions/00000000-0000-0000-0000-000000000000/resourceGroups/asotest-rg-yqwsln/providers/Microsoft.Network/privateLinkServices/aso-sample-pls?api-version=2022-07-01
    method: PUT
  response:
    body: "{\r\n  \"name\": \"aso-sample-pls\",\r\n  \"id\": \"/subscriptions/00000000-0000-0000-0000-000000000000/resourceGroups/asotest-rg-yqwsln/providers/Microsoft.Network/privateLinkServices/aso-sample-pls\",\r\n
      \ \"etag\": \"W/\\\"9b0504b5-6d89-49c0-9db5-d0d37d6e082b\\\"\",\r\n  \"type\":
      \"Microsoft.Network/privateLinkServices\",\r\n  \"location\": \"westus2\",\r\n
      \ \"properties\": {\r\n    \"provisioningState\": \"Updating\",\r\n    \"resourceGuid\":
      \"f1a6a561-7983-418d-be79-3ca28c74329b\",\r\n    \"fqdns\": [],\r\n    \"alias\":
      \"aso-sample-pls.67c33b09-6b7a-4c22-b77e-c70ec3716fde.westus2.azure.privatelinkservice\",\r\n
      \   \"visibility\": {\r\n      \"subscriptions\": [\r\n        \"00000000-0000-0000-0000-000000000000\"\r\n
      \     ]\r\n    },\r\n    \"autoApproval\": {\r\n      \"subscriptions\": [\r\n
      \       \"00000000-0000-0000-0000-000000000000\"\r\n      ]\r\n    },\r\n    \"enableProxyProtocol\":
      false,\r\n    \"loadBalancerFrontendIpConfigurations\": [\r\n      {\r\n        \"id\":
      \"/subscriptions/00000000-0000-0000-0000-000000000000/resourceGroups/asotest-rg-yqwsln/providers/Microsoft.Network/loadBalancers/aso-sample-loadbalancer/frontendIPConfigurations/LoadBalancerFrontend\"\r\n
      \     }\r\n    ],\r\n    \"ipConfigurations\": [\r\n      {\r\n        \"name\":
      \"config\",\r\n        \"id\": \"/subscriptions/00000000-0000-0000-0000-000000000000/resourceGroups/asotest-rg-yqwsln/providers/Microsoft.Network/privateLinkServices/aso-sample-pls/ipConfigurations/config\",\r\n
      \       \"etag\": \"W/\\\"9b0504b5-6d89-49c0-9db5-d0d37d6e082b\\\"\",\r\n        \"type\":
      \"Microsoft.Network/privateLinkServices/ipConfigurations\",\r\n        \"properties\":
      {\r\n          \"provisioningState\": \"Succeeded\",\r\n          \"privateIPAllocationMethod\":
      \"Dynamic\",\r\n          \"subnet\": {\r\n            \"id\": \"/subscriptions/00000000-0000-0000-0000-000000000000/resourceGroups/asotest-rg-yqwsln/providers/Microsoft.Network/virtualNetworks/aso-sample-vn/subnets/aso-sample-subnet\"\r\n
      \         },\r\n          \"primary\": true,\r\n          \"privateIPAddressVersion\":
      \"IPv4\"\r\n        }\r\n      }\r\n    ],\r\n    \"privateEndpointConnections\":
      [],\r\n    \"networkInterfaces\": [\r\n      {\r\n        \"id\": \"/subscriptions/00000000-0000-0000-0000-000000000000/resourceGroups/asotest-rg-yqwsln/providers/Microsoft.Network/networkInterfaces/aso-sample-pls.nic.54e0d860-f723-4c52-9570-fc05bd362213\"\r\n
      \     }\r\n    ]\r\n  }\r\n}"
    headers:
      Azure-Asyncnotification:
      - Enabled
      Azure-Asyncoperation:
      - https://management.azure.com/subscriptions/00000000-0000-0000-0000-000000000000/providers/Microsoft.Network/locations/westus2/operations/fbf2a486-049b-49b6-9300-eb0de9b41601?api-version=2022-07-01
      Cache-Control:
      - no-cache
      Content-Length:
      - "2255"
      Content-Type:
      - application/json; charset=utf-8
      Expires:
      - "-1"
      Pragma:
      - no-cache
      Retry-After:
      - "10"
      Server:
      - Microsoft-HTTPAPI/2.0
      - Microsoft-HTTPAPI/2.0
      Strict-Transport-Security:
      - max-age=31536000; includeSubDomains
      X-Content-Type-Options:
      - nosniff
    status: 201 Created
    code: 201
    duration: ""
- request:
    body: ""
    form: {}
    headers:
      Test-Request-Attempt:
      - "0"
    url: https://management.azure.com/subscriptions/00000000-0000-0000-0000-000000000000/providers/Microsoft.Network/locations/westus2/operations/8888bc1f-09e8-4cfc-ba7d-c65eb5933651?api-version=2022-07-01
    method: GET
  response:
    body: "{\r\n  \"status\": \"InProgress\"\r\n}"
    headers:
      Cache-Control:
      - no-cache
      Content-Type:
      - application/json; charset=utf-8
      Expires:
      - "-1"
      Pragma:
      - no-cache
      Retry-After:
      - "10"
      Server:
      - Microsoft-HTTPAPI/2.0
      - Microsoft-HTTPAPI/2.0
      Strict-Transport-Security:
      - max-age=31536000; includeSubDomains
      Vary:
      - Accept-Encoding
      X-Content-Type-Options:
      - nosniff
    status: 200 OK
    code: 200
    duration: ""
- request:
    body: ""
    form: {}
    headers:
      Test-Request-Attempt:
      - "0"
    url: https://management.azure.com/subscriptions/00000000-0000-0000-0000-000000000000/providers/Microsoft.Network/locations/westus2/operations/fbf2a486-049b-49b6-9300-eb0de9b41601?api-version=2022-07-01
    method: GET
  response:
    body: "{\r\n  \"status\": \"InProgress\"\r\n}"
    headers:
      Cache-Control:
      - no-cache
      Content-Type:
      - application/json; charset=utf-8
      Expires:
      - "-1"
      Pragma:
      - no-cache
      Retry-After:
      - "10"
      Server:
      - Microsoft-HTTPAPI/2.0
      - Microsoft-HTTPAPI/2.0
      Strict-Transport-Security:
      - max-age=31536000; includeSubDomains
      Vary:
      - Accept-Encoding
      X-Content-Type-Options:
      - nosniff
    status: 200 OK
    code: 200
    duration: ""
- request:
    body: ""
    form: {}
    headers:
      Test-Request-Attempt:
      - "1"
    url: https://management.azure.com/subscriptions/00000000-0000-0000-0000-000000000000/providers/Microsoft.Network/locations/westus2/operations/8888bc1f-09e8-4cfc-ba7d-c65eb5933651?api-version=2022-07-01
    method: GET
  response:
    body: "{\r\n  \"status\": \"InProgress\"\r\n}"
    headers:
      Cache-Control:
      - no-cache
      Content-Type:
      - application/json; charset=utf-8
      Expires:
      - "-1"
      Pragma:
      - no-cache
      Retry-After:
      - "20"
      Server:
      - Microsoft-HTTPAPI/2.0
      - Microsoft-HTTPAPI/2.0
      Strict-Transport-Security:
      - max-age=31536000; includeSubDomains
      Vary:
      - Accept-Encoding
      X-Content-Type-Options:
      - nosniff
    status: 200 OK
    code: 200
    duration: ""
- request:
    body: ""
    form: {}
    headers:
      Test-Request-Attempt:
      - "1"
    url: https://management.azure.com/subscriptions/00000000-0000-0000-0000-000000000000/providers/Microsoft.Network/locations/westus2/operations/fbf2a486-049b-49b6-9300-eb0de9b41601?api-version=2022-07-01
    method: GET
  response:
    body: "{\r\n  \"status\": \"Succeeded\"\r\n}"
    headers:
      Cache-Control:
      - no-cache
      Content-Type:
      - application/json; charset=utf-8
      Expires:
      - "-1"
      Pragma:
      - no-cache
      Server:
      - Microsoft-HTTPAPI/2.0
      - Microsoft-HTTPAPI/2.0
      Strict-Transport-Security:
      - max-age=31536000; includeSubDomains
      Vary:
      - Accept-Encoding
      X-Content-Type-Options:
      - nosniff
    status: 200 OK
    code: 200
    duration: ""
- request:
    body: ""
    form: {}
    headers:
      Test-Request-Attempt:
      - "0"
    url: https://management.azure.com/subscriptions/00000000-0000-0000-0000-000000000000/resourceGroups/asotest-rg-yqwsln/providers/Microsoft.Network/privateLinkServices/aso-sample-pls?api-version=2022-07-01
    method: GET
  response:
    body: "{\r\n  \"name\": \"aso-sample-pls\",\r\n  \"id\": \"/subscriptions/00000000-0000-0000-0000-000000000000/resourceGroups/asotest-rg-yqwsln/providers/Microsoft.Network/privateLinkServices/aso-sample-pls\",\r\n
      \ \"etag\": \"W/\\\"f6f66be0-4c3b-47a8-b2b2-4428dec9d925\\\"\",\r\n  \"type\":
      \"Microsoft.Network/privateLinkServices\",\r\n  \"location\": \"westus2\",\r\n
      \ \"properties\": {\r\n    \"provisioningState\": \"Succeeded\",\r\n    \"resourceGuid\":
      \"f1a6a561-7983-418d-be79-3ca28c74329b\",\r\n    \"fqdns\": [],\r\n    \"alias\":
      \"aso-sample-pls.67c33b09-6b7a-4c22-b77e-c70ec3716fde.westus2.azure.privatelinkservice\",\r\n
      \   \"visibility\": {\r\n      \"subscriptions\": [\r\n        \"00000000-0000-0000-0000-000000000000\"\r\n
      \     ]\r\n    },\r\n    \"autoApproval\": {\r\n      \"subscriptions\": [\r\n
      \       \"00000000-0000-0000-0000-000000000000\"\r\n      ]\r\n    },\r\n    \"enableProxyProtocol\":
      false,\r\n    \"loadBalancerFrontendIpConfigurations\": [\r\n      {\r\n        \"id\":
      \"/subscriptions/00000000-0000-0000-0000-000000000000/resourceGroups/asotest-rg-yqwsln/providers/Microsoft.Network/loadBalancers/aso-sample-loadbalancer/frontendIPConfigurations/LoadBalancerFrontend\"\r\n
      \     }\r\n    ],\r\n    \"ipConfigurations\": [\r\n      {\r\n        \"name\":
      \"config\",\r\n        \"id\": \"/subscriptions/00000000-0000-0000-0000-000000000000/resourceGroups/asotest-rg-yqwsln/providers/Microsoft.Network/privateLinkServices/aso-sample-pls/ipConfigurations/config\",\r\n
      \       \"etag\": \"W/\\\"f6f66be0-4c3b-47a8-b2b2-4428dec9d925\\\"\",\r\n        \"type\":
      \"Microsoft.Network/privateLinkServices/ipConfigurations\",\r\n        \"properties\":
      {\r\n          \"provisioningState\": \"Succeeded\",\r\n          \"privateIPAllocationMethod\":
      \"Dynamic\",\r\n          \"subnet\": {\r\n            \"id\": \"/subscriptions/00000000-0000-0000-0000-000000000000/resourceGroups/asotest-rg-yqwsln/providers/Microsoft.Network/virtualNetworks/aso-sample-vn/subnets/aso-sample-subnet\"\r\n
      \         },\r\n          \"primary\": true,\r\n          \"privateIPAddressVersion\":
      \"IPv4\"\r\n        }\r\n      }\r\n    ],\r\n    \"privateEndpointConnections\":
      [],\r\n    \"networkInterfaces\": [\r\n      {\r\n        \"id\": \"/subscriptions/00000000-0000-0000-0000-000000000000/resourceGroups/asotest-rg-yqwsln/providers/Microsoft.Network/networkInterfaces/aso-sample-pls.nic.54e0d860-f723-4c52-9570-fc05bd362213\"\r\n
      \     }\r\n    ]\r\n  }\r\n}"
    headers:
      Cache-Control:
      - no-cache
      Content-Type:
      - application/json; charset=utf-8
      Etag:
      - W/"f6f66be0-4c3b-47a8-b2b2-4428dec9d925"
      Expires:
      - "-1"
      Pragma:
      - no-cache
      Server:
      - Microsoft-HTTPAPI/2.0
      - Microsoft-HTTPAPI/2.0
      Strict-Transport-Security:
      - max-age=31536000; includeSubDomains
      Vary:
      - Accept-Encoding
      X-Content-Type-Options:
      - nosniff
    status: 200 OK
    code: 200
    duration: ""
- request:
    body: ""
    form: {}
    headers:
      Accept:
      - application/json
      Test-Request-Attempt:
      - "1"
    url: https://management.azure.com/subscriptions/00000000-0000-0000-0000-000000000000/resourceGroups/asotest-rg-yqwsln/providers/Microsoft.Network/privateLinkServices/aso-sample-pls?api-version=2022-07-01
    method: GET
  response:
    body: "{\r\n  \"name\": \"aso-sample-pls\",\r\n  \"id\": \"/subscriptions/00000000-0000-0000-0000-000000000000/resourceGroups/asotest-rg-yqwsln/providers/Microsoft.Network/privateLinkServices/aso-sample-pls\",\r\n
      \ \"etag\": \"W/\\\"f6f66be0-4c3b-47a8-b2b2-4428dec9d925\\\"\",\r\n  \"type\":
      \"Microsoft.Network/privateLinkServices\",\r\n  \"location\": \"westus2\",\r\n
      \ \"properties\": {\r\n    \"provisioningState\": \"Succeeded\",\r\n    \"resourceGuid\":
      \"f1a6a561-7983-418d-be79-3ca28c74329b\",\r\n    \"fqdns\": [],\r\n    \"alias\":
      \"aso-sample-pls.67c33b09-6b7a-4c22-b77e-c70ec3716fde.westus2.azure.privatelinkservice\",\r\n
      \   \"visibility\": {\r\n      \"subscriptions\": [\r\n        \"00000000-0000-0000-0000-000000000000\"\r\n
      \     ]\r\n    },\r\n    \"autoApproval\": {\r\n      \"subscriptions\": [\r\n
      \       \"00000000-0000-0000-0000-000000000000\"\r\n      ]\r\n    },\r\n    \"enableProxyProtocol\":
      false,\r\n    \"loadBalancerFrontendIpConfigurations\": [\r\n      {\r\n        \"id\":
      \"/subscriptions/00000000-0000-0000-0000-000000000000/resourceGroups/asotest-rg-yqwsln/providers/Microsoft.Network/loadBalancers/aso-sample-loadbalancer/frontendIPConfigurations/LoadBalancerFrontend\"\r\n
      \     }\r\n    ],\r\n    \"ipConfigurations\": [\r\n      {\r\n        \"name\":
      \"config\",\r\n        \"id\": \"/subscriptions/00000000-0000-0000-0000-000000000000/resourceGroups/asotest-rg-yqwsln/providers/Microsoft.Network/privateLinkServices/aso-sample-pls/ipConfigurations/config\",\r\n
      \       \"etag\": \"W/\\\"f6f66be0-4c3b-47a8-b2b2-4428dec9d925\\\"\",\r\n        \"type\":
      \"Microsoft.Network/privateLinkServices/ipConfigurations\",\r\n        \"properties\":
      {\r\n          \"provisioningState\": \"Succeeded\",\r\n          \"privateIPAllocationMethod\":
      \"Dynamic\",\r\n          \"subnet\": {\r\n            \"id\": \"/subscriptions/00000000-0000-0000-0000-000000000000/resourceGroups/asotest-rg-yqwsln/providers/Microsoft.Network/virtualNetworks/aso-sample-vn/subnets/aso-sample-subnet\"\r\n
      \         },\r\n          \"primary\": true,\r\n          \"privateIPAddressVersion\":
      \"IPv4\"\r\n        }\r\n      }\r\n    ],\r\n    \"privateEndpointConnections\":
      [],\r\n    \"networkInterfaces\": [\r\n      {\r\n        \"id\": \"/subscriptions/00000000-0000-0000-0000-000000000000/resourceGroups/asotest-rg-yqwsln/providers/Microsoft.Network/networkInterfaces/aso-sample-pls.nic.54e0d860-f723-4c52-9570-fc05bd362213\"\r\n
      \     }\r\n    ]\r\n  }\r\n}"
    headers:
      Cache-Control:
      - no-cache
      Content-Type:
      - application/json; charset=utf-8
      Etag:
      - W/"f6f66be0-4c3b-47a8-b2b2-4428dec9d925"
      Expires:
      - "-1"
      Pragma:
      - no-cache
      Server:
      - Microsoft-HTTPAPI/2.0
      - Microsoft-HTTPAPI/2.0
      Strict-Transport-Security:
      - max-age=31536000; includeSubDomains
      Vary:
      - Accept-Encoding
      X-Content-Type-Options:
      - nosniff
    status: 200 OK
    code: 200
    duration: ""
- request:
    body: ""
    form: {}
    headers:
      Test-Request-Attempt:
      - "2"
    url: https://management.azure.com/subscriptions/00000000-0000-0000-0000-000000000000/providers/Microsoft.Network/locations/westus2/operations/8888bc1f-09e8-4cfc-ba7d-c65eb5933651?api-version=2022-07-01
    method: GET
  response:
    body: "{\r\n  \"status\": \"Succeeded\"\r\n}"
    headers:
      Cache-Control:
      - no-cache
      Content-Type:
      - application/json; charset=utf-8
      Expires:
      - "-1"
      Pragma:
      - no-cache
      Server:
      - Microsoft-HTTPAPI/2.0
      - Microsoft-HTTPAPI/2.0
      Strict-Transport-Security:
      - max-age=31536000; includeSubDomains
      Vary:
      - Accept-Encoding
      X-Content-Type-Options:
      - nosniff
    status: 200 OK
    code: 200
    duration: ""
- request:
    body: ""
    form: {}
    headers:
      Test-Request-Attempt:
      - "0"
    url: https://management.azure.com/subscriptions/00000000-0000-0000-0000-000000000000/resourceGroups/asotest-rg-yqwsln/providers/Microsoft.Network/privateEndpoints/aso-sample-privateendpoint?api-version=2022-07-01
    method: GET
  response:
    body: "{\r\n  \"name\": \"aso-sample-privateendpoint\",\r\n  \"id\": \"/subscriptions/00000000-0000-0000-0000-000000000000/resourceGroups/asotest-rg-yqwsln/providers/Microsoft.Network/privateEndpoints/aso-sample-privateendpoint\",\r\n
      \ \"etag\": \"W/\\\"187a07ca-59f2-43f7-a6bc-054a123b2e4b\\\"\",\r\n  \"type\":
      \"Microsoft.Network/privateEndpoints\",\r\n  \"location\": \"westus2\",\r\n
      \ \"properties\": {\r\n    \"provisioningState\": \"Succeeded\",\r\n    \"resourceGuid\":
      \"50e4caca-50b1-4b0b-a55a-f9f8259b5d88\",\r\n    \"privateLinkServiceConnections\":
      [\r\n      {\r\n        \"name\": \"testEndpoint\",\r\n        \"id\": \"/subscriptions/00000000-0000-0000-0000-000000000000/resourceGroups/asotest-rg-yqwsln/providers/Microsoft.Network/privateEndpoints/aso-sample-privateendpoint/privateLinkServiceConnections/testEndpoint\",\r\n
      \       \"etag\": \"W/\\\"187a07ca-59f2-43f7-a6bc-054a123b2e4b\\\"\",\r\n        \"properties\":
      {\r\n          \"provisioningState\": \"Succeeded\",\r\n          \"privateLinkServiceId\":
      \"/subscriptions/00000000-0000-0000-0000-000000000000/resourceGroups/asotest-rg-yqwsln/providers/Microsoft.Storage/storageAccounts/asosamplestorage\",\r\n
      \         \"groupIds\": [\r\n            \"blob\"\r\n          ],\r\n          \"privateLinkServiceConnectionState\":
      {\r\n            \"status\": \"Approved\",\r\n            \"description\": \"Auto-Approved\",\r\n
      \           \"actionsRequired\": \"None\"\r\n          }\r\n        },\r\n        \"type\":
      \"Microsoft.Network/privateEndpoints/privateLinkServiceConnections\"\r\n      }\r\n
      \   ],\r\n    \"manualPrivateLinkServiceConnections\": [],\r\n    \"customNetworkInterfaceName\":
      \"\",\r\n    \"subnet\": {\r\n      \"id\": \"/subscriptions/00000000-0000-0000-0000-000000000000/resourceGroups/asotest-rg-yqwsln/providers/Microsoft.Network/virtualNetworks/aso-sample-vn1/subnets/aso-sample-subnet1\"\r\n
      \   },\r\n    \"ipConfigurations\": [],\r\n    \"networkInterfaces\": [\r\n
      \     {\r\n        \"id\": \"/subscriptions/00000000-0000-0000-0000-000000000000/resourceGroups/asotest-rg-yqwsln/providers/Microsoft.Network/networkInterfaces/aso-sample-privateendpoint.nic.fad49e7d-64f8-45b1-bf1b-b5d15c6838ae\"\r\n
      \     }\r\n    ],\r\n    \"customDnsConfigs\": [\r\n      {\r\n        \"fqdn\":
      \"asosamplestorage.blob.core.windows.net\",\r\n        \"ipAddresses\": [\r\n
      \         \"10.0.0.4\"\r\n        ]\r\n      }\r\n    ]\r\n  }\r\n}"
    headers:
      Cache-Control:
      - no-cache
      Content-Type:
      - application/json; charset=utf-8
      Etag:
      - W/"187a07ca-59f2-43f7-a6bc-054a123b2e4b"
      Expires:
      - "-1"
      Pragma:
      - no-cache
      Server:
      - Microsoft-HTTPAPI/2.0
      - Microsoft-HTTPAPI/2.0
      Strict-Transport-Security:
      - max-age=31536000; includeSubDomains
      Vary:
      - Accept-Encoding
      X-Content-Type-Options:
      - nosniff
    status: 200 OK
    code: 200
    duration: ""
- request:
    body: ""
    form: {}
    headers:
      Accept:
      - application/json
      Test-Request-Attempt:
      - "1"
    url: https://management.azure.com/subscriptions/00000000-0000-0000-0000-000000000000/resourceGroups/asotest-rg-yqwsln/providers/Microsoft.Network/privateEndpoints/aso-sample-privateendpoint?api-version=2022-07-01
    method: GET
  response:
    body: "{\r\n  \"name\": \"aso-sample-privateendpoint\",\r\n  \"id\": \"/subscriptions/00000000-0000-0000-0000-000000000000/resourceGroups/asotest-rg-yqwsln/providers/Microsoft.Network/privateEndpoints/aso-sample-privateendpoint\",\r\n
      \ \"etag\": \"W/\\\"187a07ca-59f2-43f7-a6bc-054a123b2e4b\\\"\",\r\n  \"type\":
      \"Microsoft.Network/privateEndpoints\",\r\n  \"location\": \"westus2\",\r\n
      \ \"properties\": {\r\n    \"provisioningState\": \"Succeeded\",\r\n    \"resourceGuid\":
      \"50e4caca-50b1-4b0b-a55a-f9f8259b5d88\",\r\n    \"privateLinkServiceConnections\":
      [\r\n      {\r\n        \"name\": \"testEndpoint\",\r\n        \"id\": \"/subscriptions/00000000-0000-0000-0000-000000000000/resourceGroups/asotest-rg-yqwsln/providers/Microsoft.Network/privateEndpoints/aso-sample-privateendpoint/privateLinkServiceConnections/testEndpoint\",\r\n
      \       \"etag\": \"W/\\\"187a07ca-59f2-43f7-a6bc-054a123b2e4b\\\"\",\r\n        \"properties\":
      {\r\n          \"provisioningState\": \"Succeeded\",\r\n          \"privateLinkServiceId\":
      \"/subscriptions/00000000-0000-0000-0000-000000000000/resourceGroups/asotest-rg-yqwsln/providers/Microsoft.Storage/storageAccounts/asosamplestorage\",\r\n
      \         \"groupIds\": [\r\n            \"blob\"\r\n          ],\r\n          \"privateLinkServiceConnectionState\":
      {\r\n            \"status\": \"Approved\",\r\n            \"description\": \"Auto-Approved\",\r\n
      \           \"actionsRequired\": \"None\"\r\n          }\r\n        },\r\n        \"type\":
      \"Microsoft.Network/privateEndpoints/privateLinkServiceConnections\"\r\n      }\r\n
      \   ],\r\n    \"manualPrivateLinkServiceConnections\": [],\r\n    \"customNetworkInterfaceName\":
      \"\",\r\n    \"subnet\": {\r\n      \"id\": \"/subscriptions/00000000-0000-0000-0000-000000000000/resourceGroups/asotest-rg-yqwsln/providers/Microsoft.Network/virtualNetworks/aso-sample-vn1/subnets/aso-sample-subnet1\"\r\n
      \   },\r\n    \"ipConfigurations\": [],\r\n    \"networkInterfaces\": [\r\n
      \     {\r\n        \"id\": \"/subscriptions/00000000-0000-0000-0000-000000000000/resourceGroups/asotest-rg-yqwsln/providers/Microsoft.Network/networkInterfaces/aso-sample-privateendpoint.nic.fad49e7d-64f8-45b1-bf1b-b5d15c6838ae\"\r\n
      \     }\r\n    ],\r\n    \"customDnsConfigs\": [\r\n      {\r\n        \"fqdn\":
      \"asosamplestorage.blob.core.windows.net\",\r\n        \"ipAddresses\": [\r\n
      \         \"10.0.0.4\"\r\n        ]\r\n      }\r\n    ]\r\n  }\r\n}"
    headers:
      Cache-Control:
      - no-cache
      Content-Type:
      - application/json; charset=utf-8
      Etag:
      - W/"187a07ca-59f2-43f7-a6bc-054a123b2e4b"
      Expires:
      - "-1"
      Pragma:
      - no-cache
      Server:
      - Microsoft-HTTPAPI/2.0
      - Microsoft-HTTPAPI/2.0
      Strict-Transport-Security:
      - max-age=31536000; includeSubDomains
      Vary:
      - Accept-Encoding
      X-Content-Type-Options:
      - nosniff
    status: 200 OK
    code: 200
    duration: ""
- request:
    body: '{"name":"aso-sample-dnszonegroup","properties":{"privateDnsZoneConfigs":[{"name":"config","properties":{"privateDnsZoneId":"/subscriptions/00000000-0000-0000-0000-000000000000/resourceGroups/asotest-rg-yqwsln/providers/Microsoft.Network/privateDnsZones/privatelink.blob.core.windows.net"}}]}}'
    form: {}
    headers:
      Accept:
      - application/json
      Content-Length:
      - "292"
      Content-Type:
      - application/json
      Test-Request-Attempt:
      - "0"
    url: https://management.azure.com/subscriptions/00000000-0000-0000-0000-000000000000/resourceGroups/asotest-rg-yqwsln/providers/Microsoft.Network/privateEndpoints/aso-sample-privateendpoint/privateDnsZoneGroups/aso-sample-dnszonegroup?api-version=2022-07-01
    method: PUT
  response:
    body: "{\r\n  \"name\": \"aso-sample-dnszonegroup\",\r\n  \"id\": \"/subscriptions/00000000-0000-0000-0000-000000000000/resourceGroups/asotest-rg-yqwsln/providers/Microsoft.Network/privateEndpoints/aso-sample-privateendpoint/privateDnsZoneGroups/aso-sample-dnszonegroup\",\r\n
      \ \"etag\": \"W/\\\"65921049-4aa8-4235-a50c-69a02b9b3f56\\\"\",\r\n  \"type\":
      \"Microsoft.Network/privateEndpoints/privateDnsZoneGroups\",\r\n  \"properties\":
      {\r\n    \"provisioningState\": \"Updating\",\r\n    \"privateDnsZoneConfigs\":
      [\r\n      {\r\n        \"name\": \"config\",\r\n        \"id\": \"/subscriptions/00000000-0000-0000-0000-000000000000/resourceGroups/asotest-rg-yqwsln/providers/Microsoft.Network/privateEndpoints/aso-sample-privateendpoint/privateDnsZoneGroups/aso-sample-dnszonegroup/privateDnsZoneConfigs/config\",\r\n
      \       \"etag\": \"W/\\\"65921049-4aa8-4235-a50c-69a02b9b3f56\\\"\",\r\n        \"type\":
      \"Microsoft.Network/privateEndpoints/privateDnsZoneGroups/privateDnsZoneConfigs\",\r\n
      \       \"properties\": {\r\n          \"provisioningState\": \"Updating\",\r\n
      \         \"privateDnsZoneId\": \"/subscriptions/00000000-0000-0000-0000-000000000000/resourceGroups/asotest-rg-yqwsln/providers/Microsoft.Network/privateDnsZones/privatelink.blob.core.windows.net\",\r\n
      \         \"recordSets\": [\r\n            {\r\n              \"recordType\":
      \"A\",\r\n              \"recordSetName\": \"asosamplestorage\",\r\n              \"fqdn\":
      \"asosamplestorage.privatelink.blob.core.windows.net\",\r\n              \"ttl\":
      10,\r\n              \"provisioningState\": \"Updating\",\r\n              \"ipAddresses\":
      [\r\n                \"10.0.0.4\"\r\n              ]\r\n            }\r\n          ]\r\n
      \       }\r\n      }\r\n    ]\r\n  }\r\n}"
    headers:
      Azure-Asyncnotification:
      - Enabled
      Azure-Asyncoperation:
      - https://management.azure.com/subscriptions/00000000-0000-0000-0000-000000000000/providers/Microsoft.Network/locations/westus2/operations/4f335453-8030-43cb-8b87-11ea4dc66dde?api-version=2022-07-01
      Cache-Control:
      - no-cache
      Content-Length:
      - "1600"
      Content-Type:
      - application/json; charset=utf-8
      Expires:
      - "-1"
      Pragma:
      - no-cache
      Retry-After:
      - "10"
      Server:
      - Microsoft-HTTPAPI/2.0
      - Microsoft-HTTPAPI/2.0
      Strict-Transport-Security:
      - max-age=31536000; includeSubDomains
      X-Content-Type-Options:
      - nosniff
    status: 201 Created
    code: 201
    duration: ""
- request:
    body: ""
    form: {}
    headers:
      Test-Request-Attempt:
      - "0"
    url: https://management.azure.com/subscriptions/00000000-0000-0000-0000-000000000000/providers/Microsoft.Network/locations/westus2/operations/4f335453-8030-43cb-8b87-11ea4dc66dde?api-version=2022-07-01
    method: GET
  response:
    body: "{\r\n  \"status\": \"Succeeded\"\r\n}"
    headers:
      Cache-Control:
      - no-cache
      Content-Type:
      - application/json; charset=utf-8
      Expires:
      - "-1"
      Pragma:
      - no-cache
      Server:
      - Microsoft-HTTPAPI/2.0
      - Microsoft-HTTPAPI/2.0
      Strict-Transport-Security:
      - max-age=31536000; includeSubDomains
      Vary:
      - Accept-Encoding
      X-Content-Type-Options:
      - nosniff
    status: 200 OK
    code: 200
    duration: ""
- request:
    body: ""
    form: {}
    headers:
      Test-Request-Attempt:
      - "0"
    url: https://management.azure.com/subscriptions/00000000-0000-0000-0000-000000000000/resourceGroups/asotest-rg-yqwsln/providers/Microsoft.Network/privateEndpoints/aso-sample-privateendpoint/privateDnsZoneGroups/aso-sample-dnszonegroup?api-version=2022-07-01
    method: GET
  response:
    body: "{\r\n  \"name\": \"aso-sample-dnszonegroup\",\r\n  \"id\": \"/subscriptions/00000000-0000-0000-0000-000000000000/resourceGroups/asotest-rg-yqwsln/providers/Microsoft.Network/privateEndpoints/aso-sample-privateendpoint/privateDnsZoneGroups/aso-sample-dnszonegroup\",\r\n
      \ \"etag\": \"W/\\\"37324e69-a2ea-4d69-93f2-e90717eeb166\\\"\",\r\n  \"type\":
      \"Microsoft.Network/privateEndpoints/privateDnsZoneGroups\",\r\n  \"properties\":
      {\r\n    \"provisioningState\": \"Succeeded\",\r\n    \"privateDnsZoneConfigs\":
      [\r\n      {\r\n        \"name\": \"config\",\r\n        \"id\": \"/subscriptions/00000000-0000-0000-0000-000000000000/resourceGroups/asotest-rg-yqwsln/providers/Microsoft.Network/privateEndpoints/aso-sample-privateendpoint/privateDnsZoneGroups/aso-sample-dnszonegroup/privateDnsZoneConfigs/config\",\r\n
      \       \"etag\": \"W/\\\"37324e69-a2ea-4d69-93f2-e90717eeb166\\\"\",\r\n        \"type\":
      \"Microsoft.Network/privateEndpoints/privateDnsZoneGroups/privateDnsZoneConfigs\",\r\n
      \       \"properties\": {\r\n          \"provisioningState\": \"Succeeded\",\r\n
      \         \"privateDnsZoneId\": \"/subscriptions/00000000-0000-0000-0000-000000000000/resourceGroups/asotest-rg-yqwsln/providers/Microsoft.Network/privateDnsZones/privatelink.blob.core.windows.net\",\r\n
      \         \"recordSets\": [\r\n            {\r\n              \"recordType\":
      \"A\",\r\n              \"recordSetName\": \"asosamplestorage\",\r\n              \"fqdn\":
      \"asosamplestorage.privatelink.blob.core.windows.net\",\r\n              \"ttl\":
      10,\r\n              \"provisioningState\": \"Succeeded\",\r\n              \"ipAddresses\":
      [\r\n                \"10.0.0.4\"\r\n              ]\r\n            }\r\n          ]\r\n
      \       }\r\n      }\r\n    ]\r\n  }\r\n}"
    headers:
      Cache-Control:
      - no-cache
      Content-Type:
      - application/json; charset=utf-8
      Etag:
      - W/"37324e69-a2ea-4d69-93f2-e90717eeb166"
      Expires:
      - "-1"
      Pragma:
      - no-cache
      Server:
      - Microsoft-HTTPAPI/2.0
      - Microsoft-HTTPAPI/2.0
      Strict-Transport-Security:
      - max-age=31536000; includeSubDomains
      Vary:
      - Accept-Encoding
      X-Content-Type-Options:
      - nosniff
    status: 200 OK
    code: 200
    duration: ""
- request:
    body: ""
    form: {}
    headers:
      Accept:
      - application/json
      Test-Request-Attempt:
      - "1"
    url: https://management.azure.com/subscriptions/00000000-0000-0000-0000-000000000000/resourceGroups/asotest-rg-yqwsln/providers/Microsoft.Network/privateEndpoints/aso-sample-privateendpoint/privateDnsZoneGroups/aso-sample-dnszonegroup?api-version=2022-07-01
    method: GET
  response:
    body: "{\r\n  \"name\": \"aso-sample-dnszonegroup\",\r\n  \"id\": \"/subscriptions/00000000-0000-0000-0000-000000000000/resourceGroups/asotest-rg-yqwsln/providers/Microsoft.Network/privateEndpoints/aso-sample-privateendpoint/privateDnsZoneGroups/aso-sample-dnszonegroup\",\r\n
      \ \"etag\": \"W/\\\"37324e69-a2ea-4d69-93f2-e90717eeb166\\\"\",\r\n  \"type\":
      \"Microsoft.Network/privateEndpoints/privateDnsZoneGroups\",\r\n  \"properties\":
      {\r\n    \"provisioningState\": \"Succeeded\",\r\n    \"privateDnsZoneConfigs\":
      [\r\n      {\r\n        \"name\": \"config\",\r\n        \"id\": \"/subscriptions/00000000-0000-0000-0000-000000000000/resourceGroups/asotest-rg-yqwsln/providers/Microsoft.Network/privateEndpoints/aso-sample-privateendpoint/privateDnsZoneGroups/aso-sample-dnszonegroup/privateDnsZoneConfigs/config\",\r\n
      \       \"etag\": \"W/\\\"37324e69-a2ea-4d69-93f2-e90717eeb166\\\"\",\r\n        \"type\":
      \"Microsoft.Network/privateEndpoints/privateDnsZoneGroups/privateDnsZoneConfigs\",\r\n
      \       \"properties\": {\r\n          \"provisioningState\": \"Succeeded\",\r\n
      \         \"privateDnsZoneId\": \"/subscriptions/00000000-0000-0000-0000-000000000000/resourceGroups/asotest-rg-yqwsln/providers/Microsoft.Network/privateDnsZones/privatelink.blob.core.windows.net\",\r\n
      \         \"recordSets\": [\r\n            {\r\n              \"recordType\":
      \"A\",\r\n              \"recordSetName\": \"asosamplestorage\",\r\n              \"fqdn\":
      \"asosamplestorage.privatelink.blob.core.windows.net\",\r\n              \"ttl\":
      10,\r\n              \"provisioningState\": \"Succeeded\",\r\n              \"ipAddresses\":
      [\r\n                \"10.0.0.4\"\r\n              ]\r\n            }\r\n          ]\r\n
      \       }\r\n      }\r\n    ]\r\n  }\r\n}"
    headers:
      Cache-Control:
      - no-cache
      Content-Type:
      - application/json; charset=utf-8
      Etag:
      - W/"37324e69-a2ea-4d69-93f2-e90717eeb166"
      Expires:
      - "-1"
      Pragma:
      - no-cache
      Server:
      - Microsoft-HTTPAPI/2.0
      - Microsoft-HTTPAPI/2.0
      Strict-Transport-Security:
      - max-age=31536000; includeSubDomains
      Vary:
      - Accept-Encoding
      X-Content-Type-Options:
      - nosniff
    status: 200 OK
    code: 200
    duration: ""
- request:
    body: ""
    form: {}
    headers:
      Accept:
      - application/json
      Test-Request-Attempt:
      - "0"
    url: https://management.azure.com/subscriptions/00000000-0000-0000-0000-000000000000/resourceGroups/asotest-rg-yqwsln?api-version=2020-06-01
    method: DELETE
  response:
    body: ""
    headers:
      Cache-Control:
      - no-cache
      Content-Length:
      - "0"
      Expires:
      - "-1"
      Location:
      - https://management.azure.com/subscriptions/00000000-0000-0000-0000-000000000000/operationresults/eyJqb2JJZCI6IlJFU09VUkNFR1JPVVBERUxFVElPTkpPQi1BU09URVNUOjJEUkc6MkRZUVdTTE4tV0VTVFVTMiIsImpvYkxvY2F0aW9uIjoid2VzdHVzMiJ9?api-version=2020-06-01
      Pragma:
      - no-cache
      Retry-After:
      - "15"
      Strict-Transport-Security:
      - max-age=31536000; includeSubDomains
      X-Content-Type-Options:
      - nosniff
    status: 202 Accepted
    code: 202
    duration: ""
- request:
    body: ""
    form: {}
    headers:
      Test-Request-Attempt:
      - "0"
    url: https://management.azure.com/subscriptions/00000000-0000-0000-0000-000000000000/operationresults/eyJqb2JJZCI6IlJFU09VUkNFR1JPVVBERUxFVElPTkpPQi1BU09URVNUOjJEUkc6MkRZUVdTTE4tV0VTVFVTMiIsImpvYkxvY2F0aW9uIjoid2VzdHVzMiJ9?api-version=2020-06-01
    method: GET
  response:
    body: ""
    headers:
      Cache-Control:
      - no-cache
      Content-Length:
      - "0"
      Expires:
      - "-1"
      Location:
      - https://management.azure.com/subscriptions/00000000-0000-0000-0000-000000000000/operationresults/eyJqb2JJZCI6IlJFU09VUkNFR1JPVVBERUxFVElPTkpPQi1BU09URVNUOjJEUkc6MkRZUVdTTE4tV0VTVFVTMiIsImpvYkxvY2F0aW9uIjoid2VzdHVzMiJ9?api-version=2020-06-01
      Pragma:
      - no-cache
      Retry-After:
      - "15"
      Strict-Transport-Security:
      - max-age=31536000; includeSubDomains
      X-Content-Type-Options:
      - nosniff
    status: 202 Accepted
    code: 202
    duration: ""
- request:
    body: ""
    form: {}
    headers:
      Test-Request-Attempt:
      - "1"
    url: https://management.azure.com/subscriptions/00000000-0000-0000-0000-000000000000/operationresults/eyJqb2JJZCI6IlJFU09VUkNFR1JPVVBERUxFVElPTkpPQi1BU09URVNUOjJEUkc6MkRZUVdTTE4tV0VTVFVTMiIsImpvYkxvY2F0aW9uIjoid2VzdHVzMiJ9?api-version=2020-06-01
    method: GET
  response:
    body: ""
    headers:
      Cache-Control:
      - no-cache
      Content-Length:
      - "0"
      Expires:
      - "-1"
      Location:
      - https://management.azure.com/subscriptions/00000000-0000-0000-0000-000000000000/operationresults/eyJqb2JJZCI6IlJFU09VUkNFR1JPVVBERUxFVElPTkpPQi1BU09URVNUOjJEUkc6MkRZUVdTTE4tV0VTVFVTMiIsImpvYkxvY2F0aW9uIjoid2VzdHVzMiJ9?api-version=2020-06-01
      Pragma:
      - no-cache
      Retry-After:
      - "15"
      Strict-Transport-Security:
      - max-age=31536000; includeSubDomains
      X-Content-Type-Options:
      - nosniff
    status: 202 Accepted
    code: 202
    duration: ""
- request:
    body: ""
    form: {}
    headers:
      Test-Request-Attempt:
      - "2"
    url: https://management.azure.com/subscriptions/00000000-0000-0000-0000-000000000000/operationresults/eyJqb2JJZCI6IlJFU09VUkNFR1JPVVBERUxFVElPTkpPQi1BU09URVNUOjJEUkc6MkRZUVdTTE4tV0VTVFVTMiIsImpvYkxvY2F0aW9uIjoid2VzdHVzMiJ9?api-version=2020-06-01
    method: GET
  response:
    body: ""
    headers:
      Cache-Control:
      - no-cache
      Content-Length:
      - "0"
      Expires:
      - "-1"
      Location:
      - https://management.azure.com/subscriptions/00000000-0000-0000-0000-000000000000/operationresults/eyJqb2JJZCI6IlJFU09VUkNFR1JPVVBERUxFVElPTkpPQi1BU09URVNUOjJEUkc6MkRZUVdTTE4tV0VTVFVTMiIsImpvYkxvY2F0aW9uIjoid2VzdHVzMiJ9?api-version=2020-06-01
      Pragma:
      - no-cache
      Retry-After:
      - "15"
      Strict-Transport-Security:
      - max-age=31536000; includeSubDomains
      X-Content-Type-Options:
      - nosniff
    status: 202 Accepted
    code: 202
    duration: ""
- request:
    body: ""
    form: {}
    headers:
      Test-Request-Attempt:
      - "3"
    url: https://management.azure.com/subscriptions/00000000-0000-0000-0000-000000000000/operationresults/eyJqb2JJZCI6IlJFU09VUkNFR1JPVVBERUxFVElPTkpPQi1BU09URVNUOjJEUkc6MkRZUVdTTE4tV0VTVFVTMiIsImpvYkxvY2F0aW9uIjoid2VzdHVzMiJ9?api-version=2020-06-01
    method: GET
  response:
    body: ""
    headers:
      Cache-Control:
      - no-cache
      Content-Length:
      - "0"
      Expires:
      - "-1"
      Location:
      - https://management.azure.com/subscriptions/00000000-0000-0000-0000-000000000000/operationresults/eyJqb2JJZCI6IlJFU09VUkNFR1JPVVBERUxFVElPTkpPQi1BU09URVNUOjJEUkc6MkRZUVdTTE4tV0VTVFVTMiIsImpvYkxvY2F0aW9uIjoid2VzdHVzMiJ9?api-version=2020-06-01
      Pragma:
      - no-cache
      Retry-After:
      - "15"
      Strict-Transport-Security:
      - max-age=31536000; includeSubDomains
      X-Content-Type-Options:
      - nosniff
    status: 202 Accepted
    code: 202
    duration: ""
- request:
    body: ""
    form: {}
    headers:
      Test-Request-Attempt:
      - "4"
    url: https://management.azure.com/subscriptions/00000000-0000-0000-0000-000000000000/operationresults/eyJqb2JJZCI6IlJFU09VUkNFR1JPVVBERUxFVElPTkpPQi1BU09URVNUOjJEUkc6MkRZUVdTTE4tV0VTVFVTMiIsImpvYkxvY2F0aW9uIjoid2VzdHVzMiJ9?api-version=2020-06-01
    method: GET
  response:
    body: ""
    headers:
      Cache-Control:
      - no-cache
      Content-Length:
      - "0"
      Expires:
      - "-1"
      Location:
      - https://management.azure.com/subscriptions/00000000-0000-0000-0000-000000000000/operationresults/eyJqb2JJZCI6IlJFU09VUkNFR1JPVVBERUxFVElPTkpPQi1BU09URVNUOjJEUkc6MkRZUVdTTE4tV0VTVFVTMiIsImpvYkxvY2F0aW9uIjoid2VzdHVzMiJ9?api-version=2020-06-01
      Pragma:
      - no-cache
      Retry-After:
      - "15"
      Strict-Transport-Security:
      - max-age=31536000; includeSubDomains
      X-Content-Type-Options:
      - nosniff
    status: 202 Accepted
    code: 202
    duration: ""
- request:
    body: ""
    form: {}
    headers:
      Test-Request-Attempt:
      - "5"
    url: https://management.azure.com/subscriptions/00000000-0000-0000-0000-000000000000/operationresults/eyJqb2JJZCI6IlJFU09VUkNFR1JPVVBERUxFVElPTkpPQi1BU09URVNUOjJEUkc6MkRZUVdTTE4tV0VTVFVTMiIsImpvYkxvY2F0aW9uIjoid2VzdHVzMiJ9?api-version=2020-06-01
    method: GET
  response:
    body: ""
    headers:
      Cache-Control:
      - no-cache
      Content-Length:
      - "0"
      Expires:
      - "-1"
      Location:
      - https://management.azure.com/subscriptions/00000000-0000-0000-0000-000000000000/operationresults/eyJqb2JJZCI6IlJFU09VUkNFR1JPVVBERUxFVElPTkpPQi1BU09URVNUOjJEUkc6MkRZUVdTTE4tV0VTVFVTMiIsImpvYkxvY2F0aW9uIjoid2VzdHVzMiJ9?api-version=2020-06-01
      Pragma:
      - no-cache
      Retry-After:
      - "15"
      Strict-Transport-Security:
      - max-age=31536000; includeSubDomains
      X-Content-Type-Options:
      - nosniff
    status: 202 Accepted
    code: 202
    duration: ""
- request:
    body: ""
    form: {}
    headers:
      Test-Request-Attempt:
      - "6"
    url: https://management.azure.com/subscriptions/00000000-0000-0000-0000-000000000000/operationresults/eyJqb2JJZCI6IlJFU09VUkNFR1JPVVBERUxFVElPTkpPQi1BU09URVNUOjJEUkc6MkRZUVdTTE4tV0VTVFVTMiIsImpvYkxvY2F0aW9uIjoid2VzdHVzMiJ9?api-version=2020-06-01
    method: GET
  response:
    body: ""
    headers:
      Cache-Control:
      - no-cache
      Content-Length:
      - "0"
      Expires:
      - "-1"
      Location:
      - https://management.azure.com/subscriptions/00000000-0000-0000-0000-000000000000/operationresults/eyJqb2JJZCI6IlJFU09VUkNFR1JPVVBERUxFVElPTkpPQi1BU09URVNUOjJEUkc6MkRZUVdTTE4tV0VTVFVTMiIsImpvYkxvY2F0aW9uIjoid2VzdHVzMiJ9?api-version=2020-06-01
      Pragma:
      - no-cache
      Retry-After:
      - "15"
      Strict-Transport-Security:
      - max-age=31536000; includeSubDomains
      X-Content-Type-Options:
      - nosniff
    status: 202 Accepted
    code: 202
    duration: ""
- request:
    body: ""
    form: {}
    headers:
      Test-Request-Attempt:
      - "7"
    url: https://management.azure.com/subscriptions/00000000-0000-0000-0000-000000000000/operationresults/eyJqb2JJZCI6IlJFU09VUkNFR1JPVVBERUxFVElPTkpPQi1BU09URVNUOjJEUkc6MkRZUVdTTE4tV0VTVFVTMiIsImpvYkxvY2F0aW9uIjoid2VzdHVzMiJ9?api-version=2020-06-01
    method: GET
  response:
    body: ""
    headers:
      Cache-Control:
      - no-cache
      Content-Length:
      - "0"
      Expires:
      - "-1"
      Location:
      - https://management.azure.com/subscriptions/00000000-0000-0000-0000-000000000000/operationresults/eyJqb2JJZCI6IlJFU09VUkNFR1JPVVBERUxFVElPTkpPQi1BU09URVNUOjJEUkc6MkRZUVdTTE4tV0VTVFVTMiIsImpvYkxvY2F0aW9uIjoid2VzdHVzMiJ9?api-version=2020-06-01
      Pragma:
      - no-cache
      Retry-After:
      - "15"
      Strict-Transport-Security:
      - max-age=31536000; includeSubDomains
      X-Content-Type-Options:
      - nosniff
    status: 202 Accepted
    code: 202
    duration: ""
- request:
    body: ""
    form: {}
    headers:
      Test-Request-Attempt:
      - "8"
    url: https://management.azure.com/subscriptions/00000000-0000-0000-0000-000000000000/operationresults/eyJqb2JJZCI6IlJFU09VUkNFR1JPVVBERUxFVElPTkpPQi1BU09URVNUOjJEUkc6MkRZUVdTTE4tV0VTVFVTMiIsImpvYkxvY2F0aW9uIjoid2VzdHVzMiJ9?api-version=2020-06-01
    method: GET
  response:
    body: ""
    headers:
      Cache-Control:
      - no-cache
      Content-Length:
      - "0"
      Expires:
      - "-1"
      Location:
      - https://management.azure.com/subscriptions/00000000-0000-0000-0000-000000000000/operationresults/eyJqb2JJZCI6IlJFU09VUkNFR1JPVVBERUxFVElPTkpPQi1BU09URVNUOjJEUkc6MkRZUVdTTE4tV0VTVFVTMiIsImpvYkxvY2F0aW9uIjoid2VzdHVzMiJ9?api-version=2020-06-01
      Pragma:
      - no-cache
      Retry-After:
      - "15"
      Strict-Transport-Security:
      - max-age=31536000; includeSubDomains
      X-Content-Type-Options:
      - nosniff
    status: 202 Accepted
    code: 202
    duration: ""
- request:
    body: ""
    form: {}
    headers:
      Test-Request-Attempt:
      - "9"
    url: https://management.azure.com/subscriptions/00000000-0000-0000-0000-000000000000/operationresults/eyJqb2JJZCI6IlJFU09VUkNFR1JPVVBERUxFVElPTkpPQi1BU09URVNUOjJEUkc6MkRZUVdTTE4tV0VTVFVTMiIsImpvYkxvY2F0aW9uIjoid2VzdHVzMiJ9?api-version=2020-06-01
    method: GET
  response:
    body: ""
    headers:
      Cache-Control:
      - no-cache
      Content-Length:
      - "0"
      Expires:
      - "-1"
      Location:
      - https://management.azure.com/subscriptions/00000000-0000-0000-0000-000000000000/operationresults/eyJqb2JJZCI6IlJFU09VUkNFR1JPVVBERUxFVElPTkpPQi1BU09URVNUOjJEUkc6MkRZUVdTTE4tV0VTVFVTMiIsImpvYkxvY2F0aW9uIjoid2VzdHVzMiJ9?api-version=2020-06-01
      Pragma:
      - no-cache
      Retry-After:
      - "15"
      Strict-Transport-Security:
      - max-age=31536000; includeSubDomains
      X-Content-Type-Options:
      - nosniff
    status: 202 Accepted
    code: 202
    duration: ""
- request:
    body: ""
    form: {}
    headers:
      Test-Request-Attempt:
      - "10"
    url: https://management.azure.com/subscriptions/00000000-0000-0000-0000-000000000000/operationresults/eyJqb2JJZCI6IlJFU09VUkNFR1JPVVBERUxFVElPTkpPQi1BU09URVNUOjJEUkc6MkRZUVdTTE4tV0VTVFVTMiIsImpvYkxvY2F0aW9uIjoid2VzdHVzMiJ9?api-version=2020-06-01
    method: GET
  response:
    body: ""
    headers:
      Cache-Control:
      - no-cache
      Content-Length:
      - "0"
      Expires:
      - "-1"
      Location:
      - https://management.azure.com/subscriptions/00000000-0000-0000-0000-000000000000/operationresults/eyJqb2JJZCI6IlJFU09VUkNFR1JPVVBERUxFVElPTkpPQi1BU09URVNUOjJEUkc6MkRZUVdTTE4tV0VTVFVTMiIsImpvYkxvY2F0aW9uIjoid2VzdHVzMiJ9?api-version=2020-06-01
      Pragma:
      - no-cache
      Retry-After:
      - "15"
      Strict-Transport-Security:
      - max-age=31536000; includeSubDomains
      X-Content-Type-Options:
      - nosniff
    status: 202 Accepted
    code: 202
    duration: ""
- request:
    body: ""
    form: {}
    headers:
      Test-Request-Attempt:
      - "11"
    url: https://management.azure.com/subscriptions/00000000-0000-0000-0000-000000000000/operationresults/eyJqb2JJZCI6IlJFU09VUkNFR1JPVVBERUxFVElPTkpPQi1BU09URVNUOjJEUkc6MkRZUVdTTE4tV0VTVFVTMiIsImpvYkxvY2F0aW9uIjoid2VzdHVzMiJ9?api-version=2020-06-01
    method: GET
  response:
    body: ""
    headers:
      Cache-Control:
      - no-cache
      Content-Length:
      - "0"
      Expires:
      - "-1"
      Pragma:
      - no-cache
      Strict-Transport-Security:
      - max-age=31536000; includeSubDomains
      X-Content-Type-Options:
      - nosniff
    status: 200 OK
    code: 200
    duration: ""
- request:
    body: ""
    form: {}
    headers:
      Accept:
      - application/json
      Test-Request-Attempt:
      - "0"
    url: https://management.azure.com/subscriptions/00000000-0000-0000-0000-000000000000/resourceGroups/asotest-rg-yqwsln/providers/Microsoft.Network/loadBalancers/aso-sample-loadbalancer?api-version=2020-11-01
    method: DELETE
  response:
    body: '{"error":{"code":"ResourceGroupNotFound","message":"Resource group ''asotest-rg-yqwsln''
      could not be found."}}'
    headers:
      Cache-Control:
      - no-cache
      Content-Length:
      - "109"
      Content-Type:
      - application/json; charset=utf-8
      Expires:
      - "-1"
      Pragma:
      - no-cache
      Strict-Transport-Security:
      - max-age=31536000; includeSubDomains
      X-Content-Type-Options:
      - nosniff
      X-Ms-Failure-Cause:
      - gateway
    status: 404 Not Found
    code: 404
    duration: ""
- request:
    body: ""
    form: {}
    headers:
      Accept:
      - application/json
      Test-Request-Attempt:
      - "0"
    url: https://management.azure.com/subscriptions/00000000-0000-0000-0000-000000000000/resourceGroups/asotest-rg-yqwsln/providers/Microsoft.Storage/storageAccounts/asosamplestorage?api-version=2021-04-01
    method: DELETE
  response:
    body: '{"error":{"code":"ResourceGroupNotFound","message":"Resource group ''asotest-rg-yqwsln''
      could not be found."}}'
    headers:
      Cache-Control:
      - no-cache
      Content-Length:
      - "109"
      Content-Type:
      - application/json; charset=utf-8
      Expires:
      - "-1"
      Pragma:
      - no-cache
      Strict-Transport-Security:
      - max-age=31536000; includeSubDomains
      X-Content-Type-Options:
      - nosniff
      X-Ms-Failure-Cause:
      - gateway
    status: 404 Not Found
    code: 404
    duration: ""
- request:
    body: ""
    form: {}
    headers:
      Accept:
      - application/json
      Test-Request-Attempt:
      - "0"
    url: https://management.azure.com/subscriptions/00000000-0000-0000-0000-000000000000/resourceGroups/asotest-rg-yqwsln/providers/Microsoft.Network/virtualNetworks/aso-sample-vn?api-version=2020-11-01
    method: DELETE
  response:
    body: '{"error":{"code":"ResourceGroupNotFound","message":"Resource group ''asotest-rg-yqwsln''
      could not be found."}}'
    headers:
      Cache-Control:
      - no-cache
      Content-Length:
      - "109"
      Content-Type:
      - application/json; charset=utf-8
      Expires:
      - "-1"
      Pragma:
      - no-cache
      Strict-Transport-Security:
      - max-age=31536000; includeSubDomains
      X-Content-Type-Options:
      - nosniff
      X-Ms-Failure-Cause:
      - gateway
    status: 404 Not Found
    code: 404
    duration: ""
- request:
    body: ""
    form: {}
    headers:
      Accept:
      - application/json
      Test-Request-Attempt:
      - "0"
    url: https://management.azure.com/subscriptions/00000000-0000-0000-0000-000000000000/resourceGroups/asotest-rg-yqwsln/providers/Microsoft.Network/virtualNetworks/aso-sample-vn1?api-version=2020-11-01
    method: DELETE
  response:
    body: '{"error":{"code":"ResourceGroupNotFound","message":"Resource group ''asotest-rg-yqwsln''
      could not be found."}}'
    headers:
      Cache-Control:
      - no-cache
      Content-Length:
      - "109"
      Content-Type:
      - application/json; charset=utf-8
      Expires:
      - "-1"
      Pragma:
      - no-cache
      Strict-Transport-Security:
      - max-age=31536000; includeSubDomains
      X-Content-Type-Options:
      - nosniff
      X-Ms-Failure-Cause:
      - gateway
    status: 404 Not Found
    code: 404
    duration: ""
- request:
    body: ""
    form: {}
    headers:
      Accept:
      - application/json
      Test-Request-Attempt:
      - "0"
    url: https://management.azure.com/subscriptions/00000000-0000-0000-0000-000000000000/resourceGroups/asotest-rg-yqwsln/providers/Microsoft.Network/privateEndpoints/aso-sample-privateendpoint?api-version=2022-07-01
    method: DELETE
  response:
    body: '{"error":{"code":"ResourceGroupNotFound","message":"Resource group ''asotest-rg-yqwsln''
      could not be found."}}'
    headers:
      Cache-Control:
      - no-cache
      Content-Length:
      - "109"
      Content-Type:
      - application/json; charset=utf-8
      Expires:
      - "-1"
      Pragma:
      - no-cache
      Strict-Transport-Security:
      - max-age=31536000; includeSubDomains
      X-Content-Type-Options:
      - nosniff
      X-Ms-Failure-Cause:
      - gateway
    status: 404 Not Found
    code: 404
    duration: ""
- request:
    body: ""
    form: {}
    headers:
      Accept:
      - application/json
      Test-Request-Attempt:
      - "0"
    url: https://management.azure.com/subscriptions/00000000-0000-0000-0000-000000000000/resourceGroups/asotest-rg-yqwsln/providers/Microsoft.Network/privateDnsZones/privatelink.blob.core.windows.net?api-version=2018-09-01
    method: DELETE
  response:
    body: '{"error":{"code":"ResourceGroupNotFound","message":"Resource group ''asotest-rg-yqwsln''
      could not be found."}}'
    headers:
      Cache-Control:
      - no-cache
      Content-Length:
      - "109"
      Content-Type:
      - application/json; charset=utf-8
      Expires:
      - "-1"
      Pragma:
      - no-cache
      Strict-Transport-Security:
      - max-age=31536000; includeSubDomains
      X-Content-Type-Options:
      - nosniff
      X-Ms-Failure-Cause:
      - gateway
    status: 404 Not Found
    code: 404
    duration: ""
- request:
    body: ""
    form: {}
    headers:
      Accept:
      - application/json
      Test-Request-Attempt:
      - "0"
    url: https://management.azure.com/subscriptions/00000000-0000-0000-0000-000000000000/resourceGroups/asotest-rg-yqwsln/providers/Microsoft.Network/privateLinkServices/aso-sample-pls?api-version=2022-07-01
    method: DELETE
  response:
    body: '{"error":{"code":"ResourceGroupNotFound","message":"Resource group ''asotest-rg-yqwsln''
      could not be found."}}'
    headers:
      Cache-Control:
      - no-cache
      Content-Length:
      - "109"
      Content-Type:
      - application/json; charset=utf-8
      Expires:
      - "-1"
      Pragma:
      - no-cache
      Strict-Transport-Security:
      - max-age=31536000; includeSubDomains
      X-Content-Type-Options:
      - nosniff
      X-Ms-Failure-Cause:
      - gateway
    status: 404 Not Found
    code: 404
    duration: ""
- request:
    body: ""
    form: {}
    headers:
      Accept:
      - application/json
      Test-Request-Attempt:
      - "0"
    url: https://management.azure.com/subscriptions/00000000-0000-0000-0000-000000000000/resourceGroups/asotest-rg-yqwsln/providers/Microsoft.Network/privateDnsZones/privatelink.blob.core.windows.net/virtualNetworkLinks/aso-sample-vnetlink?api-version=2020-06-01
    method: DELETE
  response:
    body: '{"error":{"code":"ResourceGroupNotFound","message":"Resource group ''asotest-rg-yqwsln''
      could not be found."}}'
    headers:
      Cache-Control:
      - no-cache
      Content-Length:
      - "109"
      Content-Type:
      - application/json; charset=utf-8
      Expires:
      - "-1"
      Pragma:
      - no-cache
      Strict-Transport-Security:
      - max-age=31536000; includeSubDomains
      X-Content-Type-Options:
      - nosniff
      X-Ms-Failure-Cause:
      - gateway
    status: 404 Not Found
    code: 404
    duration: ""
- request:
    body: ""
    form: {}
    headers:
      Accept:
      - application/json
      Test-Request-Attempt:
      - "0"
    url: https://management.azure.com/subscriptions/00000000-0000-0000-0000-000000000000/resourceGroups/asotest-rg-yqwsln/providers/Microsoft.Network/virtualNetworks/aso-sample-vn/subnets/aso-sample-subnet?api-version=2020-11-01
    method: DELETE
  response:
    body: '{"error":{"code":"ResourceNotFound","message":"The Resource ''Microsoft.Network/virtualNetworks/aso-sample-vn''
      under resource group ''asotest-rg-yqwsln'' was not found. For more details please
      go to https://aka.ms/ARMResourceNotFoundFix"}}'
    headers:
      Cache-Control:
      - no-cache
      Content-Length:
      - "236"
      Content-Type:
      - application/json; charset=utf-8
      Expires:
      - "-1"
      Pragma:
      - no-cache
      Strict-Transport-Security:
      - max-age=31536000; includeSubDomains
      X-Content-Type-Options:
      - nosniff
      X-Ms-Failure-Cause:
      - gateway
    status: 404 Not Found
    code: 404
    duration: ""
- request:
    body: ""
    form: {}
    headers:
      Accept:
      - application/json
      Test-Request-Attempt:
      - "0"
    url: https://management.azure.com/subscriptions/00000000-0000-0000-0000-000000000000/resourceGroups/asotest-rg-yqwsln/providers/Microsoft.Network/virtualNetworks/aso-sample-vn1/subnets/aso-sample-subnet1?api-version=2020-11-01
    method: DELETE
  response:
    body: '{"error":{"code":"ResourceNotFound","message":"The Resource ''Microsoft.Network/virtualNetworks/aso-sample-vn1''
      under resource group ''asotest-rg-yqwsln'' was not found. For more details please
      go to https://aka.ms/ARMResourceNotFoundFix"}}'
    headers:
      Cache-Control:
      - no-cache
      Content-Length:
      - "237"
      Content-Type:
      - application/json; charset=utf-8
      Expires:
      - "-1"
      Pragma:
      - no-cache
      Strict-Transport-Security:
      - max-age=31536000; includeSubDomains
      X-Content-Type-Options:
      - nosniff
      X-Ms-Failure-Cause:
      - gateway
    status: 404 Not Found
    code: 404
    duration: ""
- request:
    body: ""
    form: {}
    headers:
      Accept:
      - application/json
      Test-Request-Attempt:
      - "0"
    url: https://management.azure.com/subscriptions/00000000-0000-0000-0000-000000000000/resourceGroups/asotest-rg-yqwsln/providers/Microsoft.Network/privateEndpoints/aso-sample-privateendpoint/privateDnsZoneGroups/aso-sample-dnszonegroup?api-version=2022-07-01
    method: DELETE
  response:
    body: '{"error":{"code":"ResourceNotFound","message":"The Resource ''Microsoft.Network/privateEndpoints/aso-sample-privateendpoint''
      under resource group ''asotest-rg-yqwsln'' was not found. For more details please
      go to https://aka.ms/ARMResourceNotFoundFix"}}'
    headers:
      Cache-Control:
      - no-cache
      Content-Length:
      - "250"
      Content-Type:
      - application/json; charset=utf-8
      Expires:
      - "-1"
      Pragma:
      - no-cache
      Strict-Transport-Security:
      - max-age=31536000; includeSubDomains
      X-Content-Type-Options:
      - nosniff
      X-Ms-Failure-Cause:
      - gateway
    status: 404 Not Found
    code: 404
    duration: ""
