---
version: 1
interactions:
- request:
    body: '{"name":"asotest-rg-bstmoz","location":"westus2","tags":{"CreatedAt":"2001-02-03T04:05:06Z"}}'
    form: {}
    headers:
      Accept:
      - application/json
      Content-Length:
      - "93"
      Content-Type:
      - application/json
      Test-Request-Attempt:
      - "0"
    url: https://management.azure.com/subscriptions/00000000-0000-0000-0000-000000000000/resourceGroups/asotest-rg-bstmoz?api-version=2020-06-01
    method: PUT
  response:
    body: '{"id":"/subscriptions/00000000-0000-0000-0000-000000000000/resourceGroups/asotest-rg-bstmoz","name":"asotest-rg-bstmoz","type":"Microsoft.Resources/resourceGroups","location":"westus2","tags":{"CreatedAt":"2001-02-03T04:05:06Z"},"properties":{"provisioningState":"Succeeded"}}'
    headers:
      Cache-Control:
      - no-cache
      Content-Length:
      - "276"
      Content-Type:
      - application/json; charset=utf-8
      Expires:
      - "-1"
      Pragma:
      - no-cache
      Strict-Transport-Security:
      - max-age=31536000; includeSubDomains
      X-Content-Type-Options:
      - nosniff
    status: 201 Created
    code: 201
    duration: ""
- request:
    body: ""
    form: {}
    headers:
      Accept:
      - application/json
      Test-Request-Attempt:
      - "0"
    url: https://management.azure.com/subscriptions/00000000-0000-0000-0000-000000000000/resourceGroups/asotest-rg-bstmoz?api-version=2020-06-01
    method: GET
  response:
    body: '{"id":"/subscriptions/00000000-0000-0000-0000-000000000000/resourceGroups/asotest-rg-bstmoz","name":"asotest-rg-bstmoz","type":"Microsoft.Resources/resourceGroups","location":"westus2","tags":{"CreatedAt":"2001-02-03T04:05:06Z"},"properties":{"provisioningState":"Succeeded"}}'
    headers:
      Cache-Control:
      - no-cache
      Content-Type:
      - application/json; charset=utf-8
      Expires:
      - "-1"
      Pragma:
      - no-cache
      Strict-Transport-Security:
      - max-age=31536000; includeSubDomains
      Vary:
      - Accept-Encoding
      X-Content-Type-Options:
      - nosniff
    status: 200 OK
    code: 200
    duration: ""
- request:
    body: '{"location":"westcentralus","name":"samplevnet","properties":{"addressSpace":{"addressPrefixes":["10.0.0.0/16"]}}}'
    form: {}
    headers:
      Accept:
      - application/json
      Content-Length:
      - "114"
      Content-Type:
      - application/json
      Test-Request-Attempt:
      - "0"
    url: https://management.azure.com/subscriptions/00000000-0000-0000-0000-000000000000/resourceGroups/asotest-rg-bstmoz/providers/Microsoft.Network/virtualNetworks/samplevnet?api-version=2020-11-01
    method: PUT
  response:
    body: "{\r\n  \"name\": \"samplevnet\",\r\n  \"id\": \"/subscriptions/00000000-0000-0000-0000-000000000000/resourceGroups/asotest-rg-bstmoz/providers/Microsoft.Network/virtualNetworks/samplevnet\",\r\n
      \ \"etag\": \"W/\\\"a6bef4ec-7af2-4f6a-9a14-7a894bdaf6f9\\\"\",\r\n  \"type\":
      \"Microsoft.Network/virtualNetworks\",\r\n  \"location\": \"westcentralus\",\r\n
      \ \"properties\": {\r\n    \"provisioningState\": \"Updating\",\r\n    \"resourceGuid\":
      \"f23681e7-0cc4-409d-b15c-cff355425c8a\",\r\n    \"addressSpace\": {\r\n      \"addressPrefixes\":
      [\r\n        \"10.0.0.0/16\"\r\n      ]\r\n    },\r\n    \"subnets\": [],\r\n
      \   \"virtualNetworkPeerings\": [],\r\n    \"enableDdosProtection\": false\r\n
      \ }\r\n}"
    headers:
      Azure-Asyncnotification:
      - Enabled
      Azure-Asyncoperation:
      - https://management.azure.com/subscriptions/00000000-0000-0000-0000-000000000000/providers/Microsoft.Network/locations/westcentralus/operations/a292cc6f-3fda-412d-a640-31bbb3b8ae7b?api-version=2020-11-01
      Cache-Control:
      - no-cache
      Content-Length:
      - "622"
      Content-Type:
      - application/json; charset=utf-8
      Expires:
      - "-1"
      Pragma:
      - no-cache
      Retry-After:
      - "3"
      Server:
      - Microsoft-HTTPAPI/2.0
      - Microsoft-HTTPAPI/2.0
      Strict-Transport-Security:
      - max-age=31536000; includeSubDomains
      X-Content-Type-Options:
      - nosniff
    status: 201 Created
    code: 201
    duration: ""
- request:
    body: '{"location":"westcentralus","name":"mlworkspace-vault","properties":{"accessPolicies":[{"applicationId":"1C793267-c310-d4ae-7BD5-5Af5BEF875D3","objectId":"1C793267-c310-d4ae-7BD5-5Af5BEF875D3","permissions":{"certificates":["get"],"keys":["get"],"secrets":["get"],"storage":["get"]},"tenantId":"00000000-0000-0000-0000-000000000000"}],"sku":{"family":"A","name":"standard"},"tenantId":"00000000-0000-0000-0000-000000000000"}}'
    form: {}
    headers:
      Accept:
      - application/json
      Content-Length:
      - "425"
      Content-Type:
      - application/json
      Test-Request-Attempt:
      - "0"
    url: https://management.azure.com/subscriptions/00000000-0000-0000-0000-000000000000/resourceGroups/asotest-rg-bstmoz/providers/Microsoft.KeyVault/vaults/mlworkspace-vault?api-version=2021-04-01-preview
    method: PUT
  response:
    body: '{"id":"/subscriptions/00000000-0000-0000-0000-000000000000/resourceGroups/asotest-rg-bstmoz/providers/Microsoft.KeyVault/vaults/mlworkspace-vault","name":"mlworkspace-vault","type":"Microsoft.KeyVault/vaults","location":"westcentralus","tags":{},"systemData":{"createdBy":"99de824c-b6d0-4769-af94-8819d4093b83","createdByType":"Application","createdAt":"2001-02-03T04:05:06Z","lastModifiedBy":"99de824c-b6d0-4769-af94-8819d4093b83","lastModifiedByType":"Application","lastModifiedAt":"2001-02-03T04:05:06Z"},"properties":{"sku":{"family":"A","name":"standard"},"tenantId":"00000000-0000-0000-0000-000000000000","accessPolicies":[{"tenantId":"00000000-0000-0000-0000-000000000000","objectId":"1C793267-c310-d4ae-7BD5-5Af5BEF875D3","applicationId":"1c793267-c310-d4ae-7bd5-5af5bef875d3","permissions":{"certificates":["get"],"keys":["get"],"secrets":["get"],"storage":["get"]}}],"enabledForDeployment":false,"enableSoftDelete":true,"vaultUri":"https://mlworkspace-vault.vault.azure.net/","provisioningState":"Succeeded"}}'
    headers:
      Cache-Control:
      - no-cache
      Content-Type:
      - application/json; charset=utf-8
      Expires:
      - "-1"
      Pragma:
      - no-cache
      Server:
      - Microsoft-IIS/10.0
      Strict-Transport-Security:
      - max-age=31536000; includeSubDomains
      Vary:
      - Accept-Encoding
      X-Aspnet-Version:
      - 4.0.30319
      X-Content-Type-Options:
      - nosniff
      X-Ms-Keyvault-Service-Version:
      - 1.5.486.0
    status: 200 OK
    code: 200
    duration: ""
- request:
    body: ""
    form: {}
    headers:
      Accept:
      - application/json
      Test-Request-Attempt:
      - "0"
    url: https://management.azure.com/subscriptions/00000000-0000-0000-0000-000000000000/resourceGroups/asotest-rg-bstmoz/providers/Microsoft.KeyVault/vaults/mlworkspace-vault?api-version=2021-04-01-preview
    method: GET
  response:
    body: '{"id":"/subscriptions/00000000-0000-0000-0000-000000000000/resourceGroups/asotest-rg-bstmoz/providers/Microsoft.KeyVault/vaults/mlworkspace-vault","name":"mlworkspace-vault","type":"Microsoft.KeyVault/vaults","location":"westcentralus","tags":{},"systemData":{"createdBy":"99de824c-b6d0-4769-af94-8819d4093b83","createdByType":"Application","createdAt":"2001-02-03T04:05:06Z","lastModifiedBy":"99de824c-b6d0-4769-af94-8819d4093b83","lastModifiedByType":"Application","lastModifiedAt":"2001-02-03T04:05:06Z"},"properties":{"sku":{"family":"A","name":"standard"},"tenantId":"00000000-0000-0000-0000-000000000000","accessPolicies":[{"tenantId":"00000000-0000-0000-0000-000000000000","objectId":"1C793267-c310-d4ae-7BD5-5Af5BEF875D3","applicationId":"1c793267-c310-d4ae-7bd5-5af5bef875d3","permissions":{"certificates":["get"],"keys":["get"],"secrets":["get"],"storage":["get"]}}],"enabledForDeployment":false,"enableSoftDelete":true,"vaultUri":"https://mlworkspace-vault.vault.azure.net/","provisioningState":"Succeeded"}}'
    headers:
      Cache-Control:
      - no-cache
      Content-Type:
      - application/json; charset=utf-8
      Expires:
      - "-1"
      Pragma:
      - no-cache
      Server:
      - Microsoft-IIS/10.0
      Strict-Transport-Security:
      - max-age=31536000; includeSubDomains
      Vary:
      - Accept-Encoding
      X-Aspnet-Version:
      - 4.0.30319
      X-Content-Type-Options:
      - nosniff
      X-Ms-Keyvault-Service-Version:
      - 1.5.486.0
    status: 200 OK
    code: 200
    duration: ""
- request:
    body: '{"kind":"BlobStorage","location":"westcentralus","name":"asomlworkspacestorage","properties":{"accessTier":"Hot"},"sku":{"name":"Standard_LRS"}}'
    form: {}
    headers:
      Accept:
      - application/json
      Content-Length:
      - "144"
      Content-Type:
      - application/json
      Test-Request-Attempt:
      - "0"
    url: https://management.azure.com/subscriptions/00000000-0000-0000-0000-000000000000/resourceGroups/asotest-rg-bstmoz/providers/Microsoft.Storage/storageAccounts/asomlworkspacestorage?api-version=2021-04-01
    method: PUT
  response:
    body: ""
    headers:
      Cache-Control:
      - no-cache
      Content-Length:
      - "0"
      Content-Type:
      - text/plain; charset=utf-8
      Expires:
      - "-1"
      Location:
      - https://management.azure.com/subscriptions/00000000-0000-0000-0000-000000000000/providers/Microsoft.Storage/locations/westcentralus/asyncoperations/b5643dd4-9716-4416-873c-8f1f12e3b4fc?monitor=true&api-version=2021-04-01
      Pragma:
      - no-cache
      Retry-After:
      - "17"
      Server:
      - Microsoft-Azure-Storage-Resource-Provider/1.0,Microsoft-HTTPAPI/2.0 Microsoft-HTTPAPI/2.0
      Strict-Transport-Security:
      - max-age=31536000; includeSubDomains
      X-Content-Type-Options:
      - nosniff
    status: 202 Accepted
    code: 202
    duration: ""
- request:
    body: ""
    form: {}
    headers:
      Test-Request-Attempt:
      - "0"
    url: https://management.azure.com/subscriptions/00000000-0000-0000-0000-000000000000/providers/Microsoft.Network/locations/westcentralus/operations/a292cc6f-3fda-412d-a640-31bbb3b8ae7b?api-version=2020-11-01
    method: GET
  response:
    body: "{\r\n  \"status\": \"Succeeded\"\r\n}"
    headers:
      Cache-Control:
      - no-cache
      Content-Type:
      - application/json; charset=utf-8
      Expires:
      - "-1"
      Pragma:
      - no-cache
      Server:
      - Microsoft-HTTPAPI/2.0
      - Microsoft-HTTPAPI/2.0
      Strict-Transport-Security:
      - max-age=31536000; includeSubDomains
      Vary:
      - Accept-Encoding
      X-Content-Type-Options:
      - nosniff
    status: 200 OK
    code: 200
    duration: ""
- request:
    body: ""
    form: {}
    headers:
      Test-Request-Attempt:
      - "0"
    url: https://management.azure.com/subscriptions/00000000-0000-0000-0000-000000000000/resourceGroups/asotest-rg-bstmoz/providers/Microsoft.Network/virtualNetworks/samplevnet?api-version=2020-11-01
    method: GET
  response:
    body: "{\r\n  \"name\": \"samplevnet\",\r\n  \"id\": \"/subscriptions/00000000-0000-0000-0000-000000000000/resourceGroups/asotest-rg-bstmoz/providers/Microsoft.Network/virtualNetworks/samplevnet\",\r\n
      \ \"etag\": \"W/\\\"c695f244-e00a-45db-a85a-aa571b3b3959\\\"\",\r\n  \"type\":
      \"Microsoft.Network/virtualNetworks\",\r\n  \"location\": \"westcentralus\",\r\n
      \ \"properties\": {\r\n    \"provisioningState\": \"Succeeded\",\r\n    \"resourceGuid\":
      \"f23681e7-0cc4-409d-b15c-cff355425c8a\",\r\n    \"addressSpace\": {\r\n      \"addressPrefixes\":
      [\r\n        \"10.0.0.0/16\"\r\n      ]\r\n    },\r\n    \"subnets\": [],\r\n
      \   \"virtualNetworkPeerings\": [],\r\n    \"enableDdosProtection\": false\r\n
      \ }\r\n}"
    headers:
      Cache-Control:
      - no-cache
      Content-Type:
      - application/json; charset=utf-8
      Etag:
      - W/"c695f244-e00a-45db-a85a-aa571b3b3959"
      Expires:
      - "-1"
      Pragma:
      - no-cache
      Server:
      - Microsoft-HTTPAPI/2.0
      - Microsoft-HTTPAPI/2.0
      Strict-Transport-Security:
      - max-age=31536000; includeSubDomains
      Vary:
      - Accept-Encoding
      X-Content-Type-Options:
      - nosniff
    status: 200 OK
    code: 200
    duration: ""
- request:
    body: ""
    form: {}
    headers:
      Accept:
      - application/json
      Test-Request-Attempt:
      - "1"
    url: https://management.azure.com/subscriptions/00000000-0000-0000-0000-000000000000/resourceGroups/asotest-rg-bstmoz/providers/Microsoft.Network/virtualNetworks/samplevnet?api-version=2020-11-01
    method: GET
  response:
    body: "{\r\n  \"name\": \"samplevnet\",\r\n  \"id\": \"/subscriptions/00000000-0000-0000-0000-000000000000/resourceGroups/asotest-rg-bstmoz/providers/Microsoft.Network/virtualNetworks/samplevnet\",\r\n
      \ \"etag\": \"W/\\\"c695f244-e00a-45db-a85a-aa571b3b3959\\\"\",\r\n  \"type\":
      \"Microsoft.Network/virtualNetworks\",\r\n  \"location\": \"westcentralus\",\r\n
      \ \"properties\": {\r\n    \"provisioningState\": \"Succeeded\",\r\n    \"resourceGuid\":
      \"f23681e7-0cc4-409d-b15c-cff355425c8a\",\r\n    \"addressSpace\": {\r\n      \"addressPrefixes\":
      [\r\n        \"10.0.0.0/16\"\r\n      ]\r\n    },\r\n    \"subnets\": [],\r\n
      \   \"virtualNetworkPeerings\": [],\r\n    \"enableDdosProtection\": false\r\n
      \ }\r\n}"
    headers:
      Cache-Control:
      - no-cache
      Content-Type:
      - application/json; charset=utf-8
      Etag:
      - W/"c695f244-e00a-45db-a85a-aa571b3b3959"
      Expires:
      - "-1"
      Pragma:
      - no-cache
      Server:
      - Microsoft-HTTPAPI/2.0
      - Microsoft-HTTPAPI/2.0
      Strict-Transport-Security:
      - max-age=31536000; includeSubDomains
      Vary:
      - Accept-Encoding
      X-Content-Type-Options:
      - nosniff
    status: 200 OK
    code: 200
    duration: ""
- request:
    body: ""
    form: {}
    headers:
      Test-Request-Attempt:
      - "0"
    url: https://management.azure.com/subscriptions/00000000-0000-0000-0000-000000000000/providers/Microsoft.Storage/locations/westcentralus/asyncoperations/b5643dd4-9716-4416-873c-8f1f12e3b4fc?monitor=true&api-version=2021-04-01
    method: GET
  response:
    body: ""
    headers:
      Cache-Control:
      - no-cache
      Content-Length:
      - "0"
      Content-Type:
      - text/plain; charset=utf-8
      Expires:
      - "-1"
      Location:
      - https://management.azure.com/subscriptions/00000000-0000-0000-0000-000000000000/providers/Microsoft.Storage/locations/westcentralus/asyncoperations/b5643dd4-9716-4416-873c-8f1f12e3b4fc?monitor=true&api-version=2021-04-01
      Pragma:
      - no-cache
      Retry-After:
      - "17"
      Server:
      - Microsoft-Azure-Storage-Resource-Provider/1.0,Microsoft-HTTPAPI/2.0 Microsoft-HTTPAPI/2.0
      Strict-Transport-Security:
      - max-age=31536000; includeSubDomains
      X-Content-Type-Options:
      - nosniff
    status: 202 Accepted
    code: 202
    duration: ""
- request:
    body: '{"name":"samplesubnet","properties":{"addressPrefix":"10.0.0.0/24"}}'
    form: {}
    headers:
      Accept:
      - application/json
      Content-Length:
      - "68"
      Content-Type:
      - application/json
      Test-Request-Attempt:
      - "0"
    url: https://management.azure.com/subscriptions/00000000-0000-0000-0000-000000000000/resourceGroups/asotest-rg-bstmoz/providers/Microsoft.Network/virtualNetworks/samplevnet/subnets/samplesubnet?api-version=2020-11-01
    method: PUT
  response:
    body: "{\r\n  \"name\": \"samplesubnet\",\r\n  \"id\": \"/subscriptions/00000000-0000-0000-0000-000000000000/resourceGroups/asotest-rg-bstmoz/providers/Microsoft.Network/virtualNetworks/samplevnet/subnets/samplesubnet\",\r\n
      \ \"etag\": \"W/\\\"c0d26410-7d23-4e12-a82d-232cf8f91c68\\\"\",\r\n  \"properties\":
      {\r\n    \"provisioningState\": \"Updating\",\r\n    \"addressPrefix\": \"10.0.0.0/24\",\r\n
      \   \"delegations\": [],\r\n    \"privateEndpointNetworkPolicies\": \"Disabled\",\r\n
      \   \"privateLinkServiceNetworkPolicies\": \"Enabled\"\r\n  },\r\n  \"type\":
      \"Microsoft.Network/virtualNetworks/subnets\"\r\n}"
    headers:
      Azure-Asyncoperation:
      - https://management.azure.com/subscriptions/00000000-0000-0000-0000-000000000000/providers/Microsoft.Network/locations/westcentralus/operations/6bd6c9d8-11ff-4247-ba9a-67001adcf9d0?api-version=2020-11-01
      Cache-Control:
      - no-cache
      Content-Length:
      - "543"
      Content-Type:
      - application/json; charset=utf-8
      Expires:
      - "-1"
      Pragma:
      - no-cache
      Retry-After:
      - "3"
      Server:
      - Microsoft-HTTPAPI/2.0
      - Microsoft-HTTPAPI/2.0
      Strict-Transport-Security:
      - max-age=31536000; includeSubDomains
      X-Content-Type-Options:
      - nosniff
    status: 201 Created
    code: 201
    duration: ""
- request:
    body: ""
    form: {}
    headers:
      Test-Request-Attempt:
      - "1"
    url: https://management.azure.com/subscriptions/00000000-0000-0000-0000-000000000000/providers/Microsoft.Storage/locations/westcentralus/asyncoperations/b5643dd4-9716-4416-873c-8f1f12e3b4fc?monitor=true&api-version=2021-04-01
    method: GET
  response:
    body: '{"sku":{"name":"Standard_LRS","tier":"Standard"},"kind":"BlobStorage","id":"/subscriptions/00000000-0000-0000-0000-000000000000/resourceGroups/asotest-rg-bstmoz/providers/Microsoft.Storage/storageAccounts/asomlworkspacestorage","name":"asomlworkspacestorage","type":"Microsoft.Storage/storageAccounts","location":"westcentralus","tags":{},"properties":{"keyCreationTime":{"key1":"2001-02-03T04:05:06Z","key2":"2001-02-03T04:05:06Z"},"privateEndpointConnections":[],"networkAcls":{"bypass":"AzureServices","virtualNetworkRules":[],"ipRules":[],"defaultAction":"Allow"},"supportsHttpsTrafficOnly":true,"encryption":{"services":{"file":{"keyType":"Account","enabled":true,"lastEnabledTime":"2001-02-03T04:05:06Z"},"blob":{"keyType":"Account","enabled":true,"lastEnabledTime":"2001-02-03T04:05:06Z"}},"keySource":"Microsoft.Storage"},"accessTier":"Hot","provisioningState":"Succeeded","creationTime":"2001-02-03T04:05:06Z","primaryEndpoints":{"dfs":"https://asomlworkspacestorage.dfs.core.windows.net/","blob":"https://asomlworkspacestorage.blob.core.windows.net/","table":"https://asomlworkspacestorage.table.core.windows.net/"},"primaryLocation":"westcentralus","statusOfPrimary":"available"}}'
    headers:
      Cache-Control:
      - no-cache
      Content-Type:
      - application/json
      Expires:
      - "-1"
      Pragma:
      - no-cache
      Server:
      - Microsoft-Azure-Storage-Resource-Provider/1.0,Microsoft-HTTPAPI/2.0 Microsoft-HTTPAPI/2.0
      Strict-Transport-Security:
      - max-age=31536000; includeSubDomains
      Vary:
      - Accept-Encoding
      X-Content-Type-Options:
      - nosniff
    status: 200 OK
    code: 200
    duration: ""
- request:
    body: ""
    form: {}
    headers:
      Accept:
      - application/json
      Test-Request-Attempt:
      - "0"
    url: https://management.azure.com/subscriptions/00000000-0000-0000-0000-000000000000/resourceGroups/asotest-rg-bstmoz/providers/Microsoft.Storage/storageAccounts/asomlworkspacestorage?api-version=2021-04-01
    method: GET
  response:
    body: '{"sku":{"name":"Standard_LRS","tier":"Standard"},"kind":"BlobStorage","id":"/subscriptions/00000000-0000-0000-0000-000000000000/resourceGroups/asotest-rg-bstmoz/providers/Microsoft.Storage/storageAccounts/asomlworkspacestorage","name":"asomlworkspacestorage","type":"Microsoft.Storage/storageAccounts","location":"westcentralus","tags":{},"properties":{"keyCreationTime":{"key1":"2001-02-03T04:05:06Z","key2":"2001-02-03T04:05:06Z"},"privateEndpointConnections":[],"networkAcls":{"bypass":"AzureServices","virtualNetworkRules":[],"ipRules":[],"defaultAction":"Allow"},"supportsHttpsTrafficOnly":true,"encryption":{"services":{"file":{"keyType":"Account","enabled":true,"lastEnabledTime":"2001-02-03T04:05:06Z"},"blob":{"keyType":"Account","enabled":true,"lastEnabledTime":"2001-02-03T04:05:06Z"}},"keySource":"Microsoft.Storage"},"accessTier":"Hot","provisioningState":"Succeeded","creationTime":"2001-02-03T04:05:06Z","primaryEndpoints":{"dfs":"https://asomlworkspacestorage.dfs.core.windows.net/","blob":"https://asomlworkspacestorage.blob.core.windows.net/","table":"https://asomlworkspacestorage.table.core.windows.net/"},"primaryLocation":"westcentralus","statusOfPrimary":"available"}}'
    headers:
      Cache-Control:
      - no-cache
      Content-Type:
      - application/json
      Expires:
      - "-1"
      Pragma:
      - no-cache
      Server:
      - Microsoft-Azure-Storage-Resource-Provider/1.0,Microsoft-HTTPAPI/2.0 Microsoft-HTTPAPI/2.0
      Strict-Transport-Security:
      - max-age=31536000; includeSubDomains
      Vary:
      - Accept-Encoding
      X-Content-Type-Options:
      - nosniff
    status: 200 OK
    code: 200
    duration: ""
- request:
    body: ""
    form: {}
    headers:
      Accept:
      - application/json
      Test-Request-Attempt:
      - "0"
    url: https://management.azure.com/subscriptions/00000000-0000-0000-0000-000000000000/resourceGroups/asotest-rg-bstmoz/providers/Microsoft.Storage/storageAccounts/asomlworkspacestorage/listKeys?api-version=2021-09-01
    method: POST
  response:
    body: '{"keys":[{"creationTime":"2001-02-03T04:05:06Z","keyName":"key1","value":"{KEY}","permissions":"FULL"},{"creationTime":"2001-02-03T04:05:06Z","keyName":"key2","value":"{KEY}","permissions":"FULL"}]}'
    headers:
      Cache-Control:
      - no-cache
      Content-Type:
      - application/json
      Expires:
      - "-1"
      Pragma:
      - no-cache
      Server:
      - Microsoft-Azure-Storage-Resource-Provider/1.0,Microsoft-HTTPAPI/2.0 Microsoft-HTTPAPI/2.0
      Strict-Transport-Security:
      - max-age=31536000; includeSubDomains
      Vary:
      - Accept-Encoding
      X-Content-Type-Options:
      - nosniff
      X-Ms-Ratelimit-Remaining-Subscription-Resource-Requests:
      - "11999"
    status: 200 OK
    code: 200
    duration: ""
- request:
    body: ""
    form: {}
    headers:
      Test-Request-Attempt:
      - "0"
    url: https://management.azure.com/subscriptions/00000000-0000-0000-0000-000000000000/providers/Microsoft.Network/locations/westcentralus/operations/6bd6c9d8-11ff-4247-ba9a-67001adcf9d0?api-version=2020-11-01
    method: GET
  response:
    body: "{\r\n  \"status\": \"Succeeded\"\r\n}"
    headers:
      Cache-Control:
      - no-cache
      Content-Type:
      - application/json; charset=utf-8
      Expires:
      - "-1"
      Pragma:
      - no-cache
      Server:
      - Microsoft-HTTPAPI/2.0
      - Microsoft-HTTPAPI/2.0
      Strict-Transport-Security:
      - max-age=31536000; includeSubDomains
      Vary:
      - Accept-Encoding
      X-Content-Type-Options:
      - nosniff
    status: 200 OK
    code: 200
    duration: ""
- request:
    body: ""
    form: {}
    headers:
      Test-Request-Attempt:
      - "0"
    url: https://management.azure.com/subscriptions/00000000-0000-0000-0000-000000000000/resourceGroups/asotest-rg-bstmoz/providers/Microsoft.Network/virtualNetworks/samplevnet/subnets/samplesubnet?api-version=2020-11-01
    method: GET
  response:
    body: "{\r\n  \"name\": \"samplesubnet\",\r\n  \"id\": \"/subscriptions/00000000-0000-0000-0000-000000000000/resourceGroups/asotest-rg-bstmoz/providers/Microsoft.Network/virtualNetworks/samplevnet/subnets/samplesubnet\",\r\n
      \ \"etag\": \"W/\\\"d40b9ffd-b396-4341-9c7e-75751dd9396c\\\"\",\r\n  \"properties\":
      {\r\n    \"provisioningState\": \"Succeeded\",\r\n    \"addressPrefix\": \"10.0.0.0/24\",\r\n
      \   \"delegations\": [],\r\n    \"privateEndpointNetworkPolicies\": \"Disabled\",\r\n
      \   \"privateLinkServiceNetworkPolicies\": \"Enabled\"\r\n  },\r\n  \"type\":
      \"Microsoft.Network/virtualNetworks/subnets\"\r\n}"
    headers:
      Cache-Control:
      - no-cache
      Content-Type:
      - application/json; charset=utf-8
      Etag:
      - W/"d40b9ffd-b396-4341-9c7e-75751dd9396c"
      Expires:
      - "-1"
      Pragma:
      - no-cache
      Server:
      - Microsoft-HTTPAPI/2.0
      - Microsoft-HTTPAPI/2.0
      Strict-Transport-Security:
      - max-age=31536000; includeSubDomains
      Vary:
      - Accept-Encoding
      X-Content-Type-Options:
      - nosniff
    status: 200 OK
    code: 200
    duration: ""
- request:
    body: '{"location":"westcentralus","name":"samplenic","properties":{"ipConfigurations":[{"name":"ipconfig1","properties":{"privateIPAllocationMethod":"Dynamic","subnet":{"id":"/subscriptions/00000000-0000-0000-0000-000000000000/resourceGroups/asotest-rg-bstmoz/providers/Microsoft.Network/virtualNetworks/samplevnet/subnets/samplesubnet"}}}]}}'
    form: {}
    headers:
      Accept:
      - application/json
      Content-Length:
      - "336"
      Content-Type:
      - application/json
      Test-Request-Attempt:
      - "0"
    url: https://management.azure.com/subscriptions/00000000-0000-0000-0000-000000000000/resourceGroups/asotest-rg-bstmoz/providers/Microsoft.Network/networkInterfaces/samplenic?api-version=2020-11-01
    method: PUT
  response:
    body: "{\r\n  \"name\": \"samplenic\",\r\n  \"id\": \"/subscriptions/00000000-0000-0000-0000-000000000000/resourceGroups/asotest-rg-bstmoz/providers/Microsoft.Network/networkInterfaces/samplenic\",\r\n
      \ \"etag\": \"W/\\\"22ade4e2-6d80-4303-abfa-aacf16ccc05e\\\"\",\r\n  \"properties\":
      {\r\n    \"provisioningState\": \"Succeeded\",\r\n    \"resourceGuid\": \"36aaf293-34df-4417-9464-84f68431eae9\",\r\n
      \   \"ipConfigurations\": [\r\n      {\r\n        \"name\": \"ipconfig1\",\r\n
      \       \"id\": \"/subscriptions/00000000-0000-0000-0000-000000000000/resourceGroups/asotest-rg-bstmoz/providers/Microsoft.Network/networkInterfaces/samplenic/ipConfigurations/ipconfig1\",\r\n
      \       \"etag\": \"W/\\\"22ade4e2-6d80-4303-abfa-aacf16ccc05e\\\"\",\r\n        \"type\":
      \"Microsoft.Network/networkInterfaces/ipConfigurations\",\r\n        \"properties\":
      {\r\n          \"provisioningState\": \"Succeeded\",\r\n          \"privateIPAddress\":
      \"10.0.0.4\",\r\n          \"privateIPAllocationMethod\": \"Dynamic\",\r\n          \"subnet\":
      {\r\n            \"id\": \"/subscriptions/00000000-0000-0000-0000-000000000000/resourceGroups/asotest-rg-bstmoz/providers/Microsoft.Network/virtualNetworks/samplevnet/subnets/samplesubnet\"\r\n
      \         },\r\n          \"primary\": true,\r\n          \"privateIPAddressVersion\":
      \"IPv4\"\r\n        }\r\n      }\r\n    ],\r\n    \"dnsSettings\": {\r\n      \"dnsServers\":
      [],\r\n      \"appliedDnsServers\": [],\r\n      \"internalDomainNameSuffix\":
      \"24atn2websoubmk2z5zvkqs2rc.yx.internal.cloudapp.net\"\r\n    },\r\n    \"vnetEncryptionSupported\":
      false,\r\n    \"enableIPForwarding\": false,\r\n    \"hostedWorkloads\": [],\r\n
      \   \"tapConfigurations\": [],\r\n    \"nicType\": \"Standard\"\r\n  },\r\n
      \ \"type\": \"Microsoft.Network/networkInterfaces\",\r\n  \"location\": \"westcentralus\"\r\n}"
    headers:
      Azure-Asyncnotification:
      - Enabled
      Azure-Asyncoperation:
      - https://management.azure.com/subscriptions/00000000-0000-0000-0000-000000000000/providers/Microsoft.Network/locations/westcentralus/operations/ce1359b1-f65d-42bf-9458-f1bf22018fa5?api-version=2020-11-01
      Cache-Control:
      - no-cache
      Content-Length:
      - "1650"
      Content-Type:
      - application/json; charset=utf-8
      Expires:
      - "-1"
      Pragma:
      - no-cache
      Server:
      - Microsoft-HTTPAPI/2.0
      - Microsoft-HTTPAPI/2.0
      Strict-Transport-Security:
      - max-age=31536000; includeSubDomains
      X-Content-Type-Options:
      - nosniff
    status: 201 Created
    code: 201
    duration: ""
- request:
    body: ""
    form: {}
    headers:
      Accept:
      - application/json
      Test-Request-Attempt:
      - "1"
    url: https://management.azure.com/subscriptions/00000000-0000-0000-0000-000000000000/resourceGroups/asotest-rg-bstmoz/providers/Microsoft.Network/virtualNetworks/samplevnet/subnets/samplesubnet?api-version=2020-11-01
    method: GET
  response:
    body: "{\r\n  \"name\": \"samplesubnet\",\r\n  \"id\": \"/subscriptions/00000000-0000-0000-0000-000000000000/resourceGroups/asotest-rg-bstmoz/providers/Microsoft.Network/virtualNetworks/samplevnet/subnets/samplesubnet\",\r\n
      \ \"etag\": \"W/\\\"d882925f-91d0-4af1-9aef-8e7595908ab1\\\"\",\r\n  \"properties\":
      {\r\n    \"provisioningState\": \"Succeeded\",\r\n    \"addressPrefix\": \"10.0.0.0/24\",\r\n
      \   \"ipConfigurations\": [\r\n      {\r\n        \"id\": \"/subscriptions/00000000-0000-0000-0000-000000000000/resourceGroups/asotest-rg-bstmoz/providers/Microsoft.Network/networkInterfaces/samplenic/ipConfigurations/ipconfig1\"\r\n
      \     }\r\n    ],\r\n    \"delegations\": [],\r\n    \"privateEndpointNetworkPolicies\":
      \"Disabled\",\r\n    \"privateLinkServiceNetworkPolicies\": \"Enabled\"\r\n
      \ },\r\n  \"type\": \"Microsoft.Network/virtualNetworks/subnets\"\r\n}"
    headers:
      Cache-Control:
      - no-cache
      Content-Type:
      - application/json; charset=utf-8
      Etag:
      - W/"d882925f-91d0-4af1-9aef-8e7595908ab1"
      Expires:
      - "-1"
      Pragma:
      - no-cache
      Server:
      - Microsoft-HTTPAPI/2.0
      - Microsoft-HTTPAPI/2.0
      Strict-Transport-Security:
      - max-age=31536000; includeSubDomains
      Vary:
      - Accept-Encoding
      X-Content-Type-Options:
      - nosniff
    status: 200 OK
    code: 200
    duration: ""
- request:
    body: '{"location":"westcentralus","name":"samplensg"}'
    form: {}
    headers:
      Accept:
      - application/json
      Content-Length:
      - "47"
      Content-Type:
      - application/json
      Test-Request-Attempt:
      - "0"
    url: https://management.azure.com/subscriptions/00000000-0000-0000-0000-000000000000/resourceGroups/asotest-rg-bstmoz/providers/Microsoft.Network/networkSecurityGroups/samplensg?api-version=2020-11-01
    method: PUT
  response:
    body: '{"error":{"code":"GatewayTimeout","message":"The gateway did not receive
      a response from ''Microsoft.Network'' within the specified time period."}}'
    headers:
      Cache-Control:
      - no-cache
      Content-Length:
      - "145"
      Content-Type:
      - application/json; charset=utf-8
      Expires:
      - "-1"
      Pragma:
      - no-cache
      Strict-Transport-Security:
      - max-age=31536000; includeSubDomains
      X-Content-Type-Options:
      - nosniff
      X-Ms-Failure-Cause:
      - service
    status: 504 Gateway Timeout
    code: 504
    duration: ""
- request:
    body: '{"location":"westcentralus","name":"samplensg"}'
    form: {}
    headers:
      Accept:
      - application/json
      Content-Length:
      - "47"
      Content-Type:
      - application/json
      Test-Request-Attempt:
      - "1"
    url: https://management.azure.com/subscriptions/00000000-0000-0000-0000-000000000000/resourceGroups/asotest-rg-bstmoz/providers/Microsoft.Network/networkSecurityGroups/samplensg?api-version=2020-11-01
    method: PUT
  response:
    body: "{\r\n  \"name\": \"samplensg\",\r\n  \"id\": \"/subscriptions/00000000-0000-0000-0000-000000000000/resourceGroups/asotest-rg-bstmoz/providers/Microsoft.Network/networkSecurityGroups/samplensg\",\r\n
      \ \"etag\": \"W/\\\"a6627ac7-08d2-4968-9e63-0ba3ac36b6a0\\\"\",\r\n  \"type\":
      \"Microsoft.Network/networkSecurityGroups\",\r\n  \"location\": \"westcentralus\",\r\n
      \ \"properties\": {\r\n    \"provisioningState\": \"Updating\",\r\n    \"resourceGuid\":
      \"e50e4d3e-9ec4-4fa9-9f96-678f3ad6c94e\",\r\n    \"securityRules\": [],\r\n
      \   \"defaultSecurityRules\": [\r\n      {\r\n        \"name\": \"AllowVnetInBound\",\r\n
      \       \"id\": \"/subscriptions/00000000-0000-0000-0000-000000000000/resourceGroups/asotest-rg-bstmoz/providers/Microsoft.Network/networkSecurityGroups/samplensg/defaultSecurityRules/AllowVnetInBound\",\r\n
      \       \"etag\": \"W/\\\"a6627ac7-08d2-4968-9e63-0ba3ac36b6a0\\\"\",\r\n        \"type\":
      \"Microsoft.Network/networkSecurityGroups/defaultSecurityRules\",\r\n        \"properties\":
      {\r\n          \"provisioningState\": \"Updating\",\r\n          \"description\":
      \"Allow inbound traffic from all VMs in VNET\",\r\n          \"protocol\": \"*\",\r\n
      \         \"sourcePortRange\": \"*\",\r\n          \"destinationPortRange\":
      \"*\",\r\n          \"sourceAddressPrefix\": \"VirtualNetwork\",\r\n          \"destinationAddressPrefix\":
      \"VirtualNetwork\",\r\n          \"access\": \"Allow\",\r\n          \"priority\":
      65000,\r\n          \"direction\": \"Inbound\",\r\n          \"sourcePortRanges\":
      [],\r\n          \"destinationPortRanges\": [],\r\n          \"sourceAddressPrefixes\":
      [],\r\n          \"destinationAddressPrefixes\": []\r\n        }\r\n      },\r\n
      \     {\r\n        \"name\": \"AllowAzureLoadBalancerInBound\",\r\n        \"id\":
      \"/subscriptions/00000000-0000-0000-0000-000000000000/resourceGroups/asotest-rg-bstmoz/providers/Microsoft.Network/networkSecurityGroups/samplensg/defaultSecurityRules/AllowAzureLoadBalancerInBound\",\r\n
      \       \"etag\": \"W/\\\"a6627ac7-08d2-4968-9e63-0ba3ac36b6a0\\\"\",\r\n        \"type\":
      \"Microsoft.Network/networkSecurityGroups/defaultSecurityRules\",\r\n        \"properties\":
      {\r\n          \"provisioningState\": \"Updating\",\r\n          \"description\":
      \"Allow inbound traffic from azure load balancer\",\r\n          \"protocol\":
      \"*\",\r\n          \"sourcePortRange\": \"*\",\r\n          \"destinationPortRange\":
      \"*\",\r\n          \"sourceAddressPrefix\": \"AzureLoadBalancer\",\r\n          \"destinationAddressPrefix\":
      \"*\",\r\n          \"access\": \"Allow\",\r\n          \"priority\": 65001,\r\n
      \         \"direction\": \"Inbound\",\r\n          \"sourcePortRanges\": [],\r\n
      \         \"destinationPortRanges\": [],\r\n          \"sourceAddressPrefixes\":
      [],\r\n          \"destinationAddressPrefixes\": []\r\n        }\r\n      },\r\n
      \     {\r\n        \"name\": \"DenyAllInBound\",\r\n        \"id\": \"/subscriptions/00000000-0000-0000-0000-000000000000/resourceGroups/asotest-rg-bstmoz/providers/Microsoft.Network/networkSecurityGroups/samplensg/defaultSecurityRules/DenyAllInBound\",\r\n
      \       \"etag\": \"W/\\\"a6627ac7-08d2-4968-9e63-0ba3ac36b6a0\\\"\",\r\n        \"type\":
      \"Microsoft.Network/networkSecurityGroups/defaultSecurityRules\",\r\n        \"properties\":
      {\r\n          \"provisioningState\": \"Updating\",\r\n          \"description\":
      \"Deny all inbound traffic\",\r\n          \"protocol\": \"*\",\r\n          \"sourcePortRange\":
      \"*\",\r\n          \"destinationPortRange\": \"*\",\r\n          \"sourceAddressPrefix\":
      \"*\",\r\n          \"destinationAddressPrefix\": \"*\",\r\n          \"access\":
      \"Deny\",\r\n          \"priority\": 65500,\r\n          \"direction\": \"Inbound\",\r\n
      \         \"sourcePortRanges\": [],\r\n          \"destinationPortRanges\":
      [],\r\n          \"sourceAddressPrefixes\": [],\r\n          \"destinationAddressPrefixes\":
      []\r\n        }\r\n      },\r\n      {\r\n        \"name\": \"AllowVnetOutBound\",\r\n
      \       \"id\": \"/subscriptions/00000000-0000-0000-0000-000000000000/resourceGroups/asotest-rg-bstmoz/providers/Microsoft.Network/networkSecurityGroups/samplensg/defaultSecurityRules/AllowVnetOutBound\",\r\n
      \       \"etag\": \"W/\\\"a6627ac7-08d2-4968-9e63-0ba3ac36b6a0\\\"\",\r\n        \"type\":
      \"Microsoft.Network/networkSecurityGroups/defaultSecurityRules\",\r\n        \"properties\":
      {\r\n          \"provisioningState\": \"Updating\",\r\n          \"description\":
      \"Allow outbound traffic from all VMs to all VMs in VNET\",\r\n          \"protocol\":
      \"*\",\r\n          \"sourcePortRange\": \"*\",\r\n          \"destinationPortRange\":
      \"*\",\r\n          \"sourceAddressPrefix\": \"VirtualNetwork\",\r\n          \"destinationAddressPrefix\":
      \"VirtualNetwork\",\r\n          \"access\": \"Allow\",\r\n          \"priority\":
      65000,\r\n          \"direction\": \"Outbound\",\r\n          \"sourcePortRanges\":
      [],\r\n          \"destinationPortRanges\": [],\r\n          \"sourceAddressPrefixes\":
      [],\r\n          \"destinationAddressPrefixes\": []\r\n        }\r\n      },\r\n
      \     {\r\n        \"name\": \"AllowInternetOutBound\",\r\n        \"id\": \"/subscriptions/00000000-0000-0000-0000-000000000000/resourceGroups/asotest-rg-bstmoz/providers/Microsoft.Network/networkSecurityGroups/samplensg/defaultSecurityRules/AllowInternetOutBound\",\r\n
      \       \"etag\": \"W/\\\"a6627ac7-08d2-4968-9e63-0ba3ac36b6a0\\\"\",\r\n        \"type\":
      \"Microsoft.Network/networkSecurityGroups/defaultSecurityRules\",\r\n        \"properties\":
      {\r\n          \"provisioningState\": \"Updating\",\r\n          \"description\":
      \"Allow outbound traffic from all VMs to Internet\",\r\n          \"protocol\":
      \"*\",\r\n          \"sourcePortRange\": \"*\",\r\n          \"destinationPortRange\":
      \"*\",\r\n          \"sourceAddressPrefix\": \"*\",\r\n          \"destinationAddressPrefix\":
      \"Internet\",\r\n          \"access\": \"Allow\",\r\n          \"priority\":
      65001,\r\n          \"direction\": \"Outbound\",\r\n          \"sourcePortRanges\":
      [],\r\n          \"destinationPortRanges\": [],\r\n          \"sourceAddressPrefixes\":
      [],\r\n          \"destinationAddressPrefixes\": []\r\n        }\r\n      },\r\n
      \     {\r\n        \"name\": \"DenyAllOutBound\",\r\n        \"id\": \"/subscriptions/00000000-0000-0000-0000-000000000000/resourceGroups/asotest-rg-bstmoz/providers/Microsoft.Network/networkSecurityGroups/samplensg/defaultSecurityRules/DenyAllOutBound\",\r\n
      \       \"etag\": \"W/\\\"a6627ac7-08d2-4968-9e63-0ba3ac36b6a0\\\"\",\r\n        \"type\":
      \"Microsoft.Network/networkSecurityGroups/defaultSecurityRules\",\r\n        \"properties\":
      {\r\n          \"provisioningState\": \"Updating\",\r\n          \"description\":
      \"Deny all outbound traffic\",\r\n          \"protocol\": \"*\",\r\n          \"sourcePortRange\":
      \"*\",\r\n          \"destinationPortRange\": \"*\",\r\n          \"sourceAddressPrefix\":
      \"*\",\r\n          \"destinationAddressPrefix\": \"*\",\r\n          \"access\":
      \"Deny\",\r\n          \"priority\": 65500,\r\n          \"direction\": \"Outbound\",\r\n
      \         \"sourcePortRanges\": [],\r\n          \"destinationPortRanges\":
      [],\r\n          \"sourceAddressPrefixes\": [],\r\n          \"destinationAddressPrefixes\":
      []\r\n        }\r\n      }\r\n    ]\r\n  }\r\n}"
    headers:
      Azure-Asyncnotification:
      - Enabled
      Azure-Asyncoperation:
      - https://management.azure.com/subscriptions/00000000-0000-0000-0000-000000000000/providers/Microsoft.Network/locations/westcentralus/operations/427f7c41-3c57-4f35-ac4d-4751b3ac973d?api-version=2020-11-01
      Cache-Control:
      - no-cache
      Content-Length:
      - "6566"
      Content-Type:
      - application/json; charset=utf-8
      Expires:
      - "-1"
      Pragma:
      - no-cache
      Retry-After:
      - "3"
      Server:
      - Microsoft-HTTPAPI/2.0
      - Microsoft-HTTPAPI/2.0
      Strict-Transport-Security:
      - max-age=31536000; includeSubDomains
      X-Content-Type-Options:
      - nosniff
    status: 201 Created
    code: 201
    duration: ""
- request:
    body: ""
    form: {}
    headers:
      Test-Request-Attempt:
      - "0"
    url: https://management.azure.com/subscriptions/00000000-0000-0000-0000-000000000000/providers/Microsoft.Network/locations/westcentralus/operations/427f7c41-3c57-4f35-ac4d-4751b3ac973d?api-version=2020-11-01
    method: GET
  response:
    body: "{\r\n  \"status\": \"Succeeded\"\r\n}"
    headers:
      Cache-Control:
      - no-cache
      Content-Type:
      - application/json; charset=utf-8
      Expires:
      - "-1"
      Pragma:
      - no-cache
      Server:
      - Microsoft-HTTPAPI/2.0
      - Microsoft-HTTPAPI/2.0
      Strict-Transport-Security:
      - max-age=31536000; includeSubDomains
      Vary:
      - Accept-Encoding
      X-Content-Type-Options:
      - nosniff
    status: 200 OK
    code: 200
    duration: ""
- request:
    body: ""
    form: {}
    headers:
      Test-Request-Attempt:
      - "0"
    url: https://management.azure.com/subscriptions/00000000-0000-0000-0000-000000000000/resourceGroups/asotest-rg-bstmoz/providers/Microsoft.Network/networkSecurityGroups/samplensg?api-version=2020-11-01
    method: GET
  response:
    body: "{\r\n  \"name\": \"samplensg\",\r\n  \"id\": \"/subscriptions/00000000-0000-0000-0000-000000000000/resourceGroups/asotest-rg-bstmoz/providers/Microsoft.Network/networkSecurityGroups/samplensg\",\r\n
      \ \"etag\": \"W/\\\"7bdb4a8a-d42d-48b3-9d80-32d3dd269800\\\"\",\r\n  \"type\":
      \"Microsoft.Network/networkSecurityGroups\",\r\n  \"location\": \"westcentralus\",\r\n
      \ \"properties\": {\r\n    \"provisioningState\": \"Succeeded\",\r\n    \"resourceGuid\":
      \"e50e4d3e-9ec4-4fa9-9f96-678f3ad6c94e\",\r\n    \"securityRules\": [],\r\n
      \   \"defaultSecurityRules\": [\r\n      {\r\n        \"name\": \"AllowVnetInBound\",\r\n
      \       \"id\": \"/subscriptions/00000000-0000-0000-0000-000000000000/resourceGroups/asotest-rg-bstmoz/providers/Microsoft.Network/networkSecurityGroups/samplensg/defaultSecurityRules/AllowVnetInBound\",\r\n
      \       \"etag\": \"W/\\\"7bdb4a8a-d42d-48b3-9d80-32d3dd269800\\\"\",\r\n        \"type\":
      \"Microsoft.Network/networkSecurityGroups/defaultSecurityRules\",\r\n        \"properties\":
      {\r\n          \"provisioningState\": \"Succeeded\",\r\n          \"description\":
      \"Allow inbound traffic from all VMs in VNET\",\r\n          \"protocol\": \"*\",\r\n
      \         \"sourcePortRange\": \"*\",\r\n          \"destinationPortRange\":
      \"*\",\r\n          \"sourceAddressPrefix\": \"VirtualNetwork\",\r\n          \"destinationAddressPrefix\":
      \"VirtualNetwork\",\r\n          \"access\": \"Allow\",\r\n          \"priority\":
      65000,\r\n          \"direction\": \"Inbound\",\r\n          \"sourcePortRanges\":
      [],\r\n          \"destinationPortRanges\": [],\r\n          \"sourceAddressPrefixes\":
      [],\r\n          \"destinationAddressPrefixes\": []\r\n        }\r\n      },\r\n
      \     {\r\n        \"name\": \"AllowAzureLoadBalancerInBound\",\r\n        \"id\":
      \"/subscriptions/00000000-0000-0000-0000-000000000000/resourceGroups/asotest-rg-bstmoz/providers/Microsoft.Network/networkSecurityGroups/samplensg/defaultSecurityRules/AllowAzureLoadBalancerInBound\",\r\n
      \       \"etag\": \"W/\\\"7bdb4a8a-d42d-48b3-9d80-32d3dd269800\\\"\",\r\n        \"type\":
      \"Microsoft.Network/networkSecurityGroups/defaultSecurityRules\",\r\n        \"properties\":
      {\r\n          \"provisioningState\": \"Succeeded\",\r\n          \"description\":
      \"Allow inbound traffic from azure load balancer\",\r\n          \"protocol\":
      \"*\",\r\n          \"sourcePortRange\": \"*\",\r\n          \"destinationPortRange\":
      \"*\",\r\n          \"sourceAddressPrefix\": \"AzureLoadBalancer\",\r\n          \"destinationAddressPrefix\":
      \"*\",\r\n          \"access\": \"Allow\",\r\n          \"priority\": 65001,\r\n
      \         \"direction\": \"Inbound\",\r\n          \"sourcePortRanges\": [],\r\n
      \         \"destinationPortRanges\": [],\r\n          \"sourceAddressPrefixes\":
      [],\r\n          \"destinationAddressPrefixes\": []\r\n        }\r\n      },\r\n
      \     {\r\n        \"name\": \"DenyAllInBound\",\r\n        \"id\": \"/subscriptions/00000000-0000-0000-0000-000000000000/resourceGroups/asotest-rg-bstmoz/providers/Microsoft.Network/networkSecurityGroups/samplensg/defaultSecurityRules/DenyAllInBound\",\r\n
      \       \"etag\": \"W/\\\"7bdb4a8a-d42d-48b3-9d80-32d3dd269800\\\"\",\r\n        \"type\":
      \"Microsoft.Network/networkSecurityGroups/defaultSecurityRules\",\r\n        \"properties\":
      {\r\n          \"provisioningState\": \"Succeeded\",\r\n          \"description\":
      \"Deny all inbound traffic\",\r\n          \"protocol\": \"*\",\r\n          \"sourcePortRange\":
      \"*\",\r\n          \"destinationPortRange\": \"*\",\r\n          \"sourceAddressPrefix\":
      \"*\",\r\n          \"destinationAddressPrefix\": \"*\",\r\n          \"access\":
      \"Deny\",\r\n          \"priority\": 65500,\r\n          \"direction\": \"Inbound\",\r\n
      \         \"sourcePortRanges\": [],\r\n          \"destinationPortRanges\":
      [],\r\n          \"sourceAddressPrefixes\": [],\r\n          \"destinationAddressPrefixes\":
      []\r\n        }\r\n      },\r\n      {\r\n        \"name\": \"AllowVnetOutBound\",\r\n
      \       \"id\": \"/subscriptions/00000000-0000-0000-0000-000000000000/resourceGroups/asotest-rg-bstmoz/providers/Microsoft.Network/networkSecurityGroups/samplensg/defaultSecurityRules/AllowVnetOutBound\",\r\n
      \       \"etag\": \"W/\\\"7bdb4a8a-d42d-48b3-9d80-32d3dd269800\\\"\",\r\n        \"type\":
      \"Microsoft.Network/networkSecurityGroups/defaultSecurityRules\",\r\n        \"properties\":
      {\r\n          \"provisioningState\": \"Succeeded\",\r\n          \"description\":
      \"Allow outbound traffic from all VMs to all VMs in VNET\",\r\n          \"protocol\":
      \"*\",\r\n          \"sourcePortRange\": \"*\",\r\n          \"destinationPortRange\":
      \"*\",\r\n          \"sourceAddressPrefix\": \"VirtualNetwork\",\r\n          \"destinationAddressPrefix\":
      \"VirtualNetwork\",\r\n          \"access\": \"Allow\",\r\n          \"priority\":
      65000,\r\n          \"direction\": \"Outbound\",\r\n          \"sourcePortRanges\":
      [],\r\n          \"destinationPortRanges\": [],\r\n          \"sourceAddressPrefixes\":
      [],\r\n          \"destinationAddressPrefixes\": []\r\n        }\r\n      },\r\n
      \     {\r\n        \"name\": \"AllowInternetOutBound\",\r\n        \"id\": \"/subscriptions/00000000-0000-0000-0000-000000000000/resourceGroups/asotest-rg-bstmoz/providers/Microsoft.Network/networkSecurityGroups/samplensg/defaultSecurityRules/AllowInternetOutBound\",\r\n
      \       \"etag\": \"W/\\\"7bdb4a8a-d42d-48b3-9d80-32d3dd269800\\\"\",\r\n        \"type\":
      \"Microsoft.Network/networkSecurityGroups/defaultSecurityRules\",\r\n        \"properties\":
      {\r\n          \"provisioningState\": \"Succeeded\",\r\n          \"description\":
      \"Allow outbound traffic from all VMs to Internet\",\r\n          \"protocol\":
      \"*\",\r\n          \"sourcePortRange\": \"*\",\r\n          \"destinationPortRange\":
      \"*\",\r\n          \"sourceAddressPrefix\": \"*\",\r\n          \"destinationAddressPrefix\":
      \"Internet\",\r\n          \"access\": \"Allow\",\r\n          \"priority\":
      65001,\r\n          \"direction\": \"Outbound\",\r\n          \"sourcePortRanges\":
      [],\r\n          \"destinationPortRanges\": [],\r\n          \"sourceAddressPrefixes\":
      [],\r\n          \"destinationAddressPrefixes\": []\r\n        }\r\n      },\r\n
      \     {\r\n        \"name\": \"DenyAllOutBound\",\r\n        \"id\": \"/subscriptions/00000000-0000-0000-0000-000000000000/resourceGroups/asotest-rg-bstmoz/providers/Microsoft.Network/networkSecurityGroups/samplensg/defaultSecurityRules/DenyAllOutBound\",\r\n
      \       \"etag\": \"W/\\\"7bdb4a8a-d42d-48b3-9d80-32d3dd269800\\\"\",\r\n        \"type\":
      \"Microsoft.Network/networkSecurityGroups/defaultSecurityRules\",\r\n        \"properties\":
      {\r\n          \"provisioningState\": \"Succeeded\",\r\n          \"description\":
      \"Deny all outbound traffic\",\r\n          \"protocol\": \"*\",\r\n          \"sourcePortRange\":
      \"*\",\r\n          \"destinationPortRange\": \"*\",\r\n          \"sourceAddressPrefix\":
      \"*\",\r\n          \"destinationAddressPrefix\": \"*\",\r\n          \"access\":
      \"Deny\",\r\n          \"priority\": 65500,\r\n          \"direction\": \"Outbound\",\r\n
      \         \"sourcePortRanges\": [],\r\n          \"destinationPortRanges\":
      [],\r\n          \"sourceAddressPrefixes\": [],\r\n          \"destinationAddressPrefixes\":
      []\r\n        }\r\n      }\r\n    ]\r\n  }\r\n}"
    headers:
      Cache-Control:
      - no-cache
      Content-Type:
      - application/json; charset=utf-8
      Etag:
      - W/"7bdb4a8a-d42d-48b3-9d80-32d3dd269800"
      Expires:
      - "-1"
      Pragma:
      - no-cache
      Server:
      - Microsoft-HTTPAPI/2.0
      - Microsoft-HTTPAPI/2.0
      Strict-Transport-Security:
      - max-age=31536000; includeSubDomains
      Vary:
      - Accept-Encoding
      X-Content-Type-Options:
      - nosniff
    status: 200 OK
    code: 200
    duration: ""
- request:
    body: ""
    form: {}
    headers:
      Accept:
      - application/json
      Test-Request-Attempt:
      - "1"
    url: https://management.azure.com/subscriptions/00000000-0000-0000-0000-000000000000/resourceGroups/asotest-rg-bstmoz/providers/Microsoft.Network/networkSecurityGroups/samplensg?api-version=2020-11-01
    method: GET
  response:
    body: "{\r\n  \"name\": \"samplensg\",\r\n  \"id\": \"/subscriptions/00000000-0000-0000-0000-000000000000/resourceGroups/asotest-rg-bstmoz/providers/Microsoft.Network/networkSecurityGroups/samplensg\",\r\n
      \ \"etag\": \"W/\\\"7bdb4a8a-d42d-48b3-9d80-32d3dd269800\\\"\",\r\n  \"type\":
      \"Microsoft.Network/networkSecurityGroups\",\r\n  \"location\": \"westcentralus\",\r\n
      \ \"properties\": {\r\n    \"provisioningState\": \"Succeeded\",\r\n    \"resourceGuid\":
      \"e50e4d3e-9ec4-4fa9-9f96-678f3ad6c94e\",\r\n    \"securityRules\": [],\r\n
      \   \"defaultSecurityRules\": [\r\n      {\r\n        \"name\": \"AllowVnetInBound\",\r\n
      \       \"id\": \"/subscriptions/00000000-0000-0000-0000-000000000000/resourceGroups/asotest-rg-bstmoz/providers/Microsoft.Network/networkSecurityGroups/samplensg/defaultSecurityRules/AllowVnetInBound\",\r\n
      \       \"etag\": \"W/\\\"7bdb4a8a-d42d-48b3-9d80-32d3dd269800\\\"\",\r\n        \"type\":
      \"Microsoft.Network/networkSecurityGroups/defaultSecurityRules\",\r\n        \"properties\":
      {\r\n          \"provisioningState\": \"Succeeded\",\r\n          \"description\":
      \"Allow inbound traffic from all VMs in VNET\",\r\n          \"protocol\": \"*\",\r\n
      \         \"sourcePortRange\": \"*\",\r\n          \"destinationPortRange\":
      \"*\",\r\n          \"sourceAddressPrefix\": \"VirtualNetwork\",\r\n          \"destinationAddressPrefix\":
      \"VirtualNetwork\",\r\n          \"access\": \"Allow\",\r\n          \"priority\":
      65000,\r\n          \"direction\": \"Inbound\",\r\n          \"sourcePortRanges\":
      [],\r\n          \"destinationPortRanges\": [],\r\n          \"sourceAddressPrefixes\":
      [],\r\n          \"destinationAddressPrefixes\": []\r\n        }\r\n      },\r\n
      \     {\r\n        \"name\": \"AllowAzureLoadBalancerInBound\",\r\n        \"id\":
      \"/subscriptions/00000000-0000-0000-0000-000000000000/resourceGroups/asotest-rg-bstmoz/providers/Microsoft.Network/networkSecurityGroups/samplensg/defaultSecurityRules/AllowAzureLoadBalancerInBound\",\r\n
      \       \"etag\": \"W/\\\"7bdb4a8a-d42d-48b3-9d80-32d3dd269800\\\"\",\r\n        \"type\":
      \"Microsoft.Network/networkSecurityGroups/defaultSecurityRules\",\r\n        \"properties\":
      {\r\n          \"provisioningState\": \"Succeeded\",\r\n          \"description\":
      \"Allow inbound traffic from azure load balancer\",\r\n          \"protocol\":
      \"*\",\r\n          \"sourcePortRange\": \"*\",\r\n          \"destinationPortRange\":
      \"*\",\r\n          \"sourceAddressPrefix\": \"AzureLoadBalancer\",\r\n          \"destinationAddressPrefix\":
      \"*\",\r\n          \"access\": \"Allow\",\r\n          \"priority\": 65001,\r\n
      \         \"direction\": \"Inbound\",\r\n          \"sourcePortRanges\": [],\r\n
      \         \"destinationPortRanges\": [],\r\n          \"sourceAddressPrefixes\":
      [],\r\n          \"destinationAddressPrefixes\": []\r\n        }\r\n      },\r\n
      \     {\r\n        \"name\": \"DenyAllInBound\",\r\n        \"id\": \"/subscriptions/00000000-0000-0000-0000-000000000000/resourceGroups/asotest-rg-bstmoz/providers/Microsoft.Network/networkSecurityGroups/samplensg/defaultSecurityRules/DenyAllInBound\",\r\n
      \       \"etag\": \"W/\\\"7bdb4a8a-d42d-48b3-9d80-32d3dd269800\\\"\",\r\n        \"type\":
      \"Microsoft.Network/networkSecurityGroups/defaultSecurityRules\",\r\n        \"properties\":
      {\r\n          \"provisioningState\": \"Succeeded\",\r\n          \"description\":
      \"Deny all inbound traffic\",\r\n          \"protocol\": \"*\",\r\n          \"sourcePortRange\":
      \"*\",\r\n          \"destinationPortRange\": \"*\",\r\n          \"sourceAddressPrefix\":
      \"*\",\r\n          \"destinationAddressPrefix\": \"*\",\r\n          \"access\":
      \"Deny\",\r\n          \"priority\": 65500,\r\n          \"direction\": \"Inbound\",\r\n
      \         \"sourcePortRanges\": [],\r\n          \"destinationPortRanges\":
      [],\r\n          \"sourceAddressPrefixes\": [],\r\n          \"destinationAddressPrefixes\":
      []\r\n        }\r\n      },\r\n      {\r\n        \"name\": \"AllowVnetOutBound\",\r\n
      \       \"id\": \"/subscriptions/00000000-0000-0000-0000-000000000000/resourceGroups/asotest-rg-bstmoz/providers/Microsoft.Network/networkSecurityGroups/samplensg/defaultSecurityRules/AllowVnetOutBound\",\r\n
      \       \"etag\": \"W/\\\"7bdb4a8a-d42d-48b3-9d80-32d3dd269800\\\"\",\r\n        \"type\":
      \"Microsoft.Network/networkSecurityGroups/defaultSecurityRules\",\r\n        \"properties\":
      {\r\n          \"provisioningState\": \"Succeeded\",\r\n          \"description\":
      \"Allow outbound traffic from all VMs to all VMs in VNET\",\r\n          \"protocol\":
      \"*\",\r\n          \"sourcePortRange\": \"*\",\r\n          \"destinationPortRange\":
      \"*\",\r\n          \"sourceAddressPrefix\": \"VirtualNetwork\",\r\n          \"destinationAddressPrefix\":
      \"VirtualNetwork\",\r\n          \"access\": \"Allow\",\r\n          \"priority\":
      65000,\r\n          \"direction\": \"Outbound\",\r\n          \"sourcePortRanges\":
      [],\r\n          \"destinationPortRanges\": [],\r\n          \"sourceAddressPrefixes\":
      [],\r\n          \"destinationAddressPrefixes\": []\r\n        }\r\n      },\r\n
      \     {\r\n        \"name\": \"AllowInternetOutBound\",\r\n        \"id\": \"/subscriptions/00000000-0000-0000-0000-000000000000/resourceGroups/asotest-rg-bstmoz/providers/Microsoft.Network/networkSecurityGroups/samplensg/defaultSecurityRules/AllowInternetOutBound\",\r\n
      \       \"etag\": \"W/\\\"7bdb4a8a-d42d-48b3-9d80-32d3dd269800\\\"\",\r\n        \"type\":
      \"Microsoft.Network/networkSecurityGroups/defaultSecurityRules\",\r\n        \"properties\":
      {\r\n          \"provisioningState\": \"Succeeded\",\r\n          \"description\":
      \"Allow outbound traffic from all VMs to Internet\",\r\n          \"protocol\":
      \"*\",\r\n          \"sourcePortRange\": \"*\",\r\n          \"destinationPortRange\":
      \"*\",\r\n          \"sourceAddressPrefix\": \"*\",\r\n          \"destinationAddressPrefix\":
      \"Internet\",\r\n          \"access\": \"Allow\",\r\n          \"priority\":
      65001,\r\n          \"direction\": \"Outbound\",\r\n          \"sourcePortRanges\":
      [],\r\n          \"destinationPortRanges\": [],\r\n          \"sourceAddressPrefixes\":
      [],\r\n          \"destinationAddressPrefixes\": []\r\n        }\r\n      },\r\n
      \     {\r\n        \"name\": \"DenyAllOutBound\",\r\n        \"id\": \"/subscriptions/00000000-0000-0000-0000-000000000000/resourceGroups/asotest-rg-bstmoz/providers/Microsoft.Network/networkSecurityGroups/samplensg/defaultSecurityRules/DenyAllOutBound\",\r\n
      \       \"etag\": \"W/\\\"7bdb4a8a-d42d-48b3-9d80-32d3dd269800\\\"\",\r\n        \"type\":
      \"Microsoft.Network/networkSecurityGroups/defaultSecurityRules\",\r\n        \"properties\":
      {\r\n          \"provisioningState\": \"Succeeded\",\r\n          \"description\":
      \"Deny all outbound traffic\",\r\n          \"protocol\": \"*\",\r\n          \"sourcePortRange\":
      \"*\",\r\n          \"destinationPortRange\": \"*\",\r\n          \"sourceAddressPrefix\":
      \"*\",\r\n          \"destinationAddressPrefix\": \"*\",\r\n          \"access\":
      \"Deny\",\r\n          \"priority\": 65500,\r\n          \"direction\": \"Outbound\",\r\n
      \         \"sourcePortRanges\": [],\r\n          \"destinationPortRanges\":
      [],\r\n          \"sourceAddressPrefixes\": [],\r\n          \"destinationAddressPrefixes\":
      []\r\n        }\r\n      }\r\n    ]\r\n  }\r\n}"
    headers:
      Cache-Control:
      - no-cache
      Content-Type:
      - application/json; charset=utf-8
      Etag:
      - W/"7bdb4a8a-d42d-48b3-9d80-32d3dd269800"
      Expires:
      - "-1"
      Pragma:
      - no-cache
      Server:
      - Microsoft-HTTPAPI/2.0
      - Microsoft-HTTPAPI/2.0
      Strict-Transport-Security:
      - max-age=31536000; includeSubDomains
      Vary:
      - Accept-Encoding
      X-Content-Type-Options:
      - nosniff
    status: 200 OK
    code: 200
    duration: ""
- request:
    body: ""
    form: {}
    headers:
      Accept:
      - application/json
      Test-Request-Attempt:
      - "0"
    url: https://management.azure.com/subscriptions/00000000-0000-0000-0000-000000000000/resourceGroups/asotest-rg-bstmoz/providers/Microsoft.Network/networkInterfaces/samplenic?api-version=2020-11-01
    method: GET
  response:
    body: '{"error":{"code":"GatewayTimeout","message":"The gateway did not receive
      a response from ''Microsoft.Network'' within the specified time period."}}'
    headers:
      Cache-Control:
      - no-cache
      Content-Length:
      - "145"
      Content-Type:
      - application/json; charset=utf-8
      Expires:
      - "-1"
      Pragma:
      - no-cache
      Strict-Transport-Security:
      - max-age=31536000; includeSubDomains
      X-Content-Type-Options:
      - nosniff
      X-Ms-Failure-Cause:
      - service
    status: 504 Gateway Timeout
    code: 504
    duration: ""
- request:
    body: '{"location":"westcentralus","name":"samplenic","properties":{"ipConfigurations":[{"name":"ipconfig1","properties":{"privateIPAllocationMethod":"Dynamic","subnet":{"id":"/subscriptions/00000000-0000-0000-0000-000000000000/resourceGroups/asotest-rg-bstmoz/providers/Microsoft.Network/virtualNetworks/samplevnet/subnets/samplesubnet"}}}]}}'
    form: {}
    headers:
      Accept:
      - application/json
      Content-Length:
      - "336"
      Content-Type:
      - application/json
      Test-Request-Attempt:
      - "1"
    url: https://management.azure.com/subscriptions/00000000-0000-0000-0000-000000000000/resourceGroups/asotest-rg-bstmoz/providers/Microsoft.Network/networkInterfaces/samplenic?api-version=2020-11-01
    method: PUT
  response:
    body: "{\r\n  \"name\": \"samplenic\",\r\n  \"id\": \"/subscriptions/00000000-0000-0000-0000-000000000000/resourceGroups/asotest-rg-bstmoz/providers/Microsoft.Network/networkInterfaces/samplenic\",\r\n
      \ \"etag\": \"W/\\\"707fec2a-10ba-42af-8a80-51d37d2494dc\\\"\",\r\n  \"properties\":
      {\r\n    \"provisioningState\": \"Succeeded\",\r\n    \"resourceGuid\": \"36aaf293-34df-4417-9464-84f68431eae9\",\r\n
      \   \"ipConfigurations\": [\r\n      {\r\n        \"name\": \"ipconfig1\",\r\n
      \       \"id\": \"/subscriptions/00000000-0000-0000-0000-000000000000/resourceGroups/asotest-rg-bstmoz/providers/Microsoft.Network/networkInterfaces/samplenic/ipConfigurations/ipconfig1\",\r\n
      \       \"etag\": \"W/\\\"707fec2a-10ba-42af-8a80-51d37d2494dc\\\"\",\r\n        \"type\":
      \"Microsoft.Network/networkInterfaces/ipConfigurations\",\r\n        \"properties\":
      {\r\n          \"provisioningState\": \"Succeeded\",\r\n          \"privateIPAddress\":
      \"10.0.0.4\",\r\n          \"privateIPAllocationMethod\": \"Dynamic\",\r\n          \"subnet\":
      {\r\n            \"id\": \"/subscriptions/00000000-0000-0000-0000-000000000000/resourceGroups/asotest-rg-bstmoz/providers/Microsoft.Network/virtualNetworks/samplevnet/subnets/samplesubnet\"\r\n
      \         },\r\n          \"primary\": true,\r\n          \"privateIPAddressVersion\":
      \"IPv4\"\r\n        }\r\n      }\r\n    ],\r\n    \"dnsSettings\": {\r\n      \"dnsServers\":
      [],\r\n      \"appliedDnsServers\": [],\r\n      \"internalDomainNameSuffix\":
      \"24atn2websoubmk2z5zvkqs2rc.yx.internal.cloudapp.net\"\r\n    },\r\n    \"vnetEncryptionSupported\":
      false,\r\n    \"enableIPForwarding\": false,\r\n    \"hostedWorkloads\": [],\r\n
      \   \"tapConfigurations\": [],\r\n    \"nicType\": \"Standard\"\r\n  },\r\n
      \ \"type\": \"Microsoft.Network/networkInterfaces\",\r\n  \"location\": \"westcentralus\"\r\n}"
    headers:
      Cache-Control:
      - no-cache
      Content-Type:
      - application/json; charset=utf-8
      Expires:
      - "-1"
      Pragma:
      - no-cache
      Server:
      - Microsoft-HTTPAPI/2.0
      - Microsoft-HTTPAPI/2.0
      Strict-Transport-Security:
      - max-age=31536000; includeSubDomains
      Vary:
      - Accept-Encoding
      X-Content-Type-Options:
      - nosniff
    status: 200 OK
    code: 200
    duration: ""
- request:
    body: ""
    form: {}
    headers:
      Accept:
      - application/json
      Test-Request-Attempt:
      - "1"
    url: https://management.azure.com/subscriptions/00000000-0000-0000-0000-000000000000/resourceGroups/asotest-rg-bstmoz/providers/Microsoft.Network/networkInterfaces/samplenic?api-version=2020-11-01
    method: GET
  response:
    body: "{\r\n  \"name\": \"samplenic\",\r\n  \"id\": \"/subscriptions/00000000-0000-0000-0000-000000000000/resourceGroups/asotest-rg-bstmoz/providers/Microsoft.Network/networkInterfaces/samplenic\",\r\n
      \ \"etag\": \"W/\\\"707fec2a-10ba-42af-8a80-51d37d2494dc\\\"\",\r\n  \"properties\":
      {\r\n    \"provisioningState\": \"Succeeded\",\r\n    \"resourceGuid\": \"36aaf293-34df-4417-9464-84f68431eae9\",\r\n
      \   \"ipConfigurations\": [\r\n      {\r\n        \"name\": \"ipconfig1\",\r\n
      \       \"id\": \"/subscriptions/00000000-0000-0000-0000-000000000000/resourceGroups/asotest-rg-bstmoz/providers/Microsoft.Network/networkInterfaces/samplenic/ipConfigurations/ipconfig1\",\r\n
      \       \"etag\": \"W/\\\"707fec2a-10ba-42af-8a80-51d37d2494dc\\\"\",\r\n        \"type\":
      \"Microsoft.Network/networkInterfaces/ipConfigurations\",\r\n        \"properties\":
      {\r\n          \"provisioningState\": \"Succeeded\",\r\n          \"privateIPAddress\":
      \"10.0.0.4\",\r\n          \"privateIPAllocationMethod\": \"Dynamic\",\r\n          \"subnet\":
      {\r\n            \"id\": \"/subscriptions/00000000-0000-0000-0000-000000000000/resourceGroups/asotest-rg-bstmoz/providers/Microsoft.Network/virtualNetworks/samplevnet/subnets/samplesubnet\"\r\n
      \         },\r\n          \"primary\": true,\r\n          \"privateIPAddressVersion\":
      \"IPv4\"\r\n        }\r\n      }\r\n    ],\r\n    \"dnsSettings\": {\r\n      \"dnsServers\":
      [],\r\n      \"appliedDnsServers\": [],\r\n      \"internalDomainNameSuffix\":
      \"24atn2websoubmk2z5zvkqs2rc.yx.internal.cloudapp.net\"\r\n    },\r\n    \"vnetEncryptionSupported\":
      false,\r\n    \"enableIPForwarding\": false,\r\n    \"hostedWorkloads\": [],\r\n
      \   \"tapConfigurations\": [],\r\n    \"nicType\": \"Standard\"\r\n  },\r\n
      \ \"type\": \"Microsoft.Network/networkInterfaces\",\r\n  \"location\": \"westcentralus\"\r\n}"
    headers:
      Cache-Control:
      - no-cache
      Content-Type:
      - application/json; charset=utf-8
      Etag:
      - W/"707fec2a-10ba-42af-8a80-51d37d2494dc"
      Expires:
      - "-1"
      Pragma:
      - no-cache
      Server:
      - Microsoft-HTTPAPI/2.0
      - Microsoft-HTTPAPI/2.0
      Strict-Transport-Security:
      - max-age=31536000; includeSubDomains
      Vary:
      - Accept-Encoding
      X-Content-Type-Options:
      - nosniff
    status: 200 OK
    code: 200
    duration: ""
- request:
    body: '{"identity":{"type":"SystemAssigned"},"location":"westcentralus","name":"asotestwokcjw","properties":{"allowPublicAccessWhenBehindVnet":false,"keyVault":"/subscriptions/00000000-0000-0000-0000-000000000000/resourceGroups/asotest-rg-bstmoz/providers/Microsoft.KeyVault/vaults/mlworkspace-vault","storageAccount":"/subscriptions/00000000-0000-0000-0000-000000000000/resourceGroups/asotest-rg-bstmoz/providers/Microsoft.Storage/storageAccounts/asomlworkspacestorage"},"sku":{"name":"Standard_S1","tier":"Basic"}}'
    form: {}
    headers:
      Accept:
      - application/json
      Content-Length:
      - "509"
      Content-Type:
      - application/json
      Test-Request-Attempt:
      - "0"
    url: https://management.azure.com/subscriptions/00000000-0000-0000-0000-000000000000/resourceGroups/asotest-rg-bstmoz/providers/Microsoft.MachineLearningServices/workspaces/asotestwokcjw?api-version=2021-07-01
    method: PUT
  response:
    body: ""
    headers:
      Azure-Asyncoperation:
      - https://management.azure.com/subscriptions/00000000-0000-0000-0000-000000000000/providers/Microsoft.MachineLearningServices/locations/westcentralus/workspaceOperationsStatus/9SQy5l1AzHZsm57k_mPCHox10G9DuCnU9wf7mU2uTRc?api-version=2021-07-01&type=async
      Cache-Control:
      - no-cache
      Content-Length:
      - "0"
      Expires:
      - "-1"
      Location:
      - https://management.azure.com/subscriptions/00000000-0000-0000-0000-000000000000/providers/Microsoft.MachineLearningServices/locations/westcentralus/workspaceOperationsStatus/9SQy5l1AzHZsm57k_mPCHox10G9DuCnU9wf7mU2uTRc?api-version=2021-07-01&type=location
      Pragma:
      - no-cache
      Request-Context:
      - appId=cid-v1:2d2e8e63-272e-4b3c-8598-4ee570a0e70d
      Strict-Transport-Security:
      - max-age=31536000; includeSubDomains
      X-Aml-Cluster:
      - vienna-westcentralus-01
      X-Content-Type-Options:
      - nosniff
      X-Ms-Response-Type:
      - standard
      X-Request-Time:
      - "0.099"
    status: 202 Accepted
    code: 202
    duration: ""
- request:
    body: ""
    form: {}
    headers:
      Test-Request-Attempt:
      - "0"
    url: https://management.azure.com/subscriptions/00000000-0000-0000-0000-000000000000/providers/Microsoft.MachineLearningServices/locations/westcentralus/workspaceOperationsStatus/9SQy5l1AzHZsm57k_mPCHox10G9DuCnU9wf7mU2uTRc?api-version=2021-07-01&type=async
    method: GET
  response:
    body: |-
      {
        "status": "InProgress"
      }
    headers:
      Cache-Control:
      - no-cache
      Content-Type:
      - application/json; charset=utf-8
      Expires:
      - "-1"
      Pragma:
      - no-cache
      Request-Context:
      - appId=cid-v1:2d2e8e63-272e-4b3c-8598-4ee570a0e70d
      Server-Timing:
      - traceparent;desc="00-bf3259a11627a847bd66d5da6f1fd614-8eac014e8adda158-00"
      Strict-Transport-Security:
      - max-age=31536000; includeSubDomains
      Vary:
      - Accept-Encoding
      X-Aml-Cluster:
      - vienna-westcentralus-01
      X-Content-Type-Options:
      - nosniff
      X-Ms-Response-Type:
      - standard
      X-Request-Time:
      - "0.025"
    status: 200 OK
    code: 200
    duration: ""
- request:
    body: ""
    form: {}
    headers:
      Test-Request-Attempt:
      - "1"
    url: https://management.azure.com/subscriptions/00000000-0000-0000-0000-000000000000/providers/Microsoft.MachineLearningServices/locations/westcentralus/workspaceOperationsStatus/9SQy5l1AzHZsm57k_mPCHox10G9DuCnU9wf7mU2uTRc?api-version=2021-07-01&type=async
    method: GET
  response:
    body: |-
      {
        "status": "InProgress"
      }
    headers:
      Cache-Control:
      - no-cache
      Content-Type:
      - application/json; charset=utf-8
      Expires:
      - "-1"
      Pragma:
      - no-cache
      Request-Context:
      - appId=cid-v1:2d2e8e63-272e-4b3c-8598-4ee570a0e70d
      Server-Timing:
      - traceparent;desc="00-2571eebf46aa4f4a952fbdedf6001b01-b3cc74d58b8a62ec-00"
      Strict-Transport-Security:
      - max-age=31536000; includeSubDomains
      Vary:
      - Accept-Encoding
      X-Aml-Cluster:
      - vienna-westcentralus-01
      X-Content-Type-Options:
      - nosniff
      X-Ms-Response-Type:
      - standard
      X-Request-Time:
      - "0.017"
    status: 200 OK
    code: 200
    duration: ""
- request:
    body: ""
    form: {}
    headers:
      Test-Request-Attempt:
      - "2"
    url: https://management.azure.com/subscriptions/00000000-0000-0000-0000-000000000000/providers/Microsoft.MachineLearningServices/locations/westcentralus/workspaceOperationsStatus/9SQy5l1AzHZsm57k_mPCHox10G9DuCnU9wf7mU2uTRc?api-version=2021-07-01&type=async
    method: GET
  response:
    body: |-
      {
        "status": "InProgress"
      }
    headers:
      Cache-Control:
      - no-cache
      Content-Type:
      - application/json; charset=utf-8
      Expires:
      - "-1"
      Pragma:
      - no-cache
      Request-Context:
      - appId=cid-v1:2d2e8e63-272e-4b3c-8598-4ee570a0e70d
      Server-Timing:
      - traceparent;desc="00-0c1a85590d412e4aa69d17f2f63be0ef-ce3a6939a1b1c97c-00"
      Strict-Transport-Security:
      - max-age=31536000; includeSubDomains
      Vary:
      - Accept-Encoding
      X-Aml-Cluster:
      - vienna-westcentralus-01
      X-Content-Type-Options:
      - nosniff
      X-Ms-Response-Type:
      - standard
      X-Request-Time:
      - "0.020"
    status: 200 OK
    code: 200
    duration: ""
- request:
    body: ""
    form: {}
    headers:
      Test-Request-Attempt:
      - "3"
    url: https://management.azure.com/subscriptions/00000000-0000-0000-0000-000000000000/providers/Microsoft.MachineLearningServices/locations/westcentralus/workspaceOperationsStatus/9SQy5l1AzHZsm57k_mPCHox10G9DuCnU9wf7mU2uTRc?api-version=2021-07-01&type=async
    method: GET
  response:
    body: |-
      {
        "status": "Succeeded",
        "percentComplete": 100.0
      }
    headers:
      Cache-Control:
      - no-cache
      Content-Type:
      - application/json; charset=utf-8
      Expires:
      - "-1"
      Pragma:
      - no-cache
      Request-Context:
      - appId=cid-v1:2d2e8e63-272e-4b3c-8598-4ee570a0e70d
      Server-Timing:
      - traceparent;desc="00-33baafef0ff20444a84289f1a888a89f-49ea28e1ecfb7d90-00"
      Strict-Transport-Security:
      - max-age=31536000; includeSubDomains
      Vary:
      - Accept-Encoding
      X-Aml-Cluster:
      - vienna-westcentralus-01
      X-Content-Type-Options:
      - nosniff
      X-Ms-Response-Type:
      - standard
      X-Request-Time:
      - "0.049"
    status: 200 OK
    code: 200
    duration: ""
- request:
    body: ""
    form: {}
    headers:
      Test-Request-Attempt:
      - "0"
    url: https://management.azure.com/subscriptions/00000000-0000-0000-0000-000000000000/resourceGroups/asotest-rg-bstmoz/providers/Microsoft.MachineLearningServices/workspaces/asotestwokcjw?api-version=2021-07-01
    method: GET
  response:
    body: |-
      {
        "id": "/subscriptions/00000000-0000-0000-0000-000000000000/resourceGroups/asotest-rg-bstmoz/providers/Microsoft.MachineLearningServices/workspaces/asotestwokcjw",
        "name": "asotestwokcjw",
        "type": "Microsoft.MachineLearningServices/workspaces",
        "location": "westcentralus",
        "tags": {},
        "etag": null,
        "properties": {
          "friendlyName": "",
          "description": "",
          "storageAccount": "/subscriptions/00000000-0000-0000-0000-000000000000/resourceGroups/asotest-rg-bstmoz/providers/Microsoft.Storage/storageAccounts/asomlworkspacestorage",
          "keyVault": "/subscriptions/00000000-0000-0000-0000-000000000000/resourceGroups/asotest-rg-bstmoz/providers/Microsoft.Keyvault/vaults/mlworkspace-vault",
          "applicationInsights": null,
          "hbiWorkspace": false,
          "tenantId": "00000000-0000-0000-0000-000000000000",
          "imageBuildCompute": null,
          "provisioningState": "Succeeded",
          "containerRegistry": null,
          "notebookInfo": {
            "resourceId": "fbcdc9af29234cfc89bd2e6ff53e825c",
            "fqdn": "ml-asotestwo-westcentralus-cf536e6b-b6e2-451c-97c6-a55e6c3321e3.westcentralus.notebooks.azure.net",
            "isPrivateLinkEnabled": false,
            "notebookPreparationError": null
          },
          "storageHnsEnabled": false,
          "workspaceId": "cf536e6b-b6e2-451c-97c6-a55e6c3321e3",
          "linkedModelInventoryArmId": null,
          "privateLinkCount": 0,
          "allowPublicAccessWhenBehindVnet": true,
          "discoveryUrl": "https://westcentralus.api.azureml.ms/discovery",
          "mlFlowTrackingUri": "azureml://westcentralus.api.azureml.ms/mlflow/v1.0/subscriptions/00000000-0000-0000-0000-000000000000/resourceGroups/asotest-rg-bstmoz/providers/Microsoft.MachineLearningServices/workspaces/asotestwokcjw",
          "sdkTelemetryAppInsightsKey": "6fe8beed-5e20-45c0-8ea1-5f3056233c4d",
          "sasGetterUri": ""
        },
        "identity": {
          "type": "SystemAssigned",
          "principalId": "384af9f6-0143-4bfb-818c-9da4450039dc",
          "tenantId": "00000000-0000-0000-0000-000000000000",
          "userAssignedIdentities": {}
        },
        "sku": {
          "name": "Basic",
          "tier": "Basic"
        },
        "systemData": {
          "createdAt": "2001-02-03T04:05:06Z",
          "createdBy": "99de824c-b6d0-4769-af94-8819d4093b83",
          "createdByType": "Application",
          "lastModifiedAt": "2001-02-03T04:05:06Z",
          "lastModifiedBy": "99de824c-b6d0-4769-af94-8819d4093b83",
          "lastModifiedByType": "Application"
        }
      }
    headers:
      Cache-Control:
      - no-cache
      Content-Type:
      - application/json; charset=utf-8
      Expires:
      - "-1"
      Pragma:
      - no-cache
      Request-Context:
      - appId=cid-v1:2d2e8e63-272e-4b3c-8598-4ee570a0e70d
      Server-Timing:
      - traceparent;desc="00-6f8083e49fb8de40b56355ab50a0504a-4c379733d2c506e9-00"
      Strict-Transport-Security:
      - max-age=31536000; includeSubDomains
      Vary:
      - Accept-Encoding,Accept-Encoding
      X-Aml-Cluster:
      - vienna-westcentralus-01
      X-Content-Type-Options:
      - nosniff
      X-Ms-Response-Type:
      - standard
      X-Request-Time:
      - "0.020"
    status: 200 OK
    code: 200
    duration: ""
- request:
    body: ""
    form: {}
    headers:
      Accept:
      - application/json
      Test-Request-Attempt:
      - "1"
    url: https://management.azure.com/subscriptions/00000000-0000-0000-0000-000000000000/resourceGroups/asotest-rg-bstmoz/providers/Microsoft.MachineLearningServices/workspaces/asotestwokcjw?api-version=2021-07-01
    method: GET
  response:
    body: |-
      {
        "id": "/subscriptions/00000000-0000-0000-0000-000000000000/resourceGroups/asotest-rg-bstmoz/providers/Microsoft.MachineLearningServices/workspaces/asotestwokcjw",
        "name": "asotestwokcjw",
        "type": "Microsoft.MachineLearningServices/workspaces",
        "location": "westcentralus",
        "tags": {},
        "etag": null,
        "properties": {
          "friendlyName": "",
          "description": "",
          "storageAccount": "/subscriptions/00000000-0000-0000-0000-000000000000/resourceGroups/asotest-rg-bstmoz/providers/Microsoft.Storage/storageAccounts/asomlworkspacestorage",
          "keyVault": "/subscriptions/00000000-0000-0000-0000-000000000000/resourceGroups/asotest-rg-bstmoz/providers/Microsoft.Keyvault/vaults/mlworkspace-vault",
          "applicationInsights": null,
          "hbiWorkspace": false,
          "tenantId": "00000000-0000-0000-0000-000000000000",
          "imageBuildCompute": null,
          "provisioningState": "Succeeded",
          "containerRegistry": null,
          "notebookInfo": {
            "resourceId": "fbcdc9af29234cfc89bd2e6ff53e825c",
            "fqdn": "ml-asotestwo-westcentralus-cf536e6b-b6e2-451c-97c6-a55e6c3321e3.westcentralus.notebooks.azure.net",
            "isPrivateLinkEnabled": false,
            "notebookPreparationError": null
          },
          "storageHnsEnabled": false,
          "workspaceId": "cf536e6b-b6e2-451c-97c6-a55e6c3321e3",
          "linkedModelInventoryArmId": null,
          "privateLinkCount": 0,
          "allowPublicAccessWhenBehindVnet": true,
          "discoveryUrl": "https://westcentralus.api.azureml.ms/discovery",
          "mlFlowTrackingUri": "azureml://westcentralus.api.azureml.ms/mlflow/v1.0/subscriptions/00000000-0000-0000-0000-000000000000/resourceGroups/asotest-rg-bstmoz/providers/Microsoft.MachineLearningServices/workspaces/asotestwokcjw",
          "sdkTelemetryAppInsightsKey": "6fe8beed-5e20-45c0-8ea1-5f3056233c4d",
          "sasGetterUri": ""
        },
        "identity": {
          "type": "SystemAssigned",
          "principalId": "384af9f6-0143-4bfb-818c-9da4450039dc",
          "tenantId": "00000000-0000-0000-0000-000000000000",
          "userAssignedIdentities": {}
        },
        "sku": {
          "name": "Basic",
          "tier": "Basic"
        },
        "systemData": {
          "createdAt": "2001-02-03T04:05:06Z",
          "createdBy": "99de824c-b6d0-4769-af94-8819d4093b83",
          "createdByType": "Application",
          "lastModifiedAt": "2001-02-03T04:05:06Z",
          "lastModifiedBy": "99de824c-b6d0-4769-af94-8819d4093b83",
          "lastModifiedByType": "Application"
        }
      }
    headers:
      Cache-Control:
      - no-cache
      Content-Type:
      - application/json; charset=utf-8
      Expires:
      - "-1"
      Pragma:
      - no-cache
      Request-Context:
      - appId=cid-v1:2d2e8e63-272e-4b3c-8598-4ee570a0e70d
      Server-Timing:
      - traceparent;desc="00-2b27aa5bfd7e3c4cb921e2343ebfc611-eb27b719e7616858-00"
      Strict-Transport-Security:
      - max-age=31536000; includeSubDomains
      Vary:
      - Accept-Encoding,Accept-Encoding
      X-Aml-Cluster:
      - vienna-westcentralus-01
      X-Content-Type-Options:
      - nosniff
      X-Ms-Response-Type:
      - standard
      X-Request-Time:
      - "0.018"
    status: 200 OK
    code: 200
    duration: ""
- request:
    body: ""
    form: {}
    headers:
      Accept:
      - application/json
      Test-Request-Attempt:
      - "0"
    url: https://management.azure.com/subscriptions/00000000-0000-0000-0000-000000000000/resourceGroups/asotest-rg-bstmoz/providers/Microsoft.MachineLearningServices/workspaces/asotestwokcjw/listKeys?api-version=2021-07-01
    method: POST
  response:
    body: |-
      {
        "userStorageKey": "{KEY}",
        "userStorageArmId": "/subscriptions/00000000-0000-0000-0000-000000000000/resourceGroups/asotest-rg-bstmoz/providers/Microsoft.Storage/storageAccounts/asomlworkspacestorage",
        "appInsightsInstrumentationKey": null,
        "containerRegistryCredentials": null,
        "notebookAccessKeys": {
          "primaryAccessKey": "7d2885fcfb28405e9da0152fd31ee5a2675d8ebe0d3c4996b8ed47b2def1f878",
          "secondaryAccessKey": "65f05ab06a304e8cbca96df1f11353bbb960cff406344bb68e47cb5db843eb47"
        }
      }
    headers:
      Cache-Control:
      - no-cache
      Content-Type:
      - application/json; charset=utf-8
      Expires:
      - "-1"
      Pragma:
      - no-cache
      Request-Context:
      - appId=cid-v1:2d2e8e63-272e-4b3c-8598-4ee570a0e70d
      Server-Timing:
      - traceparent;desc="00-88706e2a29c94e45b33238a0337410a3-f49e7012b4354805-00"
      Strict-Transport-Security:
      - max-age=31536000; includeSubDomains
      Vary:
      - Accept-Encoding,Accept-Encoding
      X-Aml-Cluster:
      - vienna-westcentralus-01
      X-Content-Type-Options:
      - nosniff
      X-Ms-Response-Type:
      - standard
      X-Request-Time:
      - "0.463"
    status: 200 OK
    code: 200
    duration: ""
- request:
    body: '{"location":"westcentralus","name":"asotestbruoac","properties":{"authType":"PAT","category":"ACR","target":"www.sample.com","value":"{}","valueFormat":"JSON"}}'
    form: {}
    headers:
      Accept:
      - application/json
      Content-Length:
      - "160"
      Content-Type:
      - application/json
      Test-Request-Attempt:
      - "0"
    url: https://management.azure.com/subscriptions/00000000-0000-0000-0000-000000000000/resourceGroups/asotest-rg-bstmoz/providers/Microsoft.MachineLearningServices/workspaces/asotestwokcjw/connections/asotestbruoac?api-version=2021-07-01
    method: PUT
  response:
    body: |-
      {
        "tags": null,
        "location": null,
        "id": "/subscriptions/00000000-0000-0000-0000-000000000000/resourceGroups/asotest-rg-bstmoz/providers/Microsoft.MachineLearningServices/workspaces/asotestwokcjw/connections/asotestbruoac",
        "name": "asotestbruoac",
        "type": "Microsoft.MachineLearningServices/workspaces/connections",
        "properties": {
          "category": "ACR",
          "target": "www.sample.com",
          "authType": "PAT",
          "value": null,
          "valueFormat": null
        },
        "systemData": null
      }
    headers:
      Cache-Control:
      - no-cache
      Content-Type:
      - application/json; charset=utf-8
      Expires:
      - "-1"
      Pragma:
      - no-cache
      Request-Context:
      - appId=cid-v1:2d2e8e63-272e-4b3c-8598-4ee570a0e70d
      Server-Timing:
      - traceparent;desc="00-b081cdbdab126f46a5db26ac952b650e-713fb8a813488dd4-00"
      Strict-Transport-Security:
      - max-age=31536000; includeSubDomains
      Vary:
      - Accept-Encoding,Accept-Encoding
      X-Aml-Cluster:
      - vienna-westcentralus-01
      X-Content-Type-Options:
      - nosniff
      X-Ms-Response-Type:
      - standard
      X-Request-Time:
      - "0.778"
    status: 200 OK
    code: 200
    duration: ""
- request:
    body: ""
    form: {}
    headers:
      Accept:
      - application/json
      Test-Request-Attempt:
      - "0"
    url: https://management.azure.com/subscriptions/00000000-0000-0000-0000-000000000000/resourceGroups/asotest-rg-bstmoz/providers/Microsoft.MachineLearningServices/workspaces/asotestwokcjw/connections/asotestbruoac?api-version=2021-07-01
    method: GET
  response:
    body: |-
      {
        "tags": null,
        "location": null,
        "id": "/subscriptions/00000000-0000-0000-0000-000000000000/resourceGroups/asotest-rg-bstmoz/providers/Microsoft.MachineLearningServices/workspaces/asotestwokcjw/connections/asotestbruoac",
        "name": "asotestbruoac",
        "type": "Microsoft.MachineLearningServices/workspaces/connections",
        "properties": {
          "category": "ACR",
          "target": "www.sample.com",
          "authType": "PAT",
          "value": null,
          "valueFormat": null
        },
        "systemData": null
      }
    headers:
      Cache-Control:
      - no-cache
      Content-Type:
      - application/json; charset=utf-8
      Expires:
      - "-1"
      Pragma:
      - no-cache
      Request-Context:
      - appId=cid-v1:2d2e8e63-272e-4b3c-8598-4ee570a0e70d
      Server-Timing:
      - traceparent;desc="00-850b0ebe7184824fa907338895e9b09a-0771056934d09751-00"
      Strict-Transport-Security:
      - max-age=31536000; includeSubDomains
      Vary:
      - Accept-Encoding,Accept-Encoding
      X-Aml-Cluster:
      - vienna-westcentralus-01
      X-Content-Type-Options:
      - nosniff
      X-Ms-Response-Type:
      - standard
      X-Request-Time:
      - "0.069"
    status: 200 OK
    code: 200
    duration: ""
- request:
    body: ""
    form: {}
    headers:
      Accept:
      - application/json
      Test-Request-Attempt:
      - "0"
    url: https://management.azure.com/subscriptions/00000000-0000-0000-0000-000000000000/resourceGroups/asotest-rg-bstmoz?api-version=2020-06-01
    method: DELETE
  response:
    body: ""
    headers:
      Cache-Control:
      - no-cache
      Content-Length:
      - "0"
      Expires:
      - "-1"
      Location:
      - https://management.azure.com/subscriptions/00000000-0000-0000-0000-000000000000/operationresults/eyJqb2JJZCI6IlJFU09VUkNFR1JPVVBERUxFVElPTkpPQi1BU09URVNUOjJEUkc6MkRCU1RNT1otV0VTVFVTMiIsImpvYkxvY2F0aW9uIjoid2VzdHVzMiJ9?api-version=2020-06-01
      Pragma:
      - no-cache
      Retry-After:
      - "15"
      Strict-Transport-Security:
      - max-age=31536000; includeSubDomains
      X-Content-Type-Options:
      - nosniff
    status: 202 Accepted
    code: 202
    duration: ""
- request:
    body: ""
    form: {}
    headers:
      Test-Request-Attempt:
      - "0"
    url: https://management.azure.com/subscriptions/00000000-0000-0000-0000-000000000000/operationresults/eyJqb2JJZCI6IlJFU09VUkNFR1JPVVBERUxFVElPTkpPQi1BU09URVNUOjJEUkc6MkRCU1RNT1otV0VTVFVTMiIsImpvYkxvY2F0aW9uIjoid2VzdHVzMiJ9?api-version=2020-06-01
    method: GET
  response:
    body: ""
    headers:
      Cache-Control:
      - no-cache
      Content-Length:
      - "0"
      Expires:
      - "-1"
      Location:
      - https://management.azure.com/subscriptions/00000000-0000-0000-0000-000000000000/operationresults/eyJqb2JJZCI6IlJFU09VUkNFR1JPVVBERUxFVElPTkpPQi1BU09URVNUOjJEUkc6MkRCU1RNT1otV0VTVFVTMiIsImpvYkxvY2F0aW9uIjoid2VzdHVzMiJ9?api-version=2020-06-01
      Pragma:
      - no-cache
      Retry-After:
      - "15"
      Strict-Transport-Security:
      - max-age=31536000; includeSubDomains
      X-Content-Type-Options:
      - nosniff
    status: 202 Accepted
    code: 202
    duration: ""
- request:
    body: ""
    form: {}
    headers:
      Test-Request-Attempt:
      - "1"
    url: https://management.azure.com/subscriptions/00000000-0000-0000-0000-000000000000/operationresults/eyJqb2JJZCI6IlJFU09VUkNFR1JPVVBERUxFVElPTkpPQi1BU09URVNUOjJEUkc6MkRCU1RNT1otV0VTVFVTMiIsImpvYkxvY2F0aW9uIjoid2VzdHVzMiJ9?api-version=2020-06-01
    method: GET
  response:
    body: ""
    headers:
      Cache-Control:
      - no-cache
      Content-Length:
      - "0"
      Expires:
      - "-1"
      Location:
      - https://management.azure.com/subscriptions/00000000-0000-0000-0000-000000000000/operationresults/eyJqb2JJZCI6IlJFU09VUkNFR1JPVVBERUxFVElPTkpPQi1BU09URVNUOjJEUkc6MkRCU1RNT1otV0VTVFVTMiIsImpvYkxvY2F0aW9uIjoid2VzdHVzMiJ9?api-version=2020-06-01
      Pragma:
      - no-cache
      Retry-After:
      - "15"
      Strict-Transport-Security:
      - max-age=31536000; includeSubDomains
      X-Content-Type-Options:
      - nosniff
    status: 202 Accepted
    code: 202
    duration: ""
- request:
    body: ""
    form: {}
    headers:
      Test-Request-Attempt:
      - "2"
    url: https://management.azure.com/subscriptions/00000000-0000-0000-0000-000000000000/operationresults/eyJqb2JJZCI6IlJFU09VUkNFR1JPVVBERUxFVElPTkpPQi1BU09URVNUOjJEUkc6MkRCU1RNT1otV0VTVFVTMiIsImpvYkxvY2F0aW9uIjoid2VzdHVzMiJ9?api-version=2020-06-01
    method: GET
  response:
    body: ""
    headers:
      Cache-Control:
      - no-cache
      Content-Length:
      - "0"
      Expires:
      - "-1"
      Location:
      - https://management.azure.com/subscriptions/00000000-0000-0000-0000-000000000000/operationresults/eyJqb2JJZCI6IlJFU09VUkNFR1JPVVBERUxFVElPTkpPQi1BU09URVNUOjJEUkc6MkRCU1RNT1otV0VTVFVTMiIsImpvYkxvY2F0aW9uIjoid2VzdHVzMiJ9?api-version=2020-06-01
      Pragma:
      - no-cache
      Retry-After:
      - "15"
      Strict-Transport-Security:
      - max-age=31536000; includeSubDomains
      X-Content-Type-Options:
      - nosniff
    status: 202 Accepted
    code: 202
    duration: ""
- request:
    body: ""
    form: {}
    headers:
      Test-Request-Attempt:
      - "3"
    url: https://management.azure.com/subscriptions/00000000-0000-0000-0000-000000000000/operationresults/eyJqb2JJZCI6IlJFU09VUkNFR1JPVVBERUxFVElPTkpPQi1BU09URVNUOjJEUkc6MkRCU1RNT1otV0VTVFVTMiIsImpvYkxvY2F0aW9uIjoid2VzdHVzMiJ9?api-version=2020-06-01
    method: GET
  response:
    body: ""
    headers:
      Cache-Control:
      - no-cache
      Content-Length:
      - "0"
      Expires:
      - "-1"
      Location:
      - https://management.azure.com/subscriptions/00000000-0000-0000-0000-000000000000/operationresults/eyJqb2JJZCI6IlJFU09VUkNFR1JPVVBERUxFVElPTkpPQi1BU09URVNUOjJEUkc6MkRCU1RNT1otV0VTVFVTMiIsImpvYkxvY2F0aW9uIjoid2VzdHVzMiJ9?api-version=2020-06-01
      Pragma:
      - no-cache
      Retry-After:
      - "15"
      Strict-Transport-Security:
      - max-age=31536000; includeSubDomains
      X-Content-Type-Options:
      - nosniff
    status: 202 Accepted
    code: 202
    duration: ""
- request:
    body: ""
    form: {}
    headers:
      Test-Request-Attempt:
      - "4"
    url: https://management.azure.com/subscriptions/00000000-0000-0000-0000-000000000000/operationresults/eyJqb2JJZCI6IlJFU09VUkNFR1JPVVBERUxFVElPTkpPQi1BU09URVNUOjJEUkc6MkRCU1RNT1otV0VTVFVTMiIsImpvYkxvY2F0aW9uIjoid2VzdHVzMiJ9?api-version=2020-06-01
    method: GET
  response:
    body: ""
    headers:
      Cache-Control:
      - no-cache
      Content-Length:
      - "0"
      Expires:
      - "-1"
      Location:
      - https://management.azure.com/subscriptions/00000000-0000-0000-0000-000000000000/operationresults/eyJqb2JJZCI6IlJFU09VUkNFR1JPVVBERUxFVElPTkpPQi1BU09URVNUOjJEUkc6MkRCU1RNT1otV0VTVFVTMiIsImpvYkxvY2F0aW9uIjoid2VzdHVzMiJ9?api-version=2020-06-01
      Pragma:
      - no-cache
      Retry-After:
      - "15"
      Strict-Transport-Security:
      - max-age=31536000; includeSubDomains
      X-Content-Type-Options:
      - nosniff
    status: 202 Accepted
    code: 202
    duration: ""
- request:
    body: ""
    form: {}
    headers:
      Test-Request-Attempt:
      - "5"
    url: https://management.azure.com/subscriptions/00000000-0000-0000-0000-000000000000/operationresults/eyJqb2JJZCI6IlJFU09VUkNFR1JPVVBERUxFVElPTkpPQi1BU09URVNUOjJEUkc6MkRCU1RNT1otV0VTVFVTMiIsImpvYkxvY2F0aW9uIjoid2VzdHVzMiJ9?api-version=2020-06-01
    method: GET
  response:
    body: ""
    headers:
      Cache-Control:
      - no-cache
      Content-Length:
      - "0"
      Expires:
      - "-1"
      Location:
      - https://management.azure.com/subscriptions/00000000-0000-0000-0000-000000000000/operationresults/eyJqb2JJZCI6IlJFU09VUkNFR1JPVVBERUxFVElPTkpPQi1BU09URVNUOjJEUkc6MkRCU1RNT1otV0VTVFVTMiIsImpvYkxvY2F0aW9uIjoid2VzdHVzMiJ9?api-version=2020-06-01
      Pragma:
      - no-cache
      Retry-After:
      - "15"
      Strict-Transport-Security:
      - max-age=31536000; includeSubDomains
      X-Content-Type-Options:
      - nosniff
    status: 202 Accepted
    code: 202
    duration: ""
- request:
    body: ""
    form: {}
    headers:
      Test-Request-Attempt:
      - "6"
    url: https://management.azure.com/subscriptions/00000000-0000-0000-0000-000000000000/operationresults/eyJqb2JJZCI6IlJFU09VUkNFR1JPVVBERUxFVElPTkpPQi1BU09URVNUOjJEUkc6MkRCU1RNT1otV0VTVFVTMiIsImpvYkxvY2F0aW9uIjoid2VzdHVzMiJ9?api-version=2020-06-01
    method: GET
  response:
    body: ""
    headers:
      Cache-Control:
      - no-cache
      Content-Length:
      - "0"
      Expires:
      - "-1"
      Location:
      - https://management.azure.com/subscriptions/00000000-0000-0000-0000-000000000000/operationresults/eyJqb2JJZCI6IlJFU09VUkNFR1JPVVBERUxFVElPTkpPQi1BU09URVNUOjJEUkc6MkRCU1RNT1otV0VTVFVTMiIsImpvYkxvY2F0aW9uIjoid2VzdHVzMiJ9?api-version=2020-06-01
      Pragma:
      - no-cache
      Retry-After:
      - "15"
      Strict-Transport-Security:
      - max-age=31536000; includeSubDomains
      X-Content-Type-Options:
      - nosniff
    status: 202 Accepted
    code: 202
    duration: ""
- request:
    body: ""
    form: {}
    headers:
      Test-Request-Attempt:
      - "7"
    url: https://management.azure.com/subscriptions/00000000-0000-0000-0000-000000000000/operationresults/eyJqb2JJZCI6IlJFU09VUkNFR1JPVVBERUxFVElPTkpPQi1BU09URVNUOjJEUkc6MkRCU1RNT1otV0VTVFVTMiIsImpvYkxvY2F0aW9uIjoid2VzdHVzMiJ9?api-version=2020-06-01
    method: GET
  response:
    body: ""
    headers:
      Cache-Control:
      - no-cache
      Content-Length:
      - "0"
      Expires:
      - "-1"
      Location:
      - https://management.azure.com/subscriptions/00000000-0000-0000-0000-000000000000/operationresults/eyJqb2JJZCI6IlJFU09VUkNFR1JPVVBERUxFVElPTkpPQi1BU09URVNUOjJEUkc6MkRCU1RNT1otV0VTVFVTMiIsImpvYkxvY2F0aW9uIjoid2VzdHVzMiJ9?api-version=2020-06-01
      Pragma:
      - no-cache
      Retry-After:
      - "15"
      Strict-Transport-Security:
      - max-age=31536000; includeSubDomains
      X-Content-Type-Options:
      - nosniff
    status: 202 Accepted
    code: 202
    duration: ""
- request:
    body: ""
    form: {}
    headers:
      Test-Request-Attempt:
      - "8"
    url: https://management.azure.com/subscriptions/00000000-0000-0000-0000-000000000000/operationresults/eyJqb2JJZCI6IlJFU09VUkNFR1JPVVBERUxFVElPTkpPQi1BU09URVNUOjJEUkc6MkRCU1RNT1otV0VTVFVTMiIsImpvYkxvY2F0aW9uIjoid2VzdHVzMiJ9?api-version=2020-06-01
    method: GET
  response:
    body: ""
    headers:
      Cache-Control:
      - no-cache
      Content-Length:
      - "0"
      Expires:
      - "-1"
      Pragma:
      - no-cache
      Strict-Transport-Security:
      - max-age=31536000; includeSubDomains
      X-Content-Type-Options:
      - nosniff
    status: 200 OK
    code: 200
    duration: ""
