---
version: 1
interactions:
- request:
    body: '{"name":"k8s_b7cdc398-fce1-5da3-8866-167bce6cd310","location":"westus2","Properties":{"Error":null,"debugSetting":{"detailLevel":"requestContent,responseContent"},"mode":"Incremental","template":{"$schema":"https://schema.management.azure.com/schemas/2018-05-01/subscriptionDeploymentTemplate.json#","contentVersion":"1.0.0.0","resources":[{"apiVersion":"2020-06-01","name":"asotest-rg-vnpjnn","location":"westus2","tags":{"CreatedAt":"2001-02-03T04:05:06Z"},"type":"Microsoft.Resources/resourceGroups"}],"outputs":{"resourceId":{"type":"string","value":"[resourceId(''Microsoft.Resources/resourceGroups'',
      ''asotest-rg-vnpjnn'')]"}}}}}'
    form: {}
    headers:
      Content-Type:
      - application/json
      Test-Request-Attempt:
      - "0"
    url: https://management.azure.com/subscriptions/00000000-0000-0000-0000-000000000000/providers/Microsoft.Resources/deployments/k8s_b7cdc398-fce1-5da3-8866-167bce6cd310?api-version=2019-10-01
    method: PUT
  response:
    body: '{"id":"/subscriptions/00000000-0000-0000-0000-000000000000/providers/Microsoft.Resources/deployments/k8s_b7cdc398-fce1-5da3-8866-167bce6cd310","name":"k8s_b7cdc398-fce1-5da3-8866-167bce6cd310","type":"Microsoft.Resources/deployments","location":"westus2","properties":{"templateHash":"13847909167884458831","mode":"Incremental","debugSetting":{"detailLevel":"RequestContent,
      ResponseContent"},"provisioningState":"Accepted","timestamp":"2001-02-03T04:05:06Z","duration":"PT1.6299766S","correlationId":"8fced6f8-1509-4ded-a142-611bf0a49aa6","providers":[{"namespace":"Microsoft.Resources","resourceTypes":[{"resourceType":"resourceGroups","locations":["westus2"]}]}],"dependencies":[]}}'
    headers:
      Azure-Asyncoperation:
      - https://management.azure.com/subscriptions/00000000-0000-0000-0000-000000000000/providers/Microsoft.Resources/deployments/k8s_b7cdc398-fce1-5da3-8866-167bce6cd310/operationStatuses/08585722784881042598?api-version=2019-10-01
      Cache-Control:
      - no-cache
      Content-Length:
      - "693"
      Content-Type:
      - application/json; charset=utf-8
      Expires:
      - "-1"
      Pragma:
      - no-cache
      Strict-Transport-Security:
      - max-age=31536000; includeSubDomains
      X-Content-Type-Options:
      - nosniff
    status: 201 Created
    code: 201
    duration: ""
- request:
    body: ""
    form: {}
    headers:
      Content-Type:
      - application/json
      Test-Request-Attempt:
      - "0"
    url: https://management.azure.com/subscriptions/00000000-0000-0000-0000-000000000000/providers/Microsoft.Resources/deployments/k8s_b7cdc398-fce1-5da3-8866-167bce6cd310?api-version=2019-10-01
    method: GET
  response:
    body: '{"id":"/subscriptions/00000000-0000-0000-0000-000000000000/providers/Microsoft.Resources/deployments/k8s_b7cdc398-fce1-5da3-8866-167bce6cd310","name":"k8s_b7cdc398-fce1-5da3-8866-167bce6cd310","type":"Microsoft.Resources/deployments","location":"westus2","properties":{"templateHash":"13847909167884458831","mode":"Incremental","debugSetting":{"detailLevel":"RequestContent,
      ResponseContent"},"provisioningState":"Accepted","timestamp":"2001-02-03T04:05:06Z","duration":"PT1.6299766S","correlationId":"8fced6f8-1509-4ded-a142-611bf0a49aa6","providers":[{"namespace":"Microsoft.Resources","resourceTypes":[{"resourceType":"resourceGroups","locations":["westus2"]}]}],"dependencies":[]}}'
    headers:
      Cache-Control:
      - no-cache
      Content-Type:
      - application/json; charset=utf-8
      Expires:
      - "-1"
      Pragma:
      - no-cache
      Retry-After:
      - "5"
      Strict-Transport-Security:
      - max-age=31536000; includeSubDomains
      Vary:
      - Accept-Encoding
      X-Content-Type-Options:
      - nosniff
    status: 200 OK
    code: 200
    duration: ""
- request:
    body: ""
    form: {}
    headers:
      Content-Type:
      - application/json
      Test-Request-Attempt:
      - "1"
    url: https://management.azure.com/subscriptions/00000000-0000-0000-0000-000000000000/providers/Microsoft.Resources/deployments/k8s_b7cdc398-fce1-5da3-8866-167bce6cd310?api-version=2019-10-01
    method: GET
  response:
    body: '{"id":"/subscriptions/00000000-0000-0000-0000-000000000000/providers/Microsoft.Resources/deployments/k8s_b7cdc398-fce1-5da3-8866-167bce6cd310","name":"k8s_b7cdc398-fce1-5da3-8866-167bce6cd310","type":"Microsoft.Resources/deployments","location":"westus2","properties":{"templateHash":"13847909167884458831","mode":"Incremental","debugSetting":{"detailLevel":"RequestContent,
      ResponseContent"},"provisioningState":"Succeeded","timestamp":"2001-02-03T04:05:06Z","duration":"PT7.2115783S","correlationId":"8fced6f8-1509-4ded-a142-611bf0a49aa6","providers":[{"namespace":"Microsoft.Resources","resourceTypes":[{"resourceType":"resourceGroups","locations":["westus2"]}]}],"dependencies":[],"outputs":{"resourceId":{"type":"String","value":"/subscriptions/00000000-0000-0000-0000-000000000000/providers/Microsoft.Resources/resourceGroups/asotest-rg-vnpjnn"}},"outputResources":[{"id":"/subscriptions/00000000-0000-0000-0000-000000000000/resourceGroups/asotest-rg-vnpjnn"}]}}'
    headers:
      Cache-Control:
      - no-cache
      Content-Type:
      - application/json; charset=utf-8
      Expires:
      - "-1"
      Pragma:
      - no-cache
      Strict-Transport-Security:
      - max-age=31536000; includeSubDomains
      Vary:
      - Accept-Encoding
      X-Content-Type-Options:
      - nosniff
    status: 200 OK
    code: 200
    duration: ""
- request:
    body: ""
    form: {}
    headers:
      Content-Type:
      - application/json
      Test-Request-Attempt:
      - "0"
    url: https://management.azure.com/subscriptions/00000000-0000-0000-0000-000000000000/providers/Microsoft.Resources/deployments/k8s_b7cdc398-fce1-5da3-8866-167bce6cd310?api-version=2019-10-01
    method: DELETE
  response:
    body: ""
    headers:
      Cache-Control:
      - no-cache
      Content-Length:
      - "0"
      Expires:
      - "-1"
      Location:
      - https://management.azure.com/subscriptions/00000000-0000-0000-0000-000000000000/operationresults/eyJqb2JJZCI6IkRlcGxveW1lbnREZWxldGlvbkpvYi1HTlMtLUs4Uzo1RkI3Q0RDMzk4OjJERkNFMToyRDVEQTM6MkQ4ODY2OjJEMTY3QkNFNkNEMzEwLSIsImpvYkxvY2F0aW9uIjoid2VzdHVzMiJ9?api-version=2019-10-01
      Pragma:
      - no-cache
      Retry-After:
      - "15"
      Strict-Transport-Security:
      - max-age=31536000; includeSubDomains
      X-Content-Type-Options:
      - nosniff
    status: 202 Accepted
    code: 202
    duration: ""
- request:
    body: ""
    form: {}
    headers:
      Content-Type:
      - application/json
      Test-Request-Attempt:
      - "0"
    url: https://management.azure.com/subscriptions/00000000-0000-0000-0000-000000000000/resourceGroups/asotest-rg-vnpjnn?api-version=2020-06-01
    method: GET
  response:
    body: '{"id":"/subscriptions/00000000-0000-0000-0000-000000000000/resourceGroups/asotest-rg-vnpjnn","name":"asotest-rg-vnpjnn","type":"Microsoft.Resources/resourceGroups","location":"westus2","tags":{"CreatedAt":"2001-02-03T04:05:06Z"},"properties":{"provisioningState":"Succeeded"}}'
    headers:
      Cache-Control:
      - no-cache
      Content-Type:
      - application/json; charset=utf-8
      Expires:
      - "-1"
      Pragma:
      - no-cache
      Strict-Transport-Security:
      - max-age=31536000; includeSubDomains
      Vary:
      - Accept-Encoding
      X-Content-Type-Options:
      - nosniff
    status: 200 OK
    code: 200
    duration: ""
- request:
    body: '{"name":"k8s_9d1f7797-4989-5c57-92cf-c7ef70a1502b","Properties":{"Error":null,"debugSetting":{"detailLevel":"requestContent,responseContent"},"mode":"Incremental","template":{"$schema":"https://schema.management.azure.com/schemas/2019-04-01/deploymentTemplate.json#","contentVersion":"1.0.0.0","resources":[{"apiVersion":"2018-11-30","location":"westus2","name":"asotest-mi-yzlexy","type":"Microsoft.ManagedIdentity/userAssignedIdentities"}],"outputs":{"resourceId":{"type":"string","value":"[resourceId(''Microsoft.ManagedIdentity/userAssignedIdentities'',
      ''asotest-mi-yzlexy'')]"}}}}}'
    form: {}
    headers:
      Content-Type:
      - application/json
      Test-Request-Attempt:
      - "0"
    url: https://management.azure.com/subscriptions/00000000-0000-0000-0000-000000000000/resourceGroups/asotest-rg-vnpjnn/providers/Microsoft.Resources/deployments/k8s_9d1f7797-4989-5c57-92cf-c7ef70a1502b?api-version=2019-10-01
    method: PUT
  response:
    body: '{"id":"/subscriptions/00000000-0000-0000-0000-000000000000/resourceGroups/asotest-rg-vnpjnn/providers/Microsoft.Resources/deployments/k8s_9d1f7797-4989-5c57-92cf-c7ef70a1502b","name":"k8s_9d1f7797-4989-5c57-92cf-c7ef70a1502b","type":"Microsoft.Resources/deployments","properties":{"templateHash":"11489252669903316758","mode":"Incremental","debugSetting":{"detailLevel":"RequestContent,
      ResponseContent"},"provisioningState":"Accepted","timestamp":"2001-02-03T04:05:06Z","duration":"PT0.5985173S","correlationId":"88d97fc8-14d0-493f-88fd-f594e80993da","providers":[{"namespace":"Microsoft.ManagedIdentity","resourceTypes":[{"resourceType":"userAssignedIdentities","locations":["westus2"]}]}],"dependencies":[]}}'
    headers:
      Azure-Asyncoperation:
      - https://management.azure.com/subscriptions/00000000-0000-0000-0000-000000000000/resourcegroups/asotest-rg-vnpjnn/providers/Microsoft.Resources/deployments/k8s_9d1f7797-4989-5c57-92cf-c7ef70a1502b/operationStatuses/08585722784724025122?api-version=2019-10-01
      Cache-Control:
      - no-cache
      Content-Length:
      - "718"
      Content-Type:
      - application/json; charset=utf-8
      Expires:
      - "-1"
      Pragma:
      - no-cache
      Strict-Transport-Security:
      - max-age=31536000; includeSubDomains
      X-Content-Type-Options:
      - nosniff
    status: 201 Created
    code: 201
    duration: ""
- request:
    body: ""
    form: {}
    headers:
      Content-Type:
      - application/json
      Test-Request-Attempt:
      - "0"
    url: https://management.azure.com/subscriptions/00000000-0000-0000-0000-000000000000/resourceGroups/asotest-rg-vnpjnn/providers/Microsoft.Resources/deployments/k8s_9d1f7797-4989-5c57-92cf-c7ef70a1502b?api-version=2019-10-01
    method: GET
  response:
    body: '{"id":"/subscriptions/00000000-0000-0000-0000-000000000000/resourceGroups/asotest-rg-vnpjnn/providers/Microsoft.Resources/deployments/k8s_9d1f7797-4989-5c57-92cf-c7ef70a1502b","name":"k8s_9d1f7797-4989-5c57-92cf-c7ef70a1502b","type":"Microsoft.Resources/deployments","properties":{"templateHash":"11489252669903316758","mode":"Incremental","debugSetting":{"detailLevel":"RequestContent,
      ResponseContent"},"provisioningState":"Accepted","timestamp":"2001-02-03T04:05:06Z","duration":"PT0.5985173S","correlationId":"88d97fc8-14d0-493f-88fd-f594e80993da","providers":[{"namespace":"Microsoft.ManagedIdentity","resourceTypes":[{"resourceType":"userAssignedIdentities","locations":["westus2"]}]}],"dependencies":[]}}'
    headers:
      Cache-Control:
      - no-cache
      Content-Type:
      - application/json; charset=utf-8
      Expires:
      - "-1"
      Pragma:
      - no-cache
      Retry-After:
      - "5"
      Strict-Transport-Security:
      - max-age=31536000; includeSubDomains
      Vary:
      - Accept-Encoding
      X-Content-Type-Options:
      - nosniff
    status: 200 OK
    code: 200
    duration: ""
- request:
    body: ""
    form: {}
    headers:
      Content-Type:
      - application/json
      Test-Request-Attempt:
      - "1"
    url: https://management.azure.com/subscriptions/00000000-0000-0000-0000-000000000000/resourceGroups/asotest-rg-vnpjnn/providers/Microsoft.Resources/deployments/k8s_9d1f7797-4989-5c57-92cf-c7ef70a1502b?api-version=2019-10-01
    method: GET
  response:
    body: '{"id":"/subscriptions/00000000-0000-0000-0000-000000000000/resourceGroups/asotest-rg-vnpjnn/providers/Microsoft.Resources/deployments/k8s_9d1f7797-4989-5c57-92cf-c7ef70a1502b","name":"k8s_9d1f7797-4989-5c57-92cf-c7ef70a1502b","type":"Microsoft.Resources/deployments","properties":{"templateHash":"11489252669903316758","mode":"Incremental","debugSetting":{"detailLevel":"RequestContent,
      ResponseContent"},"provisioningState":"Running","timestamp":"2001-02-03T04:05:06Z","duration":"PT1.8692257S","correlationId":"88d97fc8-14d0-493f-88fd-f594e80993da","providers":[{"namespace":"Microsoft.ManagedIdentity","resourceTypes":[{"resourceType":"userAssignedIdentities","locations":["westus2"]}]}],"dependencies":[]}}'
    headers:
      Cache-Control:
      - no-cache
      Content-Type:
      - application/json; charset=utf-8
      Expires:
      - "-1"
      Pragma:
      - no-cache
      Retry-After:
      - "5"
      Strict-Transport-Security:
      - max-age=31536000; includeSubDomains
      Vary:
      - Accept-Encoding
      X-Content-Type-Options:
      - nosniff
    status: 200 OK
    code: 200
    duration: ""
- request:
    body: ""
    form: {}
    headers:
      Content-Type:
      - application/json
      Test-Request-Attempt:
      - "2"
    url: https://management.azure.com/subscriptions/00000000-0000-0000-0000-000000000000/resourceGroups/asotest-rg-vnpjnn/providers/Microsoft.Resources/deployments/k8s_9d1f7797-4989-5c57-92cf-c7ef70a1502b?api-version=2019-10-01
    method: GET
  response:
    body: '{"id":"/subscriptions/00000000-0000-0000-0000-000000000000/resourceGroups/asotest-rg-vnpjnn/providers/Microsoft.Resources/deployments/k8s_9d1f7797-4989-5c57-92cf-c7ef70a1502b","name":"k8s_9d1f7797-4989-5c57-92cf-c7ef70a1502b","type":"Microsoft.Resources/deployments","properties":{"templateHash":"11489252669903316758","mode":"Incremental","debugSetting":{"detailLevel":"RequestContent,
      ResponseContent"},"provisioningState":"Succeeded","timestamp":"2001-02-03T04:05:06Z","duration":"PT10.0767409S","correlationId":"88d97fc8-14d0-493f-88fd-f594e80993da","providers":[{"namespace":"Microsoft.ManagedIdentity","resourceTypes":[{"resourceType":"userAssignedIdentities","locations":["westus2"]}]}],"dependencies":[],"outputs":{"resourceId":{"type":"String","value":"/subscriptions/00000000-0000-0000-0000-000000000000/resourceGroups/asotest-rg-vnpjnn/providers/Microsoft.ManagedIdentity/userAssignedIdentities/asotest-mi-yzlexy"}},"outputResources":[{"id":"/subscriptions/00000000-0000-0000-0000-000000000000/resourceGroups/asotest-rg-vnpjnn/providers/Microsoft.ManagedIdentity/userAssignedIdentities/asotest-mi-yzlexy"}]}}'
    headers:
      Cache-Control:
      - no-cache
      Content-Type:
      - application/json; charset=utf-8
      Expires:
      - "-1"
      Pragma:
      - no-cache
      Strict-Transport-Security:
      - max-age=31536000; includeSubDomains
      Vary:
      - Accept-Encoding
      X-Content-Type-Options:
      - nosniff
    status: 200 OK
    code: 200
    duration: ""
- request:
    body: ""
    form: {}
    headers:
      Content-Type:
      - application/json
      Test-Request-Attempt:
      - "0"
    url: https://management.azure.com/subscriptions/00000000-0000-0000-0000-000000000000/resourceGroups/asotest-rg-vnpjnn/providers/Microsoft.Resources/deployments/k8s_9d1f7797-4989-5c57-92cf-c7ef70a1502b?api-version=2019-10-01
    method: DELETE
  response:
    body: ""
    headers:
      Cache-Control:
      - no-cache
      Content-Length:
      - "0"
      Expires:
      - "-1"
      Location:
      - https://management.azure.com/subscriptions/00000000-0000-0000-0000-000000000000/operationresults/eyJqb2JJZCI6IkRlcGxveW1lbnREZWxldGlvbkpvYi1HTlMtQVNPVEVTVDoyRFJHOjJEVk5QSk5OLUs4Uzo1RjlEMUY3Nzk3OjJENDk4OToyRDVDNTc6MkQ5MkNGOjJEQzdFRjcwQTE1MDJCLSIsImpvYkxvY2F0aW9uIjoid2VzdHVzMiJ9?api-version=2019-10-01
      Pragma:
      - no-cache
      Retry-After:
      - "15"
      Strict-Transport-Security:
      - max-age=31536000; includeSubDomains
      X-Content-Type-Options:
      - nosniff
    status: 202 Accepted
    code: 202
    duration: ""
- request:
    body: ""
    form: {}
    headers:
      Content-Type:
      - application/json
      Test-Request-Attempt:
      - "0"
    url: https://management.azure.com/subscriptions/00000000-0000-0000-0000-000000000000/resourceGroups/asotest-rg-vnpjnn/providers/Microsoft.ManagedIdentity/userAssignedIdentities/asotest-mi-yzlexy?api-version=2018-11-30
    method: GET
  response:
    body: '{"id":"/subscriptions/00000000-0000-0000-0000-000000000000/resourcegroups/asotest-rg-vnpjnn/providers/Microsoft.ManagedIdentity/userAssignedIdentities/asotest-mi-yzlexy","name":"asotest-mi-yzlexy","type":"Microsoft.ManagedIdentity/userAssignedIdentities","location":"westus2","tags":{},"properties":{"tenantId":"72f988bf-86f1-41af-91ab-2d7cd011db47","principalId":"8f9f746c-abf0-4cff-b818-64713c32d77d","clientId":"12f2be8c-2b49-4ffa-8b64-17f8409b9aa6"}}'
    headers:
      Cache-Control:
      - no-cache
      Content-Type:
      - application/json; charset=utf-8
      Expires:
      - "-1"
      Pragma:
      - no-cache
      Strict-Transport-Security:
      - max-age=31536000; includeSubDomains
      Vary:
      - Accept-Encoding
      X-Content-Type-Options:
      - nosniff
    status: 200 OK
    code: 200
    duration: ""
- request:
    body: '{"name":"k8s_9d1f7797-4989-5c57-92cf-c7ef70a1502b","Properties":{"Error":null,"debugSetting":{"detailLevel":"requestContent,responseContent"},"mode":"Incremental","template":{"$schema":"https://schema.management.azure.com/schemas/2019-04-01/deploymentTemplate.json#","contentVersion":"1.0.0.0","resources":[{"apiVersion":"2018-11-30","location":"westus2","name":"asotest-mi-yzlexy","tags":{"foo":"bar"},"type":"Microsoft.ManagedIdentity/userAssignedIdentities"}],"outputs":{"resourceId":{"type":"string","value":"[resourceId(''Microsoft.ManagedIdentity/userAssignedIdentities'',
      ''asotest-mi-yzlexy'')]"}}}}}'
    form: {}
    headers:
      Content-Type:
      - application/json
      Test-Request-Attempt:
      - "1"
    url: https://management.azure.com/subscriptions/00000000-0000-0000-0000-000000000000/resourceGroups/asotest-rg-vnpjnn/providers/Microsoft.Resources/deployments/k8s_9d1f7797-4989-5c57-92cf-c7ef70a1502b?api-version=2019-10-01
    method: PUT
  response:
    body: '{"id":"/subscriptions/00000000-0000-0000-0000-000000000000/resourceGroups/asotest-rg-vnpjnn/providers/Microsoft.Resources/deployments/k8s_9d1f7797-4989-5c57-92cf-c7ef70a1502b","name":"k8s_9d1f7797-4989-5c57-92cf-c7ef70a1502b","type":"Microsoft.Resources/deployments","properties":{"templateHash":"4663579449570028648","mode":"Incremental","debugSetting":{"detailLevel":"RequestContent,
      ResponseContent"},"provisioningState":"Accepted","timestamp":"2001-02-03T04:05:06Z","duration":"PT0.5896825S","correlationId":"2dc1d96e-5ee7-4c2d-9ff5-aaddca2a5762","providers":[{"namespace":"Microsoft.ManagedIdentity","resourceTypes":[{"resourceType":"userAssignedIdentities","locations":["westus2"]}]}],"dependencies":[]}}'
    headers:
      Azure-Asyncoperation:
      - https://management.azure.com/subscriptions/00000000-0000-0000-0000-000000000000/resourcegroups/asotest-rg-vnpjnn/providers/Microsoft.Resources/deployments/k8s_9d1f7797-4989-5c57-92cf-c7ef70a1502b/operationStatuses/08585722784524186058?api-version=2019-10-01
      Cache-Control:
      - no-cache
      Content-Length:
      - "718"
      Content-Type:
      - application/json; charset=utf-8
      Expires:
      - "-1"
      Pragma:
      - no-cache
      Strict-Transport-Security:
      - max-age=31536000; includeSubDomains
      X-Content-Type-Options:
      - nosniff
    status: 201 Created
    code: 201
    duration: ""
- request:
    body: ""
    form: {}
    headers:
      Content-Type:
      - application/json
      Test-Request-Attempt:
      - "3"
    url: https://management.azure.com/subscriptions/00000000-0000-0000-0000-000000000000/resourceGroups/asotest-rg-vnpjnn/providers/Microsoft.Resources/deployments/k8s_9d1f7797-4989-5c57-92cf-c7ef70a1502b?api-version=2019-10-01
    method: GET
  response:
    body: '{"id":"/subscriptions/00000000-0000-0000-0000-000000000000/resourceGroups/asotest-rg-vnpjnn/providers/Microsoft.Resources/deployments/k8s_9d1f7797-4989-5c57-92cf-c7ef70a1502b","name":"k8s_9d1f7797-4989-5c57-92cf-c7ef70a1502b","type":"Microsoft.Resources/deployments","properties":{"templateHash":"4663579449570028648","mode":"Incremental","debugSetting":{"detailLevel":"RequestContent,
      ResponseContent"},"provisioningState":"Accepted","timestamp":"2001-02-03T04:05:06Z","duration":"PT0.5896825S","correlationId":"2dc1d96e-5ee7-4c2d-9ff5-aaddca2a5762","providers":[{"namespace":"Microsoft.ManagedIdentity","resourceTypes":[{"resourceType":"userAssignedIdentities","locations":["westus2"]}]}],"dependencies":[]}}'
    headers:
      Cache-Control:
      - no-cache
      Content-Type:
      - application/json; charset=utf-8
      Expires:
      - "-1"
      Pragma:
      - no-cache
      Retry-After:
      - "5"
      Strict-Transport-Security:
      - max-age=31536000; includeSubDomains
      Vary:
      - Accept-Encoding
      X-Content-Type-Options:
      - nosniff
    status: 200 OK
    code: 200
    duration: ""
- request:
    body: ""
    form: {}
    headers:
      Content-Type:
      - application/json
      Test-Request-Attempt:
      - "4"
    url: https://management.azure.com/subscriptions/00000000-0000-0000-0000-000000000000/resourceGroups/asotest-rg-vnpjnn/providers/Microsoft.Resources/deployments/k8s_9d1f7797-4989-5c57-92cf-c7ef70a1502b?api-version=2019-10-01
    method: GET
  response:
    body: '{"id":"/subscriptions/00000000-0000-0000-0000-000000000000/resourceGroups/asotest-rg-vnpjnn/providers/Microsoft.Resources/deployments/k8s_9d1f7797-4989-5c57-92cf-c7ef70a1502b","name":"k8s_9d1f7797-4989-5c57-92cf-c7ef70a1502b","type":"Microsoft.Resources/deployments","properties":{"templateHash":"4663579449570028648","mode":"Incremental","debugSetting":{"detailLevel":"RequestContent,
      ResponseContent"},"provisioningState":"Running","timestamp":"2001-02-03T04:05:06Z","duration":"PT1.9944618S","correlationId":"2dc1d96e-5ee7-4c2d-9ff5-aaddca2a5762","providers":[{"namespace":"Microsoft.ManagedIdentity","resourceTypes":[{"resourceType":"userAssignedIdentities","locations":["westus2"]}]}],"dependencies":[]}}'
    headers:
      Cache-Control:
      - no-cache
      Content-Type:
      - application/json; charset=utf-8
      Expires:
      - "-1"
      Pragma:
      - no-cache
      Retry-After:
      - "5"
      Strict-Transport-Security:
      - max-age=31536000; includeSubDomains
      Vary:
      - Accept-Encoding
      X-Content-Type-Options:
      - nosniff
    status: 200 OK
    code: 200
    duration: ""
- request:
    body: ""
    form: {}
    headers:
      Content-Type:
      - application/json
      Test-Request-Attempt:
      - "5"
    url: https://management.azure.com/subscriptions/00000000-0000-0000-0000-000000000000/resourceGroups/asotest-rg-vnpjnn/providers/Microsoft.Resources/deployments/k8s_9d1f7797-4989-5c57-92cf-c7ef70a1502b?api-version=2019-10-01
    method: GET
  response:
    body: '{"id":"/subscriptions/00000000-0000-0000-0000-000000000000/resourceGroups/asotest-rg-vnpjnn/providers/Microsoft.Resources/deployments/k8s_9d1f7797-4989-5c57-92cf-c7ef70a1502b","name":"k8s_9d1f7797-4989-5c57-92cf-c7ef70a1502b","type":"Microsoft.Resources/deployments","properties":{"templateHash":"4663579449570028648","mode":"Incremental","debugSetting":{"detailLevel":"RequestContent,
      ResponseContent"},"provisioningState":"Succeeded","timestamp":"2001-02-03T04:05:06Z","duration":"PT10.861136S","correlationId":"2dc1d96e-5ee7-4c2d-9ff5-aaddca2a5762","providers":[{"namespace":"Microsoft.ManagedIdentity","resourceTypes":[{"resourceType":"userAssignedIdentities","locations":["westus2"]}]}],"dependencies":[],"outputs":{"resourceId":{"type":"String","value":"/subscriptions/00000000-0000-0000-0000-000000000000/resourceGroups/asotest-rg-vnpjnn/providers/Microsoft.ManagedIdentity/userAssignedIdentities/asotest-mi-yzlexy"}},"outputResources":[{"id":"/subscriptions/00000000-0000-0000-0000-000000000000/resourceGroups/asotest-rg-vnpjnn/providers/Microsoft.ManagedIdentity/userAssignedIdentities/asotest-mi-yzlexy"}]}}'
    headers:
      Cache-Control:
      - no-cache
      Content-Type:
      - application/json; charset=utf-8
      Expires:
      - "-1"
      Pragma:
      - no-cache
      Strict-Transport-Security:
      - max-age=31536000; includeSubDomains
      Vary:
      - Accept-Encoding
      X-Content-Type-Options:
      - nosniff
    status: 200 OK
    code: 200
    duration: ""
- request:
    body: ""
    form: {}
    headers:
      Content-Type:
      - application/json
      Test-Request-Attempt:
      - "1"
    url: https://management.azure.com/subscriptions/00000000-0000-0000-0000-000000000000/resourceGroups/asotest-rg-vnpjnn/providers/Microsoft.Resources/deployments/k8s_9d1f7797-4989-5c57-92cf-c7ef70a1502b?api-version=2019-10-01
    method: DELETE
  response:
    body: ""
    headers:
      Cache-Control:
      - no-cache
      Content-Length:
      - "0"
      Expires:
      - "-1"
      Location:
      - https://management.azure.com/subscriptions/00000000-0000-0000-0000-000000000000/operationresults/eyJqb2JJZCI6IkRlcGxveW1lbnREZWxldGlvbkpvYi1HTlMtQVNPVEVTVDoyRFJHOjJEVk5QSk5OLUs4Uzo1RjlEMUY3Nzk3OjJENDk4OToyRDVDNTc6MkQ5MkNGOjJEQzdFRjcwQTE1MDJCLSIsImpvYkxvY2F0aW9uIjoid2VzdHVzMiJ9?api-version=2019-10-01
      Pragma:
      - no-cache
      Retry-After:
      - "15"
      Strict-Transport-Security:
      - max-age=31536000; includeSubDomains
      X-Content-Type-Options:
      - nosniff
    status: 202 Accepted
    code: 202
    duration: ""
- request:
    body: ""
    form: {}
    headers:
      Content-Type:
      - application/json
      Test-Request-Attempt:
      - "1"
    url: https://management.azure.com/subscriptions/00000000-0000-0000-0000-000000000000/resourceGroups/asotest-rg-vnpjnn/providers/Microsoft.ManagedIdentity/userAssignedIdentities/asotest-mi-yzlexy?api-version=2018-11-30
    method: GET
  response:
    body: '{"id":"/subscriptions/00000000-0000-0000-0000-000000000000/resourcegroups/asotest-rg-vnpjnn/providers/Microsoft.ManagedIdentity/userAssignedIdentities/asotest-mi-yzlexy","name":"asotest-mi-yzlexy","type":"Microsoft.ManagedIdentity/userAssignedIdentities","location":"westus2","tags":{"foo":"bar"},"properties":{"tenantId":"72f988bf-86f1-41af-91ab-2d7cd011db47","principalId":"8f9f746c-abf0-4cff-b818-64713c32d77d","clientId":"12f2be8c-2b49-4ffa-8b64-17f8409b9aa6"}}'
    headers:
      Cache-Control:
      - no-cache
      Content-Type:
      - application/json; charset=utf-8
      Expires:
      - "-1"
      Pragma:
      - no-cache
      Strict-Transport-Security:
      - max-age=31536000; includeSubDomains
      Vary:
      - Accept-Encoding
      X-Content-Type-Options:
      - nosniff
    status: 200 OK
    code: 200
    duration: ""
- request:
    body: ""
    form: {}
    headers:
      Content-Type:
      - application/json
      Test-Request-Attempt:
      - "0"
    url: https://management.azure.com/subscriptions/00000000-0000-0000-0000-000000000000/resourceGroups/asotest-rg-vnpjnn/providers/Microsoft.ManagedIdentity/userAssignedIdentities/asotest-mi-yzlexy?api-version=2018-11-30
    method: DELETE
  response:
    body: ""
    headers:
      Cache-Control:
      - no-cache
      Content-Length:
      - "0"
      Expires:
      - "-1"
      Pragma:
      - no-cache
      Strict-Transport-Security:
      - max-age=31536000; includeSubDomains
      X-Content-Type-Options:
      - nosniff
    status: 200 OK
    code: 200
    duration: ""
- request:
    body: ""
    form: {}
    headers:
      Content-Type:
      - application/json
      Test-Request-Attempt:
      - "2"
    url: https://management.azure.com/subscriptions/00000000-0000-0000-0000-000000000000/resourceGroups/asotest-rg-vnpjnn/providers/Microsoft.ManagedIdentity/userAssignedIdentities/asotest-mi-yzlexy?api-version=2018-11-30
    method: GET
  response:
    body: '{"error":{"code":"ResourceNotFound","message":"The Resource ''Microsoft.ManagedIdentity/userAssignedIdentities/asotest-mi-yzlexy''
      under resource group ''asotest-rg-vnpjnn'' was not found. For more details please
      go to https://aka.ms/ARMResourceNotFoundFix"}}'
    headers:
      Cache-Control:
      - no-cache
      Content-Length:
      - "255"
      Content-Type:
      - application/json; charset=utf-8
      Expires:
      - "-1"
      Pragma:
      - no-cache
      Strict-Transport-Security:
      - max-age=31536000; includeSubDomains
      X-Content-Type-Options:
      - nosniff
      X-Ms-Failure-Cause:
      - gateway
    status: 404 Not Found
    code: 404
    duration: ""
- request:
    body: ""
    form: {}
    headers:
      Content-Type:
      - application/json
      Test-Request-Attempt:
      - "3"
    url: https://management.azure.com/subscriptions/00000000-0000-0000-0000-000000000000/resourceGroups/asotest-rg-vnpjnn/providers/Microsoft.ManagedIdentity/userAssignedIdentities/asotest-mi-yzlexy?api-version=2018-11-30
    method: GET
  response:
    body: '{"error":{"code":"ResourceNotFound","message":"The Resource ''Microsoft.ManagedIdentity/userAssignedIdentities/asotest-mi-yzlexy''
      under resource group ''asotest-rg-vnpjnn'' was not found. For more details please
      go to https://aka.ms/ARMResourceNotFoundFix"}}'
    headers:
      Cache-Control:
      - no-cache
      Content-Length:
      - "255"
      Content-Type:
      - application/json; charset=utf-8
      Expires:
      - "-1"
      Pragma:
      - no-cache
      Strict-Transport-Security:
      - max-age=31536000; includeSubDomains
      X-Content-Type-Options:
      - nosniff
      X-Ms-Failure-Cause:
      - gateway
    status: 404 Not Found
    code: 404
    duration: ""
- request:
    body: ""
    form: {}
    headers:
      Content-Type:
      - application/json
      Test-Request-Attempt:
      - "0"
    url: https://management.azure.com/subscriptions/00000000-0000-0000-0000-000000000000/resourcegroups/asotest-rg-vnpjnn/providers/Microsoft.ManagedIdentity/userAssignedIdentities/asotest-mi-yzlexy?api-version=2018-11-30
    method: GET
  response:
    body: '{"error":{"code":"ResourceNotFound","message":"The Resource ''Microsoft.ManagedIdentity/userAssignedIdentities/asotest-mi-yzlexy''
      under resource group ''asotest-rg-vnpjnn'' was not found. For more details please
      go to https://aka.ms/ARMResourceNotFoundFix"}}'
    headers:
      Cache-Control:
      - no-cache
      Content-Length:
      - "255"
      Content-Type:
      - application/json; charset=utf-8
      Expires:
      - "-1"
      Pragma:
      - no-cache
      Strict-Transport-Security:
      - max-age=31536000; includeSubDomains
      X-Content-Type-Options:
      - nosniff
      X-Ms-Failure-Cause:
      - gateway
    status: 404 Not Found
    code: 404
    duration: ""
- request:
    body: ""
    form: {}
    headers:
      Content-Type:
      - application/json
      Test-Request-Attempt:
      - "0"
    url: https://management.azure.com/subscriptions/00000000-0000-0000-0000-000000000000/resourceGroups/asotest-rg-vnpjnn?api-version=2020-06-01
    method: DELETE
  response:
    body: ""
    headers:
      Cache-Control:
      - no-cache
      Content-Length:
      - "0"
      Expires:
      - "-1"
      Location:
      - https://management.azure.com/subscriptions/00000000-0000-0000-0000-000000000000/operationresults/eyJqb2JJZCI6IlJFU09VUkNFR1JPVVBERUxFVElPTkpPQi1BU09URVNUOjJEUkc6MkRWTlBKTk4tV0VTVFVTMiIsImpvYkxvY2F0aW9uIjoid2VzdHVzMiJ9?api-version=2020-06-01
      Pragma:
      - no-cache
      Retry-After:
      - "15"
      Strict-Transport-Security:
      - max-age=31536000; includeSubDomains
      X-Content-Type-Options:
      - nosniff
    status: 202 Accepted
    code: 202
    duration: ""
- request:
    body: ""
    form: {}
    headers:
      Content-Type:
      - application/json
      Test-Request-Attempt:
      - "1"
    url: https://management.azure.com/subscriptions/00000000-0000-0000-0000-000000000000/resourceGroups/asotest-rg-vnpjnn?api-version=2020-06-01
    method: GET
  response:
    body: '{"id":"/subscriptions/00000000-0000-0000-0000-000000000000/resourceGroups/asotest-rg-vnpjnn","name":"asotest-rg-vnpjnn","type":"Microsoft.Resources/resourceGroups","location":"westus2","tags":{"CreatedAt":"2001-02-03T04:05:06Z"},"properties":{"provisioningState":"Deleting"}}'
    headers:
      Cache-Control:
      - no-cache
      Content-Type:
      - application/json; charset=utf-8
      Expires:
      - "-1"
      Pragma:
      - no-cache
      Strict-Transport-Security:
      - max-age=31536000; includeSubDomains
      Vary:
      - Accept-Encoding
      X-Content-Type-Options:
      - nosniff
    status: 200 OK
    code: 200
    duration: ""
- request:
    body: ""
    form: {}
    headers:
      Content-Type:
      - application/json
      Test-Request-Attempt:
      - "2"
    url: https://management.azure.com/subscriptions/00000000-0000-0000-0000-000000000000/resourceGroups/asotest-rg-vnpjnn?api-version=2020-06-01
    method: GET
  response:
    body: '{"id":"/subscriptions/00000000-0000-0000-0000-000000000000/resourceGroups/asotest-rg-vnpjnn","name":"asotest-rg-vnpjnn","type":"Microsoft.Resources/resourceGroups","location":"westus2","tags":{"CreatedAt":"2001-02-03T04:05:06Z"},"properties":{"provisioningState":"Deleting"}}'
    headers:
      Cache-Control:
      - no-cache
      Content-Type:
      - application/json; charset=utf-8
      Expires:
      - "-1"
      Pragma:
      - no-cache
      Strict-Transport-Security:
      - max-age=31536000; includeSubDomains
      Vary:
      - Accept-Encoding
      X-Content-Type-Options:
      - nosniff
    status: 200 OK
    code: 200
    duration: ""
- request:
    body: ""
    form: {}
    headers:
      Content-Type:
      - application/json
      Test-Request-Attempt:
      - "3"
    url: https://management.azure.com/subscriptions/00000000-0000-0000-0000-000000000000/resourceGroups/asotest-rg-vnpjnn?api-version=2020-06-01
    method: GET
  response:
    body: '{"id":"/subscriptions/00000000-0000-0000-0000-000000000000/resourceGroups/asotest-rg-vnpjnn","name":"asotest-rg-vnpjnn","type":"Microsoft.Resources/resourceGroups","location":"westus2","tags":{"CreatedAt":"2001-02-03T04:05:06Z"},"properties":{"provisioningState":"Deleting"}}'
    headers:
      Cache-Control:
      - no-cache
      Content-Type:
      - application/json; charset=utf-8
      Expires:
      - "-1"
      Pragma:
      - no-cache
      Strict-Transport-Security:
      - max-age=31536000; includeSubDomains
      Vary:
      - Accept-Encoding
      X-Content-Type-Options:
      - nosniff
    status: 200 OK
    code: 200
    duration: ""
- request:
    body: ""
    form: {}
    headers:
      Content-Type:
      - application/json
      Test-Request-Attempt:
      - "4"
    url: https://management.azure.com/subscriptions/00000000-0000-0000-0000-000000000000/resourceGroups/asotest-rg-vnpjnn?api-version=2020-06-01
    method: GET
  response:
    body: '{"id":"/subscriptions/00000000-0000-0000-0000-000000000000/resourceGroups/asotest-rg-vnpjnn","name":"asotest-rg-vnpjnn","type":"Microsoft.Resources/resourceGroups","location":"westus2","tags":{"CreatedAt":"2001-02-03T04:05:06Z"},"properties":{"provisioningState":"Deleting"}}'
    headers:
      Cache-Control:
      - no-cache
      Content-Type:
      - application/json; charset=utf-8
      Expires:
      - "-1"
      Pragma:
      - no-cache
      Strict-Transport-Security:
      - max-age=31536000; includeSubDomains
      Vary:
      - Accept-Encoding
      X-Content-Type-Options:
      - nosniff
    status: 200 OK
    code: 200
    duration: ""
- request:
    body: ""
    form: {}
    headers:
      Content-Type:
      - application/json
      Test-Request-Attempt:
      - "5"
    url: https://management.azure.com/subscriptions/00000000-0000-0000-0000-000000000000/resourceGroups/asotest-rg-vnpjnn?api-version=2020-06-01
    method: GET
  response:
    body: '{"id":"/subscriptions/00000000-0000-0000-0000-000000000000/resourceGroups/asotest-rg-vnpjnn","name":"asotest-rg-vnpjnn","type":"Microsoft.Resources/resourceGroups","location":"westus2","tags":{"CreatedAt":"2001-02-03T04:05:06Z"},"properties":{"provisioningState":"Deleting"}}'
    headers:
      Cache-Control:
      - no-cache
      Content-Type:
      - application/json; charset=utf-8
      Expires:
      - "-1"
      Pragma:
      - no-cache
      Strict-Transport-Security:
      - max-age=31536000; includeSubDomains
      Vary:
      - Accept-Encoding
      X-Content-Type-Options:
      - nosniff
    status: 200 OK
    code: 200
    duration: ""
- request:
    body: ""
    form: {}
    headers:
      Content-Type:
      - application/json
      Test-Request-Attempt:
      - "6"
    url: https://management.azure.com/subscriptions/00000000-0000-0000-0000-000000000000/resourceGroups/asotest-rg-vnpjnn?api-version=2020-06-01
    method: GET
  response:
    body: '{"id":"/subscriptions/00000000-0000-0000-0000-000000000000/resourceGroups/asotest-rg-vnpjnn","name":"asotest-rg-vnpjnn","type":"Microsoft.Resources/resourceGroups","location":"westus2","tags":{"CreatedAt":"2001-02-03T04:05:06Z"},"properties":{"provisioningState":"Deleting"}}'
    headers:
      Cache-Control:
      - no-cache
      Content-Type:
      - application/json; charset=utf-8
      Expires:
      - "-1"
      Pragma:
      - no-cache
      Strict-Transport-Security:
      - max-age=31536000; includeSubDomains
      Vary:
      - Accept-Encoding
      X-Content-Type-Options:
      - nosniff
    status: 200 OK
    code: 200
    duration: ""
- request:
    body: ""
    form: {}
    headers:
      Content-Type:
      - application/json
      Test-Request-Attempt:
      - "7"
    url: https://management.azure.com/subscriptions/00000000-0000-0000-0000-000000000000/resourceGroups/asotest-rg-vnpjnn?api-version=2020-06-01
    method: GET
  response:
    body: '{"id":"/subscriptions/00000000-0000-0000-0000-000000000000/resourceGroups/asotest-rg-vnpjnn","name":"asotest-rg-vnpjnn","type":"Microsoft.Resources/resourceGroups","location":"westus2","tags":{"CreatedAt":"2001-02-03T04:05:06Z"},"properties":{"provisioningState":"Deleting"}}'
    headers:
      Cache-Control:
      - no-cache
      Content-Type:
      - application/json; charset=utf-8
      Expires:
      - "-1"
      Pragma:
      - no-cache
      Strict-Transport-Security:
      - max-age=31536000; includeSubDomains
      Vary:
      - Accept-Encoding
      X-Content-Type-Options:
      - nosniff
    status: 200 OK
    code: 200
    duration: ""
- request:
    body: ""
    form: {}
    headers:
      Content-Type:
      - application/json
      Test-Request-Attempt:
      - "8"
    url: https://management.azure.com/subscriptions/00000000-0000-0000-0000-000000000000/resourceGroups/asotest-rg-vnpjnn?api-version=2020-06-01
    method: GET
  response:
    body: '{"error":{"code":"ResourceGroupNotFound","message":"Resource group ''asotest-rg-vnpjnn''
      could not be found."}}'
    headers:
      Cache-Control:
      - no-cache
      Content-Length:
      - "109"
      Content-Type:
      - application/json; charset=utf-8
      Expires:
      - "-1"
      Pragma:
      - no-cache
      Strict-Transport-Security:
      - max-age=31536000; includeSubDomains
      X-Content-Type-Options:
      - nosniff
      X-Ms-Failure-Cause:
      - gateway
    status: 404 Not Found
    code: 404
    duration: ""
