---
version: 1
interactions:
- request:
    body: '{"location":"westus2","name":"asotest-rg-puvnnu","tags":{"CreatedAt":"2001-02-03T04:05:06Z"}}'
    form: {}
    headers:
      Accept:
      - application/json
      Content-Length:
      - "93"
      Content-Type:
      - application/json
      Test-Request-Attempt:
      - "0"
    url: https://management.azure.com/subscriptions/00000000-0000-0000-0000-000000000000/resourceGroups/asotest-rg-puvnnu?api-version=2020-06-01
    method: PUT
  response:
    body: '{"id":"/subscriptions/00000000-0000-0000-0000-000000000000/resourceGroups/asotest-rg-puvnnu","name":"asotest-rg-puvnnu","type":"Microsoft.Resources/resourceGroups","location":"westus2","tags":{"CreatedAt":"2001-02-03T04:05:06Z"},"properties":{"provisioningState":"Succeeded"}}'
    headers:
      Cache-Control:
      - no-cache
      Content-Length:
      - "276"
      Content-Type:
      - application/json; charset=utf-8
      Expires:
      - "-1"
      Pragma:
      - no-cache
      Strict-Transport-Security:
      - max-age=31536000; includeSubDomains
      X-Content-Type-Options:
      - nosniff
    status: 201 Created
    code: 201
    duration: ""
- request:
    body: ""
    form: {}
    headers:
      Accept:
      - application/json
      Test-Request-Attempt:
      - "0"
    url: https://management.azure.com/subscriptions/00000000-0000-0000-0000-000000000000/resourceGroups/asotest-rg-puvnnu?api-version=2020-06-01
    method: GET
  response:
    body: '{"id":"/subscriptions/00000000-0000-0000-0000-000000000000/resourceGroups/asotest-rg-puvnnu","name":"asotest-rg-puvnnu","type":"Microsoft.Resources/resourceGroups","location":"westus2","tags":{"CreatedAt":"2001-02-03T04:05:06Z"},"properties":{"provisioningState":"Succeeded"}}'
    headers:
      Cache-Control:
      - no-cache
      Content-Type:
      - application/json; charset=utf-8
      Expires:
      - "-1"
      Pragma:
      - no-cache
      Strict-Transport-Security:
      - max-age=31536000; includeSubDomains
      Vary:
      - Accept-Encoding
      X-Content-Type-Options:
      - nosniff
    status: 200 OK
    code: 200
    duration: ""
- request:
    body: ""
    form: {}
    headers:
      Accept:
      - application/json
      Test-Request-Attempt:
      - "0"
    url: https://management.azure.com/subscriptions/00000000-0000-0000-0000-000000000000/resourceGroups/asotest-rg-puvnnu/providers/Microsoft.Network/virtualNetworks/asotest-vn-lyhaxe?api-version=2020-11-01
    method: GET
  response:
    body: '{"error":{"code":"ResourceNotFound","message":"The Resource ''Microsoft.Network/virtualNetworks/asotest-vn-lyhaxe''
      under resource group ''asotest-rg-puvnnu'' was not found. For more details please
      go to https://aka.ms/ARMResourceNotFoundFix"}}'
    headers:
      Cache-Control:
      - no-cache
      Content-Length:
      - "240"
      Content-Type:
      - application/json; charset=utf-8
      Expires:
      - "-1"
      Pragma:
      - no-cache
      Strict-Transport-Security:
      - max-age=31536000; includeSubDomains
      X-Content-Type-Options:
      - nosniff
      X-Ms-Failure-Cause:
      - gateway
    status: 404 Not Found
    code: 404
    duration: ""
- request:
    body: '{"location":"westus2","name":"asotest-vn-lyhaxe","properties":{"addressSpace":{"addressPrefixes":["10.0.0.0/16"]}}}'
    form: {}
    headers:
      Accept:
      - application/json
      Content-Length:
      - "115"
      Content-Type:
      - application/json
      Test-Request-Attempt:
      - "0"
    url: https://management.azure.com/subscriptions/00000000-0000-0000-0000-000000000000/resourceGroups/asotest-rg-puvnnu/providers/Microsoft.Network/virtualNetworks/asotest-vn-lyhaxe?api-version=2020-11-01
    method: PUT
  response:
    body: "{\r\n  \"name\": \"asotest-vn-lyhaxe\",\r\n  \"id\": \"/subscriptions/00000000-0000-0000-0000-000000000000/resourceGroups/asotest-rg-puvnnu/providers/Microsoft.Network/virtualNetworks/asotest-vn-lyhaxe\",\r\n
      \ \"etag\": \"W/\\\"2064aa04-a370-43eb-881a-802b86f800c6\\\"\",\r\n  \"type\":
      \"Microsoft.Network/virtualNetworks\",\r\n  \"location\": \"westus2\",\r\n  \"properties\":
      {\r\n    \"provisioningState\": \"Updating\",\r\n    \"resourceGuid\": \"7968e0e1-2f6d-4a46-adc5-2caa51f96da8\",\r\n
      \   \"addressSpace\": {\r\n      \"addressPrefixes\": [\r\n        \"10.0.0.0/16\"\r\n
      \     ]\r\n    },\r\n    \"subnets\": [],\r\n    \"virtualNetworkPeerings\":
      [],\r\n    \"enableDdosProtection\": false\r\n  }\r\n}"
    headers:
      Azure-Asyncnotification:
      - Enabled
      Azure-Asyncoperation:
      - https://management.azure.com/subscriptions/00000000-0000-0000-0000-000000000000/providers/Microsoft.Network/locations/westus2/operations/60318600-8486-46c2-8748-7d53ca6af9d7?api-version=2020-11-01
      Cache-Control:
      - no-cache
      Content-Length:
      - "630"
      Content-Type:
      - application/json; charset=utf-8
      Expires:
      - "-1"
      Pragma:
      - no-cache
      Retry-After:
      - "3"
      Server:
      - Microsoft-HTTPAPI/2.0
      - Microsoft-HTTPAPI/2.0
      Strict-Transport-Security:
      - max-age=31536000; includeSubDomains
      X-Content-Type-Options:
      - nosniff
    status: 201 Created
    code: 201
    duration: ""
- request:
    body: ""
    form: {}
    headers:
      Test-Request-Attempt:
      - "0"
    url: https://management.azure.com/subscriptions/00000000-0000-0000-0000-000000000000/providers/Microsoft.Network/locations/westus2/operations/60318600-8486-46c2-8748-7d53ca6af9d7?api-version=2020-11-01
    method: GET
  response:
    body: "{\r\n  \"status\": \"Succeeded\"\r\n}"
    headers:
      Cache-Control:
      - no-cache
      Content-Type:
      - application/json; charset=utf-8
      Expires:
      - "-1"
      Pragma:
      - no-cache
      Server:
      - Microsoft-HTTPAPI/2.0
      - Microsoft-HTTPAPI/2.0
      Strict-Transport-Security:
      - max-age=31536000; includeSubDomains
      Vary:
      - Accept-Encoding
      X-Content-Type-Options:
      - nosniff
    status: 200 OK
    code: 200
    duration: ""
- request:
    body: ""
    form: {}
    headers:
      Test-Request-Attempt:
      - "1"
    url: https://management.azure.com/subscriptions/00000000-0000-0000-0000-000000000000/resourceGroups/asotest-rg-puvnnu/providers/Microsoft.Network/virtualNetworks/asotest-vn-lyhaxe?api-version=2020-11-01
    method: GET
  response:
    body: "{\r\n  \"name\": \"asotest-vn-lyhaxe\",\r\n  \"id\": \"/subscriptions/00000000-0000-0000-0000-000000000000/resourceGroups/asotest-rg-puvnnu/providers/Microsoft.Network/virtualNetworks/asotest-vn-lyhaxe\",\r\n
      \ \"etag\": \"W/\\\"6e41de2d-8e4f-46c0-a9ea-6ea0c7303d40\\\"\",\r\n  \"type\":
      \"Microsoft.Network/virtualNetworks\",\r\n  \"location\": \"westus2\",\r\n  \"properties\":
      {\r\n    \"provisioningState\": \"Succeeded\",\r\n    \"resourceGuid\": \"7968e0e1-2f6d-4a46-adc5-2caa51f96da8\",\r\n
      \   \"addressSpace\": {\r\n      \"addressPrefixes\": [\r\n        \"10.0.0.0/16\"\r\n
      \     ]\r\n    },\r\n    \"subnets\": [],\r\n    \"virtualNetworkPeerings\":
      [],\r\n    \"enableDdosProtection\": false\r\n  }\r\n}"
    headers:
      Cache-Control:
      - no-cache
      Content-Type:
      - application/json; charset=utf-8
      Etag:
      - W/"6e41de2d-8e4f-46c0-a9ea-6ea0c7303d40"
      Expires:
      - "-1"
      Pragma:
      - no-cache
      Server:
      - Microsoft-HTTPAPI/2.0
      - Microsoft-HTTPAPI/2.0
      Strict-Transport-Security:
      - max-age=31536000; includeSubDomains
      Vary:
      - Accept-Encoding
      X-Content-Type-Options:
      - nosniff
    status: 200 OK
    code: 200
    duration: ""
- request:
    body: ""
    form: {}
    headers:
      Accept:
      - application/json
      Test-Request-Attempt:
      - "2"
    url: https://management.azure.com/subscriptions/00000000-0000-0000-0000-000000000000/resourceGroups/asotest-rg-puvnnu/providers/Microsoft.Network/virtualNetworks/asotest-vn-lyhaxe?api-version=2020-11-01
    method: GET
  response:
    body: "{\r\n  \"name\": \"asotest-vn-lyhaxe\",\r\n  \"id\": \"/subscriptions/00000000-0000-0000-0000-000000000000/resourceGroups/asotest-rg-puvnnu/providers/Microsoft.Network/virtualNetworks/asotest-vn-lyhaxe\",\r\n
      \ \"etag\": \"W/\\\"6e41de2d-8e4f-46c0-a9ea-6ea0c7303d40\\\"\",\r\n  \"type\":
      \"Microsoft.Network/virtualNetworks\",\r\n  \"location\": \"westus2\",\r\n  \"properties\":
      {\r\n    \"provisioningState\": \"Succeeded\",\r\n    \"resourceGuid\": \"7968e0e1-2f6d-4a46-adc5-2caa51f96da8\",\r\n
      \   \"addressSpace\": {\r\n      \"addressPrefixes\": [\r\n        \"10.0.0.0/16\"\r\n
      \     ]\r\n    },\r\n    \"subnets\": [],\r\n    \"virtualNetworkPeerings\":
      [],\r\n    \"enableDdosProtection\": false\r\n  }\r\n}"
    headers:
      Cache-Control:
      - no-cache
      Content-Type:
      - application/json; charset=utf-8
      Etag:
      - W/"6e41de2d-8e4f-46c0-a9ea-6ea0c7303d40"
      Expires:
      - "-1"
      Pragma:
      - no-cache
      Server:
      - Microsoft-HTTPAPI/2.0
      - Microsoft-HTTPAPI/2.0
      Strict-Transport-Security:
      - max-age=31536000; includeSubDomains
      Vary:
      - Accept-Encoding
      X-Content-Type-Options:
      - nosniff
    status: 200 OK
    code: 200
    duration: ""
- request:
    body: ""
    form: {}
    headers:
      Accept:
      - application/json
      Test-Request-Attempt:
      - "0"
    url: https://management.azure.com/subscriptions/00000000-0000-0000-0000-000000000000/resourceGroups/asotest-rg-puvnnu/providers/Microsoft.Network/loadBalancers/asotest-loadbalancer-eapnsw?api-version=2020-11-01
    method: GET
  response:
    body: '{"error":{"code":"ResourceNotFound","message":"The Resource ''Microsoft.Network/loadBalancers/asotest-loadbalancer-eapnsw''
      under resource group ''asotest-rg-puvnnu'' was not found. For more details please
      go to https://aka.ms/ARMResourceNotFoundFix"}}'
    headers:
      Cache-Control:
      - no-cache
      Content-Length:
      - "248"
      Content-Type:
      - application/json; charset=utf-8
      Expires:
      - "-1"
      Pragma:
      - no-cache
      Strict-Transport-Security:
      - max-age=31536000; includeSubDomains
      X-Content-Type-Options:
      - nosniff
      X-Ms-Failure-Cause:
      - gateway
    status: 404 Not Found
    code: 404
    duration: ""
- request:
    body: '{"name":"asotest-subnet-zemaca","properties":{"addressPrefix":"10.0.0.0/24","privateLinkServiceNetworkPolicies":"Disabled"}}'
    form: {}
    headers:
      Accept:
      - application/json
      Content-Length:
      - "124"
      Content-Type:
      - application/json
      Test-Request-Attempt:
      - "0"
    url: https://management.azure.com/subscriptions/00000000-0000-0000-0000-000000000000/resourceGroups/asotest-rg-puvnnu/providers/Microsoft.Network/virtualNetworks/asotest-vn-lyhaxe/subnets/asotest-subnet-zemaca?api-version=2020-11-01
    method: PUT
  response:
    body: "{\r\n  \"name\": \"asotest-subnet-zemaca\",\r\n  \"id\": \"/subscriptions/00000000-0000-0000-0000-000000000000/resourceGroups/asotest-rg-puvnnu/providers/Microsoft.Network/virtualNetworks/asotest-vn-lyhaxe/subnets/asotest-subnet-zemaca\",\r\n
      \ \"etag\": \"W/\\\"9a80d63c-a917-4ad7-af9d-35f496cd48f3\\\"\",\r\n  \"properties\":
      {\r\n    \"provisioningState\": \"Updating\",\r\n    \"addressPrefix\": \"10.0.0.0/24\",\r\n
      \   \"delegations\": [],\r\n    \"privateEndpointNetworkPolicies\": \"Disabled\",\r\n
      \   \"privateLinkServiceNetworkPolicies\": \"Disabled\"\r\n  },\r\n  \"type\":
      \"Microsoft.Network/virtualNetworks/subnets\"\r\n}"
    headers:
      Azure-Asyncnotification:
      - Enabled
      Azure-Asyncoperation:
      - https://management.azure.com/subscriptions/00000000-0000-0000-0000-000000000000/providers/Microsoft.Network/locations/westus2/operations/ee6e7d41-812d-4062-8a89-46f79efc8204?api-version=2020-11-01
      Cache-Control:
      - no-cache
      Content-Length:
      - "569"
      Content-Type:
      - application/json; charset=utf-8
      Expires:
      - "-1"
      Pragma:
      - no-cache
      Retry-After:
      - "3"
      Server:
      - Microsoft-HTTPAPI/2.0
      - Microsoft-HTTPAPI/2.0
      Strict-Transport-Security:
      - max-age=31536000; includeSubDomains
      X-Content-Type-Options:
      - nosniff
    status: 201 Created
    code: 201
    duration: ""
- request:
    body: '{"location":"westus2","name":"asotest-loadbalancer-eapnsw","properties":{"frontendIPConfigurations":[{"name":"LoadBalancerFrontend","properties":{"privateIPAllocationMethod":"Dynamic","subnet":{"id":"/subscriptions/00000000-0000-0000-0000-000000000000/resourceGroups/asotest-rg-puvnnu/providers/Microsoft.Network/virtualNetworks/asotest-vn-lyhaxe/subnets/asotest-subnet-zemaca"}}}],"inboundNatPools":[{"name":"MyFancyNatPool","properties":{"backendPort":22,"frontendIPConfiguration":{"id":"/subscriptions/00000000-0000-0000-0000-000000000000/resourceGroups/asotest-rg-puvnnu/providers/Microsoft.Network/loadBalancers/asotest-loadbalancer-eapnsw/frontendIPConfigurations/LoadBalancerFrontend"},"frontendPortRangeEnd":51000,"frontendPortRangeStart":50000,"protocol":"Tcp"}}]},"sku":{"name":"Standard"}}'
    form: {}
    headers:
      Accept:
      - application/json
      Content-Length:
      - "800"
      Content-Type:
      - application/json
      Test-Request-Attempt:
      - "0"
    url: https://management.azure.com/subscriptions/00000000-0000-0000-0000-000000000000/resourceGroups/asotest-rg-puvnnu/providers/Microsoft.Network/loadBalancers/asotest-loadbalancer-eapnsw?api-version=2020-11-01
    method: PUT
  response:
    body: "{\r\n  \"name\": \"asotest-loadbalancer-eapnsw\",\r\n  \"id\": \"/subscriptions/00000000-0000-0000-0000-000000000000/resourceGroups/asotest-rg-puvnnu/providers/Microsoft.Network/loadBalancers/asotest-loadbalancer-eapnsw\",\r\n
      \ \"etag\": \"W/\\\"2ab7188a-9107-4f08-b831-93b79753b034\\\"\",\r\n  \"type\":
      \"Microsoft.Network/loadBalancers\",\r\n  \"location\": \"westus2\",\r\n  \"properties\":
      {\r\n    \"provisioningState\": \"Updating\",\r\n    \"resourceGuid\": \"342576dd-986b-4d1c-bdd6-2e8cc375dacc\",\r\n
      \   \"frontendIPConfigurations\": [\r\n      {\r\n        \"name\": \"LoadBalancerFrontend\",\r\n
      \       \"id\": \"/subscriptions/00000000-0000-0000-0000-000000000000/resourceGroups/asotest-rg-puvnnu/providers/Microsoft.Network/loadBalancers/asotest-loadbalancer-eapnsw/frontendIPConfigurations/LoadBalancerFrontend\",\r\n
      \       \"etag\": \"W/\\\"2ab7188a-9107-4f08-b831-93b79753b034\\\"\",\r\n        \"type\":
      \"Microsoft.Network/loadBalancers/frontendIPConfigurations\",\r\n        \"properties\":
      {\r\n          \"provisioningState\": \"Updating\",\r\n          \"privateIPAddress\":
      \"10.0.0.4\",\r\n          \"privateIPAllocationMethod\": \"Dynamic\",\r\n          \"subnet\":
      {\r\n            \"id\": \"/subscriptions/00000000-0000-0000-0000-000000000000/resourceGroups/asotest-rg-puvnnu/providers/Microsoft.Network/virtualNetworks/asotest-vn-lyhaxe/subnets/asotest-subnet-zemaca\"\r\n
      \         },\r\n          \"inboundNatPools\": [\r\n            {\r\n              \"id\":
      \"/subscriptions/00000000-0000-0000-0000-000000000000/resourceGroups/asotest-rg-puvnnu/providers/Microsoft.Network/loadBalancers/asotest-loadbalancer-eapnsw/inboundNatPools/MyFancyNatPool\"\r\n
      \           }\r\n          ],\r\n          \"privateIPAddressVersion\": \"IPv4\"\r\n
      \       }\r\n      }\r\n    ],\r\n    \"backendAddressPools\": [],\r\n    \"loadBalancingRules\":
      [],\r\n    \"probes\": [],\r\n    \"inboundNatRules\": [],\r\n    \"outboundRules\":
      [],\r\n    \"inboundNatPools\": [\r\n      {\r\n        \"name\": \"MyFancyNatPool\",\r\n
      \       \"id\": \"/subscriptions/00000000-0000-0000-0000-000000000000/resourceGroups/asotest-rg-puvnnu/providers/Microsoft.Network/loadBalancers/asotest-loadbalancer-eapnsw/inboundNatPools/MyFancyNatPool\",\r\n
      \       \"etag\": \"W/\\\"2ab7188a-9107-4f08-b831-93b79753b034\\\"\",\r\n        \"properties\":
      {\r\n          \"provisioningState\": \"Updating\",\r\n          \"frontendPortRangeStart\":
      50000,\r\n          \"frontendPortRangeEnd\": 51000,\r\n          \"backendPort\":
      22,\r\n          \"protocol\": \"Tcp\",\r\n          \"idleTimeoutInMinutes\":
      4,\r\n          \"enableFloatingIP\": false,\r\n          \"enableDestinationServiceEndpoint\":
      false,\r\n          \"enableTcpReset\": false,\r\n          \"allowBackendPortConflict\":
      false,\r\n          \"frontendIPConfiguration\": {\r\n            \"id\": \"/subscriptions/00000000-0000-0000-0000-000000000000/resourceGroups/asotest-rg-puvnnu/providers/Microsoft.Network/loadBalancers/asotest-loadbalancer-eapnsw/frontendIPConfigurations/LoadBalancerFrontend\"\r\n
      \         }\r\n        },\r\n        \"type\": \"Microsoft.Network/loadBalancers/inboundNatPools\"\r\n
      \     }\r\n    ]\r\n  },\r\n  \"sku\": {\r\n    \"name\": \"Standard\",\r\n
      \   \"tier\": \"Regional\"\r\n  }\r\n}"
    headers:
      Azure-Asyncnotification:
      - Enabled
      Azure-Asyncoperation:
      - https://management.azure.com/subscriptions/00000000-0000-0000-0000-000000000000/providers/Microsoft.Network/locations/westus2/operations/750879fb-9ddf-4e90-b5b6-84cd4f8fb66c?api-version=2020-11-01
      Cache-Control:
      - no-cache
      Content-Length:
      - "3002"
      Content-Type:
      - application/json; charset=utf-8
      Expires:
      - "-1"
      Pragma:
      - no-cache
      Retry-After:
      - "3"
      Server:
      - Microsoft-HTTPAPI/2.0
      - Microsoft-HTTPAPI/2.0
      Strict-Transport-Security:
      - max-age=31536000; includeSubDomains
      X-Content-Type-Options:
      - nosniff
    status: 201 Created
    code: 201
    duration: ""
- request:
    body: ""
    form: {}
    headers:
      Test-Request-Attempt:
      - "0"
    url: https://management.azure.com/subscriptions/00000000-0000-0000-0000-000000000000/providers/Microsoft.Network/locations/westus2/operations/ee6e7d41-812d-4062-8a89-46f79efc8204?api-version=2020-11-01
    method: GET
  response:
    body: "{\r\n  \"status\": \"Succeeded\"\r\n}"
    headers:
      Cache-Control:
      - no-cache
      Content-Type:
      - application/json; charset=utf-8
      Expires:
      - "-1"
      Pragma:
      - no-cache
      Server:
      - Microsoft-HTTPAPI/2.0
      - Microsoft-HTTPAPI/2.0
      Strict-Transport-Security:
      - max-age=31536000; includeSubDomains
      Vary:
      - Accept-Encoding
      X-Content-Type-Options:
      - nosniff
    status: 200 OK
    code: 200
    duration: ""
- request:
    body: ""
    form: {}
    headers:
      Test-Request-Attempt:
      - "0"
    url: https://management.azure.com/subscriptions/00000000-0000-0000-0000-000000000000/resourceGroups/asotest-rg-puvnnu/providers/Microsoft.Network/virtualNetworks/asotest-vn-lyhaxe/subnets/asotest-subnet-zemaca?api-version=2020-11-01
    method: GET
  response:
    body: "{\r\n  \"name\": \"asotest-subnet-zemaca\",\r\n  \"id\": \"/subscriptions/00000000-0000-0000-0000-000000000000/resourceGroups/asotest-rg-puvnnu/providers/Microsoft.Network/virtualNetworks/asotest-vn-lyhaxe/subnets/asotest-subnet-zemaca\",\r\n
      \ \"etag\": \"W/\\\"62a2ca98-f6eb-4172-9ef9-fe7624d8b97f\\\"\",\r\n  \"properties\":
      {\r\n    \"provisioningState\": \"Succeeded\",\r\n    \"addressPrefix\": \"10.0.0.0/24\",\r\n
      \   \"ipConfigurations\": [\r\n      {\r\n        \"id\": \"/subscriptions/00000000-0000-0000-0000-000000000000/resourceGroups/asotest-rg-puvnnu/providers/Microsoft.Network/loadBalancers/asotest-loadbalancer-eapnsw/frontendIPConfigurations/LoadBalancerFrontend\"\r\n
      \     }\r\n    ],\r\n    \"delegations\": [],\r\n    \"privateEndpointNetworkPolicies\":
      \"Disabled\",\r\n    \"privateLinkServiceNetworkPolicies\": \"Disabled\"\r\n
      \ },\r\n  \"type\": \"Microsoft.Network/virtualNetworks/subnets\"\r\n}"
    headers:
      Cache-Control:
      - no-cache
      Content-Type:
      - application/json; charset=utf-8
      Etag:
      - W/"62a2ca98-f6eb-4172-9ef9-fe7624d8b97f"
      Expires:
      - "-1"
      Pragma:
      - no-cache
      Server:
      - Microsoft-HTTPAPI/2.0
      - Microsoft-HTTPAPI/2.0
      Strict-Transport-Security:
      - max-age=31536000; includeSubDomains
      Vary:
      - Accept-Encoding
      X-Content-Type-Options:
      - nosniff
    status: 200 OK
    code: 200
    duration: ""
- request:
    body: ""
    form: {}
    headers:
      Accept:
      - application/json
      Test-Request-Attempt:
      - "1"
    url: https://management.azure.com/subscriptions/00000000-0000-0000-0000-000000000000/resourceGroups/asotest-rg-puvnnu/providers/Microsoft.Network/virtualNetworks/asotest-vn-lyhaxe/subnets/asotest-subnet-zemaca?api-version=2020-11-01
    method: GET
  response:
    body: "{\r\n  \"name\": \"asotest-subnet-zemaca\",\r\n  \"id\": \"/subscriptions/00000000-0000-0000-0000-000000000000/resourceGroups/asotest-rg-puvnnu/providers/Microsoft.Network/virtualNetworks/asotest-vn-lyhaxe/subnets/asotest-subnet-zemaca\",\r\n
      \ \"etag\": \"W/\\\"62a2ca98-f6eb-4172-9ef9-fe7624d8b97f\\\"\",\r\n  \"properties\":
      {\r\n    \"provisioningState\": \"Succeeded\",\r\n    \"addressPrefix\": \"10.0.0.0/24\",\r\n
      \   \"ipConfigurations\": [\r\n      {\r\n        \"id\": \"/subscriptions/00000000-0000-0000-0000-000000000000/resourceGroups/asotest-rg-puvnnu/providers/Microsoft.Network/loadBalancers/asotest-loadbalancer-eapnsw/frontendIPConfigurations/LoadBalancerFrontend\"\r\n
      \     }\r\n    ],\r\n    \"delegations\": [],\r\n    \"privateEndpointNetworkPolicies\":
      \"Disabled\",\r\n    \"privateLinkServiceNetworkPolicies\": \"Disabled\"\r\n
      \ },\r\n  \"type\": \"Microsoft.Network/virtualNetworks/subnets\"\r\n}"
    headers:
      Cache-Control:
      - no-cache
      Content-Type:
      - application/json; charset=utf-8
      Etag:
      - W/"62a2ca98-f6eb-4172-9ef9-fe7624d8b97f"
      Expires:
      - "-1"
      Pragma:
      - no-cache
      Server:
      - Microsoft-HTTPAPI/2.0
      - Microsoft-HTTPAPI/2.0
      Strict-Transport-Security:
      - max-age=31536000; includeSubDomains
      Vary:
      - Accept-Encoding
      X-Content-Type-Options:
      - nosniff
    status: 200 OK
    code: 200
    duration: ""
- request:
    body: ""
    form: {}
    headers:
      Test-Request-Attempt:
      - "0"
    url: https://management.azure.com/subscriptions/00000000-0000-0000-0000-000000000000/providers/Microsoft.Network/locations/westus2/operations/750879fb-9ddf-4e90-b5b6-84cd4f8fb66c?api-version=2020-11-01
    method: GET
  response:
    body: "{\r\n  \"status\": \"Succeeded\"\r\n}"
    headers:
      Cache-Control:
      - no-cache
      Content-Type:
      - application/json; charset=utf-8
      Expires:
      - "-1"
      Pragma:
      - no-cache
      Server:
      - Microsoft-HTTPAPI/2.0
      - Microsoft-HTTPAPI/2.0
      Strict-Transport-Security:
      - max-age=31536000; includeSubDomains
      Vary:
      - Accept-Encoding
      X-Content-Type-Options:
      - nosniff
    status: 200 OK
    code: 200
    duration: ""
- request:
    body: ""
    form: {}
    headers:
      Test-Request-Attempt:
      - "1"
    url: https://management.azure.com/subscriptions/00000000-0000-0000-0000-000000000000/resourceGroups/asotest-rg-puvnnu/providers/Microsoft.Network/loadBalancers/asotest-loadbalancer-eapnsw?api-version=2020-11-01
    method: GET
  response:
    body: "{\r\n  \"name\": \"asotest-loadbalancer-eapnsw\",\r\n  \"id\": \"/subscriptions/00000000-0000-0000-0000-000000000000/resourceGroups/asotest-rg-puvnnu/providers/Microsoft.Network/loadBalancers/asotest-loadbalancer-eapnsw\",\r\n
      \ \"etag\": \"W/\\\"ac6b6d21-aa2c-4d80-a7c9-5c20b023f4dd\\\"\",\r\n  \"type\":
      \"Microsoft.Network/loadBalancers\",\r\n  \"location\": \"westus2\",\r\n  \"properties\":
      {\r\n    \"provisioningState\": \"Succeeded\",\r\n    \"resourceGuid\": \"342576dd-986b-4d1c-bdd6-2e8cc375dacc\",\r\n
      \   \"frontendIPConfigurations\": [\r\n      {\r\n        \"name\": \"LoadBalancerFrontend\",\r\n
      \       \"id\": \"/subscriptions/00000000-0000-0000-0000-000000000000/resourceGroups/asotest-rg-puvnnu/providers/Microsoft.Network/loadBalancers/asotest-loadbalancer-eapnsw/frontendIPConfigurations/LoadBalancerFrontend\",\r\n
      \       \"etag\": \"W/\\\"ac6b6d21-aa2c-4d80-a7c9-5c20b023f4dd\\\"\",\r\n        \"type\":
      \"Microsoft.Network/loadBalancers/frontendIPConfigurations\",\r\n        \"properties\":
      {\r\n          \"provisioningState\": \"Succeeded\",\r\n          \"privateIPAddress\":
      \"10.0.0.4\",\r\n          \"privateIPAllocationMethod\": \"Dynamic\",\r\n          \"subnet\":
      {\r\n            \"id\": \"/subscriptions/00000000-0000-0000-0000-000000000000/resourceGroups/asotest-rg-puvnnu/providers/Microsoft.Network/virtualNetworks/asotest-vn-lyhaxe/subnets/asotest-subnet-zemaca\"\r\n
      \         },\r\n          \"inboundNatPools\": [\r\n            {\r\n              \"id\":
      \"/subscriptions/00000000-0000-0000-0000-000000000000/resourceGroups/asotest-rg-puvnnu/providers/Microsoft.Network/loadBalancers/asotest-loadbalancer-eapnsw/inboundNatPools/MyFancyNatPool\"\r\n
      \           }\r\n          ],\r\n          \"privateIPAddressVersion\": \"IPv4\"\r\n
      \       }\r\n      }\r\n    ],\r\n    \"backendAddressPools\": [],\r\n    \"loadBalancingRules\":
      [],\r\n    \"probes\": [],\r\n    \"inboundNatRules\": [],\r\n    \"outboundRules\":
      [],\r\n    \"inboundNatPools\": [\r\n      {\r\n        \"name\": \"MyFancyNatPool\",\r\n
      \       \"id\": \"/subscriptions/00000000-0000-0000-0000-000000000000/resourceGroups/asotest-rg-puvnnu/providers/Microsoft.Network/loadBalancers/asotest-loadbalancer-eapnsw/inboundNatPools/MyFancyNatPool\",\r\n
      \       \"etag\": \"W/\\\"ac6b6d21-aa2c-4d80-a7c9-5c20b023f4dd\\\"\",\r\n        \"properties\":
      {\r\n          \"provisioningState\": \"Succeeded\",\r\n          \"frontendPortRangeStart\":
      50000,\r\n          \"frontendPortRangeEnd\": 51000,\r\n          \"backendPort\":
      22,\r\n          \"protocol\": \"Tcp\",\r\n          \"idleTimeoutInMinutes\":
      4,\r\n          \"enableFloatingIP\": false,\r\n          \"enableDestinationServiceEndpoint\":
      false,\r\n          \"enableTcpReset\": false,\r\n          \"allowBackendPortConflict\":
      false,\r\n          \"frontendIPConfiguration\": {\r\n            \"id\": \"/subscriptions/00000000-0000-0000-0000-000000000000/resourceGroups/asotest-rg-puvnnu/providers/Microsoft.Network/loadBalancers/asotest-loadbalancer-eapnsw/frontendIPConfigurations/LoadBalancerFrontend\"\r\n
      \         }\r\n        },\r\n        \"type\": \"Microsoft.Network/loadBalancers/inboundNatPools\"\r\n
      \     }\r\n    ]\r\n  },\r\n  \"sku\": {\r\n    \"name\": \"Standard\",\r\n
      \   \"tier\": \"Regional\"\r\n  }\r\n}"
    headers:
      Cache-Control:
      - no-cache
      Content-Type:
      - application/json; charset=utf-8
      Etag:
      - W/"ac6b6d21-aa2c-4d80-a7c9-5c20b023f4dd"
      Expires:
      - "-1"
      Pragma:
      - no-cache
      Server:
      - Microsoft-HTTPAPI/2.0
      - Microsoft-HTTPAPI/2.0
      Strict-Transport-Security:
      - max-age=31536000; includeSubDomains
      Vary:
      - Accept-Encoding
      X-Content-Type-Options:
      - nosniff
    status: 200 OK
    code: 200
    duration: ""
- request:
    body: ""
    form: {}
    headers:
      Accept:
      - application/json
      Test-Request-Attempt:
      - "2"
    url: https://management.azure.com/subscriptions/00000000-0000-0000-0000-000000000000/resourceGroups/asotest-rg-puvnnu/providers/Microsoft.Network/loadBalancers/asotest-loadbalancer-eapnsw?api-version=2020-11-01
    method: GET
  response:
    body: "{\r\n  \"name\": \"asotest-loadbalancer-eapnsw\",\r\n  \"id\": \"/subscriptions/00000000-0000-0000-0000-000000000000/resourceGroups/asotest-rg-puvnnu/providers/Microsoft.Network/loadBalancers/asotest-loadbalancer-eapnsw\",\r\n
      \ \"etag\": \"W/\\\"ac6b6d21-aa2c-4d80-a7c9-5c20b023f4dd\\\"\",\r\n  \"type\":
      \"Microsoft.Network/loadBalancers\",\r\n  \"location\": \"westus2\",\r\n  \"properties\":
      {\r\n    \"provisioningState\": \"Succeeded\",\r\n    \"resourceGuid\": \"342576dd-986b-4d1c-bdd6-2e8cc375dacc\",\r\n
      \   \"frontendIPConfigurations\": [\r\n      {\r\n        \"name\": \"LoadBalancerFrontend\",\r\n
      \       \"id\": \"/subscriptions/00000000-0000-0000-0000-000000000000/resourceGroups/asotest-rg-puvnnu/providers/Microsoft.Network/loadBalancers/asotest-loadbalancer-eapnsw/frontendIPConfigurations/LoadBalancerFrontend\",\r\n
      \       \"etag\": \"W/\\\"ac6b6d21-aa2c-4d80-a7c9-5c20b023f4dd\\\"\",\r\n        \"type\":
      \"Microsoft.Network/loadBalancers/frontendIPConfigurations\",\r\n        \"properties\":
      {\r\n          \"provisioningState\": \"Succeeded\",\r\n          \"privateIPAddress\":
      \"10.0.0.4\",\r\n          \"privateIPAllocationMethod\": \"Dynamic\",\r\n          \"subnet\":
      {\r\n            \"id\": \"/subscriptions/00000000-0000-0000-0000-000000000000/resourceGroups/asotest-rg-puvnnu/providers/Microsoft.Network/virtualNetworks/asotest-vn-lyhaxe/subnets/asotest-subnet-zemaca\"\r\n
      \         },\r\n          \"inboundNatPools\": [\r\n            {\r\n              \"id\":
      \"/subscriptions/00000000-0000-0000-0000-000000000000/resourceGroups/asotest-rg-puvnnu/providers/Microsoft.Network/loadBalancers/asotest-loadbalancer-eapnsw/inboundNatPools/MyFancyNatPool\"\r\n
      \           }\r\n          ],\r\n          \"privateIPAddressVersion\": \"IPv4\"\r\n
      \       }\r\n      }\r\n    ],\r\n    \"backendAddressPools\": [],\r\n    \"loadBalancingRules\":
      [],\r\n    \"probes\": [],\r\n    \"inboundNatRules\": [],\r\n    \"outboundRules\":
      [],\r\n    \"inboundNatPools\": [\r\n      {\r\n        \"name\": \"MyFancyNatPool\",\r\n
      \       \"id\": \"/subscriptions/00000000-0000-0000-0000-000000000000/resourceGroups/asotest-rg-puvnnu/providers/Microsoft.Network/loadBalancers/asotest-loadbalancer-eapnsw/inboundNatPools/MyFancyNatPool\",\r\n
      \       \"etag\": \"W/\\\"ac6b6d21-aa2c-4d80-a7c9-5c20b023f4dd\\\"\",\r\n        \"properties\":
      {\r\n          \"provisioningState\": \"Succeeded\",\r\n          \"frontendPortRangeStart\":
      50000,\r\n          \"frontendPortRangeEnd\": 51000,\r\n          \"backendPort\":
      22,\r\n          \"protocol\": \"Tcp\",\r\n          \"idleTimeoutInMinutes\":
      4,\r\n          \"enableFloatingIP\": false,\r\n          \"enableDestinationServiceEndpoint\":
      false,\r\n          \"enableTcpReset\": false,\r\n          \"allowBackendPortConflict\":
      false,\r\n          \"frontendIPConfiguration\": {\r\n            \"id\": \"/subscriptions/00000000-0000-0000-0000-000000000000/resourceGroups/asotest-rg-puvnnu/providers/Microsoft.Network/loadBalancers/asotest-loadbalancer-eapnsw/frontendIPConfigurations/LoadBalancerFrontend\"\r\n
      \         }\r\n        },\r\n        \"type\": \"Microsoft.Network/loadBalancers/inboundNatPools\"\r\n
      \     }\r\n    ]\r\n  },\r\n  \"sku\": {\r\n    \"name\": \"Standard\",\r\n
      \   \"tier\": \"Regional\"\r\n  }\r\n}"
    headers:
      Cache-Control:
      - no-cache
      Content-Type:
      - application/json; charset=utf-8
      Etag:
      - W/"ac6b6d21-aa2c-4d80-a7c9-5c20b023f4dd"
      Expires:
      - "-1"
      Pragma:
      - no-cache
      Server:
      - Microsoft-HTTPAPI/2.0
      - Microsoft-HTTPAPI/2.0
      Strict-Transport-Security:
      - max-age=31536000; includeSubDomains
      Vary:
      - Accept-Encoding
      X-Content-Type-Options:
      - nosniff
    status: 200 OK
    code: 200
    duration: ""
- request:
    body: '{"location":"westus2","name":"asotest-pls-omqdrq","properties":{"autoApproval":{"subscriptions":["00000000-0000-0000-0000-000000000000"]},"ipConfigurations":[{"name":"config","properties":{"privateIPAddressVersion":"IPv4","privateIPAllocationMethod":"Dynamic","subnet":{"id":"/subscriptions/00000000-0000-0000-0000-000000000000/resourceGroups/asotest-rg-puvnnu/providers/Microsoft.Network/virtualNetworks/asotest-vn-lyhaxe/subnets/asotest-subnet-zemaca"}}}],"loadBalancerFrontendIpConfigurations":[{"id":"/subscriptions/00000000-0000-0000-0000-000000000000/resourceGroups/asotest-rg-puvnnu/providers/Microsoft.Network/loadBalancers/asotest-loadbalancer-eapnsw/frontendIPConfigurations/LoadBalancerFrontend"}],"visibility":{"subscriptions":["00000000-0000-0000-0000-000000000000"]}}}'
    form: {}
    headers:
      Accept:
      - application/json
      Content-Length:
      - "782"
      Content-Type:
      - application/json
      Test-Request-Attempt:
      - "0"
    url: https://management.azure.com/subscriptions/00000000-0000-0000-0000-000000000000/resourceGroups/asotest-rg-puvnnu/providers/Microsoft.Network/privateLinkServices/asotest-pls-omqdrq?api-version=2022-07-01
    method: PUT
  response:
    body: "{\r\n  \"name\": \"asotest-pls-omqdrq\",\r\n  \"id\": \"/subscriptions/00000000-0000-0000-0000-000000000000/resourceGroups/asotest-rg-puvnnu/providers/Microsoft.Network/privateLinkServices/asotest-pls-omqdrq\",\r\n
      \ \"etag\": \"W/\\\"cd3ba9b6-ff2f-43a6-905b-586c65a65391\\\"\",\r\n  \"type\":
      \"Microsoft.Network/privateLinkServices\",\r\n  \"location\": \"westus2\",\r\n
      \ \"properties\": {\r\n    \"provisioningState\": \"Updating\",\r\n    \"resourceGuid\":
      \"98e4c337-1042-4bd3-a597-3059a988f7cd\",\r\n    \"fqdns\": [],\r\n    \"alias\":
      \"asotest-pls-omqdrq.7cc71712-a411-4ac1-a58c-4ee66195eae1.westus2.azure.privatelinkservice\",\r\n
      \   \"visibility\": {\r\n      \"subscriptions\": [\r\n        \"00000000-0000-0000-0000-000000000000\"\r\n
      \     ]\r\n    },\r\n    \"autoApproval\": {\r\n      \"subscriptions\": [\r\n
      \       \"00000000-0000-0000-0000-000000000000\"\r\n      ]\r\n    },\r\n    \"enableProxyProtocol\":
      false,\r\n    \"loadBalancerFrontendIpConfigurations\": [\r\n      {\r\n        \"id\":
      \"/subscriptions/00000000-0000-0000-0000-000000000000/resourceGroups/asotest-rg-puvnnu/providers/Microsoft.Network/loadBalancers/asotest-loadbalancer-eapnsw/frontendIPConfigurations/LoadBalancerFrontend\"\r\n
      \     }\r\n    ],\r\n    \"ipConfigurations\": [\r\n      {\r\n        \"name\":
      \"config\",\r\n        \"id\": \"/subscriptions/00000000-0000-0000-0000-000000000000/resourceGroups/asotest-rg-puvnnu/providers/Microsoft.Network/privateLinkServices/asotest-pls-omqdrq/ipConfigurations/config\",\r\n
      \       \"etag\": \"W/\\\"cd3ba9b6-ff2f-43a6-905b-586c65a65391\\\"\",\r\n        \"type\":
      \"Microsoft.Network/privateLinkServices/ipConfigurations\",\r\n        \"properties\":
      {\r\n          \"provisioningState\": \"Succeeded\",\r\n          \"privateIPAllocationMethod\":
      \"Dynamic\",\r\n          \"subnet\": {\r\n            \"id\": \"/subscriptions/00000000-0000-0000-0000-000000000000/resourceGroups/asotest-rg-puvnnu/providers/Microsoft.Network/virtualNetworks/asotest-vn-lyhaxe/subnets/asotest-subnet-zemaca\"\r\n
      \         },\r\n          \"primary\": true,\r\n          \"privateIPAddressVersion\":
      \"IPv4\"\r\n        }\r\n      }\r\n    ],\r\n    \"privateEndpointConnections\":
      [],\r\n    \"networkInterfaces\": [\r\n      {\r\n        \"id\": \"/subscriptions/00000000-0000-0000-0000-000000000000/resourceGroups/asotest-rg-puvnnu/providers/Microsoft.Network/networkInterfaces/asotest-pls-omqdrq.nic.c0d6ad08-48e7-4f9f-a2c4-f941e394b2d9\"\r\n
      \     }\r\n    ]\r\n  }\r\n}"
    headers:
      Azure-Asyncnotification:
      - Enabled
      Azure-Asyncoperation:
      - https://management.azure.com/subscriptions/00000000-0000-0000-0000-000000000000/providers/Microsoft.Network/locations/westus2/operations/136a8b01-4b8f-45a6-8e4b-b3ebfb9e0043?api-version=2022-07-01
      Cache-Control:
      - no-cache
      Content-Length:
      - "2287"
      Content-Type:
      - application/json; charset=utf-8
      Expires:
      - "-1"
      Pragma:
      - no-cache
      Retry-After:
      - "10"
      Server:
      - Microsoft-HTTPAPI/2.0
      - Microsoft-HTTPAPI/2.0
      Strict-Transport-Security:
      - max-age=31536000; includeSubDomains
      X-Content-Type-Options:
      - nosniff
    status: 201 Created
    code: 201
    duration: ""
- request:
    body: ""
    form: {}
    headers:
      Test-Request-Attempt:
      - "0"
    url: https://management.azure.com/subscriptions/00000000-0000-0000-0000-000000000000/providers/Microsoft.Network/locations/westus2/operations/136a8b01-4b8f-45a6-8e4b-b3ebfb9e0043?api-version=2022-07-01
    method: GET
  response:
    body: "{\r\n  \"status\": \"InProgress\"\r\n}"
    headers:
      Cache-Control:
      - no-cache
      Content-Type:
      - application/json; charset=utf-8
      Expires:
      - "-1"
      Pragma:
      - no-cache
      Retry-After:
      - "10"
      Server:
      - Microsoft-HTTPAPI/2.0
      - Microsoft-HTTPAPI/2.0
      Strict-Transport-Security:
      - max-age=31536000; includeSubDomains
      Vary:
      - Accept-Encoding
      X-Content-Type-Options:
      - nosniff
    status: 200 OK
    code: 200
    duration: ""
- request:
    body: ""
    form: {}
    headers:
      Test-Request-Attempt:
      - "1"
    url: https://management.azure.com/subscriptions/00000000-0000-0000-0000-000000000000/providers/Microsoft.Network/locations/westus2/operations/136a8b01-4b8f-45a6-8e4b-b3ebfb9e0043?api-version=2022-07-01
    method: GET
  response:
    body: "{\r\n  \"status\": \"Succeeded\"\r\n}"
    headers:
      Cache-Control:
      - no-cache
      Content-Type:
      - application/json; charset=utf-8
      Expires:
      - "-1"
      Pragma:
      - no-cache
      Server:
      - Microsoft-HTTPAPI/2.0
      - Microsoft-HTTPAPI/2.0
      Strict-Transport-Security:
      - max-age=31536000; includeSubDomains
      Vary:
      - Accept-Encoding
      X-Content-Type-Options:
      - nosniff
    status: 200 OK
    code: 200
    duration: ""
- request:
    body: ""
    form: {}
    headers:
      Test-Request-Attempt:
      - "0"
    url: https://management.azure.com/subscriptions/00000000-0000-0000-0000-000000000000/resourceGroups/asotest-rg-puvnnu/providers/Microsoft.Network/privateLinkServices/asotest-pls-omqdrq?api-version=2022-07-01
    method: GET
  response:
    body: "{\r\n  \"name\": \"asotest-pls-omqdrq\",\r\n  \"id\": \"/subscriptions/00000000-0000-0000-0000-000000000000/resourceGroups/asotest-rg-puvnnu/providers/Microsoft.Network/privateLinkServices/asotest-pls-omqdrq\",\r\n
      \ \"etag\": \"W/\\\"f4cee8d8-d77e-4278-b931-9911c9315768\\\"\",\r\n  \"type\":
      \"Microsoft.Network/privateLinkServices\",\r\n  \"location\": \"westus2\",\r\n
      \ \"properties\": {\r\n    \"provisioningState\": \"Succeeded\",\r\n    \"resourceGuid\":
      \"98e4c337-1042-4bd3-a597-3059a988f7cd\",\r\n    \"fqdns\": [],\r\n    \"alias\":
      \"asotest-pls-omqdrq.7cc71712-a411-4ac1-a58c-4ee66195eae1.westus2.azure.privatelinkservice\",\r\n
      \   \"visibility\": {\r\n      \"subscriptions\": [\r\n        \"00000000-0000-0000-0000-000000000000\"\r\n
      \     ]\r\n    },\r\n    \"autoApproval\": {\r\n      \"subscriptions\": [\r\n
      \       \"00000000-0000-0000-0000-000000000000\"\r\n      ]\r\n    },\r\n    \"enableProxyProtocol\":
      false,\r\n    \"loadBalancerFrontendIpConfigurations\": [\r\n      {\r\n        \"id\":
      \"/subscriptions/00000000-0000-0000-0000-000000000000/resourceGroups/asotest-rg-puvnnu/providers/Microsoft.Network/loadBalancers/asotest-loadbalancer-eapnsw/frontendIPConfigurations/LoadBalancerFrontend\"\r\n
      \     }\r\n    ],\r\n    \"ipConfigurations\": [\r\n      {\r\n        \"name\":
      \"config\",\r\n        \"id\": \"/subscriptions/00000000-0000-0000-0000-000000000000/resourceGroups/asotest-rg-puvnnu/providers/Microsoft.Network/privateLinkServices/asotest-pls-omqdrq/ipConfigurations/config\",\r\n
      \       \"etag\": \"W/\\\"f4cee8d8-d77e-4278-b931-9911c9315768\\\"\",\r\n        \"type\":
      \"Microsoft.Network/privateLinkServices/ipConfigurations\",\r\n        \"properties\":
      {\r\n          \"provisioningState\": \"Succeeded\",\r\n          \"privateIPAllocationMethod\":
      \"Dynamic\",\r\n          \"subnet\": {\r\n            \"id\": \"/subscriptions/00000000-0000-0000-0000-000000000000/resourceGroups/asotest-rg-puvnnu/providers/Microsoft.Network/virtualNetworks/asotest-vn-lyhaxe/subnets/asotest-subnet-zemaca\"\r\n
      \         },\r\n          \"primary\": true,\r\n          \"privateIPAddressVersion\":
      \"IPv4\"\r\n        }\r\n      }\r\n    ],\r\n    \"privateEndpointConnections\":
      [],\r\n    \"networkInterfaces\": [\r\n      {\r\n        \"id\": \"/subscriptions/00000000-0000-0000-0000-000000000000/resourceGroups/asotest-rg-puvnnu/providers/Microsoft.Network/networkInterfaces/asotest-pls-omqdrq.nic.c0d6ad08-48e7-4f9f-a2c4-f941e394b2d9\"\r\n
      \     }\r\n    ]\r\n  }\r\n}"
    headers:
      Cache-Control:
      - no-cache
      Content-Type:
      - application/json; charset=utf-8
      Etag:
      - W/"f4cee8d8-d77e-4278-b931-9911c9315768"
      Expires:
      - "-1"
      Pragma:
      - no-cache
      Server:
      - Microsoft-HTTPAPI/2.0
      - Microsoft-HTTPAPI/2.0
      Strict-Transport-Security:
      - max-age=31536000; includeSubDomains
      Vary:
      - Accept-Encoding
      X-Content-Type-Options:
      - nosniff
    status: 200 OK
    code: 200
    duration: ""
- request:
    body: ""
    form: {}
    headers:
      Accept:
      - application/json
      Test-Request-Attempt:
      - "1"
    url: https://management.azure.com/subscriptions/00000000-0000-0000-0000-000000000000/resourceGroups/asotest-rg-puvnnu/providers/Microsoft.Network/privateLinkServices/asotest-pls-omqdrq?api-version=2022-07-01
    method: GET
  response:
    body: "{\r\n  \"name\": \"asotest-pls-omqdrq\",\r\n  \"id\": \"/subscriptions/00000000-0000-0000-0000-000000000000/resourceGroups/asotest-rg-puvnnu/providers/Microsoft.Network/privateLinkServices/asotest-pls-omqdrq\",\r\n
      \ \"etag\": \"W/\\\"f4cee8d8-d77e-4278-b931-9911c9315768\\\"\",\r\n  \"type\":
      \"Microsoft.Network/privateLinkServices\",\r\n  \"location\": \"westus2\",\r\n
      \ \"properties\": {\r\n    \"provisioningState\": \"Succeeded\",\r\n    \"resourceGuid\":
      \"98e4c337-1042-4bd3-a597-3059a988f7cd\",\r\n    \"fqdns\": [],\r\n    \"alias\":
      \"asotest-pls-omqdrq.7cc71712-a411-4ac1-a58c-4ee66195eae1.westus2.azure.privatelinkservice\",\r\n
      \   \"visibility\": {\r\n      \"subscriptions\": [\r\n        \"00000000-0000-0000-0000-000000000000\"\r\n
      \     ]\r\n    },\r\n    \"autoApproval\": {\r\n      \"subscriptions\": [\r\n
      \       \"00000000-0000-0000-0000-000000000000\"\r\n      ]\r\n    },\r\n    \"enableProxyProtocol\":
      false,\r\n    \"loadBalancerFrontendIpConfigurations\": [\r\n      {\r\n        \"id\":
      \"/subscriptions/00000000-0000-0000-0000-000000000000/resourceGroups/asotest-rg-puvnnu/providers/Microsoft.Network/loadBalancers/asotest-loadbalancer-eapnsw/frontendIPConfigurations/LoadBalancerFrontend\"\r\n
      \     }\r\n    ],\r\n    \"ipConfigurations\": [\r\n      {\r\n        \"name\":
      \"config\",\r\n        \"id\": \"/subscriptions/00000000-0000-0000-0000-000000000000/resourceGroups/asotest-rg-puvnnu/providers/Microsoft.Network/privateLinkServices/asotest-pls-omqdrq/ipConfigurations/config\",\r\n
      \       \"etag\": \"W/\\\"f4cee8d8-d77e-4278-b931-9911c9315768\\\"\",\r\n        \"type\":
      \"Microsoft.Network/privateLinkServices/ipConfigurations\",\r\n        \"properties\":
      {\r\n          \"provisioningState\": \"Succeeded\",\r\n          \"privateIPAllocationMethod\":
      \"Dynamic\",\r\n          \"subnet\": {\r\n            \"id\": \"/subscriptions/00000000-0000-0000-0000-000000000000/resourceGroups/asotest-rg-puvnnu/providers/Microsoft.Network/virtualNetworks/asotest-vn-lyhaxe/subnets/asotest-subnet-zemaca\"\r\n
      \         },\r\n          \"primary\": true,\r\n          \"privateIPAddressVersion\":
      \"IPv4\"\r\n        }\r\n      }\r\n    ],\r\n    \"privateEndpointConnections\":
      [],\r\n    \"networkInterfaces\": [\r\n      {\r\n        \"id\": \"/subscriptions/00000000-0000-0000-0000-000000000000/resourceGroups/asotest-rg-puvnnu/providers/Microsoft.Network/networkInterfaces/asotest-pls-omqdrq.nic.c0d6ad08-48e7-4f9f-a2c4-f941e394b2d9\"\r\n
      \     }\r\n    ]\r\n  }\r\n}"
    headers:
      Cache-Control:
      - no-cache
      Content-Type:
      - application/json; charset=utf-8
      Etag:
      - W/"f4cee8d8-d77e-4278-b931-9911c9315768"
      Expires:
      - "-1"
      Pragma:
      - no-cache
      Server:
      - Microsoft-HTTPAPI/2.0
      - Microsoft-HTTPAPI/2.0
      Strict-Transport-Security:
      - max-age=31536000; includeSubDomains
      Vary:
      - Accept-Encoding
      X-Content-Type-Options:
      - nosniff
    status: 200 OK
    code: 200
    duration: ""
- request:
    body: '{"location":"westus2","name":"asotest-pls-omqdrq","properties":{"autoApproval":{"subscriptions":["00000000-0000-0000-0000-000000000000"]},"ipConfigurations":[{"name":"config","properties":{"privateIPAddressVersion":"IPv4","privateIPAllocationMethod":"Dynamic","subnet":{"id":"/subscriptions/00000000-0000-0000-0000-000000000000/resourceGroups/asotest-rg-puvnnu/providers/Microsoft.Network/virtualNetworks/asotest-vn-lyhaxe/subnets/asotest-subnet-zemaca"}}}],"loadBalancerFrontendIpConfigurations":[{"id":"/subscriptions/00000000-0000-0000-0000-000000000000/resourceGroups/asotest-rg-puvnnu/providers/Microsoft.Network/loadBalancers/asotest-loadbalancer-eapnsw/frontendIPConfigurations/LoadBalancerFrontend"}],"visibility":{"subscriptions":["00000000-0000-0000-0000-000000000000"]}},"tags":{"foo":"bar"}}'
    form: {}
    headers:
      Accept:
      - application/json
      Content-Length:
      - "803"
      Content-Type:
      - application/json
      Test-Request-Attempt:
      - "1"
    url: https://management.azure.com/subscriptions/00000000-0000-0000-0000-000000000000/resourceGroups/asotest-rg-puvnnu/providers/Microsoft.Network/privateLinkServices/asotest-pls-omqdrq?api-version=2022-07-01
    method: PUT
  response:
    body: "{\r\n  \"name\": \"asotest-pls-omqdrq\",\r\n  \"id\": \"/subscriptions/00000000-0000-0000-0000-000000000000/resourceGroups/asotest-rg-puvnnu/providers/Microsoft.Network/privateLinkServices/asotest-pls-omqdrq\",\r\n
      \ \"etag\": \"W/\\\"1dc655e5-2653-408e-8d8b-f1cfe823aeb7\\\"\",\r\n  \"type\":
      \"Microsoft.Network/privateLinkServices\",\r\n  \"location\": \"westus2\",\r\n
      \ \"tags\": {\r\n    \"foo\": \"bar\"\r\n  },\r\n  \"properties\": {\r\n    \"provisioningState\":
      \"Succeeded\",\r\n    \"resourceGuid\": \"98e4c337-1042-4bd3-a597-3059a988f7cd\",\r\n
      \   \"fqdns\": [],\r\n    \"alias\": \"asotest-pls-omqdrq.7cc71712-a411-4ac1-a58c-4ee66195eae1.westus2.azure.privatelinkservice\",\r\n
      \   \"visibility\": {\r\n      \"subscriptions\": [\r\n        \"00000000-0000-0000-0000-000000000000\"\r\n
      \     ]\r\n    },\r\n    \"autoApproval\": {\r\n      \"subscriptions\": [\r\n
      \       \"00000000-0000-0000-0000-000000000000\"\r\n      ]\r\n    },\r\n    \"enableProxyProtocol\":
      false,\r\n    \"loadBalancerFrontendIpConfigurations\": [\r\n      {\r\n        \"id\":
      \"/subscriptions/00000000-0000-0000-0000-000000000000/resourceGroups/asotest-rg-puvnnu/providers/Microsoft.Network/loadBalancers/asotest-loadbalancer-eapnsw/frontendIPConfigurations/LoadBalancerFrontend\"\r\n
      \     }\r\n    ],\r\n    \"ipConfigurations\": [\r\n      {\r\n        \"name\":
      \"config\",\r\n        \"id\": \"/subscriptions/00000000-0000-0000-0000-000000000000/resourceGroups/asotest-rg-puvnnu/providers/Microsoft.Network/privateLinkServices/asotest-pls-omqdrq/ipConfigurations/config\",\r\n
      \       \"etag\": \"W/\\\"1dc655e5-2653-408e-8d8b-f1cfe823aeb7\\\"\",\r\n        \"type\":
      \"Microsoft.Network/privateLinkServices/ipConfigurations\",\r\n        \"properties\":
      {\r\n          \"provisioningState\": \"Succeeded\",\r\n          \"privateIPAllocationMethod\":
      \"Dynamic\",\r\n          \"subnet\": {\r\n            \"id\": \"/subscriptions/00000000-0000-0000-0000-000000000000/resourceGroups/asotest-rg-puvnnu/providers/Microsoft.Network/virtualNetworks/asotest-vn-lyhaxe/subnets/asotest-subnet-zemaca\"\r\n
      \         },\r\n          \"primary\": true,\r\n          \"privateIPAddressVersion\":
      \"IPv4\"\r\n        }\r\n      }\r\n    ],\r\n    \"privateEndpointConnections\":
      [],\r\n    \"networkInterfaces\": [\r\n      {\r\n        \"id\": \"/subscriptions/00000000-0000-0000-0000-000000000000/resourceGroups/asotest-rg-puvnnu/providers/Microsoft.Network/networkInterfaces/asotest-pls-omqdrq.nic.c0d6ad08-48e7-4f9f-a2c4-f941e394b2d9\"\r\n
      \     }\r\n    ]\r\n  }\r\n}"
    headers:
      Azure-Asyncnotification:
      - Enabled
      Azure-Asyncoperation:
      - https://management.azure.com/subscriptions/00000000-0000-0000-0000-000000000000/providers/Microsoft.Network/locations/westus2/operations/03a52a11-2e6c-41ee-b79b-7cb53e99b6da?api-version=2022-07-01
      Cache-Control:
      - no-cache
      Content-Type:
      - application/json; charset=utf-8
      Expires:
      - "-1"
      Pragma:
      - no-cache
      Server:
      - Microsoft-HTTPAPI/2.0
      - Microsoft-HTTPAPI/2.0
      Strict-Transport-Security:
      - max-age=31536000; includeSubDomains
      Vary:
      - Accept-Encoding
      X-Content-Type-Options:
      - nosniff
    status: 200 OK
    code: 200
    duration: ""
- request:
    body: ""
    form: {}
    headers:
      Accept:
      - application/json
      Test-Request-Attempt:
      - "2"
    url: https://management.azure.com/subscriptions/00000000-0000-0000-0000-000000000000/resourceGroups/asotest-rg-puvnnu/providers/Microsoft.Network/privateLinkServices/asotest-pls-omqdrq?api-version=2022-07-01
    method: GET
  response:
    body: "{\r\n  \"name\": \"asotest-pls-omqdrq\",\r\n  \"id\": \"/subscriptions/00000000-0000-0000-0000-000000000000/resourceGroups/asotest-rg-puvnnu/providers/Microsoft.Network/privateLinkServices/asotest-pls-omqdrq\",\r\n
      \ \"etag\": \"W/\\\"1dc655e5-2653-408e-8d8b-f1cfe823aeb7\\\"\",\r\n  \"type\":
      \"Microsoft.Network/privateLinkServices\",\r\n  \"location\": \"westus2\",\r\n
      \ \"tags\": {\r\n    \"foo\": \"bar\"\r\n  },\r\n  \"properties\": {\r\n    \"provisioningState\":
      \"Succeeded\",\r\n    \"resourceGuid\": \"98e4c337-1042-4bd3-a597-3059a988f7cd\",\r\n
      \   \"fqdns\": [],\r\n    \"alias\": \"asotest-pls-omqdrq.7cc71712-a411-4ac1-a58c-4ee66195eae1.westus2.azure.privatelinkservice\",\r\n
      \   \"visibility\": {\r\n      \"subscriptions\": [\r\n        \"00000000-0000-0000-0000-000000000000\"\r\n
      \     ]\r\n    },\r\n    \"autoApproval\": {\r\n      \"subscriptions\": [\r\n
      \       \"00000000-0000-0000-0000-000000000000\"\r\n      ]\r\n    },\r\n    \"enableProxyProtocol\":
      false,\r\n    \"loadBalancerFrontendIpConfigurations\": [\r\n      {\r\n        \"id\":
      \"/subscriptions/00000000-0000-0000-0000-000000000000/resourceGroups/asotest-rg-puvnnu/providers/Microsoft.Network/loadBalancers/asotest-loadbalancer-eapnsw/frontendIPConfigurations/LoadBalancerFrontend\"\r\n
      \     }\r\n    ],\r\n    \"ipConfigurations\": [\r\n      {\r\n        \"name\":
      \"config\",\r\n        \"id\": \"/subscriptions/00000000-0000-0000-0000-000000000000/resourceGroups/asotest-rg-puvnnu/providers/Microsoft.Network/privateLinkServices/asotest-pls-omqdrq/ipConfigurations/config\",\r\n
      \       \"etag\": \"W/\\\"1dc655e5-2653-408e-8d8b-f1cfe823aeb7\\\"\",\r\n        \"type\":
      \"Microsoft.Network/privateLinkServices/ipConfigurations\",\r\n        \"properties\":
      {\r\n          \"provisioningState\": \"Succeeded\",\r\n          \"privateIPAllocationMethod\":
      \"Dynamic\",\r\n          \"subnet\": {\r\n            \"id\": \"/subscriptions/00000000-0000-0000-0000-000000000000/resourceGroups/asotest-rg-puvnnu/providers/Microsoft.Network/virtualNetworks/asotest-vn-lyhaxe/subnets/asotest-subnet-zemaca\"\r\n
      \         },\r\n          \"primary\": true,\r\n          \"privateIPAddressVersion\":
      \"IPv4\"\r\n        }\r\n      }\r\n    ],\r\n    \"privateEndpointConnections\":
      [],\r\n    \"networkInterfaces\": [\r\n      {\r\n        \"id\": \"/subscriptions/00000000-0000-0000-0000-000000000000/resourceGroups/asotest-rg-puvnnu/providers/Microsoft.Network/networkInterfaces/asotest-pls-omqdrq.nic.c0d6ad08-48e7-4f9f-a2c4-f941e394b2d9\"\r\n
      \     }\r\n    ]\r\n  }\r\n}"
    headers:
      Cache-Control:
      - no-cache
      Content-Type:
      - application/json; charset=utf-8
      Etag:
      - W/"1dc655e5-2653-408e-8d8b-f1cfe823aeb7"
      Expires:
      - "-1"
      Pragma:
      - no-cache
      Server:
      - Microsoft-HTTPAPI/2.0
      - Microsoft-HTTPAPI/2.0
      Strict-Transport-Security:
      - max-age=31536000; includeSubDomains
      Vary:
      - Accept-Encoding
      X-Content-Type-Options:
      - nosniff
    status: 200 OK
    code: 200
    duration: ""
- request:
    body: ""
    form: {}
    headers:
      Accept:
      - application/json
      Test-Request-Attempt:
      - "0"
    url: https://management.azure.com/subscriptions/00000000-0000-0000-0000-000000000000/resourceGroups/asotest-rg-puvnnu/providers/Microsoft.Network/privateLinkServices/asotest-pls-omqdrq?api-version=2022-07-01
    method: DELETE
  response:
    body: ""
    headers:
      Azure-Asyncnotification:
      - Enabled
      Azure-Asyncoperation:
      - https://management.azure.com/subscriptions/00000000-0000-0000-0000-000000000000/providers/Microsoft.Network/locations/westus2/operations/721d03fc-9053-485d-be4d-ad2dac9d3e76?api-version=2022-07-01
      Cache-Control:
      - no-cache
      Content-Length:
      - "0"
      Expires:
      - "-1"
      Location:
      - https://management.azure.com/subscriptions/00000000-0000-0000-0000-000000000000/providers/Microsoft.Network/locations/westus2/operationResults/721d03fc-9053-485d-be4d-ad2dac9d3e76?api-version=2022-07-01
      Pragma:
      - no-cache
      Retry-After:
      - "10"
      Server:
      - Microsoft-HTTPAPI/2.0
      - Microsoft-HTTPAPI/2.0
      Strict-Transport-Security:
      - max-age=31536000; includeSubDomains
      X-Content-Type-Options:
      - nosniff
    status: 202 Accepted
    code: 202
    duration: ""
- request:
    body: ""
    form: {}
    headers:
      Test-Request-Attempt:
      - "0"
    url: https://management.azure.com/subscriptions/00000000-0000-0000-0000-000000000000/providers/Microsoft.Network/locations/westus2/operations/721d03fc-9053-485d-be4d-ad2dac9d3e76?api-version=2022-07-01
    method: GET
  response:
    body: "{\r\n  \"status\": \"Succeeded\"\r\n}"
    headers:
      Cache-Control:
      - no-cache
      Content-Type:
      - application/json; charset=utf-8
      Expires:
      - "-1"
      Pragma:
      - no-cache
      Server:
      - Microsoft-HTTPAPI/2.0
      - Microsoft-HTTPAPI/2.0
      Strict-Transport-Security:
      - max-age=31536000; includeSubDomains
      Vary:
      - Accept-Encoding
      X-Content-Type-Options:
      - nosniff
    status: 200 OK
    code: 200
    duration: ""
- request:
    body: ""
    form: {}
    headers:
      Accept:
      - application/json
      Test-Request-Attempt:
      - "3"
    url: https://management.azure.com/subscriptions/00000000-0000-0000-0000-000000000000/resourceGroups/asotest-rg-puvnnu/providers/Microsoft.Network/privateLinkServices/asotest-pls-omqdrq?api-version=2022-07-01
    method: GET
  response:
    body: '{"error":{"code":"ResourceNotFound","message":"The Resource ''Microsoft.Network/privateLinkServices/asotest-pls-omqdrq''
      under resource group ''asotest-rg-puvnnu'' was not found. For more details please
      go to https://aka.ms/ARMResourceNotFoundFix"}}'
    headers:
      Cache-Control:
      - no-cache
      Content-Length:
      - "245"
      Content-Type:
      - application/json; charset=utf-8
      Expires:
      - "-1"
      Pragma:
      - no-cache
      Strict-Transport-Security:
      - max-age=31536000; includeSubDomains
      X-Content-Type-Options:
      - nosniff
      X-Ms-Failure-Cause:
      - gateway
    status: 404 Not Found
    code: 404
    duration: ""
- request:
    body: ""
    form: {}
    headers:
      Accept:
      - application/json
      Test-Request-Attempt:
      - "0"
    url: https://management.azure.com/subscriptions/00000000-0000-0000-0000-000000000000/resourceGroups/asotest-rg-puvnnu?api-version=2020-06-01
    method: DELETE
  response:
    body: ""
    headers:
      Cache-Control:
      - no-cache
      Content-Length:
      - "0"
      Expires:
      - "-1"
      Location:
      - https://management.azure.com/subscriptions/00000000-0000-0000-0000-000000000000/operationresults/eyJqb2JJZCI6IlJFU09VUkNFR1JPVVBERUxFVElPTkpPQi1BU09URVNUOjJEUkc6MkRQVVZOTlUtV0VTVFVTMiIsImpvYkxvY2F0aW9uIjoid2VzdHVzMiJ9?api-version=2020-06-01
      Pragma:
      - no-cache
      Retry-After:
      - "15"
      Strict-Transport-Security:
      - max-age=31536000; includeSubDomains
      X-Content-Type-Options:
      - nosniff
    status: 202 Accepted
    code: 202
    duration: ""
- request:
    body: ""
    form: {}
    headers:
      Test-Request-Attempt:
      - "0"
    url: https://management.azure.com/subscriptions/00000000-0000-0000-0000-000000000000/operationresults/eyJqb2JJZCI6IlJFU09VUkNFR1JPVVBERUxFVElPTkpPQi1BU09URVNUOjJEUkc6MkRQVVZOTlUtV0VTVFVTMiIsImpvYkxvY2F0aW9uIjoid2VzdHVzMiJ9?api-version=2020-06-01
    method: GET
  response:
    body: ""
    headers:
      Cache-Control:
      - no-cache
      Content-Length:
      - "0"
      Expires:
      - "-1"
      Location:
      - https://management.azure.com/subscriptions/00000000-0000-0000-0000-000000000000/operationresults/eyJqb2JJZCI6IlJFU09VUkNFR1JPVVBERUxFVElPTkpPQi1BU09URVNUOjJEUkc6MkRQVVZOTlUtV0VTVFVTMiIsImpvYkxvY2F0aW9uIjoid2VzdHVzMiJ9?api-version=2020-06-01
      Pragma:
      - no-cache
      Retry-After:
      - "15"
      Strict-Transport-Security:
      - max-age=31536000; includeSubDomains
      X-Content-Type-Options:
      - nosniff
    status: 202 Accepted
    code: 202
    duration: ""
- request:
    body: ""
    form: {}
    headers:
      Test-Request-Attempt:
      - "1"
    url: https://management.azure.com/subscriptions/00000000-0000-0000-0000-000000000000/operationresults/eyJqb2JJZCI6IlJFU09VUkNFR1JPVVBERUxFVElPTkpPQi1BU09URVNUOjJEUkc6MkRQVVZOTlUtV0VTVFVTMiIsImpvYkxvY2F0aW9uIjoid2VzdHVzMiJ9?api-version=2020-06-01
    method: GET
  response:
    body: ""
    headers:
      Cache-Control:
      - no-cache
      Content-Length:
      - "0"
      Expires:
      - "-1"
      Location:
      - https://management.azure.com/subscriptions/00000000-0000-0000-0000-000000000000/operationresults/eyJqb2JJZCI6IlJFU09VUkNFR1JPVVBERUxFVElPTkpPQi1BU09URVNUOjJEUkc6MkRQVVZOTlUtV0VTVFVTMiIsImpvYkxvY2F0aW9uIjoid2VzdHVzMiJ9?api-version=2020-06-01
      Pragma:
      - no-cache
      Retry-After:
      - "15"
      Strict-Transport-Security:
      - max-age=31536000; includeSubDomains
      X-Content-Type-Options:
      - nosniff
    status: 202 Accepted
    code: 202
    duration: ""
- request:
    body: ""
    form: {}
    headers:
      Test-Request-Attempt:
      - "2"
    url: https://management.azure.com/subscriptions/00000000-0000-0000-0000-000000000000/operationresults/eyJqb2JJZCI6IlJFU09VUkNFR1JPVVBERUxFVElPTkpPQi1BU09URVNUOjJEUkc6MkRQVVZOTlUtV0VTVFVTMiIsImpvYkxvY2F0aW9uIjoid2VzdHVzMiJ9?api-version=2020-06-01
    method: GET
  response:
    body: ""
    headers:
      Cache-Control:
      - no-cache
      Content-Length:
      - "0"
      Expires:
      - "-1"
      Location:
      - https://management.azure.com/subscriptions/00000000-0000-0000-0000-000000000000/operationresults/eyJqb2JJZCI6IlJFU09VUkNFR1JPVVBERUxFVElPTkpPQi1BU09URVNUOjJEUkc6MkRQVVZOTlUtV0VTVFVTMiIsImpvYkxvY2F0aW9uIjoid2VzdHVzMiJ9?api-version=2020-06-01
      Pragma:
      - no-cache
      Retry-After:
      - "15"
      Strict-Transport-Security:
      - max-age=31536000; includeSubDomains
      X-Content-Type-Options:
      - nosniff
    status: 202 Accepted
    code: 202
    duration: ""
- request:
    body: ""
    form: {}
    headers:
      Test-Request-Attempt:
      - "3"
    url: https://management.azure.com/subscriptions/00000000-0000-0000-0000-000000000000/operationresults/eyJqb2JJZCI6IlJFU09VUkNFR1JPVVBERUxFVElPTkpPQi1BU09URVNUOjJEUkc6MkRQVVZOTlUtV0VTVFVTMiIsImpvYkxvY2F0aW9uIjoid2VzdHVzMiJ9?api-version=2020-06-01
    method: GET
  response:
    body: ""
    headers:
      Cache-Control:
      - no-cache
      Content-Length:
      - "0"
      Expires:
      - "-1"
      Location:
      - https://management.azure.com/subscriptions/00000000-0000-0000-0000-000000000000/operationresults/eyJqb2JJZCI6IlJFU09VUkNFR1JPVVBERUxFVElPTkpPQi1BU09URVNUOjJEUkc6MkRQVVZOTlUtV0VTVFVTMiIsImpvYkxvY2F0aW9uIjoid2VzdHVzMiJ9?api-version=2020-06-01
      Pragma:
      - no-cache
      Retry-After:
      - "15"
      Strict-Transport-Security:
      - max-age=31536000; includeSubDomains
      X-Content-Type-Options:
      - nosniff
    status: 202 Accepted
    code: 202
    duration: ""
- request:
    body: ""
    form: {}
    headers:
      Test-Request-Attempt:
      - "4"
    url: https://management.azure.com/subscriptions/00000000-0000-0000-0000-000000000000/operationresults/eyJqb2JJZCI6IlJFU09VUkNFR1JPVVBERUxFVElPTkpPQi1BU09URVNUOjJEUkc6MkRQVVZOTlUtV0VTVFVTMiIsImpvYkxvY2F0aW9uIjoid2VzdHVzMiJ9?api-version=2020-06-01
    method: GET
  response:
    body: ""
    headers:
      Cache-Control:
      - no-cache
      Content-Length:
      - "0"
      Expires:
      - "-1"
      Pragma:
      - no-cache
      Strict-Transport-Security:
      - max-age=31536000; includeSubDomains
      X-Content-Type-Options:
      - nosniff
    status: 200 OK
    code: 200
    duration: ""
- request:
    body: ""
    form: {}
    headers:
      Accept:
      - application/json
      Test-Request-Attempt:
      - "0"
    url: https://management.azure.com/subscriptions/00000000-0000-0000-0000-000000000000/resourceGroups/asotest-rg-puvnnu/providers/Microsoft.Network/virtualNetworks/asotest-vn-lyhaxe?api-version=2020-11-01
    method: DELETE
  response:
    body: '{"error":{"code":"ResourceGroupNotFound","message":"Resource group ''asotest-rg-puvnnu''
      could not be found."}}'
    headers:
      Cache-Control:
      - no-cache
      Content-Length:
      - "109"
      Content-Type:
      - application/json; charset=utf-8
      Expires:
      - "-1"
      Pragma:
      - no-cache
      Strict-Transport-Security:
      - max-age=31536000; includeSubDomains
      X-Content-Type-Options:
      - nosniff
      X-Ms-Failure-Cause:
      - gateway
    status: 404 Not Found
    code: 404
    duration: ""
- request:
    body: ""
    form: {}
    headers:
      Accept:
      - application/json
      Test-Request-Attempt:
      - "0"
    url: https://management.azure.com/subscriptions/00000000-0000-0000-0000-000000000000/resourceGroups/asotest-rg-puvnnu/providers/Microsoft.Network/loadBalancers/asotest-loadbalancer-eapnsw?api-version=2020-11-01
    method: DELETE
  response:
    body: '{"error":{"code":"ResourceGroupNotFound","message":"Resource group ''asotest-rg-puvnnu''
      could not be found."}}'
    headers:
      Cache-Control:
      - no-cache
      Content-Length:
      - "109"
      Content-Type:
      - application/json; charset=utf-8
      Expires:
      - "-1"
      Pragma:
      - no-cache
      Strict-Transport-Security:
      - max-age=31536000; includeSubDomains
      X-Content-Type-Options:
      - nosniff
      X-Ms-Failure-Cause:
      - gateway
    status: 404 Not Found
    code: 404
    duration: ""
- request:
    body: ""
    form: {}
    headers:
      Accept:
      - application/json
      Test-Request-Attempt:
      - "0"
    url: https://management.azure.com/subscriptions/00000000-0000-0000-0000-000000000000/resourceGroups/asotest-rg-puvnnu/providers/Microsoft.Network/virtualNetworks/asotest-vn-lyhaxe/subnets/asotest-subnet-zemaca?api-version=2020-11-01
    method: DELETE
  response:
    body: '{"error":{"code":"ResourceNotFound","message":"The Resource ''Microsoft.Network/virtualNetworks/asotest-vn-lyhaxe''
      under resource group ''asotest-rg-puvnnu'' was not found. For more details please
      go to https://aka.ms/ARMResourceNotFoundFix"}}'
    headers:
      Cache-Control:
      - no-cache
      Content-Length:
      - "240"
      Content-Type:
      - application/json; charset=utf-8
      Expires:
      - "-1"
      Pragma:
      - no-cache
      Strict-Transport-Security:
      - max-age=31536000; includeSubDomains
      X-Content-Type-Options:
      - nosniff
      X-Ms-Failure-Cause:
      - gateway
    status: 404 Not Found
    code: 404
    duration: ""
