---
version: 1
interactions:
- request:
    body: '{"name":"asotest-rg-kxcndt","location":"westus2","tags":{"CreatedAt":"2001-02-03T04:05:06Z"}}'
    form: {}
    headers:
      Accept:
      - application/json
      Content-Length:
      - "93"
      Content-Type:
      - application/json
      Test-Request-Attempt:
      - "0"
    url: https://management.azure.com/subscriptions/00000000-0000-0000-0000-000000000000/resourceGroups/asotest-rg-kxcndt?api-version=2020-06-01
    method: PUT
  response:
    body: '{"id":"/subscriptions/00000000-0000-0000-0000-000000000000/resourceGroups/asotest-rg-kxcndt","name":"asotest-rg-kxcndt","type":"Microsoft.Resources/resourceGroups","location":"westus2","tags":{"CreatedAt":"2001-02-03T04:05:06Z"},"properties":{"provisioningState":"Succeeded"}}'
    headers:
      Cache-Control:
      - no-cache
      Content-Length:
      - "276"
      Content-Type:
      - application/json; charset=utf-8
      Expires:
      - "-1"
      Pragma:
      - no-cache
      Strict-Transport-Security:
      - max-age=31536000; includeSubDomains
      X-Content-Type-Options:
      - nosniff
    status: 201 Created
    code: 201
    duration: ""
- request:
    body: ""
    form: {}
    headers:
      Accept:
      - application/json
      Test-Request-Attempt:
      - "0"
    url: https://management.azure.com/subscriptions/00000000-0000-0000-0000-000000000000/resourceGroups/asotest-rg-kxcndt?api-version=2020-06-01
    method: GET
  response:
    body: '{"id":"/subscriptions/00000000-0000-0000-0000-000000000000/resourceGroups/asotest-rg-kxcndt","name":"asotest-rg-kxcndt","type":"Microsoft.Resources/resourceGroups","location":"westus2","tags":{"CreatedAt":"2001-02-03T04:05:06Z"},"properties":{"provisioningState":"Succeeded"}}'
    headers:
      Cache-Control:
      - no-cache
      Content-Type:
      - application/json; charset=utf-8
      Expires:
      - "-1"
      Pragma:
      - no-cache
      Strict-Transport-Security:
      - max-age=31536000; includeSubDomains
      Vary:
      - Accept-Encoding
      X-Content-Type-Options:
      - nosniff
    status: 200 OK
    code: 200
    duration: ""
- request:
    body: '{"identity":{"type":"SystemAssigned"},"location":"westus3","name":"asotest-mc-dlzkpe","properties":{"agentPoolProfiles":[{"count":1,"mode":"System","name":"ap1","osType":"Linux","vmSize":"Standard_DS2_v2"}],"dnsPrefix":"aso","linuxProfile":{"adminUsername":"adminUser","ssh":{"publicKeys":[{"keyData":"ssh-rsa
      {KEY}\n"}]}}}}'
    form: {}
    headers:
      Accept:
      - application/json
      Content-Length:
      - "691"
      Content-Type:
      - application/json
      Test-Request-Attempt:
      - "0"
    url: https://management.azure.com/subscriptions/00000000-0000-0000-0000-000000000000/resourceGroups/asotest-rg-kxcndt/providers/Microsoft.ContainerService/managedClusters/asotest-mc-dlzkpe?api-version=2021-05-01
    method: PUT
  response:
    body: |-
      {
        "id": "/subscriptions/00000000-0000-0000-0000-000000000000/resourcegroups/asotest-rg-kxcndt/providers/Microsoft.ContainerService/managedClusters/asotest-mc-dlzkpe",
        "location": "westus3",
        "name": "asotest-mc-dlzkpe",
        "type": "Microsoft.ContainerService/ManagedClusters",
        "properties": {
         "provisioningState": "Creating",
         "powerState": {
          "code": "Running"
         },
         "kubernetesVersion": "1.22.11",
         "dnsPrefix": "aso",
         "fqdn": "aso-dcd1887e.hcp.westus3.azmk8s.io",
         "azurePortalFQDN": "aso-dcd1887e.portal.hcp.westus3.azmk8s.io",
         "agentPoolProfiles": [
          {
           "name": "ap1",
           "count": 1,
           "vmSize": "Standard_DS2_v2",
           "osDiskSizeGB": 128,
           "osDiskType": "Managed",
           "kubeletDiskType": "OS",
           "maxPods": 110,
           "type": "VirtualMachineScaleSets",
           "provisioningState": "Creating",
           "powerState": {
            "code": "Running"
           },
           "orchestratorVersion": "1.22.11",
           "mode": "System",
           "osType": "Linux",
           "osSKU": "Ubuntu",
           "nodeImageVersion": "AKSUbuntu-1804gen2containerd-2022.07.18",
           "enableFIPS": false
          }
         ],
         "linuxProfile": {
          "adminUsername": "adminUser",
          "ssh": {
           "publicKeys": [
            {
             "keyData": "ssh-rsa {KEY}\n"
            }
           ]
          }
         },
         "servicePrincipalProfile": {
          "clientId": "msi"
         },
         "nodeResourceGroup": "MC_asotest-rg-kxcndt_asotest-mc-dlzkpe_westus3",
         "enableRBAC": true,
         "networkProfile": {
          "networkPlugin": "kubenet",
          "loadBalancerSku": "standard",
          "loadBalancerProfile": {
           "managedOutboundIPs": {
            "count": 1
           }
          },
          "podCidr": "10.244.0.0/16",
          "serviceCidr": "10.0.0.0/16",
          "dnsServiceIP": "10.0.0.10",
          "dockerBridgeCidr": "172.17.0.1/16",
          "outboundType": "loadBalancer"
         },
         "maxAgentPools": 100
        },
        "identity": {
         "type": "SystemAssigned",
         "principalId": "d9280db6-545b-438d-a929-975ab4e887e7",
         "tenantId": "00000000-0000-0000-0000-000000000000"
        },
        "sku": {
         "name": "Basic",
         "tier": "Free"
        }
       }
    headers:
      Azure-Asyncoperation:
      - https://management.azure.com/subscriptions/00000000-0000-0000-0000-000000000000/providers/Microsoft.ContainerService/locations/westus3/operations/a408e4a7-3502-496d-9e7c-3b4568fe4503?api-version=2016-03-30
      Cache-Control:
      - no-cache
      Content-Length:
      - "2402"
      Content-Type:
      - application/json
      Expires:
      - "-1"
      Pragma:
      - no-cache
      Server:
      - nginx
      Strict-Transport-Security:
      - max-age=31536000; includeSubDomains
      X-Content-Type-Options:
      - nosniff
    status: 201 Created
    code: 201
    duration: ""
- request:
    body: ""
    form: {}
    headers:
      Test-Request-Attempt:
      - "0"
    url: https://management.azure.com/subscriptions/00000000-0000-0000-0000-000000000000/providers/Microsoft.ContainerService/locations/westus3/operations/a408e4a7-3502-496d-9e7c-3b4568fe4503?api-version=2016-03-30
    method: GET
  response:
    body: |-
      {
        "name": "a7e408a4-0235-6d49-9e7c-3b4568fe4503",
        "status": "InProgress",
        "startTime": "2001-02-03T04:05:06Z"
       }
    headers:
      Cache-Control:
      - no-cache
      Content-Type:
      - application/json
      Expires:
      - "-1"
      Pragma:
      - no-cache
      Server:
      - nginx
      Strict-Transport-Security:
      - max-age=31536000; includeSubDomains
      Vary:
      - Accept-Encoding
      X-Content-Type-Options:
      - nosniff
    status: 200 OK
    code: 200
    duration: ""
- request:
    body: ""
    form: {}
    headers:
      Test-Request-Attempt:
      - "1"
    url: https://management.azure.com/subscriptions/00000000-0000-0000-0000-000000000000/providers/Microsoft.ContainerService/locations/westus3/operations/a408e4a7-3502-496d-9e7c-3b4568fe4503?api-version=2016-03-30
    method: GET
  response:
    body: |-
      {
        "name": "a7e408a4-0235-6d49-9e7c-3b4568fe4503",
        "status": "InProgress",
        "startTime": "2001-02-03T04:05:06Z"
       }
    headers:
      Cache-Control:
      - no-cache
      Content-Type:
      - application/json
      Expires:
      - "-1"
      Pragma:
      - no-cache
      Server:
      - nginx
      Strict-Transport-Security:
      - max-age=31536000; includeSubDomains
      Vary:
      - Accept-Encoding
      X-Content-Type-Options:
      - nosniff
    status: 200 OK
    code: 200
    duration: ""
- request:
    body: ""
    form: {}
    headers:
      Test-Request-Attempt:
      - "2"
    url: https://management.azure.com/subscriptions/00000000-0000-0000-0000-000000000000/providers/Microsoft.ContainerService/locations/westus3/operations/a408e4a7-3502-496d-9e7c-3b4568fe4503?api-version=2016-03-30
    method: GET
  response:
    body: |-
      {
        "name": "a7e408a4-0235-6d49-9e7c-3b4568fe4503",
        "status": "InProgress",
        "startTime": "2001-02-03T04:05:06Z"
       }
    headers:
      Cache-Control:
      - no-cache
      Content-Type:
      - application/json
      Expires:
      - "-1"
      Pragma:
      - no-cache
      Server:
      - nginx
      Strict-Transport-Security:
      - max-age=31536000; includeSubDomains
      Vary:
      - Accept-Encoding
      X-Content-Type-Options:
      - nosniff
    status: 200 OK
    code: 200
    duration: ""
- request:
    body: ""
    form: {}
    headers:
      Test-Request-Attempt:
      - "3"
    url: https://management.azure.com/subscriptions/00000000-0000-0000-0000-000000000000/providers/Microsoft.ContainerService/locations/westus3/operations/a408e4a7-3502-496d-9e7c-3b4568fe4503?api-version=2016-03-30
    method: GET
  response:
    body: |-
      {
        "name": "a7e408a4-0235-6d49-9e7c-3b4568fe4503",
        "status": "InProgress",
        "startTime": "2001-02-03T04:05:06Z"
       }
    headers:
      Cache-Control:
      - no-cache
      Content-Type:
      - application/json
      Expires:
      - "-1"
      Pragma:
      - no-cache
      Server:
      - nginx
      Strict-Transport-Security:
      - max-age=31536000; includeSubDomains
      Vary:
      - Accept-Encoding
      X-Content-Type-Options:
      - nosniff
    status: 200 OK
    code: 200
    duration: ""
- request:
    body: ""
    form: {}
    headers:
      Test-Request-Attempt:
      - "4"
    url: https://management.azure.com/subscriptions/00000000-0000-0000-0000-000000000000/providers/Microsoft.ContainerService/locations/westus3/operations/a408e4a7-3502-496d-9e7c-3b4568fe4503?api-version=2016-03-30
    method: GET
  response:
    body: |-
      {
        "name": "a7e408a4-0235-6d49-9e7c-3b4568fe4503",
        "status": "InProgress",
        "startTime": "2001-02-03T04:05:06Z"
       }
    headers:
      Cache-Control:
      - no-cache
      Content-Type:
      - application/json
      Expires:
      - "-1"
      Pragma:
      - no-cache
      Server:
      - nginx
      Strict-Transport-Security:
      - max-age=31536000; includeSubDomains
      Vary:
      - Accept-Encoding
      X-Content-Type-Options:
      - nosniff
    status: 200 OK
    code: 200
    duration: ""
- request:
    body: ""
    form: {}
    headers:
      Test-Request-Attempt:
      - "5"
    url: https://management.azure.com/subscriptions/00000000-0000-0000-0000-000000000000/providers/Microsoft.ContainerService/locations/westus3/operations/a408e4a7-3502-496d-9e7c-3b4568fe4503?api-version=2016-03-30
    method: GET
  response:
    body: |-
      {
        "name": "a7e408a4-0235-6d49-9e7c-3b4568fe4503",
        "status": "InProgress",
        "startTime": "2001-02-03T04:05:06Z"
       }
    headers:
      Cache-Control:
      - no-cache
      Content-Type:
      - application/json
      Expires:
      - "-1"
      Pragma:
      - no-cache
      Server:
      - nginx
      Strict-Transport-Security:
      - max-age=31536000; includeSubDomains
      Vary:
      - Accept-Encoding
      X-Content-Type-Options:
      - nosniff
    status: 200 OK
    code: 200
    duration: ""
- request:
    body: ""
    form: {}
    headers:
      Test-Request-Attempt:
      - "6"
    url: https://management.azure.com/subscriptions/00000000-0000-0000-0000-000000000000/providers/Microsoft.ContainerService/locations/westus3/operations/a408e4a7-3502-496d-9e7c-3b4568fe4503?api-version=2016-03-30
    method: GET
  response:
    body: |-
      {
        "name": "a7e408a4-0235-6d49-9e7c-3b4568fe4503",
        "status": "Succeeded",
        "startTime": "2001-02-03T04:05:06Z",
        "endTime": "2001-02-03T04:05:06Z"
       }
    headers:
      Cache-Control:
      - no-cache
      Content-Type:
      - application/json
      Expires:
      - "-1"
      Pragma:
      - no-cache
      Server:
      - nginx
      Strict-Transport-Security:
      - max-age=31536000; includeSubDomains
      Vary:
      - Accept-Encoding
      X-Content-Type-Options:
      - nosniff
    status: 200 OK
    code: 200
    duration: ""
- request:
    body: ""
    form: {}
    headers:
      Test-Request-Attempt:
      - "0"
    url: https://management.azure.com/subscriptions/00000000-0000-0000-0000-000000000000/resourceGroups/asotest-rg-kxcndt/providers/Microsoft.ContainerService/managedClusters/asotest-mc-dlzkpe?api-version=2021-05-01
    method: GET
  response:
    body: |-
      {
        "id": "/subscriptions/00000000-0000-0000-0000-000000000000/resourcegroups/asotest-rg-kxcndt/providers/Microsoft.ContainerService/managedClusters/asotest-mc-dlzkpe",
        "location": "westus3",
        "name": "asotest-mc-dlzkpe",
        "type": "Microsoft.ContainerService/ManagedClusters",
        "properties": {
         "provisioningState": "Succeeded",
         "powerState": {
          "code": "Running"
         },
         "kubernetesVersion": "1.22.11",
         "dnsPrefix": "aso",
         "fqdn": "aso-dcd1887e.hcp.westus3.azmk8s.io",
         "azurePortalFQDN": "aso-dcd1887e.portal.hcp.westus3.azmk8s.io",
         "agentPoolProfiles": [
          {
           "name": "ap1",
           "count": 1,
           "vmSize": "Standard_DS2_v2",
           "osDiskSizeGB": 128,
           "osDiskType": "Managed",
           "kubeletDiskType": "OS",
           "maxPods": 110,
           "type": "VirtualMachineScaleSets",
           "provisioningState": "Succeeded",
           "powerState": {
            "code": "Running"
           },
           "orchestratorVersion": "1.22.11",
           "mode": "System",
           "osType": "Linux",
           "osSKU": "Ubuntu",
           "nodeImageVersion": "AKSUbuntu-1804gen2containerd-2022.07.18",
           "enableFIPS": false
          }
         ],
         "linuxProfile": {
          "adminUsername": "adminUser",
          "ssh": {
           "publicKeys": [
            {
             "keyData": "ssh-rsa {KEY}\n"
            }
           ]
          }
         },
         "servicePrincipalProfile": {
          "clientId": "msi"
         },
         "nodeResourceGroup": "MC_asotest-rg-kxcndt_asotest-mc-dlzkpe_westus3",
         "enableRBAC": true,
         "networkProfile": {
          "networkPlugin": "kubenet",
          "loadBalancerSku": "Standard",
          "loadBalancerProfile": {
           "managedOutboundIPs": {
            "count": 1
           },
           "effectiveOutboundIPs": [
            {
             "id": "/subscriptions/00000000-0000-0000-0000-000000000000/resourceGroups/MC_asotest-rg-kxcndt_asotest-mc-dlzkpe_westus3/providers/Microsoft.Network/publicIPAddresses/ff025ab8-4a86-43ca-9089-e79eec01fc4d"
            }
           ]
          },
          "podCidr": "10.244.0.0/16",
          "serviceCidr": "10.0.0.0/16",
          "dnsServiceIP": "10.0.0.10",
          "dockerBridgeCidr": "172.17.0.1/16",
          "outboundType": "loadBalancer"
         },
         "maxAgentPools": 100,
         "identityProfile": {
          "kubeletidentity": {
           "resourceId": "/subscriptions/00000000-0000-0000-0000-000000000000/resourcegroups/MC_asotest-rg-kxcndt_asotest-mc-dlzkpe_westus3/providers/Microsoft.ManagedIdentity/userAssignedIdentities/asotest-mc-dlzkpe-agentpool",
           "clientId": "7403de6d-4a22-42fb-99b0-6b9d913fac52",
           "objectId": "82f9da59-1f37-45f7-8703-f391332e32c7"
          }
         }
        },
        "identity": {
         "type": "SystemAssigned",
         "principalId": "d9280db6-545b-438d-a929-975ab4e887e7",
         "tenantId": "00000000-0000-0000-0000-000000000000"
        },
        "sku": {
         "name": "Basic",
         "tier": "Free"
        }
       }
    headers:
      Cache-Control:
      - no-cache
      Content-Type:
      - application/json
      Expires:
      - "-1"
      Pragma:
      - no-cache
      Server:
      - nginx
      Strict-Transport-Security:
      - max-age=31536000; includeSubDomains
      Vary:
      - Accept-Encoding
      X-Content-Type-Options:
      - nosniff
    status: 200 OK
    code: 200
    duration: ""
- request:
    body: ""
    form: {}
    headers:
      Accept:
      - application/json
      Test-Request-Attempt:
      - "1"
    url: https://management.azure.com/subscriptions/00000000-0000-0000-0000-000000000000/resourceGroups/asotest-rg-kxcndt/providers/Microsoft.ContainerService/managedClusters/asotest-mc-dlzkpe?api-version=2021-05-01
    method: GET
  response:
    body: |-
      {
        "id": "/subscriptions/00000000-0000-0000-0000-000000000000/resourcegroups/asotest-rg-kxcndt/providers/Microsoft.ContainerService/managedClusters/asotest-mc-dlzkpe",
        "location": "westus3",
        "name": "asotest-mc-dlzkpe",
        "type": "Microsoft.ContainerService/ManagedClusters",
        "properties": {
         "provisioningState": "Succeeded",
         "powerState": {
          "code": "Running"
         },
         "kubernetesVersion": "1.22.11",
         "dnsPrefix": "aso",
         "fqdn": "aso-dcd1887e.hcp.westus3.azmk8s.io",
         "azurePortalFQDN": "aso-dcd1887e.portal.hcp.westus3.azmk8s.io",
         "agentPoolProfiles": [
          {
           "name": "ap1",
           "count": 1,
           "vmSize": "Standard_DS2_v2",
           "osDiskSizeGB": 128,
           "osDiskType": "Managed",
           "kubeletDiskType": "OS",
           "maxPods": 110,
           "type": "VirtualMachineScaleSets",
           "provisioningState": "Succeeded",
           "powerState": {
            "code": "Running"
           },
           "orchestratorVersion": "1.22.11",
           "mode": "System",
           "osType": "Linux",
           "osSKU": "Ubuntu",
           "nodeImageVersion": "AKSUbuntu-1804gen2containerd-2022.07.18",
           "enableFIPS": false
          }
         ],
         "linuxProfile": {
          "adminUsername": "adminUser",
          "ssh": {
           "publicKeys": [
            {
             "keyData": "ssh-rsa {KEY}\n"
            }
           ]
          }
         },
         "servicePrincipalProfile": {
          "clientId": "msi"
         },
         "nodeResourceGroup": "MC_asotest-rg-kxcndt_asotest-mc-dlzkpe_westus3",
         "enableRBAC": true,
         "networkProfile": {
          "networkPlugin": "kubenet",
          "loadBalancerSku": "Standard",
          "loadBalancerProfile": {
           "managedOutboundIPs": {
            "count": 1
           },
           "effectiveOutboundIPs": [
            {
             "id": "/subscriptions/00000000-0000-0000-0000-000000000000/resourceGroups/MC_asotest-rg-kxcndt_asotest-mc-dlzkpe_westus3/providers/Microsoft.Network/publicIPAddresses/ff025ab8-4a86-43ca-9089-e79eec01fc4d"
            }
           ]
          },
          "podCidr": "10.244.0.0/16",
          "serviceCidr": "10.0.0.0/16",
          "dnsServiceIP": "10.0.0.10",
          "dockerBridgeCidr": "172.17.0.1/16",
          "outboundType": "loadBalancer"
         },
         "maxAgentPools": 100,
         "identityProfile": {
          "kubeletidentity": {
           "resourceId": "/subscriptions/00000000-0000-0000-0000-000000000000/resourcegroups/MC_asotest-rg-kxcndt_asotest-mc-dlzkpe_westus3/providers/Microsoft.ManagedIdentity/userAssignedIdentities/asotest-mc-dlzkpe-agentpool",
           "clientId": "7403de6d-4a22-42fb-99b0-6b9d913fac52",
           "objectId": "82f9da59-1f37-45f7-8703-f391332e32c7"
          }
         }
        },
        "identity": {
         "type": "SystemAssigned",
         "principalId": "d9280db6-545b-438d-a929-975ab4e887e7",
         "tenantId": "00000000-0000-0000-0000-000000000000"
        },
        "sku": {
         "name": "Basic",
         "tier": "Free"
        }
       }
    headers:
      Cache-Control:
      - no-cache
      Content-Type:
      - application/json
      Expires:
      - "-1"
      Pragma:
      - no-cache
      Server:
      - nginx
      Strict-Transport-Security:
      - max-age=31536000; includeSubDomains
      Vary:
      - Accept-Encoding
      X-Content-Type-Options:
      - nosniff
    status: 200 OK
    code: 200
    duration: ""
- request:
    body: '{"identity":{"type":"SystemAssigned"},"location":"westus3","name":"asotest-mc-dlzkpe","properties":{"agentPoolProfiles":[{"count":1,"mode":"System","name":"ap1","osType":"Linux","vmSize":"Standard_DS2_v2"}],"dnsPrefix":"aso","linuxProfile":{"adminUsername":"adminUser","ssh":{"publicKeys":[{"keyData":"ssh-rsa
      {KEY}\n"}]}}},"sku":{"name":"Basic","tier":"Paid"}}'
    form: {}
    headers:
      Accept:
      - application/json
      Content-Length:
      - "728"
      Content-Type:
      - application/json
      Test-Request-Attempt:
      - "1"
    url: https://management.azure.com/subscriptions/00000000-0000-0000-0000-000000000000/resourceGroups/asotest-rg-kxcndt/providers/Microsoft.ContainerService/managedClusters/asotest-mc-dlzkpe?api-version=2021-05-01
    method: PUT
  response:
    body: |-
      {
        "id": "/subscriptions/00000000-0000-0000-0000-000000000000/resourcegroups/asotest-rg-kxcndt/providers/Microsoft.ContainerService/managedClusters/asotest-mc-dlzkpe",
        "location": "westus3",
        "name": "asotest-mc-dlzkpe",
        "type": "Microsoft.ContainerService/ManagedClusters",
        "properties": {
         "provisioningState": "Updating",
         "powerState": {
          "code": "Running"
         },
         "kubernetesVersion": "1.22.11",
         "dnsPrefix": "aso",
         "fqdn": "aso-dcd1887e.hcp.westus3.azmk8s.io",
         "azurePortalFQDN": "aso-dcd1887e.portal.hcp.westus3.azmk8s.io",
         "agentPoolProfiles": [
          {
           "name": "ap1",
           "count": 1,
           "vmSize": "Standard_DS2_v2",
           "osDiskSizeGB": 128,
           "osDiskType": "Managed",
           "kubeletDiskType": "OS",
           "maxPods": 110,
           "type": "VirtualMachineScaleSets",
           "provisioningState": "Updating",
           "powerState": {
            "code": "Running"
           },
           "orchestratorVersion": "1.22.11",
           "mode": "System",
           "osType": "Linux",
           "osSKU": "Ubuntu",
           "nodeImageVersion": "AKSUbuntu-1804gen2containerd-2022.07.18",
           "enableFIPS": false
          }
         ],
         "linuxProfile": {
          "adminUsername": "adminUser",
          "ssh": {
           "publicKeys": [
            {
             "keyData": "ssh-rsa {KEY}\n"
            }
           ]
          }
         },
         "servicePrincipalProfile": {
          "clientId": "msi"
         },
         "nodeResourceGroup": "MC_asotest-rg-kxcndt_asotest-mc-dlzkpe_westus3",
         "enableRBAC": true,
         "networkProfile": {
          "networkPlugin": "kubenet",
          "loadBalancerSku": "Standard",
          "loadBalancerProfile": {
           "managedOutboundIPs": {
            "count": 1
           },
           "effectiveOutboundIPs": [
            {
             "id": "/subscriptions/00000000-0000-0000-0000-000000000000/resourceGroups/MC_asotest-rg-kxcndt_asotest-mc-dlzkpe_westus3/providers/Microsoft.Network/publicIPAddresses/ff025ab8-4a86-43ca-9089-e79eec01fc4d"
            }
           ]
          },
          "podCidr": "10.244.0.0/16",
          "serviceCidr": "10.0.0.0/16",
          "dnsServiceIP": "10.0.0.10",
          "dockerBridgeCidr": "172.17.0.1/16",
          "outboundType": "loadBalancer"
         },
         "maxAgentPools": 100,
         "identityProfile": {
          "kubeletidentity": {
           "resourceId": "/subscriptions/00000000-0000-0000-0000-000000000000/resourcegroups/MC_asotest-rg-kxcndt_asotest-mc-dlzkpe_westus3/providers/Microsoft.ManagedIdentity/userAssignedIdentities/asotest-mc-dlzkpe-agentpool",
           "clientId": "7403de6d-4a22-42fb-99b0-6b9d913fac52",
           "objectId": "82f9da59-1f37-45f7-8703-f391332e32c7"
          }
         }
        },
        "identity": {
         "type": "SystemAssigned",
         "principalId": "d9280db6-545b-438d-a929-975ab4e887e7",
         "tenantId": "00000000-0000-0000-0000-000000000000"
        },
        "sku": {
         "name": "Basic",
         "tier": "Paid"
        }
       }
    headers:
      Azure-Asyncoperation:
      - https://management.azure.com/subscriptions/00000000-0000-0000-0000-000000000000/providers/Microsoft.ContainerService/locations/westus3/operations/d88beb37-237b-41c1-b477-f0716723c715?api-version=2016-03-30
      Cache-Control:
      - no-cache
      Content-Type:
      - application/json
      Expires:
      - "-1"
      Pragma:
      - no-cache
      Server:
      - nginx
      Strict-Transport-Security:
      - max-age=31536000; includeSubDomains
      Vary:
      - Accept-Encoding
      X-Content-Type-Options:
      - nosniff
    status: 200 OK
    code: 200
    duration: ""
- request:
    body: ""
    form: {}
    headers:
      Test-Request-Attempt:
      - "0"
    url: https://management.azure.com/subscriptions/00000000-0000-0000-0000-000000000000/providers/Microsoft.ContainerService/locations/westus3/operations/d88beb37-237b-41c1-b477-f0716723c715?api-version=2016-03-30
    method: GET
  response:
    body: |-
      {
        "name": "37eb8bd8-7b23-c141-b477-f0716723c715",
        "status": "InProgress",
        "startTime": "2001-02-03T04:05:06Z"
       }
    headers:
      Cache-Control:
      - no-cache
      Content-Type:
      - application/json
      Expires:
      - "-1"
      Pragma:
      - no-cache
      Server:
      - nginx
      Strict-Transport-Security:
      - max-age=31536000; includeSubDomains
      Vary:
      - Accept-Encoding
      X-Content-Type-Options:
      - nosniff
    status: 200 OK
    code: 200
    duration: ""
- request:
    body: ""
    form: {}
    headers:
      Test-Request-Attempt:
      - "1"
    url: https://management.azure.com/subscriptions/00000000-0000-0000-0000-000000000000/providers/Microsoft.ContainerService/locations/westus3/operations/d88beb37-237b-41c1-b477-f0716723c715?api-version=2016-03-30
    method: GET
  response:
    body: |-
      {
        "name": "37eb8bd8-7b23-c141-b477-f0716723c715",
        "status": "InProgress",
        "startTime": "2001-02-03T04:05:06Z"
       }
    headers:
      Cache-Control:
      - no-cache
      Content-Type:
      - application/json
      Expires:
      - "-1"
      Pragma:
      - no-cache
      Server:
      - nginx
      Strict-Transport-Security:
      - max-age=31536000; includeSubDomains
      Vary:
      - Accept-Encoding
      X-Content-Type-Options:
      - nosniff
    status: 200 OK
    code: 200
    duration: ""
- request:
    body: ""
    form: {}
    headers:
      Test-Request-Attempt:
      - "2"
    url: https://management.azure.com/subscriptions/00000000-0000-0000-0000-000000000000/providers/Microsoft.ContainerService/locations/westus3/operations/d88beb37-237b-41c1-b477-f0716723c715?api-version=2016-03-30
    method: GET
  response:
    body: |-
      {
        "name": "37eb8bd8-7b23-c141-b477-f0716723c715",
        "status": "InProgress",
        "startTime": "2001-02-03T04:05:06Z"
       }
    headers:
      Cache-Control:
      - no-cache
      Content-Type:
      - application/json
      Expires:
      - "-1"
      Pragma:
      - no-cache
      Server:
      - nginx
      Strict-Transport-Security:
      - max-age=31536000; includeSubDomains
      Vary:
      - Accept-Encoding
      X-Content-Type-Options:
      - nosniff
    status: 200 OK
    code: 200
    duration: ""
- request:
    body: ""
    form: {}
    headers:
      Test-Request-Attempt:
      - "3"
    url: https://management.azure.com/subscriptions/00000000-0000-0000-0000-000000000000/providers/Microsoft.ContainerService/locations/westus3/operations/d88beb37-237b-41c1-b477-f0716723c715?api-version=2016-03-30
    method: GET
  response:
    body: |-
      {
        "name": "37eb8bd8-7b23-c141-b477-f0716723c715",
        "status": "InProgress",
        "startTime": "2001-02-03T04:05:06Z"
       }
    headers:
      Cache-Control:
      - no-cache
      Content-Type:
      - application/json
      Expires:
      - "-1"
      Pragma:
      - no-cache
      Server:
      - nginx
      Strict-Transport-Security:
      - max-age=31536000; includeSubDomains
      Vary:
      - Accept-Encoding
      X-Content-Type-Options:
      - nosniff
    status: 200 OK
    code: 200
    duration: ""
- request:
    body: ""
    form: {}
    headers:
      Test-Request-Attempt:
      - "4"
    url: https://management.azure.com/subscriptions/00000000-0000-0000-0000-000000000000/providers/Microsoft.ContainerService/locations/westus3/operations/d88beb37-237b-41c1-b477-f0716723c715?api-version=2016-03-30
    method: GET
  response:
    body: |-
      {
        "name": "37eb8bd8-7b23-c141-b477-f0716723c715",
        "status": "InProgress",
        "startTime": "2001-02-03T04:05:06Z"
       }
    headers:
      Cache-Control:
      - no-cache
      Content-Type:
      - application/json
      Expires:
      - "-1"
      Pragma:
      - no-cache
      Server:
      - nginx
      Strict-Transport-Security:
      - max-age=31536000; includeSubDomains
      Vary:
      - Accept-Encoding
      X-Content-Type-Options:
      - nosniff
    status: 200 OK
    code: 200
    duration: ""
- request:
    body: ""
    form: {}
    headers:
      Test-Request-Attempt:
      - "5"
    url: https://management.azure.com/subscriptions/00000000-0000-0000-0000-000000000000/providers/Microsoft.ContainerService/locations/westus3/operations/d88beb37-237b-41c1-b477-f0716723c715?api-version=2016-03-30
    method: GET
  response:
    body: |-
      {
        "name": "37eb8bd8-7b23-c141-b477-f0716723c715",
        "status": "Succeeded",
        "startTime": "2001-02-03T04:05:06Z",
        "endTime": "2001-02-03T04:05:06Z"
       }
    headers:
      Cache-Control:
      - no-cache
      Content-Type:
      - application/json
      Expires:
      - "-1"
      Pragma:
      - no-cache
      Server:
      - nginx
      Strict-Transport-Security:
      - max-age=31536000; includeSubDomains
      Vary:
      - Accept-Encoding
      X-Content-Type-Options:
      - nosniff
    status: 200 OK
    code: 200
    duration: ""
- request:
    body: ""
    form: {}
    headers:
      Test-Request-Attempt:
      - "2"
    url: https://management.azure.com/subscriptions/00000000-0000-0000-0000-000000000000/resourceGroups/asotest-rg-kxcndt/providers/Microsoft.ContainerService/managedClusters/asotest-mc-dlzkpe?api-version=2021-05-01
    method: GET
  response:
    body: |-
      {
        "id": "/subscriptions/00000000-0000-0000-0000-000000000000/resourcegroups/asotest-rg-kxcndt/providers/Microsoft.ContainerService/managedClusters/asotest-mc-dlzkpe",
        "location": "westus3",
        "name": "asotest-mc-dlzkpe",
        "type": "Microsoft.ContainerService/ManagedClusters",
        "properties": {
         "provisioningState": "Succeeded",
         "powerState": {
          "code": "Running"
         },
         "kubernetesVersion": "1.22.11",
         "dnsPrefix": "aso",
         "fqdn": "aso-dcd1887e.hcp.westus3.azmk8s.io",
         "azurePortalFQDN": "aso-dcd1887e.portal.hcp.westus3.azmk8s.io",
         "agentPoolProfiles": [
          {
           "name": "ap1",
           "count": 1,
           "vmSize": "Standard_DS2_v2",
           "osDiskSizeGB": 128,
           "osDiskType": "Managed",
           "kubeletDiskType": "OS",
           "maxPods": 110,
           "type": "VirtualMachineScaleSets",
           "provisioningState": "Succeeded",
           "powerState": {
            "code": "Running"
           },
           "orchestratorVersion": "1.22.11",
           "mode": "System",
           "osType": "Linux",
           "osSKU": "Ubuntu",
           "nodeImageVersion": "AKSUbuntu-1804gen2containerd-2022.07.18",
           "enableFIPS": false
          }
         ],
         "linuxProfile": {
          "adminUsername": "adminUser",
          "ssh": {
           "publicKeys": [
            {
             "keyData": "ssh-rsa {KEY}\n"
            }
           ]
          }
         },
         "servicePrincipalProfile": {
          "clientId": "msi"
         },
         "nodeResourceGroup": "MC_asotest-rg-kxcndt_asotest-mc-dlzkpe_westus3",
         "enableRBAC": true,
         "networkProfile": {
          "networkPlugin": "kubenet",
          "loadBalancerSku": "Standard",
          "loadBalancerProfile": {
           "managedOutboundIPs": {
            "count": 1
           },
           "effectiveOutboundIPs": [
            {
             "id": "/subscriptions/00000000-0000-0000-0000-000000000000/resourceGroups/MC_asotest-rg-kxcndt_asotest-mc-dlzkpe_westus3/providers/Microsoft.Network/publicIPAddresses/ff025ab8-4a86-43ca-9089-e79eec01fc4d"
            }
           ]
          },
          "podCidr": "10.244.0.0/16",
          "serviceCidr": "10.0.0.0/16",
          "dnsServiceIP": "10.0.0.10",
          "dockerBridgeCidr": "172.17.0.1/16",
          "outboundType": "loadBalancer"
         },
         "maxAgentPools": 100,
         "identityProfile": {
          "kubeletidentity": {
           "resourceId": "/subscriptions/00000000-0000-0000-0000-000000000000/resourcegroups/MC_asotest-rg-kxcndt_asotest-mc-dlzkpe_westus3/providers/Microsoft.ManagedIdentity/userAssignedIdentities/asotest-mc-dlzkpe-agentpool",
           "clientId": "7403de6d-4a22-42fb-99b0-6b9d913fac52",
           "objectId": "82f9da59-1f37-45f7-8703-f391332e32c7"
          }
         }
        },
        "identity": {
         "type": "SystemAssigned",
         "principalId": "d9280db6-545b-438d-a929-975ab4e887e7",
         "tenantId": "00000000-0000-0000-0000-000000000000"
        },
        "sku": {
         "name": "Basic",
         "tier": "Paid"
        }
       }
    headers:
      Cache-Control:
      - no-cache
      Content-Type:
      - application/json
      Expires:
      - "-1"
      Pragma:
      - no-cache
      Server:
      - nginx
      Strict-Transport-Security:
      - max-age=31536000; includeSubDomains
      Vary:
      - Accept-Encoding
      X-Content-Type-Options:
      - nosniff
    status: 200 OK
    code: 200
    duration: ""
- request:
    body: ""
    form: {}
    headers:
      Accept:
      - application/json
      Test-Request-Attempt:
      - "3"
    url: https://management.azure.com/subscriptions/00000000-0000-0000-0000-000000000000/resourceGroups/asotest-rg-kxcndt/providers/Microsoft.ContainerService/managedClusters/asotest-mc-dlzkpe?api-version=2021-05-01
    method: GET
  response:
    body: |-
      {
        "id": "/subscriptions/00000000-0000-0000-0000-000000000000/resourcegroups/asotest-rg-kxcndt/providers/Microsoft.ContainerService/managedClusters/asotest-mc-dlzkpe",
        "location": "westus3",
        "name": "asotest-mc-dlzkpe",
        "type": "Microsoft.ContainerService/ManagedClusters",
        "properties": {
         "provisioningState": "Succeeded",
         "powerState": {
          "code": "Running"
         },
         "kubernetesVersion": "1.22.11",
         "dnsPrefix": "aso",
         "fqdn": "aso-dcd1887e.hcp.westus3.azmk8s.io",
         "azurePortalFQDN": "aso-dcd1887e.portal.hcp.westus3.azmk8s.io",
         "agentPoolProfiles": [
          {
           "name": "ap1",
           "count": 1,
           "vmSize": "Standard_DS2_v2",
           "osDiskSizeGB": 128,
           "osDiskType": "Managed",
           "kubeletDiskType": "OS",
           "maxPods": 110,
           "type": "VirtualMachineScaleSets",
           "provisioningState": "Succeeded",
           "powerState": {
            "code": "Running"
           },
           "orchestratorVersion": "1.22.11",
           "mode": "System",
           "osType": "Linux",
           "osSKU": "Ubuntu",
           "nodeImageVersion": "AKSUbuntu-1804gen2containerd-2022.07.18",
           "enableFIPS": false
          }
         ],
         "linuxProfile": {
          "adminUsername": "adminUser",
          "ssh": {
           "publicKeys": [
            {
             "keyData": "ssh-rsa {KEY}\n"
            }
           ]
          }
         },
         "servicePrincipalProfile": {
          "clientId": "msi"
         },
         "nodeResourceGroup": "MC_asotest-rg-kxcndt_asotest-mc-dlzkpe_westus3",
         "enableRBAC": true,
         "networkProfile": {
          "networkPlugin": "kubenet",
          "loadBalancerSku": "Standard",
          "loadBalancerProfile": {
           "managedOutboundIPs": {
            "count": 1
           },
           "effectiveOutboundIPs": [
            {
             "id": "/subscriptions/00000000-0000-0000-0000-000000000000/resourceGroups/MC_asotest-rg-kxcndt_asotest-mc-dlzkpe_westus3/providers/Microsoft.Network/publicIPAddresses/ff025ab8-4a86-43ca-9089-e79eec01fc4d"
            }
           ]
          },
          "podCidr": "10.244.0.0/16",
          "serviceCidr": "10.0.0.0/16",
          "dnsServiceIP": "10.0.0.10",
          "dockerBridgeCidr": "172.17.0.1/16",
          "outboundType": "loadBalancer"
         },
         "maxAgentPools": 100,
         "identityProfile": {
          "kubeletidentity": {
           "resourceId": "/subscriptions/00000000-0000-0000-0000-000000000000/resourcegroups/MC_asotest-rg-kxcndt_asotest-mc-dlzkpe_westus3/providers/Microsoft.ManagedIdentity/userAssignedIdentities/asotest-mc-dlzkpe-agentpool",
           "clientId": "7403de6d-4a22-42fb-99b0-6b9d913fac52",
           "objectId": "82f9da59-1f37-45f7-8703-f391332e32c7"
          }
         }
        },
        "identity": {
         "type": "SystemAssigned",
         "principalId": "d9280db6-545b-438d-a929-975ab4e887e7",
         "tenantId": "00000000-0000-0000-0000-000000000000"
        },
        "sku": {
         "name": "Basic",
         "tier": "Paid"
        }
       }
    headers:
      Cache-Control:
      - no-cache
      Content-Type:
      - application/json
      Expires:
      - "-1"
      Pragma:
      - no-cache
      Server:
      - nginx
      Strict-Transport-Security:
      - max-age=31536000; includeSubDomains
      Vary:
      - Accept-Encoding
      X-Content-Type-Options:
      - nosniff
    status: 200 OK
    code: 200
    duration: ""
- request:
    body: '{"identity":{"type":"SystemAssigned"},"location":"westus3","name":"asotest-mc-dlzkpe","properties":{"agentPoolProfiles":[{"count":1,"mode":"System","name":"ap1","osType":"Linux","vmSize":"Standard_DS2_v2"}],"dnsPrefix":"aso","linuxProfile":{"adminUsername":"adminUser","ssh":{"publicKeys":[{"keyData":"ssh-rsa
      {KEY}\n"}]}}},"sku":{"name":"Basic","tier":"Paid"}}'
    form: {}
    headers:
      Accept:
      - application/json
      Content-Length:
      - "728"
      Content-Type:
      - application/json
      Test-Request-Attempt:
      - "2"
    url: https://management.azure.com/subscriptions/00000000-0000-0000-0000-000000000000/resourceGroups/asotest-rg-kxcndt/providers/Microsoft.ContainerService/managedClusters/asotest-mc-dlzkpe?api-version=2021-05-01
    method: PUT
  response:
    body: |-
      {
        "id": "/subscriptions/00000000-0000-0000-0000-000000000000/resourcegroups/asotest-rg-kxcndt/providers/Microsoft.ContainerService/managedClusters/asotest-mc-dlzkpe",
        "location": "westus3",
        "name": "asotest-mc-dlzkpe",
        "type": "Microsoft.ContainerService/ManagedClusters",
        "properties": {
         "provisioningState": "Updating",
         "powerState": {
          "code": "Running"
         },
         "kubernetesVersion": "1.22.11",
         "dnsPrefix": "aso",
         "fqdn": "aso-dcd1887e.hcp.westus3.azmk8s.io",
         "azurePortalFQDN": "aso-dcd1887e.portal.hcp.westus3.azmk8s.io",
         "agentPoolProfiles": [
          {
           "name": "ap1",
           "count": 1,
           "vmSize": "Standard_DS2_v2",
           "osDiskSizeGB": 128,
           "osDiskType": "Managed",
           "kubeletDiskType": "OS",
           "maxPods": 110,
           "type": "VirtualMachineScaleSets",
           "provisioningState": "Updating",
           "powerState": {
            "code": "Running"
           },
           "orchestratorVersion": "1.22.11",
           "mode": "System",
           "osType": "Linux",
           "osSKU": "Ubuntu",
           "nodeImageVersion": "AKSUbuntu-1804gen2containerd-2022.07.18",
           "enableFIPS": false
          }
         ],
         "linuxProfile": {
          "adminUsername": "adminUser",
          "ssh": {
           "publicKeys": [
            {
             "keyData": "ssh-rsa {KEY}\n"
            }
           ]
          }
         },
         "servicePrincipalProfile": {
          "clientId": "msi"
         },
         "nodeResourceGroup": "MC_asotest-rg-kxcndt_asotest-mc-dlzkpe_westus3",
         "enableRBAC": true,
         "networkProfile": {
          "networkPlugin": "kubenet",
          "loadBalancerSku": "Standard",
          "loadBalancerProfile": {
           "managedOutboundIPs": {
            "count": 1
           },
           "effectiveOutboundIPs": [
            {
             "id": "/subscriptions/00000000-0000-0000-0000-000000000000/resourceGroups/MC_asotest-rg-kxcndt_asotest-mc-dlzkpe_westus3/providers/Microsoft.Network/publicIPAddresses/ff025ab8-4a86-43ca-9089-e79eec01fc4d"
            }
           ]
          },
          "podCidr": "10.244.0.0/16",
          "serviceCidr": "10.0.0.0/16",
          "dnsServiceIP": "10.0.0.10",
          "dockerBridgeCidr": "172.17.0.1/16",
          "outboundType": "loadBalancer"
         },
         "maxAgentPools": 100,
         "identityProfile": {
          "kubeletidentity": {
           "resourceId": "/subscriptions/00000000-0000-0000-0000-000000000000/resourcegroups/MC_asotest-rg-kxcndt_asotest-mc-dlzkpe_westus3/providers/Microsoft.ManagedIdentity/userAssignedIdentities/asotest-mc-dlzkpe-agentpool",
           "clientId": "7403de6d-4a22-42fb-99b0-6b9d913fac52",
           "objectId": "82f9da59-1f37-45f7-8703-f391332e32c7"
          }
         }
        },
        "identity": {
         "type": "SystemAssigned",
         "principalId": "d9280db6-545b-438d-a929-975ab4e887e7",
         "tenantId": "00000000-0000-0000-0000-000000000000"
        },
        "sku": {
         "name": "Basic",
         "tier": "Paid"
        }
       }
    headers:
      Azure-Asyncoperation:
      - https://management.azure.com/subscriptions/00000000-0000-0000-0000-000000000000/providers/Microsoft.ContainerService/locations/westus3/operations/31b6a20d-e1ed-454a-9a3a-9f54d6dc5a09?api-version=2016-03-30
      Cache-Control:
      - no-cache
      Content-Type:
      - application/json
      Expires:
      - "-1"
      Pragma:
      - no-cache
      Server:
      - nginx
      Strict-Transport-Security:
      - max-age=31536000; includeSubDomains
      Vary:
      - Accept-Encoding
      X-Content-Type-Options:
      - nosniff
    status: 200 OK
    code: 200
    duration: ""
- request:
    body: ""
    form: {}
    headers:
      Test-Request-Attempt:
      - "0"
    url: https://management.azure.com/subscriptions/00000000-0000-0000-0000-000000000000/providers/Microsoft.ContainerService/locations/westus3/operations/31b6a20d-e1ed-454a-9a3a-9f54d6dc5a09?api-version=2016-03-30
    method: GET
  response:
    body: |-
      {
        "name": "0da2b631-ede1-4a45-9a3a-9f54d6dc5a09",
        "status": "InProgress",
        "startTime": "2001-02-03T04:05:06Z"
       }
    headers:
      Cache-Control:
      - no-cache
      Content-Type:
      - application/json
      Expires:
      - "-1"
      Pragma:
      - no-cache
      Server:
      - nginx
      Strict-Transport-Security:
      - max-age=31536000; includeSubDomains
      Vary:
      - Accept-Encoding
      X-Content-Type-Options:
      - nosniff
    status: 200 OK
    code: 200
    duration: ""
- request:
    body: ""
    form: {}
    headers:
      Test-Request-Attempt:
      - "1"
    url: https://management.azure.com/subscriptions/00000000-0000-0000-0000-000000000000/providers/Microsoft.ContainerService/locations/westus3/operations/31b6a20d-e1ed-454a-9a3a-9f54d6dc5a09?api-version=2016-03-30
    method: GET
  response:
    body: |-
      {
        "name": "0da2b631-ede1-4a45-9a3a-9f54d6dc5a09",
        "status": "InProgress",
        "startTime": "2001-02-03T04:05:06Z"
       }
    headers:
      Cache-Control:
      - no-cache
      Content-Type:
      - application/json
      Expires:
      - "-1"
      Pragma:
      - no-cache
      Server:
      - nginx
      Strict-Transport-Security:
      - max-age=31536000; includeSubDomains
      Vary:
      - Accept-Encoding
      X-Content-Type-Options:
      - nosniff
    status: 200 OK
    code: 200
    duration: ""
- request:
    body: ""
    form: {}
    headers:
      Test-Request-Attempt:
      - "2"
    url: https://management.azure.com/subscriptions/00000000-0000-0000-0000-000000000000/providers/Microsoft.ContainerService/locations/westus3/operations/31b6a20d-e1ed-454a-9a3a-9f54d6dc5a09?api-version=2016-03-30
    method: GET
  response:
    body: |-
      {
        "name": "0da2b631-ede1-4a45-9a3a-9f54d6dc5a09",
        "status": "InProgress",
        "startTime": "2001-02-03T04:05:06Z"
       }
    headers:
      Cache-Control:
      - no-cache
      Content-Type:
      - application/json
      Expires:
      - "-1"
      Pragma:
      - no-cache
      Server:
      - nginx
      Strict-Transport-Security:
      - max-age=31536000; includeSubDomains
      Vary:
      - Accept-Encoding
      X-Content-Type-Options:
      - nosniff
    status: 200 OK
    code: 200
    duration: ""
- request:
    body: ""
    form: {}
    headers:
      Test-Request-Attempt:
      - "3"
    url: https://management.azure.com/subscriptions/00000000-0000-0000-0000-000000000000/providers/Microsoft.ContainerService/locations/westus3/operations/31b6a20d-e1ed-454a-9a3a-9f54d6dc5a09?api-version=2016-03-30
    method: GET
  response:
    body: |-
      {
        "name": "0da2b631-ede1-4a45-9a3a-9f54d6dc5a09",
        "status": "InProgress",
        "startTime": "2001-02-03T04:05:06Z"
       }
    headers:
      Cache-Control:
      - no-cache
      Content-Type:
      - application/json
      Expires:
      - "-1"
      Pragma:
      - no-cache
      Server:
      - nginx
      Strict-Transport-Security:
      - max-age=31536000; includeSubDomains
      Vary:
      - Accept-Encoding
      X-Content-Type-Options:
      - nosniff
    status: 200 OK
    code: 200
    duration: ""
- request:
    body: ""
    form: {}
    headers:
      Test-Request-Attempt:
      - "4"
    url: https://management.azure.com/subscriptions/00000000-0000-0000-0000-000000000000/providers/Microsoft.ContainerService/locations/westus3/operations/31b6a20d-e1ed-454a-9a3a-9f54d6dc5a09?api-version=2016-03-30
    method: GET
  response:
    body: |-
      {
        "name": "0da2b631-ede1-4a45-9a3a-9f54d6dc5a09",
        "status": "Succeeded",
        "startTime": "2001-02-03T04:05:06Z",
        "endTime": "2001-02-03T04:05:06Z"
       }
    headers:
      Cache-Control:
      - no-cache
      Content-Type:
      - application/json
      Expires:
      - "-1"
      Pragma:
      - no-cache
      Server:
      - nginx
      Strict-Transport-Security:
      - max-age=31536000; includeSubDomains
      Vary:
      - Accept-Encoding
      X-Content-Type-Options:
      - nosniff
    status: 200 OK
    code: 200
    duration: ""
- request:
    body: ""
    form: {}
    headers:
      Test-Request-Attempt:
      - "4"
    url: https://management.azure.com/subscriptions/00000000-0000-0000-0000-000000000000/resourceGroups/asotest-rg-kxcndt/providers/Microsoft.ContainerService/managedClusters/asotest-mc-dlzkpe?api-version=2021-05-01
    method: GET
  response:
    body: |-
      {
        "id": "/subscriptions/00000000-0000-0000-0000-000000000000/resourcegroups/asotest-rg-kxcndt/providers/Microsoft.ContainerService/managedClusters/asotest-mc-dlzkpe",
        "location": "westus3",
        "name": "asotest-mc-dlzkpe",
        "type": "Microsoft.ContainerService/ManagedClusters",
        "properties": {
         "provisioningState": "Succeeded",
         "powerState": {
          "code": "Running"
         },
         "kubernetesVersion": "1.22.11",
         "dnsPrefix": "aso",
         "fqdn": "aso-dcd1887e.hcp.westus3.azmk8s.io",
         "azurePortalFQDN": "aso-dcd1887e.portal.hcp.westus3.azmk8s.io",
         "agentPoolProfiles": [
          {
           "name": "ap1",
           "count": 1,
           "vmSize": "Standard_DS2_v2",
           "osDiskSizeGB": 128,
           "osDiskType": "Managed",
           "kubeletDiskType": "OS",
           "maxPods": 110,
           "type": "VirtualMachineScaleSets",
           "provisioningState": "Succeeded",
           "powerState": {
            "code": "Running"
           },
           "orchestratorVersion": "1.22.11",
           "mode": "System",
           "osType": "Linux",
           "osSKU": "Ubuntu",
           "nodeImageVersion": "AKSUbuntu-1804gen2containerd-2022.07.18",
           "enableFIPS": false
          }
         ],
         "linuxProfile": {
          "adminUsername": "adminUser",
          "ssh": {
           "publicKeys": [
            {
             "keyData": "ssh-rsa {KEY}\n"
            }
           ]
          }
         },
         "servicePrincipalProfile": {
          "clientId": "msi"
         },
         "nodeResourceGroup": "MC_asotest-rg-kxcndt_asotest-mc-dlzkpe_westus3",
         "enableRBAC": true,
         "networkProfile": {
          "networkPlugin": "kubenet",
          "loadBalancerSku": "Standard",
          "loadBalancerProfile": {
           "managedOutboundIPs": {
            "count": 1
           },
           "effectiveOutboundIPs": [
            {
             "id": "/subscriptions/00000000-0000-0000-0000-000000000000/resourceGroups/MC_asotest-rg-kxcndt_asotest-mc-dlzkpe_westus3/providers/Microsoft.Network/publicIPAddresses/ff025ab8-4a86-43ca-9089-e79eec01fc4d"
            }
           ]
          },
          "podCidr": "10.244.0.0/16",
          "serviceCidr": "10.0.0.0/16",
          "dnsServiceIP": "10.0.0.10",
          "dockerBridgeCidr": "172.17.0.1/16",
          "outboundType": "loadBalancer"
         },
         "maxAgentPools": 100,
         "identityProfile": {
          "kubeletidentity": {
           "resourceId": "/subscriptions/00000000-0000-0000-0000-000000000000/resourcegroups/MC_asotest-rg-kxcndt_asotest-mc-dlzkpe_westus3/providers/Microsoft.ManagedIdentity/userAssignedIdentities/asotest-mc-dlzkpe-agentpool",
           "clientId": "7403de6d-4a22-42fb-99b0-6b9d913fac52",
           "objectId": "82f9da59-1f37-45f7-8703-f391332e32c7"
          }
         }
        },
        "identity": {
         "type": "SystemAssigned",
         "principalId": "d9280db6-545b-438d-a929-975ab4e887e7",
         "tenantId": "00000000-0000-0000-0000-000000000000"
        },
        "sku": {
         "name": "Basic",
         "tier": "Paid"
        }
       }
    headers:
      Cache-Control:
      - no-cache
      Content-Type:
      - application/json
      Expires:
      - "-1"
      Pragma:
      - no-cache
      Server:
      - nginx
      Strict-Transport-Security:
      - max-age=31536000; includeSubDomains
      Vary:
      - Accept-Encoding
      X-Content-Type-Options:
      - nosniff
    status: 200 OK
    code: 200
    duration: ""
- request:
    body: ""
    form: {}
    headers:
      Accept:
      - application/json
      Test-Request-Attempt:
      - "5"
    url: https://management.azure.com/subscriptions/00000000-0000-0000-0000-000000000000/resourceGroups/asotest-rg-kxcndt/providers/Microsoft.ContainerService/managedClusters/asotest-mc-dlzkpe?api-version=2021-05-01
    method: GET
  response:
    body: |-
      {
        "id": "/subscriptions/00000000-0000-0000-0000-000000000000/resourcegroups/asotest-rg-kxcndt/providers/Microsoft.ContainerService/managedClusters/asotest-mc-dlzkpe",
        "location": "westus3",
        "name": "asotest-mc-dlzkpe",
        "type": "Microsoft.ContainerService/ManagedClusters",
        "properties": {
         "provisioningState": "Succeeded",
         "powerState": {
          "code": "Running"
         },
         "kubernetesVersion": "1.22.11",
         "dnsPrefix": "aso",
         "fqdn": "aso-dcd1887e.hcp.westus3.azmk8s.io",
         "azurePortalFQDN": "aso-dcd1887e.portal.hcp.westus3.azmk8s.io",
         "agentPoolProfiles": [
          {
           "name": "ap1",
           "count": 1,
           "vmSize": "Standard_DS2_v2",
           "osDiskSizeGB": 128,
           "osDiskType": "Managed",
           "kubeletDiskType": "OS",
           "maxPods": 110,
           "type": "VirtualMachineScaleSets",
           "provisioningState": "Succeeded",
           "powerState": {
            "code": "Running"
           },
           "orchestratorVersion": "1.22.11",
           "mode": "System",
           "osType": "Linux",
           "osSKU": "Ubuntu",
           "nodeImageVersion": "AKSUbuntu-1804gen2containerd-2022.07.18",
           "enableFIPS": false
          }
         ],
         "linuxProfile": {
          "adminUsername": "adminUser",
          "ssh": {
           "publicKeys": [
            {
             "keyData": "ssh-rsa {KEY}\n"
            }
           ]
          }
         },
         "servicePrincipalProfile": {
          "clientId": "msi"
         },
         "nodeResourceGroup": "MC_asotest-rg-kxcndt_asotest-mc-dlzkpe_westus3",
         "enableRBAC": true,
         "networkProfile": {
          "networkPlugin": "kubenet",
          "loadBalancerSku": "Standard",
          "loadBalancerProfile": {
           "managedOutboundIPs": {
            "count": 1
           },
           "effectiveOutboundIPs": [
            {
             "id": "/subscriptions/00000000-0000-0000-0000-000000000000/resourceGroups/MC_asotest-rg-kxcndt_asotest-mc-dlzkpe_westus3/providers/Microsoft.Network/publicIPAddresses/ff025ab8-4a86-43ca-9089-e79eec01fc4d"
            }
           ]
          },
          "podCidr": "10.244.0.0/16",
          "serviceCidr": "10.0.0.0/16",
          "dnsServiceIP": "10.0.0.10",
          "dockerBridgeCidr": "172.17.0.1/16",
          "outboundType": "loadBalancer"
         },
         "maxAgentPools": 100,
         "identityProfile": {
          "kubeletidentity": {
           "resourceId": "/subscriptions/00000000-0000-0000-0000-000000000000/resourcegroups/MC_asotest-rg-kxcndt_asotest-mc-dlzkpe_westus3/providers/Microsoft.ManagedIdentity/userAssignedIdentities/asotest-mc-dlzkpe-agentpool",
           "clientId": "7403de6d-4a22-42fb-99b0-6b9d913fac52",
           "objectId": "82f9da59-1f37-45f7-8703-f391332e32c7"
          }
         }
        },
        "identity": {
         "type": "SystemAssigned",
         "principalId": "d9280db6-545b-438d-a929-975ab4e887e7",
         "tenantId": "00000000-0000-0000-0000-000000000000"
        },
        "sku": {
         "name": "Basic",
         "tier": "Paid"
        }
       }
    headers:
      Cache-Control:
      - no-cache
      Content-Type:
      - application/json
      Expires:
      - "-1"
      Pragma:
      - no-cache
      Server:
      - nginx
      Strict-Transport-Security:
      - max-age=31536000; includeSubDomains
      Vary:
      - Accept-Encoding
      X-Content-Type-Options:
      - nosniff
    status: 200 OK
    code: 200
    duration: ""
- request:
    body: ""
    form: {}
    headers:
      Accept:
      - application/json
      Test-Request-Attempt:
      - "0"
    url: https://management.azure.com/subscriptions/00000000-0000-0000-0000-000000000000/resourceGroups/asotest-rg-kxcndt/providers/Microsoft.ContainerService/managedClusters/asotest-mc-dlzkpe/listClusterAdminCredential?api-version=2022-04-01
    method: POST
  response:
    body: |-
      {
        "kubeconfigs": [
         {
          "name": "clusterAdmin",
          "value": "IA=="
         }
        ]
       }
    headers:
      Cache-Control:
      - no-cache
      Content-Type:
      - application/json
      Expires:
      - "-1"
      Pragma:
      - no-cache
      Server:
      - nginx
      Strict-Transport-Security:
      - max-age=31536000; includeSubDomains
      Vary:
      - Accept-Encoding
      X-Content-Type-Options:
      - nosniff
    status: 200 OK
    code: 200
    duration: ""
- request:
    body: ""
    form: {}
    headers:
      Accept:
      - application/json
      Test-Request-Attempt:
      - "0"
    url: https://management.azure.com/subscriptions/00000000-0000-0000-0000-000000000000/resourceGroups/asotest-rg-kxcndt/providers/Microsoft.ContainerService/managedClusters/asotest-mc-dlzkpe/listClusterUserCredential?api-version=2022-04-01
    method: POST
  response:
    body: |-
      {
        "kubeconfigs": [
         {
          "name": "clusterUser",
          "value": "IA=="
         }
        ]
       }
    headers:
      Cache-Control:
      - no-cache
      Content-Type:
      - application/json
      Expires:
      - "-1"
      Pragma:
      - no-cache
      Server:
      - nginx
      Strict-Transport-Security:
      - max-age=31536000; includeSubDomains
      Vary:
      - Accept-Encoding
      X-Content-Type-Options:
      - nosniff
    status: 200 OK
    code: 200
    duration: ""
- request:
    body: '{"name":"ap2","properties":{"count":1,"mode":"System","osType":"Linux","vmSize":"Standard_DS2_v2"}}'
    form: {}
    headers:
      Accept:
      - application/json
      Content-Length:
      - "99"
      Content-Type:
      - application/json
      Test-Request-Attempt:
      - "0"
    url: https://management.azure.com/subscriptions/00000000-0000-0000-0000-000000000000/resourceGroups/asotest-rg-kxcndt/providers/Microsoft.ContainerService/managedClusters/asotest-mc-dlzkpe/agentPools/ap2?api-version=2021-05-01
    method: PUT
  response:
    body: |-
      {
        "id": "/subscriptions/00000000-0000-0000-0000-000000000000/resourcegroups/asotest-rg-kxcndt/providers/Microsoft.ContainerService/managedClusters/asotest-mc-dlzkpe/agentPools/ap2",
        "name": "ap2",
        "type": "Microsoft.ContainerService/managedClusters/agentPools",
        "properties": {
         "count": 1,
         "vmSize": "Standard_DS2_v2",
         "osDiskSizeGB": 128,
         "osDiskType": "Managed",
         "kubeletDiskType": "OS",
         "maxPods": 110,
         "type": "VirtualMachineScaleSets",
         "provisioningState": "Creating",
         "powerState": {
          "code": "Running"
         },
         "orchestratorVersion": "1.22.11",
         "mode": "System",
         "osType": "Linux",
         "osSKU": "Ubuntu",
         "nodeImageVersion": "AKSUbuntu-1804gen2containerd-2022.07.18",
         "enableFIPS": false
        }
       }
    headers:
      Azure-Asyncoperation:
      - https://management.azure.com/subscriptions/00000000-0000-0000-0000-000000000000/providers/Microsoft.ContainerService/locations/westus3/operations/3f799df0-07f1-4c99-8778-2ca10ff8db0e?api-version=2016-03-30
      Cache-Control:
      - no-cache
      Content-Length:
      - "750"
      Content-Type:
      - application/json
      Expires:
      - "-1"
      Pragma:
      - no-cache
      Server:
      - nginx
      Strict-Transport-Security:
      - max-age=31536000; includeSubDomains
      X-Content-Type-Options:
      - nosniff
    status: 201 Created
    code: 201
    duration: ""
- request:
    body: ""
    form: {}
    headers:
      Test-Request-Attempt:
      - "0"
    url: https://management.azure.com/subscriptions/00000000-0000-0000-0000-000000000000/providers/Microsoft.ContainerService/locations/westus3/operations/3f799df0-07f1-4c99-8778-2ca10ff8db0e?api-version=2016-03-30
    method: GET
  response:
    body: |-
      {
        "name": "f09d793f-f107-994c-8778-2ca10ff8db0e",
        "status": "InProgress",
        "startTime": "2001-02-03T04:05:06Z"
       }
    headers:
      Cache-Control:
      - no-cache
      Content-Type:
      - application/json
      Expires:
      - "-1"
      Pragma:
      - no-cache
      Server:
      - nginx
      Strict-Transport-Security:
      - max-age=31536000; includeSubDomains
      Vary:
      - Accept-Encoding
      X-Content-Type-Options:
      - nosniff
    status: 200 OK
    code: 200
    duration: ""
- request:
    body: ""
    form: {}
    headers:
      Test-Request-Attempt:
      - "1"
    url: https://management.azure.com/subscriptions/00000000-0000-0000-0000-000000000000/providers/Microsoft.ContainerService/locations/westus3/operations/3f799df0-07f1-4c99-8778-2ca10ff8db0e?api-version=2016-03-30
    method: GET
  response:
    body: |-
      {
        "name": "f09d793f-f107-994c-8778-2ca10ff8db0e",
        "status": "InProgress",
        "startTime": "2001-02-03T04:05:06Z"
       }
    headers:
      Cache-Control:
      - no-cache
      Content-Type:
      - application/json
      Expires:
      - "-1"
      Pragma:
      - no-cache
      Server:
      - nginx
      Strict-Transport-Security:
      - max-age=31536000; includeSubDomains
      Vary:
      - Accept-Encoding
      X-Content-Type-Options:
      - nosniff
    status: 200 OK
    code: 200
    duration: ""
- request:
    body: ""
    form: {}
    headers:
      Test-Request-Attempt:
      - "2"
    url: https://management.azure.com/subscriptions/00000000-0000-0000-0000-000000000000/providers/Microsoft.ContainerService/locations/westus3/operations/3f799df0-07f1-4c99-8778-2ca10ff8db0e?api-version=2016-03-30
    method: GET
  response:
    body: |-
      {
        "name": "f09d793f-f107-994c-8778-2ca10ff8db0e",
        "status": "InProgress",
        "startTime": "2001-02-03T04:05:06Z"
       }
    headers:
      Cache-Control:
      - no-cache
      Content-Type:
      - application/json
      Expires:
      - "-1"
      Pragma:
      - no-cache
      Server:
      - nginx
      Strict-Transport-Security:
      - max-age=31536000; includeSubDomains
      Vary:
      - Accept-Encoding
      X-Content-Type-Options:
      - nosniff
    status: 200 OK
    code: 200
    duration: ""
- request:
    body: ""
    form: {}
    headers:
      Test-Request-Attempt:
      - "3"
    url: https://management.azure.com/subscriptions/00000000-0000-0000-0000-000000000000/providers/Microsoft.ContainerService/locations/westus3/operations/3f799df0-07f1-4c99-8778-2ca10ff8db0e?api-version=2016-03-30
    method: GET
  response:
    body: |-
      {
        "name": "f09d793f-f107-994c-8778-2ca10ff8db0e",
        "status": "InProgress",
        "startTime": "2001-02-03T04:05:06Z"
       }
    headers:
      Cache-Control:
      - no-cache
      Content-Type:
      - application/json
      Expires:
      - "-1"
      Pragma:
      - no-cache
      Server:
      - nginx
      Strict-Transport-Security:
      - max-age=31536000; includeSubDomains
      Vary:
      - Accept-Encoding
      X-Content-Type-Options:
      - nosniff
    status: 200 OK
    code: 200
    duration: ""
- request:
    body: ""
    form: {}
    headers:
      Test-Request-Attempt:
      - "4"
    url: https://management.azure.com/subscriptions/00000000-0000-0000-0000-000000000000/providers/Microsoft.ContainerService/locations/westus3/operations/3f799df0-07f1-4c99-8778-2ca10ff8db0e?api-version=2016-03-30
    method: GET
  response:
    body: |-
      {
        "name": "f09d793f-f107-994c-8778-2ca10ff8db0e",
        "status": "InProgress",
        "startTime": "2001-02-03T04:05:06Z"
       }
    headers:
      Cache-Control:
      - no-cache
      Content-Type:
      - application/json
      Expires:
      - "-1"
      Pragma:
      - no-cache
      Server:
      - nginx
      Strict-Transport-Security:
      - max-age=31536000; includeSubDomains
      Vary:
      - Accept-Encoding
      X-Content-Type-Options:
      - nosniff
    status: 200 OK
    code: 200
    duration: ""
- request:
    body: ""
    form: {}
    headers:
      Test-Request-Attempt:
      - "5"
    url: https://management.azure.com/subscriptions/00000000-0000-0000-0000-000000000000/providers/Microsoft.ContainerService/locations/westus3/operations/3f799df0-07f1-4c99-8778-2ca10ff8db0e?api-version=2016-03-30
    method: GET
  response:
    body: |-
      {
        "name": "f09d793f-f107-994c-8778-2ca10ff8db0e",
        "status": "InProgress",
        "startTime": "2001-02-03T04:05:06Z"
       }
    headers:
      Cache-Control:
      - no-cache
      Content-Type:
      - application/json
      Expires:
      - "-1"
      Pragma:
      - no-cache
      Server:
      - nginx
      Strict-Transport-Security:
      - max-age=31536000; includeSubDomains
      Vary:
      - Accept-Encoding
      X-Content-Type-Options:
      - nosniff
    status: 200 OK
    code: 200
    duration: ""
- request:
    body: ""
    form: {}
    headers:
      Test-Request-Attempt:
      - "6"
    url: https://management.azure.com/subscriptions/00000000-0000-0000-0000-000000000000/providers/Microsoft.ContainerService/locations/westus3/operations/3f799df0-07f1-4c99-8778-2ca10ff8db0e?api-version=2016-03-30
    method: GET
  response:
    body: |-
      {
        "name": "f09d793f-f107-994c-8778-2ca10ff8db0e",
        "status": "Succeeded",
        "startTime": "2001-02-03T04:05:06Z",
        "endTime": "2001-02-03T04:05:06Z"
       }
    headers:
      Cache-Control:
      - no-cache
      Content-Type:
      - application/json
      Expires:
      - "-1"
      Pragma:
      - no-cache
      Server:
      - nginx
      Strict-Transport-Security:
      - max-age=31536000; includeSubDomains
      Vary:
      - Accept-Encoding
      X-Content-Type-Options:
      - nosniff
    status: 200 OK
    code: 200
    duration: ""
- request:
    body: ""
    form: {}
    headers:
      Test-Request-Attempt:
      - "0"
    url: https://management.azure.com/subscriptions/00000000-0000-0000-0000-000000000000/resourceGroups/asotest-rg-kxcndt/providers/Microsoft.ContainerService/managedClusters/asotest-mc-dlzkpe/agentPools/ap2?api-version=2021-05-01
    method: GET
  response:
    body: |-
      {
        "id": "/subscriptions/00000000-0000-0000-0000-000000000000/resourcegroups/asotest-rg-kxcndt/providers/Microsoft.ContainerService/managedClusters/asotest-mc-dlzkpe/agentPools/ap2",
        "name": "ap2",
        "type": "Microsoft.ContainerService/managedClusters/agentPools",
        "properties": {
         "count": 1,
         "vmSize": "Standard_DS2_v2",
         "osDiskSizeGB": 128,
         "osDiskType": "Managed",
         "kubeletDiskType": "OS",
         "maxPods": 110,
         "type": "VirtualMachineScaleSets",
         "provisioningState": "Succeeded",
         "powerState": {
          "code": "Running"
         },
         "orchestratorVersion": "1.22.11",
         "mode": "System",
         "osType": "Linux",
         "osSKU": "Ubuntu",
         "nodeImageVersion": "AKSUbuntu-1804gen2containerd-2022.07.18",
         "enableFIPS": false
        }
       }
    headers:
      Cache-Control:
      - no-cache
      Content-Type:
      - application/json
      Expires:
      - "-1"
      Pragma:
      - no-cache
      Server:
      - nginx
      Strict-Transport-Security:
      - max-age=31536000; includeSubDomains
      Vary:
      - Accept-Encoding
      X-Content-Type-Options:
      - nosniff
    status: 200 OK
    code: 200
    duration: ""
- request:
    body: ""
    form: {}
    headers:
      Accept:
      - application/json
      Test-Request-Attempt:
      - "1"
    url: https://management.azure.com/subscriptions/00000000-0000-0000-0000-000000000000/resourceGroups/asotest-rg-kxcndt/providers/Microsoft.ContainerService/managedClusters/asotest-mc-dlzkpe/agentPools/ap2?api-version=2021-05-01
    method: GET
  response:
    body: |-
      {
        "id": "/subscriptions/00000000-0000-0000-0000-000000000000/resourcegroups/asotest-rg-kxcndt/providers/Microsoft.ContainerService/managedClusters/asotest-mc-dlzkpe/agentPools/ap2",
        "name": "ap2",
        "type": "Microsoft.ContainerService/managedClusters/agentPools",
        "properties": {
         "count": 1,
         "vmSize": "Standard_DS2_v2",
         "osDiskSizeGB": 128,
         "osDiskType": "Managed",
         "kubeletDiskType": "OS",
         "maxPods": 110,
         "type": "VirtualMachineScaleSets",
         "provisioningState": "Succeeded",
         "powerState": {
          "code": "Running"
         },
         "orchestratorVersion": "1.22.11",
         "mode": "System",
         "osType": "Linux",
         "osSKU": "Ubuntu",
         "nodeImageVersion": "AKSUbuntu-1804gen2containerd-2022.07.18",
         "enableFIPS": false
        }
       }
    headers:
      Cache-Control:
      - no-cache
      Content-Type:
      - application/json
      Expires:
      - "-1"
      Pragma:
      - no-cache
      Server:
      - nginx
      Strict-Transport-Security:
      - max-age=31536000; includeSubDomains
      Vary:
      - Accept-Encoding
      X-Content-Type-Options:
      - nosniff
    status: 200 OK
    code: 200
    duration: ""
- request:
    body: '{"name":"ap2","properties":{"count":1,"mode":"System","nodeLabels":{"mylabel":"label"},"osType":"Linux","vmSize":"Standard_DS2_v2"}}'
    form: {}
    headers:
      Accept:
      - application/json
      Content-Length:
      - "132"
      Content-Type:
      - application/json
      Test-Request-Attempt:
      - "1"
    url: https://management.azure.com/subscriptions/00000000-0000-0000-0000-000000000000/resourceGroups/asotest-rg-kxcndt/providers/Microsoft.ContainerService/managedClusters/asotest-mc-dlzkpe/agentPools/ap2?api-version=2021-05-01
    method: PUT
  response:
    body: |-
      {
        "id": "/subscriptions/00000000-0000-0000-0000-000000000000/resourcegroups/asotest-rg-kxcndt/providers/Microsoft.ContainerService/managedClusters/asotest-mc-dlzkpe/agentPools/ap2",
        "name": "ap2",
        "type": "Microsoft.ContainerService/managedClusters/agentPools",
        "properties": {
         "count": 1,
         "vmSize": "Standard_DS2_v2",
         "osDiskSizeGB": 128,
         "osDiskType": "Managed",
         "kubeletDiskType": "OS",
         "maxPods": 110,
         "type": "VirtualMachineScaleSets",
         "provisioningState": "Updating",
         "powerState": {
          "code": "Running"
         },
         "orchestratorVersion": "1.22.11",
         "nodeLabels": {
          "mylabel": "label"
         },
         "mode": "System",
         "osType": "Linux",
         "osSKU": "Ubuntu",
         "nodeImageVersion": "AKSUbuntu-1804gen2containerd-2022.07.18",
         "enableFIPS": false
        }
       }
    headers:
      Azure-Asyncoperation:
      - https://management.azure.com/subscriptions/00000000-0000-0000-0000-000000000000/providers/Microsoft.ContainerService/locations/westus3/operations/c8341725-1e91-4df6-aa32-8b002cd37cd3?api-version=2016-03-30
      Cache-Control:
      - no-cache
      Content-Type:
      - application/json
      Expires:
      - "-1"
      Pragma:
      - no-cache
      Server:
      - nginx
      Strict-Transport-Security:
      - max-age=31536000; includeSubDomains
      Vary:
      - Accept-Encoding
      X-Content-Type-Options:
      - nosniff
    status: 200 OK
    code: 200
    duration: ""
- request:
    body: ""
    form: {}
    headers:
      Test-Request-Attempt:
      - "0"
    url: https://management.azure.com/subscriptions/00000000-0000-0000-0000-000000000000/providers/Microsoft.ContainerService/locations/westus3/operations/c8341725-1e91-4df6-aa32-8b002cd37cd3?api-version=2016-03-30
    method: GET
  response:
    body: |-
      {
        "name": "251734c8-911e-f64d-aa32-8b002cd37cd3",
        "status": "InProgress",
        "startTime": "2001-02-03T04:05:06Z"
       }
    headers:
      Cache-Control:
      - no-cache
      Content-Type:
      - application/json
      Expires:
      - "-1"
      Pragma:
      - no-cache
      Server:
      - nginx
      Strict-Transport-Security:
      - max-age=31536000; includeSubDomains
      Vary:
      - Accept-Encoding
      X-Content-Type-Options:
      - nosniff
    status: 200 OK
    code: 200
    duration: ""
- request:
    body: ""
    form: {}
    headers:
      Test-Request-Attempt:
      - "1"
    url: https://management.azure.com/subscriptions/00000000-0000-0000-0000-000000000000/providers/Microsoft.ContainerService/locations/westus3/operations/c8341725-1e91-4df6-aa32-8b002cd37cd3?api-version=2016-03-30
    method: GET
  response:
    body: |-
      {
        "name": "251734c8-911e-f64d-aa32-8b002cd37cd3",
        "status": "InProgress",
        "startTime": "2001-02-03T04:05:06Z"
       }
    headers:
      Cache-Control:
      - no-cache
      Content-Type:
      - application/json
      Expires:
      - "-1"
      Pragma:
      - no-cache
      Server:
      - nginx
      Strict-Transport-Security:
      - max-age=31536000; includeSubDomains
      Vary:
      - Accept-Encoding
      X-Content-Type-Options:
      - nosniff
    status: 200 OK
    code: 200
    duration: ""
- request:
    body: ""
    form: {}
    headers:
      Test-Request-Attempt:
      - "2"
    url: https://management.azure.com/subscriptions/00000000-0000-0000-0000-000000000000/providers/Microsoft.ContainerService/locations/westus3/operations/c8341725-1e91-4df6-aa32-8b002cd37cd3?api-version=2016-03-30
    method: GET
  response:
    body: |-
      {
        "name": "251734c8-911e-f64d-aa32-8b002cd37cd3",
        "status": "InProgress",
        "startTime": "2001-02-03T04:05:06Z"
       }
    headers:
      Cache-Control:
      - no-cache
      Content-Type:
      - application/json
      Expires:
      - "-1"
      Pragma:
      - no-cache
      Server:
      - nginx
      Strict-Transport-Security:
      - max-age=31536000; includeSubDomains
      Vary:
      - Accept-Encoding
      X-Content-Type-Options:
      - nosniff
    status: 200 OK
    code: 200
    duration: ""
- request:
    body: ""
    form: {}
    headers:
      Test-Request-Attempt:
      - "3"
    url: https://management.azure.com/subscriptions/00000000-0000-0000-0000-000000000000/providers/Microsoft.ContainerService/locations/westus3/operations/c8341725-1e91-4df6-aa32-8b002cd37cd3?api-version=2016-03-30
    method: GET
  response:
    body: |-
      {
        "name": "251734c8-911e-f64d-aa32-8b002cd37cd3",
        "status": "InProgress",
        "startTime": "2001-02-03T04:05:06Z"
       }
    headers:
      Cache-Control:
      - no-cache
      Content-Type:
      - application/json
      Expires:
      - "-1"
      Pragma:
      - no-cache
      Server:
      - nginx
      Strict-Transport-Security:
      - max-age=31536000; includeSubDomains
      Vary:
      - Accept-Encoding
      X-Content-Type-Options:
      - nosniff
    status: 200 OK
    code: 200
    duration: ""
- request:
    body: ""
    form: {}
    headers:
      Test-Request-Attempt:
      - "4"
    url: https://management.azure.com/subscriptions/00000000-0000-0000-0000-000000000000/providers/Microsoft.ContainerService/locations/westus3/operations/c8341725-1e91-4df6-aa32-8b002cd37cd3?api-version=2016-03-30
    method: GET
  response:
    body: |-
      {
        "name": "251734c8-911e-f64d-aa32-8b002cd37cd3",
        "status": "Succeeded",
        "startTime": "2001-02-03T04:05:06Z",
        "endTime": "2001-02-03T04:05:06Z"
       }
    headers:
      Cache-Control:
      - no-cache
      Content-Type:
      - application/json
      Expires:
      - "-1"
      Pragma:
      - no-cache
      Server:
      - nginx
      Strict-Transport-Security:
      - max-age=31536000; includeSubDomains
      Vary:
      - Accept-Encoding
      X-Content-Type-Options:
      - nosniff
    status: 200 OK
    code: 200
    duration: ""
- request:
    body: ""
    form: {}
    headers:
      Test-Request-Attempt:
      - "2"
    url: https://management.azure.com/subscriptions/00000000-0000-0000-0000-000000000000/resourceGroups/asotest-rg-kxcndt/providers/Microsoft.ContainerService/managedClusters/asotest-mc-dlzkpe/agentPools/ap2?api-version=2021-05-01
    method: GET
  response:
    body: |-
      {
        "id": "/subscriptions/00000000-0000-0000-0000-000000000000/resourcegroups/asotest-rg-kxcndt/providers/Microsoft.ContainerService/managedClusters/asotest-mc-dlzkpe/agentPools/ap2",
        "name": "ap2",
        "type": "Microsoft.ContainerService/managedClusters/agentPools",
        "properties": {
         "count": 1,
         "vmSize": "Standard_DS2_v2",
         "osDiskSizeGB": 128,
         "osDiskType": "Managed",
         "kubeletDiskType": "OS",
         "maxPods": 110,
         "type": "VirtualMachineScaleSets",
         "provisioningState": "Succeeded",
         "powerState": {
          "code": "Running"
         },
         "orchestratorVersion": "1.22.11",
         "nodeLabels": {
          "mylabel": "label"
         },
         "mode": "System",
         "osType": "Linux",
         "osSKU": "Ubuntu",
         "nodeImageVersion": "AKSUbuntu-1804gen2containerd-2022.07.18",
         "enableFIPS": false
        }
       }
    headers:
      Cache-Control:
      - no-cache
      Content-Type:
      - application/json
      Expires:
      - "-1"
      Pragma:
      - no-cache
      Server:
      - nginx
      Strict-Transport-Security:
      - max-age=31536000; includeSubDomains
      Vary:
      - Accept-Encoding
      X-Content-Type-Options:
      - nosniff
    status: 200 OK
    code: 200
    duration: ""
- request:
    body: ""
    form: {}
    headers:
      Accept:
      - application/json
      Test-Request-Attempt:
      - "3"
    url: https://management.azure.com/subscriptions/00000000-0000-0000-0000-000000000000/resourceGroups/asotest-rg-kxcndt/providers/Microsoft.ContainerService/managedClusters/asotest-mc-dlzkpe/agentPools/ap2?api-version=2021-05-01
    method: GET
  response:
    body: |-
      {
        "id": "/subscriptions/00000000-0000-0000-0000-000000000000/resourcegroups/asotest-rg-kxcndt/providers/Microsoft.ContainerService/managedClusters/asotest-mc-dlzkpe/agentPools/ap2",
        "name": "ap2",
        "type": "Microsoft.ContainerService/managedClusters/agentPools",
        "properties": {
         "count": 1,
         "vmSize": "Standard_DS2_v2",
         "osDiskSizeGB": 128,
         "osDiskType": "Managed",
         "kubeletDiskType": "OS",
         "maxPods": 110,
         "type": "VirtualMachineScaleSets",
         "provisioningState": "Succeeded",
         "powerState": {
          "code": "Running"
         },
         "orchestratorVersion": "1.22.11",
         "nodeLabels": {
          "mylabel": "label"
         },
         "mode": "System",
         "osType": "Linux",
         "osSKU": "Ubuntu",
         "nodeImageVersion": "AKSUbuntu-1804gen2containerd-2022.07.18",
         "enableFIPS": false
        }
       }
    headers:
      Cache-Control:
      - no-cache
      Content-Type:
      - application/json
      Expires:
      - "-1"
      Pragma:
      - no-cache
      Server:
      - nginx
      Strict-Transport-Security:
      - max-age=31536000; includeSubDomains
      Vary:
      - Accept-Encoding
      X-Content-Type-Options:
      - nosniff
    status: 200 OK
    code: 200
    duration: ""
- request:
    body: ""
    form: {}
    headers:
      Accept:
      - application/json
      Test-Request-Attempt:
      - "0"
    url: https://management.azure.com/subscriptions/00000000-0000-0000-0000-000000000000/resourceGroups/asotest-rg-kxcndt/providers/Microsoft.ContainerService/managedClusters/asotest-mc-dlzkpe/agentPools/ap2?api-version=2021-05-01
    method: DELETE
  response:
    body: ""
    headers:
      Azure-Asyncoperation:
      - https://management.azure.com/subscriptions/00000000-0000-0000-0000-000000000000/providers/Microsoft.ContainerService/locations/westus3/operations/47678320-c526-4ebf-8c4c-838f539bdcae?api-version=2016-03-30
      Cache-Control:
      - no-cache
      Content-Length:
      - "0"
      Expires:
      - "-1"
      Location:
      - https://management.azure.com/subscriptions/00000000-0000-0000-0000-000000000000/providers/Microsoft.ContainerService/locations/westus3/operationresults/47678320-c526-4ebf-8c4c-838f539bdcae?api-version=2016-03-30
      Pragma:
      - no-cache
      Server:
      - nginx
      Strict-Transport-Security:
      - max-age=31536000; includeSubDomains
      X-Content-Type-Options:
      - nosniff
    status: 202 Accepted
    code: 202
    duration: ""
- request:
    body: ""
    form: {}
    headers:
      Test-Request-Attempt:
      - "0"
    url: https://management.azure.com/subscriptions/00000000-0000-0000-0000-000000000000/providers/Microsoft.ContainerService/locations/westus3/operations/47678320-c526-4ebf-8c4c-838f539bdcae?api-version=2016-03-30
    method: GET
  response:
    body: |-
      {
        "name": "20836747-26c5-bf4e-8c4c-838f539bdcae",
        "status": "InProgress",
        "startTime": "2001-02-03T04:05:06Z"
       }
    headers:
      Cache-Control:
      - no-cache
      Content-Type:
      - application/json
      Expires:
      - "-1"
      Pragma:
      - no-cache
      Server:
      - nginx
      Strict-Transport-Security:
      - max-age=31536000; includeSubDomains
      Vary:
      - Accept-Encoding
      X-Content-Type-Options:
      - nosniff
    status: 200 OK
    code: 200
    duration: ""
- request:
    body: ""
    form: {}
    headers:
      Test-Request-Attempt:
      - "1"
    url: https://management.azure.com/subscriptions/00000000-0000-0000-0000-000000000000/providers/Microsoft.ContainerService/locations/westus3/operations/47678320-c526-4ebf-8c4c-838f539bdcae?api-version=2016-03-30
    method: GET
  response:
    body: |-
      {
        "name": "20836747-26c5-bf4e-8c4c-838f539bdcae",
        "status": "InProgress",
        "startTime": "2001-02-03T04:05:06Z"
       }
    headers:
      Cache-Control:
      - no-cache
      Content-Type:
      - application/json
      Expires:
      - "-1"
      Pragma:
      - no-cache
      Server:
      - nginx
      Strict-Transport-Security:
      - max-age=31536000; includeSubDomains
      Vary:
      - Accept-Encoding
      X-Content-Type-Options:
      - nosniff
    status: 200 OK
    code: 200
    duration: ""
- request:
    body: ""
    form: {}
    headers:
      Test-Request-Attempt:
      - "2"
    url: https://management.azure.com/subscriptions/00000000-0000-0000-0000-000000000000/providers/Microsoft.ContainerService/locations/westus3/operations/47678320-c526-4ebf-8c4c-838f539bdcae?api-version=2016-03-30
    method: GET
  response:
    body: |-
      {
        "name": "20836747-26c5-bf4e-8c4c-838f539bdcae",
        "status": "Succeeded",
        "startTime": "2001-02-03T04:05:06Z",
        "endTime": "2001-02-03T04:05:06Z"
       }
    headers:
      Cache-Control:
      - no-cache
      Content-Type:
      - application/json
      Expires:
      - "-1"
      Pragma:
      - no-cache
      Server:
      - nginx
      Strict-Transport-Security:
      - max-age=31536000; includeSubDomains
      Vary:
      - Accept-Encoding
      X-Content-Type-Options:
      - nosniff
    status: 200 OK
    code: 200
    duration: ""
- request:
    body: ""
    form: {}
    headers:
      Accept:
      - application/json
      Test-Request-Attempt:
      - "0"
    url: https://management.azure.com/subscriptions/00000000-0000-0000-0000-000000000000/resourceGroups/asotest-rg-kxcndt/providers/Microsoft.ContainerService/managedClusters/asotest-mc-dlzkpe?api-version=2021-05-01
    method: DELETE
  response:
    body: ""
    headers:
      Azure-Asyncoperation:
      - https://management.azure.com/subscriptions/00000000-0000-0000-0000-000000000000/providers/Microsoft.ContainerService/locations/westus3/operations/6361449a-e3f7-44e1-88fe-ecef818d7e96?api-version=2016-03-30
      Cache-Control:
      - no-cache
      Content-Length:
      - "0"
      Expires:
      - "-1"
      Location:
      - https://management.azure.com/subscriptions/00000000-0000-0000-0000-000000000000/providers/Microsoft.ContainerService/locations/westus3/operationresults/6361449a-e3f7-44e1-88fe-ecef818d7e96?api-version=2016-03-30
      Pragma:
      - no-cache
      Server:
      - nginx
      Strict-Transport-Security:
      - max-age=31536000; includeSubDomains
      X-Content-Type-Options:
      - nosniff
    status: 202 Accepted
    code: 202
    duration: ""
- request:
    body: ""
    form: {}
    headers:
      Test-Request-Attempt:
      - "0"
    url: https://management.azure.com/subscriptions/00000000-0000-0000-0000-000000000000/providers/Microsoft.ContainerService/locations/westus3/operations/6361449a-e3f7-44e1-88fe-ecef818d7e96?api-version=2016-03-30
    method: GET
  response:
    body: |-
      {
        "name": "9a446163-f7e3-e144-88fe-ecef818d7e96",
        "status": "InProgress",
        "startTime": "2001-02-03T04:05:06Z"
       }
    headers:
      Cache-Control:
      - no-cache
      Content-Type:
      - application/json
      Expires:
      - "-1"
      Pragma:
      - no-cache
      Server:
      - nginx
      Strict-Transport-Security:
      - max-age=31536000; includeSubDomains
      Vary:
      - Accept-Encoding
      X-Content-Type-Options:
      - nosniff
    status: 200 OK
    code: 200
    duration: ""
- request:
    body: ""
    form: {}
    headers:
      Test-Request-Attempt:
      - "1"
    url: https://management.azure.com/subscriptions/00000000-0000-0000-0000-000000000000/providers/Microsoft.ContainerService/locations/westus3/operations/6361449a-e3f7-44e1-88fe-ecef818d7e96?api-version=2016-03-30
    method: GET
  response:
    body: |-
      {
        "name": "9a446163-f7e3-e144-88fe-ecef818d7e96",
        "status": "InProgress",
        "startTime": "2001-02-03T04:05:06Z"
       }
    headers:
      Cache-Control:
      - no-cache
      Content-Type:
      - application/json
      Expires:
      - "-1"
      Pragma:
      - no-cache
      Server:
      - nginx
      Strict-Transport-Security:
      - max-age=31536000; includeSubDomains
      Vary:
      - Accept-Encoding
      X-Content-Type-Options:
      - nosniff
    status: 200 OK
    code: 200
    duration: ""
- request:
    body: ""
    form: {}
    headers:
      Test-Request-Attempt:
      - "2"
    url: https://management.azure.com/subscriptions/00000000-0000-0000-0000-000000000000/providers/Microsoft.ContainerService/locations/westus3/operations/6361449a-e3f7-44e1-88fe-ecef818d7e96?api-version=2016-03-30
    method: GET
  response:
    body: |-
      {
        "name": "9a446163-f7e3-e144-88fe-ecef818d7e96",
        "status": "InProgress",
        "startTime": "2001-02-03T04:05:06Z"
       }
    headers:
      Cache-Control:
      - no-cache
      Content-Type:
      - application/json
      Expires:
      - "-1"
      Pragma:
      - no-cache
      Server:
      - nginx
      Strict-Transport-Security:
      - max-age=31536000; includeSubDomains
      Vary:
      - Accept-Encoding
      X-Content-Type-Options:
      - nosniff
    status: 200 OK
    code: 200
    duration: ""
- request:
    body: ""
    form: {}
    headers:
      Test-Request-Attempt:
      - "3"
    url: https://management.azure.com/subscriptions/00000000-0000-0000-0000-000000000000/providers/Microsoft.ContainerService/locations/westus3/operations/6361449a-e3f7-44e1-88fe-ecef818d7e96?api-version=2016-03-30
    method: GET
  response:
    body: |-
      {
        "name": "9a446163-f7e3-e144-88fe-ecef818d7e96",
        "status": "InProgress",
        "startTime": "2001-02-03T04:05:06Z"
       }
    headers:
      Cache-Control:
      - no-cache
      Content-Type:
      - application/json
      Expires:
      - "-1"
      Pragma:
      - no-cache
      Server:
      - nginx
      Strict-Transport-Security:
      - max-age=31536000; includeSubDomains
      Vary:
      - Accept-Encoding
      X-Content-Type-Options:
      - nosniff
    status: 200 OK
    code: 200
    duration: ""
- request:
    body: ""
    form: {}
    headers:
      Test-Request-Attempt:
      - "4"
    url: https://management.azure.com/subscriptions/00000000-0000-0000-0000-000000000000/providers/Microsoft.ContainerService/locations/westus3/operations/6361449a-e3f7-44e1-88fe-ecef818d7e96?api-version=2016-03-30
    method: GET
  response:
    body: |-
      {
        "name": "9a446163-f7e3-e144-88fe-ecef818d7e96",
        "status": "InProgress",
        "startTime": "2001-02-03T04:05:06Z"
       }
    headers:
      Cache-Control:
      - no-cache
      Content-Type:
      - application/json
      Expires:
      - "-1"
      Pragma:
      - no-cache
      Server:
      - nginx
      Strict-Transport-Security:
      - max-age=31536000; includeSubDomains
      Vary:
      - Accept-Encoding
      X-Content-Type-Options:
      - nosniff
    status: 200 OK
    code: 200
    duration: ""
- request:
    body: ""
    form: {}
    headers:
      Test-Request-Attempt:
      - "5"
    url: https://management.azure.com/subscriptions/00000000-0000-0000-0000-000000000000/providers/Microsoft.ContainerService/locations/westus3/operations/6361449a-e3f7-44e1-88fe-ecef818d7e96?api-version=2016-03-30
    method: GET
  response:
    body: |-
      {
        "name": "9a446163-f7e3-e144-88fe-ecef818d7e96",
        "status": "InProgress",
        "startTime": "2001-02-03T04:05:06Z"
       }
    headers:
      Cache-Control:
      - no-cache
      Content-Type:
      - application/json
      Expires:
      - "-1"
      Pragma:
      - no-cache
      Server:
      - nginx
      Strict-Transport-Security:
      - max-age=31536000; includeSubDomains
      Vary:
      - Accept-Encoding
      X-Content-Type-Options:
      - nosniff
    status: 200 OK
    code: 200
    duration: ""
- request:
    body: ""
    form: {}
    headers:
      Test-Request-Attempt:
      - "6"
    url: https://management.azure.com/subscriptions/00000000-0000-0000-0000-000000000000/providers/Microsoft.ContainerService/locations/westus3/operations/6361449a-e3f7-44e1-88fe-ecef818d7e96?api-version=2016-03-30
    method: GET
  response:
    body: |-
      {
        "name": "9a446163-f7e3-e144-88fe-ecef818d7e96",
        "status": "Succeeded",
        "startTime": "2001-02-03T04:05:06Z",
        "endTime": "2001-02-03T04:05:06Z"
       }
    headers:
      Cache-Control:
      - no-cache
      Content-Type:
      - application/json
      Expires:
      - "-1"
      Pragma:
      - no-cache
      Server:
      - nginx
      Strict-Transport-Security:
      - max-age=31536000; includeSubDomains
      Vary:
      - Accept-Encoding
      X-Content-Type-Options:
      - nosniff
    status: 200 OK
    code: 200
    duration: ""
- request:
    body: ""
    form: {}
    headers:
      Accept:
      - application/json
      Test-Request-Attempt:
      - "0"
    url: https://management.azure.com/subscriptions/00000000-0000-0000-0000-000000000000/resourcegroups/asotest-rg-kxcndt/providers/Microsoft.ContainerService/managedClusters/asotest-mc-dlzkpe?api-version=2021-05-01
    method: GET
  response:
    body: '{"error":{"code":"ResourceNotFound","message":"The Resource ''Microsoft.ContainerService/managedClusters/asotest-mc-dlzkpe''
      under resource group ''asotest-rg-kxcndt'' was not found. For more details please
      go to https://aka.ms/ARMResourceNotFoundFix"}}'
    headers:
      Cache-Control:
      - no-cache
      Content-Length:
      - "249"
      Content-Type:
      - application/json; charset=utf-8
      Expires:
      - "-1"
      Pragma:
      - no-cache
      Strict-Transport-Security:
      - max-age=31536000; includeSubDomains
      X-Content-Type-Options:
      - nosniff
      X-Ms-Failure-Cause:
      - gateway
    status: 404 Not Found
    code: 404
    duration: ""
- request:
    body: ""
    form: {}
    headers:
      Accept:
      - application/json
      Test-Request-Attempt:
      - "0"
    url: https://management.azure.com/subscriptions/00000000-0000-0000-0000-000000000000/resourceGroups/asotest-rg-kxcndt?api-version=2020-06-01
    method: DELETE
  response:
    body: ""
    headers:
      Cache-Control:
      - no-cache
      Content-Length:
      - "0"
      Expires:
      - "-1"
      Location:
      - https://management.azure.com/subscriptions/00000000-0000-0000-0000-000000000000/operationresults/eyJqb2JJZCI6IlJFU09VUkNFR1JPVVBERUxFVElPTkpPQi1BU09URVNUOjJEUkc6MkRLWENORFQtV0VTVFVTMiIsImpvYkxvY2F0aW9uIjoid2VzdHVzMiJ9?api-version=2020-06-01
      Pragma:
      - no-cache
      Retry-After:
      - "15"
      Strict-Transport-Security:
      - max-age=31536000; includeSubDomains
      X-Content-Type-Options:
      - nosniff
    status: 202 Accepted
    code: 202
    duration: ""
- request:
    body: ""
    form: {}
    headers:
      Test-Request-Attempt:
      - "0"
    url: https://management.azure.com/subscriptions/00000000-0000-0000-0000-000000000000/operationresults/eyJqb2JJZCI6IlJFU09VUkNFR1JPVVBERUxFVElPTkpPQi1BU09URVNUOjJEUkc6MkRLWENORFQtV0VTVFVTMiIsImpvYkxvY2F0aW9uIjoid2VzdHVzMiJ9?api-version=2020-06-01
    method: GET
  response:
    body: ""
    headers:
      Cache-Control:
      - no-cache
      Content-Length:
      - "0"
      Expires:
      - "-1"
      Pragma:
      - no-cache
      Strict-Transport-Security:
      - max-age=31536000; includeSubDomains
      X-Content-Type-Options:
      - nosniff
    status: 200 OK
    code: 200
    duration: ""
