---
version: 1
interactions:
- request:
    body: '{"name":"asotest-rg-zlljte","location":"westus2","tags":{"CreatedAt":"2001-02-03T04:05:06Z"}}'
    form: {}
    headers:
      Accept:
      - application/json
      Content-Length:
      - "93"
      Content-Type:
      - application/json
      Test-Request-Attempt:
      - "0"
    url: https://management.azure.com/subscriptions/00000000-0000-0000-0000-000000000000/resourceGroups/asotest-rg-zlljte?api-version=2020-06-01
    method: PUT
  response:
    body: '{"id":"/subscriptions/00000000-0000-0000-0000-000000000000/resourceGroups/asotest-rg-zlljte","name":"asotest-rg-zlljte","type":"Microsoft.Resources/resourceGroups","location":"westus2","tags":{"CreatedAt":"2001-02-03T04:05:06Z"},"properties":{"provisioningState":"Succeeded"}}'
    headers:
      Cache-Control:
      - no-cache
      Content-Length:
      - "276"
      Content-Type:
      - application/json; charset=utf-8
      Expires:
      - "-1"
      Pragma:
      - no-cache
      Strict-Transport-Security:
      - max-age=31536000; includeSubDomains
      X-Content-Type-Options:
      - nosniff
    status: 201 Created
    code: 201
    duration: ""
- request:
    body: ""
    form: {}
    headers:
      Accept:
      - application/json
      Test-Request-Attempt:
      - "0"
    url: https://management.azure.com/subscriptions/00000000-0000-0000-0000-000000000000/resourceGroups/asotest-rg-zlljte?api-version=2020-06-01
    method: GET
  response:
    body: '{"id":"/subscriptions/00000000-0000-0000-0000-000000000000/resourceGroups/asotest-rg-zlljte","name":"asotest-rg-zlljte","type":"Microsoft.Resources/resourceGroups","location":"westus2","tags":{"CreatedAt":"2001-02-03T04:05:06Z"},"properties":{"provisioningState":"Succeeded"}}'
    headers:
      Cache-Control:
      - no-cache
      Content-Type:
      - application/json; charset=utf-8
      Expires:
      - "-1"
      Pragma:
      - no-cache
      Strict-Transport-Security:
      - max-age=31536000; includeSubDomains
      Vary:
      - Accept-Encoding
      X-Content-Type-Options:
      - nosniff
    status: 200 OK
    code: 200
    duration: ""
- request:
    body: '{"location":"westus2","name":"asotest-vn-mantuh","properties":{"addressSpace":{"addressPrefixes":["10.0.0.0/16"]}}}'
    form: {}
    headers:
      Accept:
      - application/json
      Content-Length:
      - "115"
      Content-Type:
      - application/json
      Test-Request-Attempt:
      - "0"
    url: https://management.azure.com/subscriptions/00000000-0000-0000-0000-000000000000/resourceGroups/asotest-rg-zlljte/providers/Microsoft.Network/virtualNetworks/asotest-vn-mantuh?api-version=2020-11-01
    method: PUT
  response:
    body: "{\r\n  \"name\": \"asotest-vn-mantuh\",\r\n  \"id\": \"/subscriptions/00000000-0000-0000-0000-000000000000/resourceGroups/asotest-rg-zlljte/providers/Microsoft.Network/virtualNetworks/asotest-vn-mantuh\",\r\n
      \ \"etag\": \"W/\\\"268f8bb3-0211-4b2e-94f6-008ee0b3dd6f\\\"\",\r\n  \"type\":
      \"Microsoft.Network/virtualNetworks\",\r\n  \"location\": \"westus2\",\r\n  \"properties\":
      {\r\n    \"provisioningState\": \"Updating\",\r\n    \"resourceGuid\": \"88a3e110-7a45-4234-b8a8-1e7a5373975d\",\r\n
      \   \"addressSpace\": {\r\n      \"addressPrefixes\": [\r\n        \"10.0.0.0/16\"\r\n
      \     ]\r\n    },\r\n    \"subnets\": [],\r\n    \"virtualNetworkPeerings\":
      [],\r\n    \"enableDdosProtection\": false\r\n  }\r\n}"
    headers:
      Azure-Asyncnotification:
      - Enabled
      Azure-Asyncoperation:
      - https://management.azure.com/subscriptions/00000000-0000-0000-0000-000000000000/providers/Microsoft.Network/locations/westus2/operations/22c75ba1-f823-452f-80f2-785912d8214e?api-version=2020-11-01
      Cache-Control:
      - no-cache
      Content-Length:
      - "630"
      Content-Type:
      - application/json; charset=utf-8
      Expires:
      - "-1"
      Pragma:
      - no-cache
      Retry-After:
      - "3"
      Server:
      - Microsoft-HTTPAPI/2.0
      - Microsoft-HTTPAPI/2.0
      Strict-Transport-Security:
      - max-age=31536000; includeSubDomains
      X-Content-Type-Options:
      - nosniff
    status: 201 Created
    code: 201
    duration: ""
- request:
    body: ""
    form: {}
    headers:
      Test-Request-Attempt:
      - "0"
    url: https://management.azure.com/subscriptions/00000000-0000-0000-0000-000000000000/providers/Microsoft.Network/locations/westus2/operations/22c75ba1-f823-452f-80f2-785912d8214e?api-version=2020-11-01
    method: GET
  response:
    body: "{\r\n  \"status\": \"Succeeded\"\r\n}"
    headers:
      Cache-Control:
      - no-cache
      Content-Type:
      - application/json; charset=utf-8
      Expires:
      - "-1"
      Pragma:
      - no-cache
      Server:
      - Microsoft-HTTPAPI/2.0
      - Microsoft-HTTPAPI/2.0
      Strict-Transport-Security:
      - max-age=31536000; includeSubDomains
      Vary:
      - Accept-Encoding
      X-Content-Type-Options:
      - nosniff
    status: 200 OK
    code: 200
    duration: ""
- request:
    body: ""
    form: {}
    headers:
      Test-Request-Attempt:
      - "0"
    url: https://management.azure.com/subscriptions/00000000-0000-0000-0000-000000000000/resourceGroups/asotest-rg-zlljte/providers/Microsoft.Network/virtualNetworks/asotest-vn-mantuh?api-version=2020-11-01
    method: GET
  response:
    body: "{\r\n  \"name\": \"asotest-vn-mantuh\",\r\n  \"id\": \"/subscriptions/00000000-0000-0000-0000-000000000000/resourceGroups/asotest-rg-zlljte/providers/Microsoft.Network/virtualNetworks/asotest-vn-mantuh\",\r\n
      \ \"etag\": \"W/\\\"b835e632-37f2-4916-b59d-9a3bf870936a\\\"\",\r\n  \"type\":
      \"Microsoft.Network/virtualNetworks\",\r\n  \"location\": \"westus2\",\r\n  \"properties\":
      {\r\n    \"provisioningState\": \"Succeeded\",\r\n    \"resourceGuid\": \"88a3e110-7a45-4234-b8a8-1e7a5373975d\",\r\n
      \   \"addressSpace\": {\r\n      \"addressPrefixes\": [\r\n        \"10.0.0.0/16\"\r\n
      \     ]\r\n    },\r\n    \"subnets\": [],\r\n    \"virtualNetworkPeerings\":
      [],\r\n    \"enableDdosProtection\": false\r\n  }\r\n}"
    headers:
      Cache-Control:
      - no-cache
      Content-Type:
      - application/json; charset=utf-8
      Etag:
      - W/"b835e632-37f2-4916-b59d-9a3bf870936a"
      Expires:
      - "-1"
      Pragma:
      - no-cache
      Server:
      - Microsoft-HTTPAPI/2.0
      - Microsoft-HTTPAPI/2.0
      Strict-Transport-Security:
      - max-age=31536000; includeSubDomains
      Vary:
      - Accept-Encoding
      X-Content-Type-Options:
      - nosniff
    status: 200 OK
    code: 200
    duration: ""
- request:
    body: ""
    form: {}
    headers:
      Accept:
      - application/json
      Test-Request-Attempt:
      - "1"
    url: https://management.azure.com/subscriptions/00000000-0000-0000-0000-000000000000/resourceGroups/asotest-rg-zlljte/providers/Microsoft.Network/virtualNetworks/asotest-vn-mantuh?api-version=2020-11-01
    method: GET
  response:
    body: "{\r\n  \"name\": \"asotest-vn-mantuh\",\r\n  \"id\": \"/subscriptions/00000000-0000-0000-0000-000000000000/resourceGroups/asotest-rg-zlljte/providers/Microsoft.Network/virtualNetworks/asotest-vn-mantuh\",\r\n
      \ \"etag\": \"W/\\\"b835e632-37f2-4916-b59d-9a3bf870936a\\\"\",\r\n  \"type\":
      \"Microsoft.Network/virtualNetworks\",\r\n  \"location\": \"westus2\",\r\n  \"properties\":
      {\r\n    \"provisioningState\": \"Succeeded\",\r\n    \"resourceGuid\": \"88a3e110-7a45-4234-b8a8-1e7a5373975d\",\r\n
      \   \"addressSpace\": {\r\n      \"addressPrefixes\": [\r\n        \"10.0.0.0/16\"\r\n
      \     ]\r\n    },\r\n    \"subnets\": [],\r\n    \"virtualNetworkPeerings\":
      [],\r\n    \"enableDdosProtection\": false\r\n  }\r\n}"
    headers:
      Cache-Control:
      - no-cache
      Content-Type:
      - application/json; charset=utf-8
      Etag:
      - W/"b835e632-37f2-4916-b59d-9a3bf870936a"
      Expires:
      - "-1"
      Pragma:
      - no-cache
      Server:
      - Microsoft-HTTPAPI/2.0
      - Microsoft-HTTPAPI/2.0
      Strict-Transport-Security:
      - max-age=31536000; includeSubDomains
      Vary:
      - Accept-Encoding
      X-Content-Type-Options:
      - nosniff
    status: 200 OK
    code: 200
    duration: ""
- request:
    body: '{"name":"asotest-subnet-ltrich","properties":{"addressPrefix":"10.0.0.0/24"}}'
    form: {}
    headers:
      Accept:
      - application/json
      Content-Length:
      - "77"
      Content-Type:
      - application/json
      Test-Request-Attempt:
      - "0"
    url: https://management.azure.com/subscriptions/00000000-0000-0000-0000-000000000000/resourceGroups/asotest-rg-zlljte/providers/Microsoft.Network/virtualNetworks/asotest-vn-mantuh/subnets/asotest-subnet-ltrich?api-version=2020-11-01
    method: PUT
  response:
    body: "{\r\n  \"name\": \"asotest-subnet-ltrich\",\r\n  \"id\": \"/subscriptions/00000000-0000-0000-0000-000000000000/resourceGroups/asotest-rg-zlljte/providers/Microsoft.Network/virtualNetworks/asotest-vn-mantuh/subnets/asotest-subnet-ltrich\",\r\n
      \ \"etag\": \"W/\\\"9399b49b-3c37-4a62-9452-ca3ed339ce9c\\\"\",\r\n  \"properties\":
      {\r\n    \"provisioningState\": \"Updating\",\r\n    \"addressPrefix\": \"10.0.0.0/24\",\r\n
      \   \"delegations\": [],\r\n    \"privateEndpointNetworkPolicies\": \"Disabled\",\r\n
      \   \"privateLinkServiceNetworkPolicies\": \"Enabled\"\r\n  },\r\n  \"type\":
      \"Microsoft.Network/virtualNetworks/subnets\"\r\n}"
    headers:
      Azure-Asyncnotification:
      - Enabled
      Azure-Asyncoperation:
      - https://management.azure.com/subscriptions/00000000-0000-0000-0000-000000000000/providers/Microsoft.Network/locations/westus2/operations/fd0fcfe5-1680-4d23-a18f-dd4c74b71367?api-version=2020-11-01
      Cache-Control:
      - no-cache
      Content-Length:
      - "568"
      Content-Type:
      - application/json; charset=utf-8
      Expires:
      - "-1"
      Pragma:
      - no-cache
      Retry-After:
      - "3"
      Server:
      - Microsoft-HTTPAPI/2.0
      - Microsoft-HTTPAPI/2.0
      Strict-Transport-Security:
      - max-age=31536000; includeSubDomains
      X-Content-Type-Options:
      - nosniff
    status: 201 Created
    code: 201
    duration: ""
- request:
    body: '{"location":"westus2","name":"asotest-nic-dajxvb","properties":{"ipConfigurations":[{"name":"ipconfig1","properties":{"privateIPAllocationMethod":"Dynamic","subnet":{"id":"/subscriptions/00000000-0000-0000-0000-000000000000/resourceGroups/asotest-rg-zlljte/providers/Microsoft.Network/virtualNetworks/asotest-vn-mantuh/subnets/asotest-subnet-ltrich"}}}]}}'
    form: {}
    headers:
      Accept:
      - application/json
      Content-Length:
      - "355"
      Content-Type:
      - application/json
      Test-Request-Attempt:
      - "0"
    url: https://management.azure.com/subscriptions/00000000-0000-0000-0000-000000000000/resourceGroups/asotest-rg-zlljte/providers/Microsoft.Network/networkInterfaces/asotest-nic-dajxvb?api-version=2020-11-01
    method: PUT
  response:
    body: "{\r\n  \"name\": \"asotest-nic-dajxvb\",\r\n  \"id\": \"/subscriptions/00000000-0000-0000-0000-000000000000/resourceGroups/asotest-rg-zlljte/providers/Microsoft.Network/networkInterfaces/asotest-nic-dajxvb\",\r\n
      \ \"etag\": \"W/\\\"54e64e56-9ed8-46d1-8894-28d26132ba5b\\\"\",\r\n  \"properties\":
      {\r\n    \"provisioningState\": \"Succeeded\",\r\n    \"resourceGuid\": \"1cc20a32-9c2d-4eba-80d7-7378afc08082\",\r\n
      \   \"ipConfigurations\": [\r\n      {\r\n        \"name\": \"ipconfig1\",\r\n
      \       \"id\": \"/subscriptions/00000000-0000-0000-0000-000000000000/resourceGroups/asotest-rg-zlljte/providers/Microsoft.Network/networkInterfaces/asotest-nic-dajxvb/ipConfigurations/ipconfig1\",\r\n
      \       \"etag\": \"W/\\\"54e64e56-9ed8-46d1-8894-28d26132ba5b\\\"\",\r\n        \"type\":
      \"Microsoft.Network/networkInterfaces/ipConfigurations\",\r\n        \"properties\":
      {\r\n          \"provisioningState\": \"Succeeded\",\r\n          \"privateIPAddress\":
      \"10.0.0.4\",\r\n          \"privateIPAllocationMethod\": \"Dynamic\",\r\n          \"subnet\":
      {\r\n            \"id\": \"/subscriptions/00000000-0000-0000-0000-000000000000/resourceGroups/asotest-rg-zlljte/providers/Microsoft.Network/virtualNetworks/asotest-vn-mantuh/subnets/asotest-subnet-ltrich\"\r\n
      \         },\r\n          \"primary\": true,\r\n          \"privateIPAddressVersion\":
      \"IPv4\"\r\n        }\r\n      }\r\n    ],\r\n    \"dnsSettings\": {\r\n      \"dnsServers\":
      [],\r\n      \"appliedDnsServers\": [],\r\n      \"internalDomainNameSuffix\":
      \"cdq0hccfpi0efofidz3fg22xlf.xx.internal.cloudapp.net\"\r\n    },\r\n    \"enableAcceleratedNetworking\":
      false,\r\n    \"vnetEncryptionSupported\": false,\r\n    \"enableIPForwarding\":
      false,\r\n    \"hostedWorkloads\": [],\r\n    \"tapConfigurations\": [],\r\n
      \   \"nicType\": \"Standard\"\r\n  },\r\n  \"type\": \"Microsoft.Network/networkInterfaces\",\r\n
      \ \"location\": \"westus2\"\r\n}"
    headers:
      Azure-Asyncnotification:
      - Enabled
      Azure-Asyncoperation:
      - https://management.azure.com/subscriptions/00000000-0000-0000-0000-000000000000/providers/Microsoft.Network/locations/westus2/operations/dafaec75-d4e6-421b-987b-7fc70b4c043c?api-version=2020-11-01
      Cache-Control:
      - no-cache
      Content-Length:
      - "1730"
      Content-Type:
      - application/json; charset=utf-8
      Expires:
      - "-1"
      Pragma:
      - no-cache
      Server:
      - Microsoft-HTTPAPI/2.0
      - Microsoft-HTTPAPI/2.0
      Strict-Transport-Security:
      - max-age=31536000; includeSubDomains
      X-Content-Type-Options:
      - nosniff
    status: 201 Created
    code: 201
    duration: ""
- request:
    body: ""
    form: {}
    headers:
      Accept:
      - application/json
      Test-Request-Attempt:
      - "0"
    url: https://management.azure.com/subscriptions/00000000-0000-0000-0000-000000000000/resourceGroups/asotest-rg-zlljte/providers/Microsoft.Network/networkInterfaces/asotest-nic-dajxvb?api-version=2020-11-01
    method: GET
  response:
    body: "{\r\n  \"name\": \"asotest-nic-dajxvb\",\r\n  \"id\": \"/subscriptions/00000000-0000-0000-0000-000000000000/resourceGroups/asotest-rg-zlljte/providers/Microsoft.Network/networkInterfaces/asotest-nic-dajxvb\",\r\n
      \ \"etag\": \"W/\\\"54e64e56-9ed8-46d1-8894-28d26132ba5b\\\"\",\r\n  \"properties\":
      {\r\n    \"provisioningState\": \"Succeeded\",\r\n    \"resourceGuid\": \"1cc20a32-9c2d-4eba-80d7-7378afc08082\",\r\n
      \   \"ipConfigurations\": [\r\n      {\r\n        \"name\": \"ipconfig1\",\r\n
      \       \"id\": \"/subscriptions/00000000-0000-0000-0000-000000000000/resourceGroups/asotest-rg-zlljte/providers/Microsoft.Network/networkInterfaces/asotest-nic-dajxvb/ipConfigurations/ipconfig1\",\r\n
      \       \"etag\": \"W/\\\"54e64e56-9ed8-46d1-8894-28d26132ba5b\\\"\",\r\n        \"type\":
      \"Microsoft.Network/networkInterfaces/ipConfigurations\",\r\n        \"properties\":
      {\r\n          \"provisioningState\": \"Succeeded\",\r\n          \"privateIPAddress\":
      \"10.0.0.4\",\r\n          \"privateIPAllocationMethod\": \"Dynamic\",\r\n          \"subnet\":
      {\r\n            \"id\": \"/subscriptions/00000000-0000-0000-0000-000000000000/resourceGroups/asotest-rg-zlljte/providers/Microsoft.Network/virtualNetworks/asotest-vn-mantuh/subnets/asotest-subnet-ltrich\"\r\n
      \         },\r\n          \"primary\": true,\r\n          \"privateIPAddressVersion\":
      \"IPv4\"\r\n        }\r\n      }\r\n    ],\r\n    \"dnsSettings\": {\r\n      \"dnsServers\":
      [],\r\n      \"appliedDnsServers\": [],\r\n      \"internalDomainNameSuffix\":
      \"cdq0hccfpi0efofidz3fg22xlf.xx.internal.cloudapp.net\"\r\n    },\r\n    \"enableAcceleratedNetworking\":
      false,\r\n    \"vnetEncryptionSupported\": false,\r\n    \"enableIPForwarding\":
      false,\r\n    \"hostedWorkloads\": [],\r\n    \"tapConfigurations\": [],\r\n
      \   \"nicType\": \"Standard\"\r\n  },\r\n  \"type\": \"Microsoft.Network/networkInterfaces\",\r\n
      \ \"location\": \"westus2\"\r\n}"
    headers:
      Cache-Control:
      - no-cache
      Content-Type:
      - application/json; charset=utf-8
      Etag:
      - W/"54e64e56-9ed8-46d1-8894-28d26132ba5b"
      Expires:
      - "-1"
      Pragma:
      - no-cache
      Server:
      - Microsoft-HTTPAPI/2.0
      - Microsoft-HTTPAPI/2.0
      Strict-Transport-Security:
      - max-age=31536000; includeSubDomains
      Vary:
      - Accept-Encoding
      X-Content-Type-Options:
      - nosniff
    status: 200 OK
    code: 200
    duration: ""
- request:
    body: ""
    form: {}
    headers:
      Test-Request-Attempt:
      - "0"
    url: https://management.azure.com/subscriptions/00000000-0000-0000-0000-000000000000/providers/Microsoft.Network/locations/westus2/operations/fd0fcfe5-1680-4d23-a18f-dd4c74b71367?api-version=2020-11-01
    method: GET
  response:
    body: "{\r\n  \"status\": \"Succeeded\"\r\n}"
    headers:
      Cache-Control:
      - no-cache
      Content-Type:
      - application/json; charset=utf-8
      Expires:
      - "-1"
      Pragma:
      - no-cache
      Server:
      - Microsoft-HTTPAPI/2.0
      - Microsoft-HTTPAPI/2.0
      Strict-Transport-Security:
      - max-age=31536000; includeSubDomains
      Vary:
      - Accept-Encoding
      X-Content-Type-Options:
      - nosniff
    status: 200 OK
    code: 200
    duration: ""
- request:
    body: ""
    form: {}
    headers:
      Test-Request-Attempt:
      - "0"
    url: https://management.azure.com/subscriptions/00000000-0000-0000-0000-000000000000/resourceGroups/asotest-rg-zlljte/providers/Microsoft.Network/virtualNetworks/asotest-vn-mantuh/subnets/asotest-subnet-ltrich?api-version=2020-11-01
    method: GET
  response:
    body: "{\r\n  \"name\": \"asotest-subnet-ltrich\",\r\n  \"id\": \"/subscriptions/00000000-0000-0000-0000-000000000000/resourceGroups/asotest-rg-zlljte/providers/Microsoft.Network/virtualNetworks/asotest-vn-mantuh/subnets/asotest-subnet-ltrich\",\r\n
      \ \"etag\": \"W/\\\"b72ea548-a44d-4b14-9845-49fab4406d60\\\"\",\r\n  \"properties\":
      {\r\n    \"provisioningState\": \"Succeeded\",\r\n    \"addressPrefix\": \"10.0.0.0/24\",\r\n
      \   \"ipConfigurations\": [\r\n      {\r\n        \"id\": \"/subscriptions/00000000-0000-0000-0000-000000000000/resourceGroups/asotest-rg-zlljte/providers/Microsoft.Network/networkInterfaces/asotest-nic-dajxvb/ipConfigurations/ipconfig1\"\r\n
      \     }\r\n    ],\r\n    \"delegations\": [],\r\n    \"privateEndpointNetworkPolicies\":
      \"Disabled\",\r\n    \"privateLinkServiceNetworkPolicies\": \"Enabled\"\r\n
      \ },\r\n  \"type\": \"Microsoft.Network/virtualNetworks/subnets\"\r\n}"
    headers:
      Cache-Control:
      - no-cache
      Content-Type:
      - application/json; charset=utf-8
      Etag:
      - W/"b72ea548-a44d-4b14-9845-49fab4406d60"
      Expires:
      - "-1"
      Pragma:
      - no-cache
      Server:
      - Microsoft-HTTPAPI/2.0
      - Microsoft-HTTPAPI/2.0
      Strict-Transport-Security:
      - max-age=31536000; includeSubDomains
      Vary:
      - Accept-Encoding
      X-Content-Type-Options:
      - nosniff
    status: 200 OK
    code: 200
    duration: ""
- request:
    body: ""
    form: {}
    headers:
      Accept:
      - application/json
      Test-Request-Attempt:
      - "1"
    url: https://management.azure.com/subscriptions/00000000-0000-0000-0000-000000000000/resourceGroups/asotest-rg-zlljte/providers/Microsoft.Network/virtualNetworks/asotest-vn-mantuh/subnets/asotest-subnet-ltrich?api-version=2020-11-01
    method: GET
  response:
    body: "{\r\n  \"name\": \"asotest-subnet-ltrich\",\r\n  \"id\": \"/subscriptions/00000000-0000-0000-0000-000000000000/resourceGroups/asotest-rg-zlljte/providers/Microsoft.Network/virtualNetworks/asotest-vn-mantuh/subnets/asotest-subnet-ltrich\",\r\n
      \ \"etag\": \"W/\\\"b72ea548-a44d-4b14-9845-49fab4406d60\\\"\",\r\n  \"properties\":
      {\r\n    \"provisioningState\": \"Succeeded\",\r\n    \"addressPrefix\": \"10.0.0.0/24\",\r\n
      \   \"ipConfigurations\": [\r\n      {\r\n        \"id\": \"/subscriptions/00000000-0000-0000-0000-000000000000/resourceGroups/asotest-rg-zlljte/providers/Microsoft.Network/networkInterfaces/asotest-nic-dajxvb/ipConfigurations/ipconfig1\"\r\n
      \     }\r\n    ],\r\n    \"delegations\": [],\r\n    \"privateEndpointNetworkPolicies\":
      \"Disabled\",\r\n    \"privateLinkServiceNetworkPolicies\": \"Enabled\"\r\n
      \ },\r\n  \"type\": \"Microsoft.Network/virtualNetworks/subnets\"\r\n}"
    headers:
      Cache-Control:
      - no-cache
      Content-Type:
      - application/json; charset=utf-8
      Etag:
      - W/"b72ea548-a44d-4b14-9845-49fab4406d60"
      Expires:
      - "-1"
      Pragma:
      - no-cache
      Server:
      - Microsoft-HTTPAPI/2.0
      - Microsoft-HTTPAPI/2.0
      Strict-Transport-Security:
      - max-age=31536000; includeSubDomains
      Vary:
      - Accept-Encoding
      X-Content-Type-Options:
      - nosniff
    status: 200 OK
    code: 200
    duration: ""
- request:
    body: '{"location":"westus2","name":"asotest-vm-ljhvpw","properties":{"hardwareProfile":{"vmSize":"Standard_D1_v2"},"networkProfile":{"networkInterfaces":[{"id":"/subscriptions/00000000-0000-0000-0000-000000000000/resourceGroups/asotest-rg-zlljte/providers/Microsoft.Network/networkInterfaces/asotest-nic-dajxvb"}]},"osProfile":{"adminPassword":"{PASSWORD}","adminUsername":"bloom","computerName":"poppy"},"storageProfile":{"imageReference":{"offer":"UbuntuServer","publisher":"Canonical","sku":"18.04-LTS","version":"latest"}}}}'
    form: {}
    headers:
      Accept:
      - application/json
      Content-Length:
      - "560"
      Content-Type:
      - application/json
      Test-Request-Attempt:
      - "0"
    url: https://management.azure.com/subscriptions/00000000-0000-0000-0000-000000000000/resourceGroups/asotest-rg-zlljte/providers/Microsoft.Compute/virtualMachines/asotest-vm-ljhvpw?api-version=2022-03-01
    method: PUT
  response:
    body: "{\r\n  \"name\": \"asotest-vm-ljhvpw\",\r\n  \"id\": \"/subscriptions/00000000-0000-0000-0000-000000000000/resourceGroups/asotest-rg-zlljte/providers/Microsoft.Compute/virtualMachines/asotest-vm-ljhvpw\",\r\n
      \ \"type\": \"Microsoft.Compute/virtualMachines\",\r\n  \"location\": \"westus2\",\r\n
      \ \"properties\": {\r\n    \"vmId\": \"1a8a5e59-f098-4861-a4a8-740f6b0f0c17\",\r\n
      \   \"hardwareProfile\": {\r\n      \"vmSize\": \"Standard_D1_v2\"\r\n    },\r\n
      \   \"storageProfile\": {\r\n      \"imageReference\": {\r\n        \"publisher\":
      \"Canonical\",\r\n        \"offer\": \"UbuntuServer\",\r\n        \"sku\": \"18.04-LTS\",\r\n
      \       \"version\": \"latest\",\r\n        \"exactVersion\": \"18.04.202210140\"\r\n
      \     },\r\n      \"osDisk\": {\r\n        \"osType\": \"Linux\",\r\n        \"createOption\":
      \"FromImage\",\r\n        \"caching\": \"ReadWrite\",\r\n        \"managedDisk\":
      {\r\n          \"storageAccountType\": \"Standard_LRS\"\r\n        },\r\n        \"deleteOption\":
      \"Detach\",\r\n        \"diskSizeGB\": 30\r\n      },\r\n      \"dataDisks\":
      []\r\n    },\r\n    \"osProfile\": {\r\n      \"computerName\": \"poppy\",\r\n
      \     \"adminUsername\": \"bloom\",\r\n      \"linuxConfiguration\": {\r\n        \"disablePasswordAuthentication\":
      false,\r\n        \"provisionVMAgent\": true,\r\n        \"patchSettings\":
      {\r\n          \"patchMode\": \"ImageDefault\",\r\n          \"assessmentMode\":
      \"ImageDefault\"\r\n        },\r\n        \"enableVMAgentPlatformUpdates\":
      false\r\n      },\r\n      \"secrets\": [],\r\n      \"allowExtensionOperations\":
      true,\r\n      \"requireGuestProvisionSignal\": true\r\n    },\r\n    \"networkProfile\":
      {\"networkInterfaces\":[{\"id\":\"/subscriptions/00000000-0000-0000-0000-000000000000/resourceGroups/asotest-rg-zlljte/providers/Microsoft.Network/networkInterfaces/asotest-nic-dajxvb\"}]},\r\n
      \   \"provisioningState\": \"Creating\",\r\n    \"timeCreated\": \"2022-10-17T16:26:22.5353333+00:00\"\r\n
      \ }\r\n}"
    headers:
      Azure-Asyncnotification:
      - Enabled
      Azure-Asyncoperation:
      - https://management.azure.com/subscriptions/00000000-0000-0000-0000-000000000000/providers/Microsoft.Compute/locations/westus2/operations/673ebadc-edb8-426b-a7bd-f38c88e4b162?p=293bc17d-9efb-4af6-9c31-0eb97e7abc2e&api-version=2022-03-01
      Cache-Control:
      - no-cache
      Content-Length:
      - "1749"
      Content-Type:
      - application/json; charset=utf-8
      Expires:
      - "-1"
      Pragma:
      - no-cache
      Retry-After:
      - "10"
      Server:
      - Microsoft-HTTPAPI/2.0
      - Microsoft-HTTPAPI/2.0
      Strict-Transport-Security:
      - max-age=31536000; includeSubDomains
      X-Content-Type-Options:
      - nosniff
      X-Ms-Ratelimit-Remaining-Resource:
      - Microsoft.Compute/PutVM3Min;239,Microsoft.Compute/PutVM30Min;1199
    status: 201 Created
    code: 201
    duration: ""
- request:
    body: ""
    form: {}
    headers:
      Test-Request-Attempt:
      - "0"
    url: https://management.azure.com/subscriptions/00000000-0000-0000-0000-000000000000/providers/Microsoft.Compute/locations/westus2/operations/673ebadc-edb8-426b-a7bd-f38c88e4b162?p=293bc17d-9efb-4af6-9c31-0eb97e7abc2e&api-version=2022-03-01
    method: GET
  response:
    body: "{\r\n  \"startTime\": \"2022-10-17T16:26:21.7482832+00:00\",\r\n  \"status\":
      \"InProgress\",\r\n  \"name\": \"673ebadc-edb8-426b-a7bd-f38c88e4b162\"\r\n}"
    headers:
      Cache-Control:
      - no-cache
      Content-Type:
      - application/json; charset=utf-8
      Expires:
      - "-1"
      Pragma:
      - no-cache
      Retry-After:
      - "35"
      Server:
      - Microsoft-HTTPAPI/2.0
      - Microsoft-HTTPAPI/2.0
      Strict-Transport-Security:
      - max-age=31536000; includeSubDomains
      Vary:
      - Accept-Encoding
      X-Content-Type-Options:
      - nosniff
      X-Ms-Ratelimit-Remaining-Resource:
      - Microsoft.Compute/GetOperation3Min;14995,Microsoft.Compute/GetOperation30Min;29991
    status: 200 OK
    code: 200
    duration: ""
- request:
    body: ""
    form: {}
    headers:
      Test-Request-Attempt:
      - "1"
    url: https://management.azure.com/subscriptions/00000000-0000-0000-0000-000000000000/providers/Microsoft.Compute/locations/westus2/operations/673ebadc-edb8-426b-a7bd-f38c88e4b162?p=293bc17d-9efb-4af6-9c31-0eb97e7abc2e&api-version=2022-03-01
    method: GET
  response:
    body: "{\r\n  \"startTime\": \"2022-10-17T16:26:21.7482832+00:00\",\r\n  \"endTime\":
      \"2022-10-17T16:26:50.9415711+00:00\",\r\n  \"status\": \"Succeeded\",\r\n  \"name\":
      \"673ebadc-edb8-426b-a7bd-f38c88e4b162\"\r\n}"
    headers:
      Cache-Control:
      - no-cache
      Content-Type:
      - application/json; charset=utf-8
      Expires:
      - "-1"
      Pragma:
      - no-cache
      Server:
      - Microsoft-HTTPAPI/2.0
      - Microsoft-HTTPAPI/2.0
      Strict-Transport-Security:
      - max-age=31536000; includeSubDomains
      Vary:
      - Accept-Encoding
      X-Content-Type-Options:
      - nosniff
      X-Ms-Ratelimit-Remaining-Resource:
      - Microsoft.Compute/GetOperation3Min;14994,Microsoft.Compute/GetOperation30Min;29990
    status: 200 OK
    code: 200
    duration: ""
- request:
    body: ""
    form: {}
    headers:
      Test-Request-Attempt:
      - "0"
    url: https://management.azure.com/subscriptions/00000000-0000-0000-0000-000000000000/resourceGroups/asotest-rg-zlljte/providers/Microsoft.Compute/virtualMachines/asotest-vm-ljhvpw?api-version=2022-03-01
    method: GET
  response:
    body: "{\r\n  \"name\": \"asotest-vm-ljhvpw\",\r\n  \"id\": \"/subscriptions/00000000-0000-0000-0000-000000000000/resourceGroups/asotest-rg-zlljte/providers/Microsoft.Compute/virtualMachines/asotest-vm-ljhvpw\",\r\n
      \ \"type\": \"Microsoft.Compute/virtualMachines\",\r\n  \"location\": \"westus2\",\r\n
      \ \"properties\": {\r\n    \"vmId\": \"1a8a5e59-f098-4861-a4a8-740f6b0f0c17\",\r\n
      \   \"hardwareProfile\": {\r\n      \"vmSize\": \"Standard_D1_v2\"\r\n    },\r\n
      \   \"storageProfile\": {\r\n      \"imageReference\": {\r\n        \"publisher\":
      \"Canonical\",\r\n        \"offer\": \"UbuntuServer\",\r\n        \"sku\": \"18.04-LTS\",\r\n
      \       \"version\": \"latest\",\r\n        \"exactVersion\": \"18.04.202210140\"\r\n
      \     },\r\n      \"osDisk\": {\r\n        \"osType\": \"Linux\",\r\n        \"name\":
      \"asotest-vm-ljhvpw_OsDisk_1_0b4f83dc6a6c41a099d74b69cccdc249\",\r\n        \"createOption\":
      \"FromImage\",\r\n        \"caching\": \"ReadWrite\",\r\n        \"managedDisk\":
      {\r\n          \"storageAccountType\": \"Standard_LRS\",\r\n          \"id\":
      \"/subscriptions/00000000-0000-0000-0000-000000000000/resourceGroups/asotest-rg-zlljte/providers/Microsoft.Compute/disks/asotest-vm-ljhvpw_OsDisk_1_0b4f83dc6a6c41a099d74b69cccdc249\"\r\n
      \       },\r\n        \"deleteOption\": \"Detach\",\r\n        \"diskSizeGB\":
      30\r\n      },\r\n      \"dataDisks\": []\r\n    },\r\n    \"osProfile\": {\r\n
      \     \"computerName\": \"poppy\",\r\n      \"adminUsername\": \"bloom\",\r\n
      \     \"linuxConfiguration\": {\r\n        \"disablePasswordAuthentication\":
      false,\r\n        \"provisionVMAgent\": true,\r\n        \"patchSettings\":
      {\r\n          \"patchMode\": \"ImageDefault\",\r\n          \"assessmentMode\":
      \"ImageDefault\"\r\n        },\r\n        \"enableVMAgentPlatformUpdates\":
      false\r\n      },\r\n      \"secrets\": [],\r\n      \"allowExtensionOperations\":
      true,\r\n      \"requireGuestProvisionSignal\": true\r\n    },\r\n    \"networkProfile\":
      {\"networkInterfaces\":[{\"id\":\"/subscriptions/00000000-0000-0000-0000-000000000000/resourceGroups/asotest-rg-zlljte/providers/Microsoft.Network/networkInterfaces/asotest-nic-dajxvb\"}]},\r\n
      \   \"provisioningState\": \"Succeeded\",\r\n    \"timeCreated\": \"2022-10-17T16:26:22.5353333+00:00\"\r\n
      \ }\r\n}"
    headers:
      Cache-Control:
      - no-cache
      Content-Type:
      - application/json; charset=utf-8
      Expires:
      - "-1"
      Pragma:
      - no-cache
      Server:
      - Microsoft-HTTPAPI/2.0
      - Microsoft-HTTPAPI/2.0
      Strict-Transport-Security:
      - max-age=31536000; includeSubDomains
      Vary:
      - Accept-Encoding
      X-Content-Type-Options:
      - nosniff
      X-Ms-Ratelimit-Remaining-Resource:
      - Microsoft.Compute/LowCostGet3Min;3998,Microsoft.Compute/LowCostGet30Min;31994
    status: 200 OK
    code: 200
    duration: ""
- request:
    body: ""
    form: {}
    headers:
      Accept:
      - application/json
      Test-Request-Attempt:
      - "1"
    url: https://management.azure.com/subscriptions/00000000-0000-0000-0000-000000000000/resourceGroups/asotest-rg-zlljte/providers/Microsoft.Compute/virtualMachines/asotest-vm-ljhvpw?api-version=2022-03-01
    method: GET
  response:
    body: "{\r\n  \"name\": \"asotest-vm-ljhvpw\",\r\n  \"id\": \"/subscriptions/00000000-0000-0000-0000-000000000000/resourceGroups/asotest-rg-zlljte/providers/Microsoft.Compute/virtualMachines/asotest-vm-ljhvpw\",\r\n
      \ \"type\": \"Microsoft.Compute/virtualMachines\",\r\n  \"location\": \"westus2\",\r\n
      \ \"properties\": {\r\n    \"vmId\": \"1a8a5e59-f098-4861-a4a8-740f6b0f0c17\",\r\n
      \   \"hardwareProfile\": {\r\n      \"vmSize\": \"Standard_D1_v2\"\r\n    },\r\n
      \   \"storageProfile\": {\r\n      \"imageReference\": {\r\n        \"publisher\":
      \"Canonical\",\r\n        \"offer\": \"UbuntuServer\",\r\n        \"sku\": \"18.04-LTS\",\r\n
      \       \"version\": \"latest\",\r\n        \"exactVersion\": \"18.04.202210140\"\r\n
      \     },\r\n      \"osDisk\": {\r\n        \"osType\": \"Linux\",\r\n        \"name\":
      \"asotest-vm-ljhvpw_OsDisk_1_0b4f83dc6a6c41a099d74b69cccdc249\",\r\n        \"createOption\":
      \"FromImage\",\r\n        \"caching\": \"ReadWrite\",\r\n        \"managedDisk\":
      {\r\n          \"storageAccountType\": \"Standard_LRS\",\r\n          \"id\":
      \"/subscriptions/00000000-0000-0000-0000-000000000000/resourceGroups/asotest-rg-zlljte/providers/Microsoft.Compute/disks/asotest-vm-ljhvpw_OsDisk_1_0b4f83dc6a6c41a099d74b69cccdc249\"\r\n
      \       },\r\n        \"deleteOption\": \"Detach\",\r\n        \"diskSizeGB\":
      30\r\n      },\r\n      \"dataDisks\": []\r\n    },\r\n    \"osProfile\": {\r\n
      \     \"computerName\": \"poppy\",\r\n      \"adminUsername\": \"bloom\",\r\n
      \     \"linuxConfiguration\": {\r\n        \"disablePasswordAuthentication\":
      false,\r\n        \"provisionVMAgent\": true,\r\n        \"patchSettings\":
      {\r\n          \"patchMode\": \"ImageDefault\",\r\n          \"assessmentMode\":
      \"ImageDefault\"\r\n        },\r\n        \"enableVMAgentPlatformUpdates\":
      false\r\n      },\r\n      \"secrets\": [],\r\n      \"allowExtensionOperations\":
      true,\r\n      \"requireGuestProvisionSignal\": true\r\n    },\r\n    \"networkProfile\":
      {\"networkInterfaces\":[{\"id\":\"/subscriptions/00000000-0000-0000-0000-000000000000/resourceGroups/asotest-rg-zlljte/providers/Microsoft.Network/networkInterfaces/asotest-nic-dajxvb\"}]},\r\n
      \   \"provisioningState\": \"Succeeded\",\r\n    \"timeCreated\": \"2022-10-17T16:26:22.5353333+00:00\"\r\n
      \ }\r\n}"
    headers:
      Cache-Control:
      - no-cache
      Content-Type:
      - application/json; charset=utf-8
      Expires:
      - "-1"
      Pragma:
      - no-cache
      Server:
      - Microsoft-HTTPAPI/2.0
      - Microsoft-HTTPAPI/2.0
      Strict-Transport-Security:
      - max-age=31536000; includeSubDomains
      Vary:
      - Accept-Encoding
      X-Content-Type-Options:
      - nosniff
      X-Ms-Ratelimit-Remaining-Resource:
      - Microsoft.Compute/LowCostGet3Min;3997,Microsoft.Compute/LowCostGet30Min;31993
    status: 200 OK
    code: 200
    duration: ""
- request:
    body: '{"location":"westus2","name":"asotest-vm-ljhvpw","properties":{"diagnosticsProfile":{"bootDiagnostics":{"enabled":true}},"hardwareProfile":{"vmSize":"Standard_D1_v2"},"networkProfile":{"networkInterfaces":[{"id":"/subscriptions/00000000-0000-0000-0000-000000000000/resourceGroups/asotest-rg-zlljte/providers/Microsoft.Network/networkInterfaces/asotest-nic-dajxvb"}]},"osProfile":{"adminPassword":"{PASSWORD}","adminUsername":"bloom","computerName":"poppy"},"storageProfile":{"imageReference":{"offer":"UbuntuServer","publisher":"Canonical","sku":"18.04-LTS","version":"latest"}}}}'
    form: {}
    headers:
      Accept:
      - application/json
      Content-Length:
      - "618"
      Content-Type:
      - application/json
      Test-Request-Attempt:
      - "1"
    url: https://management.azure.com/subscriptions/00000000-0000-0000-0000-000000000000/resourceGroups/asotest-rg-zlljte/providers/Microsoft.Compute/virtualMachines/asotest-vm-ljhvpw?api-version=2022-03-01
    method: PUT
  response:
    body: "{\r\n  \"name\": \"asotest-vm-ljhvpw\",\r\n  \"id\": \"/subscriptions/00000000-0000-0000-0000-000000000000/resourceGroups/asotest-rg-zlljte/providers/Microsoft.Compute/virtualMachines/asotest-vm-ljhvpw\",\r\n
      \ \"type\": \"Microsoft.Compute/virtualMachines\",\r\n  \"location\": \"westus2\",\r\n
      \ \"properties\": {\r\n    \"vmId\": \"1a8a5e59-f098-4861-a4a8-740f6b0f0c17\",\r\n
      \   \"hardwareProfile\": {\r\n      \"vmSize\": \"Standard_D1_v2\"\r\n    },\r\n
      \   \"storageProfile\": {\r\n      \"imageReference\": {\r\n        \"publisher\":
      \"Canonical\",\r\n        \"offer\": \"UbuntuServer\",\r\n        \"sku\": \"18.04-LTS\",\r\n
      \       \"version\": \"latest\",\r\n        \"exactVersion\": \"18.04.202210140\"\r\n
      \     },\r\n      \"osDisk\": {\r\n        \"osType\": \"Linux\",\r\n        \"name\":
      \"asotest-vm-ljhvpw_OsDisk_1_0b4f83dc6a6c41a099d74b69cccdc249\",\r\n        \"createOption\":
      \"FromImage\",\r\n        \"caching\": \"ReadWrite\",\r\n        \"managedDisk\":
      {\r\n          \"storageAccountType\": \"Standard_LRS\",\r\n          \"id\":
      \"/subscriptions/00000000-0000-0000-0000-000000000000/resourceGroups/asotest-rg-zlljte/providers/Microsoft.Compute/disks/asotest-vm-ljhvpw_OsDisk_1_0b4f83dc6a6c41a099d74b69cccdc249\"\r\n
      \       },\r\n        \"deleteOption\": \"Detach\",\r\n        \"diskSizeGB\":
      30\r\n      },\r\n      \"dataDisks\": []\r\n    },\r\n    \"osProfile\": {\r\n
      \     \"computerName\": \"poppy\",\r\n      \"adminUsername\": \"bloom\",\r\n
      \     \"linuxConfiguration\": {\r\n        \"disablePasswordAuthentication\":
      false,\r\n        \"provisionVMAgent\": true,\r\n        \"patchSettings\":
      {\r\n          \"patchMode\": \"ImageDefault\",\r\n          \"assessmentMode\":
      \"ImageDefault\"\r\n        },\r\n        \"enableVMAgentPlatformUpdates\":
      false\r\n      },\r\n      \"secrets\": [],\r\n      \"allowExtensionOperations\":
      true,\r\n      \"requireGuestProvisionSignal\": true\r\n    },\r\n    \"networkProfile\":
      {\"networkInterfaces\":[{\"id\":\"/subscriptions/00000000-0000-0000-0000-000000000000/resourceGroups/asotest-rg-zlljte/providers/Microsoft.Network/networkInterfaces/asotest-nic-dajxvb\"}]},\r\n
      \   \"diagnosticsProfile\": {\r\n      \"bootDiagnostics\": {\r\n        \"enabled\":
      true\r\n      }\r\n    },\r\n    \"provisioningState\": \"Updating\",\r\n    \"timeCreated\":
      \"2022-10-17T16:26:22.5353333+00:00\"\r\n  }\r\n}"
    headers:
      Azure-Asyncnotification:
      - Enabled
      Azure-Asyncoperation:
      - https://management.azure.com/subscriptions/00000000-0000-0000-0000-000000000000/providers/Microsoft.Compute/locations/westus2/operations/787b5787-84fe-45b6-bf16-5eca9b387968?p=293bc17d-9efb-4af6-9c31-0eb97e7abc2e&api-version=2022-03-01
      Cache-Control:
      - no-cache
      Content-Type:
      - application/json; charset=utf-8
      Expires:
      - "-1"
      Pragma:
      - no-cache
      Server:
      - Microsoft-HTTPAPI/2.0
      - Microsoft-HTTPAPI/2.0
      Strict-Transport-Security:
      - max-age=31536000; includeSubDomains
      Vary:
      - Accept-Encoding
      X-Content-Type-Options:
      - nosniff
      X-Ms-Ratelimit-Remaining-Resource:
      - Microsoft.Compute/PutVM3Min;238,Microsoft.Compute/PutVM30Min;1198
    status: 200 OK
    code: 200
    duration: ""
- request:
    body: ""
    form: {}
    headers:
      Test-Request-Attempt:
      - "0"
    url: https://management.azure.com/subscriptions/00000000-0000-0000-0000-000000000000/providers/Microsoft.Compute/locations/westus2/operations/787b5787-84fe-45b6-bf16-5eca9b387968?p=293bc17d-9efb-4af6-9c31-0eb97e7abc2e&api-version=2022-03-01
    method: GET
  response:
    body: "{\r\n  \"startTime\": \"2022-10-17T16:27:06.8009572+00:00\",\r\n  \"endTime\":
      \"2022-10-17T16:27:12.0665784+00:00\",\r\n  \"status\": \"Succeeded\",\r\n  \"name\":
      \"787b5787-84fe-45b6-bf16-5eca9b387968\"\r\n}"
    headers:
      Cache-Control:
      - no-cache
      Content-Type:
      - application/json; charset=utf-8
      Expires:
      - "-1"
      Pragma:
      - no-cache
      Server:
      - Microsoft-HTTPAPI/2.0
      - Microsoft-HTTPAPI/2.0
      Strict-Transport-Security:
      - max-age=31536000; includeSubDomains
      Vary:
      - Accept-Encoding
      X-Content-Type-Options:
      - nosniff
      X-Ms-Ratelimit-Remaining-Resource:
      - Microsoft.Compute/GetOperation3Min;14993,Microsoft.Compute/GetOperation30Min;29989
    status: 200 OK
    code: 200
    duration: ""
- request:
    body: ""
    form: {}
    headers:
      Test-Request-Attempt:
      - "2"
    url: https://management.azure.com/subscriptions/00000000-0000-0000-0000-000000000000/resourceGroups/asotest-rg-zlljte/providers/Microsoft.Compute/virtualMachines/asotest-vm-ljhvpw?api-version=2022-03-01
    method: GET
  response:
    body: "{\r\n  \"name\": \"asotest-vm-ljhvpw\",\r\n  \"id\": \"/subscriptions/00000000-0000-0000-0000-000000000000/resourceGroups/asotest-rg-zlljte/providers/Microsoft.Compute/virtualMachines/asotest-vm-ljhvpw\",\r\n
      \ \"type\": \"Microsoft.Compute/virtualMachines\",\r\n  \"location\": \"westus2\",\r\n
      \ \"properties\": {\r\n    \"vmId\": \"1a8a5e59-f098-4861-a4a8-740f6b0f0c17\",\r\n
      \   \"hardwareProfile\": {\r\n      \"vmSize\": \"Standard_D1_v2\"\r\n    },\r\n
      \   \"storageProfile\": {\r\n      \"imageReference\": {\r\n        \"publisher\":
      \"Canonical\",\r\n        \"offer\": \"UbuntuServer\",\r\n        \"sku\": \"18.04-LTS\",\r\n
      \       \"version\": \"latest\",\r\n        \"exactVersion\": \"18.04.202210140\"\r\n
      \     },\r\n      \"osDisk\": {\r\n        \"osType\": \"Linux\",\r\n        \"name\":
      \"asotest-vm-ljhvpw_OsDisk_1_0b4f83dc6a6c41a099d74b69cccdc249\",\r\n        \"createOption\":
      \"FromImage\",\r\n        \"caching\": \"ReadWrite\",\r\n        \"managedDisk\":
      {\r\n          \"storageAccountType\": \"Standard_LRS\",\r\n          \"id\":
      \"/subscriptions/00000000-0000-0000-0000-000000000000/resourceGroups/asotest-rg-zlljte/providers/Microsoft.Compute/disks/asotest-vm-ljhvpw_OsDisk_1_0b4f83dc6a6c41a099d74b69cccdc249\"\r\n
      \       },\r\n        \"deleteOption\": \"Detach\",\r\n        \"diskSizeGB\":
      30\r\n      },\r\n      \"dataDisks\": []\r\n    },\r\n    \"osProfile\": {\r\n
      \     \"computerName\": \"poppy\",\r\n      \"adminUsername\": \"bloom\",\r\n
      \     \"linuxConfiguration\": {\r\n        \"disablePasswordAuthentication\":
      false,\r\n        \"provisionVMAgent\": true,\r\n        \"patchSettings\":
      {\r\n          \"patchMode\": \"ImageDefault\",\r\n          \"assessmentMode\":
      \"ImageDefault\"\r\n        },\r\n        \"enableVMAgentPlatformUpdates\":
      false\r\n      },\r\n      \"secrets\": [],\r\n      \"allowExtensionOperations\":
      true,\r\n      \"requireGuestProvisionSignal\": true\r\n    },\r\n    \"networkProfile\":
      {\"networkInterfaces\":[{\"id\":\"/subscriptions/00000000-0000-0000-0000-000000000000/resourceGroups/asotest-rg-zlljte/providers/Microsoft.Network/networkInterfaces/asotest-nic-dajxvb\"}]},\r\n
      \   \"diagnosticsProfile\": {\r\n      \"bootDiagnostics\": {\r\n        \"enabled\":
      true\r\n      }\r\n    },\r\n    \"provisioningState\": \"Succeeded\",\r\n    \"timeCreated\":
      \"2022-10-17T16:26:22.5353333+00:00\"\r\n  }\r\n}"
    headers:
      Cache-Control:
      - no-cache
      Content-Type:
      - application/json; charset=utf-8
      Expires:
      - "-1"
      Pragma:
      - no-cache
      Server:
      - Microsoft-HTTPAPI/2.0
      - Microsoft-HTTPAPI/2.0
      Strict-Transport-Security:
      - max-age=31536000; includeSubDomains
      Vary:
      - Accept-Encoding
      X-Content-Type-Options:
      - nosniff
      X-Ms-Ratelimit-Remaining-Resource:
      - Microsoft.Compute/LowCostGet3Min;3995,Microsoft.Compute/LowCostGet30Min;31991
    status: 200 OK
    code: 200
    duration: ""
- request:
    body: ""
    form: {}
    headers:
      Accept:
      - application/json
      Test-Request-Attempt:
      - "3"
    url: https://management.azure.com/subscriptions/00000000-0000-0000-0000-000000000000/resourceGroups/asotest-rg-zlljte/providers/Microsoft.Compute/virtualMachines/asotest-vm-ljhvpw?api-version=2022-03-01
    method: GET
  response:
    body: "{\r\n  \"name\": \"asotest-vm-ljhvpw\",\r\n  \"id\": \"/subscriptions/00000000-0000-0000-0000-000000000000/resourceGroups/asotest-rg-zlljte/providers/Microsoft.Compute/virtualMachines/asotest-vm-ljhvpw\",\r\n
      \ \"type\": \"Microsoft.Compute/virtualMachines\",\r\n  \"location\": \"westus2\",\r\n
      \ \"properties\": {\r\n    \"vmId\": \"1a8a5e59-f098-4861-a4a8-740f6b0f0c17\",\r\n
      \   \"hardwareProfile\": {\r\n      \"vmSize\": \"Standard_D1_v2\"\r\n    },\r\n
      \   \"storageProfile\": {\r\n      \"imageReference\": {\r\n        \"publisher\":
      \"Canonical\",\r\n        \"offer\": \"UbuntuServer\",\r\n        \"sku\": \"18.04-LTS\",\r\n
      \       \"version\": \"latest\",\r\n        \"exactVersion\": \"18.04.202210140\"\r\n
      \     },\r\n      \"osDisk\": {\r\n        \"osType\": \"Linux\",\r\n        \"name\":
      \"asotest-vm-ljhvpw_OsDisk_1_0b4f83dc6a6c41a099d74b69cccdc249\",\r\n        \"createOption\":
      \"FromImage\",\r\n        \"caching\": \"ReadWrite\",\r\n        \"managedDisk\":
      {\r\n          \"storageAccountType\": \"Standard_LRS\",\r\n          \"id\":
      \"/subscriptions/00000000-0000-0000-0000-000000000000/resourceGroups/asotest-rg-zlljte/providers/Microsoft.Compute/disks/asotest-vm-ljhvpw_OsDisk_1_0b4f83dc6a6c41a099d74b69cccdc249\"\r\n
      \       },\r\n        \"deleteOption\": \"Detach\",\r\n        \"diskSizeGB\":
      30\r\n      },\r\n      \"dataDisks\": []\r\n    },\r\n    \"osProfile\": {\r\n
      \     \"computerName\": \"poppy\",\r\n      \"adminUsername\": \"bloom\",\r\n
      \     \"linuxConfiguration\": {\r\n        \"disablePasswordAuthentication\":
      false,\r\n        \"provisionVMAgent\": true,\r\n        \"patchSettings\":
      {\r\n          \"patchMode\": \"ImageDefault\",\r\n          \"assessmentMode\":
      \"ImageDefault\"\r\n        },\r\n        \"enableVMAgentPlatformUpdates\":
      false\r\n      },\r\n      \"secrets\": [],\r\n      \"allowExtensionOperations\":
      true,\r\n      \"requireGuestProvisionSignal\": true\r\n    },\r\n    \"networkProfile\":
      {\"networkInterfaces\":[{\"id\":\"/subscriptions/00000000-0000-0000-0000-000000000000/resourceGroups/asotest-rg-zlljte/providers/Microsoft.Network/networkInterfaces/asotest-nic-dajxvb\"}]},\r\n
      \   \"diagnosticsProfile\": {\r\n      \"bootDiagnostics\": {\r\n        \"enabled\":
      true\r\n      }\r\n    },\r\n    \"provisioningState\": \"Succeeded\",\r\n    \"timeCreated\":
      \"2022-10-17T16:26:22.5353333+00:00\"\r\n  }\r\n}"
    headers:
      Cache-Control:
      - no-cache
      Content-Type:
      - application/json; charset=utf-8
      Expires:
      - "-1"
      Pragma:
      - no-cache
      Server:
      - Microsoft-HTTPAPI/2.0
      - Microsoft-HTTPAPI/2.0
      Strict-Transport-Security:
      - max-age=31536000; includeSubDomains
      Vary:
      - Accept-Encoding
      X-Content-Type-Options:
      - nosniff
      X-Ms-Ratelimit-Remaining-Resource:
      - Microsoft.Compute/LowCostGet3Min;3993,Microsoft.Compute/LowCostGet30Min;31989
    status: 200 OK
    code: 200
    duration: ""
- request:
    body: ""
    form: {}
    headers:
      Accept:
      - application/json
      Test-Request-Attempt:
      - "0"
    url: https://management.azure.com/subscriptions/00000000-0000-0000-0000-000000000000/resourceGroups/asotest-rg-zlljte/providers/Microsoft.Compute/virtualMachines/asotest-vm-ljhvpw?api-version=2022-03-01
    method: DELETE
  response:
    body: ""
    headers:
      Azure-Asyncnotification:
      - Enabled
      Azure-Asyncoperation:
      - https://management.azure.com/subscriptions/00000000-0000-0000-0000-000000000000/providers/Microsoft.Compute/locations/westus2/operations/14386508-b64a-4d1b-9df1-51f5d344fbcb?p=293bc17d-9efb-4af6-9c31-0eb97e7abc2e&api-version=2022-03-01
      Cache-Control:
      - no-cache
      Content-Length:
      - "0"
      Expires:
      - "-1"
      Location:
      - https://management.azure.com/subscriptions/00000000-0000-0000-0000-000000000000/providers/Microsoft.Compute/locations/westus2/operations/14386508-b64a-4d1b-9df1-51f5d344fbcb?p=293bc17d-9efb-4af6-9c31-0eb97e7abc2e&monitor=true&api-version=2022-03-01
      Pragma:
      - no-cache
      Retry-After:
      - "10"
      Server:
      - Microsoft-HTTPAPI/2.0
      - Microsoft-HTTPAPI/2.0
      Strict-Transport-Security:
      - max-age=31536000; includeSubDomains
      X-Content-Type-Options:
      - nosniff
      X-Ms-Ratelimit-Remaining-Resource:
      - Microsoft.Compute/DeleteVM3Min;239,Microsoft.Compute/DeleteVM30Min;1199
    status: 202 Accepted
    code: 202
    duration: ""
- request:
    body: ""
    form: {}
    headers:
      Test-Request-Attempt:
      - "0"
    url: https://management.azure.com/subscriptions/00000000-0000-0000-0000-000000000000/providers/Microsoft.Compute/locations/westus2/operations/14386508-b64a-4d1b-9df1-51f5d344fbcb?p=293bc17d-9efb-4af6-9c31-0eb97e7abc2e&api-version=2022-03-01
    method: GET
  response:
    body: "{\r\n  \"startTime\": \"2022-10-17T16:27:16.7541287+00:00\",\r\n  \"status\":
      \"InProgress\",\r\n  \"name\": \"14386508-b64a-4d1b-9df1-51f5d344fbcb\"\r\n}"
    headers:
      Cache-Control:
      - no-cache
      Content-Type:
      - application/json; charset=utf-8
      Expires:
      - "-1"
      Pragma:
      - no-cache
      Retry-After:
      - "30"
      Server:
      - Microsoft-HTTPAPI/2.0
      - Microsoft-HTTPAPI/2.0
      Strict-Transport-Security:
      - max-age=31536000; includeSubDomains
      Vary:
      - Accept-Encoding
      X-Content-Type-Options:
      - nosniff
      X-Ms-Ratelimit-Remaining-Resource:
      - Microsoft.Compute/GetOperation3Min;14992,Microsoft.Compute/GetOperation30Min;29988
    status: 200 OK
    code: 200
    duration: ""
- request:
    body: ""
    form: {}
    headers:
      Test-Request-Attempt:
      - "1"
    url: https://management.azure.com/subscriptions/00000000-0000-0000-0000-000000000000/providers/Microsoft.Compute/locations/westus2/operations/14386508-b64a-4d1b-9df1-51f5d344fbcb?p=293bc17d-9efb-4af6-9c31-0eb97e7abc2e&api-version=2022-03-01
    method: GET
  response:
    body: "{\r\n  \"startTime\": \"2022-10-17T16:27:16.7541287+00:00\",\r\n  \"endTime\":
      \"2022-10-17T16:27:52.6447905+00:00\",\r\n  \"status\": \"Succeeded\",\r\n  \"name\":
      \"14386508-b64a-4d1b-9df1-51f5d344fbcb\"\r\n}"
    headers:
      Cache-Control:
      - no-cache
      Content-Type:
      - application/json; charset=utf-8
      Expires:
      - "-1"
      Pragma:
      - no-cache
      Server:
      - Microsoft-HTTPAPI/2.0
      - Microsoft-HTTPAPI/2.0
      Strict-Transport-Security:
      - max-age=31536000; includeSubDomains
      Vary:
      - Accept-Encoding
      X-Content-Type-Options:
      - nosniff
      X-Ms-Ratelimit-Remaining-Resource:
      - Microsoft.Compute/GetOperation3Min;14991,Microsoft.Compute/GetOperation30Min;29987
    status: 200 OK
    code: 200
    duration: ""
- request:
    body: ""
    form: {}
    headers:
      Accept:
      - application/json
      Test-Request-Attempt:
      - "4"
    url: https://management.azure.com/subscriptions/00000000-0000-0000-0000-000000000000/resourceGroups/asotest-rg-zlljte/providers/Microsoft.Compute/virtualMachines/asotest-vm-ljhvpw?api-version=2022-03-01
    method: GET
  response:
    body: '{"error":{"code":"ResourceNotFound","message":"The Resource ''Microsoft.Compute/virtualMachines/asotest-vm-ljhvpw''
      under resource group ''asotest-rg-zlljte'' was not found. For more details please
      go to https://aka.ms/ARMResourceNotFoundFix"}}'
    headers:
      Cache-Control:
      - no-cache
      Content-Length:
      - "240"
      Content-Type:
      - application/json; charset=utf-8
      Expires:
      - "-1"
      Pragma:
      - no-cache
      Strict-Transport-Security:
      - max-age=31536000; includeSubDomains
      X-Content-Type-Options:
      - nosniff
      X-Ms-Failure-Cause:
      - gateway
    status: 404 Not Found
    code: 404
    duration: ""
- request:
    body: ""
    form: {}
    headers:
      Accept:
      - application/json
      Test-Request-Attempt:
      - "0"
    url: https://management.azure.com/subscriptions/00000000-0000-0000-0000-000000000000/resourceGroups/asotest-rg-zlljte?api-version=2020-06-01
    method: DELETE
  response:
    body: ""
    headers:
      Cache-Control:
      - no-cache
      Content-Length:
      - "0"
      Expires:
      - "-1"
      Location:
      - https://management.azure.com/subscriptions/00000000-0000-0000-0000-000000000000/operationresults/eyJqb2JJZCI6IlJFU09VUkNFR1JPVVBERUxFVElPTkpPQi1BU09URVNUOjJEUkc6MkRaTExKVEUtV0VTVFVTMiIsImpvYkxvY2F0aW9uIjoid2VzdHVzMiJ9?api-version=2020-06-01
      Pragma:
      - no-cache
      Retry-After:
      - "15"
      Strict-Transport-Security:
      - max-age=31536000; includeSubDomains
      X-Content-Type-Options:
      - nosniff
    status: 202 Accepted
    code: 202
    duration: ""
- request:
    body: ""
    form: {}
    headers:
      Test-Request-Attempt:
      - "0"
    url: https://management.azure.com/subscriptions/00000000-0000-0000-0000-000000000000/operationresults/eyJqb2JJZCI6IlJFU09VUkNFR1JPVVBERUxFVElPTkpPQi1BU09URVNUOjJEUkc6MkRaTExKVEUtV0VTVFVTMiIsImpvYkxvY2F0aW9uIjoid2VzdHVzMiJ9?api-version=2020-06-01
    method: GET
  response:
    body: ""
    headers:
      Cache-Control:
      - no-cache
      Content-Length:
      - "0"
      Expires:
      - "-1"
      Location:
      - https://management.azure.com/subscriptions/00000000-0000-0000-0000-000000000000/operationresults/eyJqb2JJZCI6IlJFU09VUkNFR1JPVVBERUxFVElPTkpPQi1BU09URVNUOjJEUkc6MkRaTExKVEUtV0VTVFVTMiIsImpvYkxvY2F0aW9uIjoid2VzdHVzMiJ9?api-version=2020-06-01
      Pragma:
      - no-cache
      Retry-After:
      - "15"
      Strict-Transport-Security:
      - max-age=31536000; includeSubDomains
      X-Content-Type-Options:
      - nosniff
    status: 202 Accepted
    code: 202
    duration: ""
- request:
    body: ""
    form: {}
    headers:
      Test-Request-Attempt:
      - "1"
    url: https://management.azure.com/subscriptions/00000000-0000-0000-0000-000000000000/operationresults/eyJqb2JJZCI6IlJFU09VUkNFR1JPVVBERUxFVElPTkpPQi1BU09URVNUOjJEUkc6MkRaTExKVEUtV0VTVFVTMiIsImpvYkxvY2F0aW9uIjoid2VzdHVzMiJ9?api-version=2020-06-01
    method: GET
  response:
    body: ""
    headers:
      Cache-Control:
      - no-cache
      Content-Length:
      - "0"
      Expires:
      - "-1"
      Location:
      - https://management.azure.com/subscriptions/00000000-0000-0000-0000-000000000000/operationresults/eyJqb2JJZCI6IlJFU09VUkNFR1JPVVBERUxFVElPTkpPQi1BU09URVNUOjJEUkc6MkRaTExKVEUtV0VTVFVTMiIsImpvYkxvY2F0aW9uIjoid2VzdHVzMiJ9?api-version=2020-06-01
      Pragma:
      - no-cache
      Retry-After:
      - "15"
      Strict-Transport-Security:
      - max-age=31536000; includeSubDomains
      X-Content-Type-Options:
      - nosniff
    status: 202 Accepted
    code: 202
    duration: ""
- request:
    body: ""
    form: {}
    headers:
      Test-Request-Attempt:
      - "2"
    url: https://management.azure.com/subscriptions/00000000-0000-0000-0000-000000000000/operationresults/eyJqb2JJZCI6IlJFU09VUkNFR1JPVVBERUxFVElPTkpPQi1BU09URVNUOjJEUkc6MkRaTExKVEUtV0VTVFVTMiIsImpvYkxvY2F0aW9uIjoid2VzdHVzMiJ9?api-version=2020-06-01
    method: GET
  response:
    body: ""
    headers:
      Cache-Control:
      - no-cache
      Content-Length:
      - "0"
      Expires:
      - "-1"
      Location:
      - https://management.azure.com/subscriptions/00000000-0000-0000-0000-000000000000/operationresults/eyJqb2JJZCI6IlJFU09VUkNFR1JPVVBERUxFVElPTkpPQi1BU09URVNUOjJEUkc6MkRaTExKVEUtV0VTVFVTMiIsImpvYkxvY2F0aW9uIjoid2VzdHVzMiJ9?api-version=2020-06-01
      Pragma:
      - no-cache
      Retry-After:
      - "15"
      Strict-Transport-Security:
      - max-age=31536000; includeSubDomains
      X-Content-Type-Options:
      - nosniff
    status: 202 Accepted
    code: 202
    duration: ""
- request:
    body: ""
    form: {}
    headers:
      Test-Request-Attempt:
      - "3"
    url: https://management.azure.com/subscriptions/00000000-0000-0000-0000-000000000000/operationresults/eyJqb2JJZCI6IlJFU09VUkNFR1JPVVBERUxFVElPTkpPQi1BU09URVNUOjJEUkc6MkRaTExKVEUtV0VTVFVTMiIsImpvYkxvY2F0aW9uIjoid2VzdHVzMiJ9?api-version=2020-06-01
    method: GET
  response:
    body: ""
    headers:
      Cache-Control:
      - no-cache
      Content-Length:
      - "0"
      Expires:
      - "-1"
      Location:
      - https://management.azure.com/subscriptions/00000000-0000-0000-0000-000000000000/operationresults/eyJqb2JJZCI6IlJFU09VUkNFR1JPVVBERUxFVElPTkpPQi1BU09URVNUOjJEUkc6MkRaTExKVEUtV0VTVFVTMiIsImpvYkxvY2F0aW9uIjoid2VzdHVzMiJ9?api-version=2020-06-01
      Pragma:
      - no-cache
      Retry-After:
      - "15"
      Strict-Transport-Security:
      - max-age=31536000; includeSubDomains
      X-Content-Type-Options:
      - nosniff
    status: 202 Accepted
    code: 202
    duration: ""
- request:
    body: ""
    form: {}
    headers:
      Test-Request-Attempt:
      - "4"
    url: https://management.azure.com/subscriptions/00000000-0000-0000-0000-000000000000/operationresults/eyJqb2JJZCI6IlJFU09VUkNFR1JPVVBERUxFVElPTkpPQi1BU09URVNUOjJEUkc6MkRaTExKVEUtV0VTVFVTMiIsImpvYkxvY2F0aW9uIjoid2VzdHVzMiJ9?api-version=2020-06-01
    method: GET
  response:
    body: ""
    headers:
      Cache-Control:
      - no-cache
      Content-Length:
      - "0"
      Expires:
      - "-1"
      Pragma:
      - no-cache
      Strict-Transport-Security:
      - max-age=31536000; includeSubDomains
      X-Content-Type-Options:
      - nosniff
    status: 200 OK
    code: 200
    duration: ""
- request:
    body: ""
    form: {}
    headers:
      Accept:
      - application/json
      Test-Request-Attempt:
      - "0"
    url: https://management.azure.com/subscriptions/00000000-0000-0000-0000-000000000000/resourceGroups/asotest-rg-zlljte/providers/Microsoft.Network/virtualNetworks/asotest-vn-mantuh?api-version=2020-11-01
    method: DELETE
  response:
    body: '{"error":{"code":"ResourceGroupNotFound","message":"Resource group ''asotest-rg-zlljte''
      could not be found."}}'
    headers:
      Cache-Control:
      - no-cache
      Content-Length:
      - "109"
      Content-Type:
      - application/json; charset=utf-8
      Expires:
      - "-1"
      Pragma:
      - no-cache
      Strict-Transport-Security:
      - max-age=31536000; includeSubDomains
      X-Content-Type-Options:
      - nosniff
      X-Ms-Failure-Cause:
      - gateway
    status: 404 Not Found
    code: 404
    duration: ""
- request:
    body: ""
    form: {}
    headers:
      Accept:
      - application/json
      Test-Request-Attempt:
      - "0"
    url: https://management.azure.com/subscriptions/00000000-0000-0000-0000-000000000000/resourceGroups/asotest-rg-zlljte/providers/Microsoft.Network/networkInterfaces/asotest-nic-dajxvb?api-version=2020-11-01
    method: DELETE
  response:
    body: '{"error":{"code":"ResourceGroupNotFound","message":"Resource group ''asotest-rg-zlljte''
      could not be found."}}'
    headers:
      Cache-Control:
      - no-cache
      Content-Length:
      - "109"
      Content-Type:
      - application/json; charset=utf-8
      Expires:
      - "-1"
      Pragma:
      - no-cache
      Strict-Transport-Security:
      - max-age=31536000; includeSubDomains
      X-Content-Type-Options:
      - nosniff
      X-Ms-Failure-Cause:
      - gateway
    status: 404 Not Found
    code: 404
    duration: ""
- request:
    body: ""
    form: {}
    headers:
      Accept:
      - application/json
      Test-Request-Attempt:
      - "0"
    url: https://management.azure.com/subscriptions/00000000-0000-0000-0000-000000000000/resourceGroups/asotest-rg-zlljte/providers/Microsoft.Network/virtualNetworks/asotest-vn-mantuh/subnets/asotest-subnet-ltrich?api-version=2020-11-01
    method: DELETE
  response:
    body: '{"error":{"code":"ResourceNotFound","message":"The Resource ''Microsoft.Network/virtualNetworks/asotest-vn-mantuh''
      under resource group ''asotest-rg-zlljte'' was not found. For more details please
      go to https://aka.ms/ARMResourceNotFoundFix"}}'
    headers:
      Cache-Control:
      - no-cache
      Content-Length:
      - "240"
      Content-Type:
      - application/json; charset=utf-8
      Expires:
      - "-1"
      Pragma:
      - no-cache
      Strict-Transport-Security:
      - max-age=31536000; includeSubDomains
      X-Content-Type-Options:
      - nosniff
      X-Ms-Failure-Cause:
      - gateway
    status: 404 Not Found
    code: 404
    duration: ""
